2025-07-30 11:04:38 DEBUG [restartedMain] o.s.s.c.a.a.c.AuthenticationConfiguration$DefaultPasswordEncoderAuthenticationManagerBuilder [,] - No authenticationProviders and no parentAuthenticationManager defined. Returning null.
2025-07-30 11:04:39 DEBUG [restartedMain] o.s.s.web.DefaultSecurityFilterChain [,] - Will secure any request with filters: DisableEncodeUrlFilter, WebAsyncManagerIntegrationFilter, SecurityContextHolderFilter, HeaderWriterFilter, CorsFilter, LogoutFilter, BearerTokenAuthenticationFilter, RequestCacheAwareFilter, SecurityContextHolderAwareRequestFilter, AnonymousAuthenticationFilter, SessionManagementFilter, ExceptionTranslationFilter, AuthorizationFilter
2025-07-30 11:18:58 DEBUG [http-nio-9827-exec-2] o.s.security.web.FilterChainProxy [,] - Securing GET /api/loans/total-borrowed
2025-07-30 11:18:58 DEBUG [http-nio-9827-exec-1] o.s.security.web.FilterChainProxy [,] - Securing GET /api/loans/total-outstanding
2025-07-30 11:18:59 DEBUG [http-nio-9827-exec-2] o.s.s.o.s.r.a.JwtAuthenticationProvider [,] - Authenticated token
2025-07-30 11:18:59 DEBUG [http-nio-9827-exec-1] o.s.s.o.s.r.a.JwtAuthenticationProvider [,] - Authenticated token
2025-07-30 11:18:59 DEBUG [http-nio-9827-exec-2] o.s.s.o.s.r.w.a.BearerTokenAuthenticationFilter [,] - Set SecurityContextHolder to JwtAuthenticationToken [Principal=org.springframework.security.oauth2.jwt.Jwt@a824066e, Credentials=[PROTECTED], Authenticated=true, Details=WebAuthenticationDetails [RemoteIpAddress=127.0.0.1, SessionId=null], Granted Authorities=[ROLE_default-roles-myrealm, ROLE_offline_access, ROLE_CUSTOMER, ROLE_uma_authorization]]
2025-07-30 11:18:59 DEBUG [http-nio-9827-exec-1] o.s.s.o.s.r.w.a.BearerTokenAuthenticationFilter [,] - Set SecurityContextHolder to JwtAuthenticationToken [Principal=org.springframework.security.oauth2.jwt.Jwt@a824066e, Credentials=[PROTECTED], Authenticated=true, Details=WebAuthenticationDetails [RemoteIpAddress=127.0.0.1, SessionId=null], Granted Authorities=[ROLE_default-roles-myrealm, ROLE_offline_access, ROLE_CUSTOMER, ROLE_uma_authorization]]
2025-07-30 11:18:59 DEBUG [http-nio-9827-exec-2] o.s.security.web.FilterChainProxy [,] - Secured GET /api/loans/total-borrowed
2025-07-30 11:18:59 DEBUG [http-nio-9827-exec-1] o.s.security.web.FilterChainProxy [,] - Secured GET /api/loans/total-outstanding
2025-07-30 11:19:02 DEBUG [http-nio-9827-exec-3] o.s.security.web.FilterChainProxy [,] - Securing GET /api/loans/customer
2025-07-30 11:19:02 DEBUG [http-nio-9827-exec-3] o.s.s.o.s.r.a.JwtAuthenticationProvider [,] - Authenticated token
2025-07-30 11:19:02 DEBUG [http-nio-9827-exec-3] o.s.s.o.s.r.w.a.BearerTokenAuthenticationFilter [,] - Set SecurityContextHolder to JwtAuthenticationToken [Principal=org.springframework.security.oauth2.jwt.Jwt@a824066e, Credentials=[PROTECTED], Authenticated=true, Details=WebAuthenticationDetails [RemoteIpAddress=127.0.0.1, SessionId=null], Granted Authorities=[ROLE_default-roles-myrealm, ROLE_offline_access, ROLE_CUSTOMER, ROLE_uma_authorization]]
2025-07-30 11:19:02 DEBUG [http-nio-9827-exec-3] o.s.security.web.FilterChainProxy [,] - Secured GET /api/loans/customer
2025-07-30 11:20:29 DEBUG [http-nio-9827-exec-6] o.s.security.web.FilterChainProxy [,] - Securing GET /api/loans/total-borrowed
2025-07-30 11:20:29 DEBUG [http-nio-9827-exec-7] o.s.security.web.FilterChainProxy [,] - Securing GET /api/loans/total-outstanding
2025-07-30 11:20:29 DEBUG [http-nio-9827-exec-6] o.s.s.o.s.r.a.JwtAuthenticationProvider [,] - Authenticated token
2025-07-30 11:20:29 DEBUG [http-nio-9827-exec-7] o.s.s.o.s.r.a.JwtAuthenticationProvider [,] - Authenticated token
2025-07-30 11:20:29 DEBUG [http-nio-9827-exec-7] o.s.s.o.s.r.w.a.BearerTokenAuthenticationFilter [,] - Set SecurityContextHolder to JwtAuthenticationToken [Principal=org.springframework.security.oauth2.jwt.Jwt@a824066e, Credentials=[PROTECTED], Authenticated=true, Details=WebAuthenticationDetails [RemoteIpAddress=127.0.0.1, SessionId=null], Granted Authorities=[ROLE_default-roles-myrealm, ROLE_offline_access, ROLE_CUSTOMER, ROLE_uma_authorization]]
2025-07-30 11:20:29 DEBUG [http-nio-9827-exec-6] o.s.s.o.s.r.w.a.BearerTokenAuthenticationFilter [,] - Set SecurityContextHolder to JwtAuthenticationToken [Principal=org.springframework.security.oauth2.jwt.Jwt@a824066e, Credentials=[PROTECTED], Authenticated=true, Details=WebAuthenticationDetails [RemoteIpAddress=127.0.0.1, SessionId=null], Granted Authorities=[ROLE_default-roles-myrealm, ROLE_offline_access, ROLE_CUSTOMER, ROLE_uma_authorization]]
2025-07-30 11:20:29 DEBUG [http-nio-9827-exec-7] o.s.security.web.FilterChainProxy [,] - Secured GET /api/loans/total-outstanding
2025-07-30 11:20:29 DEBUG [http-nio-9827-exec-6] o.s.security.web.FilterChainProxy [,] - Secured GET /api/loans/total-borrowed
2025-07-30 11:20:30 DEBUG [http-nio-9827-exec-8] o.s.security.web.FilterChainProxy [,] - Securing GET /api/loans/getAccounts
2025-07-30 11:20:30 DEBUG [http-nio-9827-exec-8] o.s.s.o.s.r.a.JwtAuthenticationProvider [,] - Authenticated token
2025-07-30 11:20:30 DEBUG [http-nio-9827-exec-8] o.s.s.o.s.r.w.a.BearerTokenAuthenticationFilter [,] - Set SecurityContextHolder to JwtAuthenticationToken [Principal=org.springframework.security.oauth2.jwt.Jwt@a824066e, Credentials=[PROTECTED], Authenticated=true, Details=WebAuthenticationDetails [RemoteIpAddress=127.0.0.1, SessionId=null], Granted Authorities=[ROLE_default-roles-myrealm, ROLE_offline_access, ROLE_CUSTOMER, ROLE_uma_authorization]]
2025-07-30 11:20:30 DEBUG [http-nio-9827-exec-8] o.s.security.web.FilterChainProxy [,] - Secured GET /api/loans/getAccounts
2025-07-30 11:22:13 DEBUG [http-nio-9827-exec-2] o.s.security.web.FilterChainProxy [,] - Securing GET /api/loans/getAccounts
2025-07-30 11:22:13 DEBUG [http-nio-9827-exec-2] o.s.s.o.s.r.a.JwtAuthenticationProvider [,] - Authenticated token
2025-07-30 11:22:13 DEBUG [http-nio-9827-exec-2] o.s.s.o.s.r.w.a.BearerTokenAuthenticationFilter [,] - Set SecurityContextHolder to JwtAuthenticationToken [Principal=org.springframework.security.oauth2.jwt.Jwt@a824066e, Credentials=[PROTECTED], Authenticated=true, Details=WebAuthenticationDetails [RemoteIpAddress=127.0.0.1, SessionId=null], Granted Authorities=[ROLE_default-roles-myrealm, ROLE_offline_access, ROLE_CUSTOMER, ROLE_uma_authorization]]
2025-07-30 11:22:13 DEBUG [http-nio-9827-exec-2] o.s.security.web.FilterChainProxy [,] - Secured GET /api/loans/getAccounts
2025-07-30 11:23:41 DEBUG [http-nio-9827-exec-3] o.s.security.web.FilterChainProxy [,] - Securing GET /api/loans/getAccounts
2025-07-30 11:23:41 DEBUG [http-nio-9827-exec-3] o.s.s.o.s.r.a.JwtAuthenticationProvider [,] - Authenticated token
2025-07-30 11:23:41 DEBUG [http-nio-9827-exec-3] o.s.s.o.s.r.w.a.BearerTokenAuthenticationFilter [,] - Set SecurityContextHolder to JwtAuthenticationToken [Principal=org.springframework.security.oauth2.jwt.Jwt@a824066e, Credentials=[PROTECTED], Authenticated=true, Details=WebAuthenticationDetails [RemoteIpAddress=127.0.0.1, SessionId=null], Granted Authorities=[ROLE_default-roles-myrealm, ROLE_offline_access, ROLE_CUSTOMER, ROLE_uma_authorization]]
2025-07-30 11:23:41 DEBUG [http-nio-9827-exec-3] o.s.security.web.FilterChainProxy [,] - Secured GET /api/loans/getAccounts
2025-07-30 11:24:54 DEBUG [http-nio-9827-exec-5] o.s.security.web.FilterChainProxy [,] - Securing GET /api/loans/getAccounts
2025-07-30 11:24:54 DEBUG [http-nio-9827-exec-5] o.s.s.o.s.r.a.JwtAuthenticationProvider [,] - Authenticated token
2025-07-30 11:24:54 DEBUG [http-nio-9827-exec-5] o.s.s.o.s.r.w.a.BearerTokenAuthenticationFilter [,] - Set SecurityContextHolder to JwtAuthenticationToken [Principal=org.springframework.security.oauth2.jwt.Jwt@a824066e, Credentials=[PROTECTED], Authenticated=true, Details=WebAuthenticationDetails [RemoteIpAddress=127.0.0.1, SessionId=null], Granted Authorities=[ROLE_default-roles-myrealm, ROLE_offline_access, ROLE_CUSTOMER, ROLE_uma_authorization]]
2025-07-30 11:24:54 DEBUG [http-nio-9827-exec-5] o.s.security.web.FilterChainProxy [,] - Secured GET /api/loans/getAccounts
2025-07-30 11:29:00 DEBUG [http-nio-9827-exec-8] o.s.security.web.FilterChainProxy [,] - Securing POST /api/loans
2025-07-30 11:29:00 DEBUG [http-nio-9827-exec-8] o.s.s.o.s.r.a.JwtAuthenticationProvider [,] - Authenticated token
2025-07-30 11:29:00 DEBUG [http-nio-9827-exec-8] o.s.s.o.s.r.w.a.BearerTokenAuthenticationFilter [,] - Set SecurityContextHolder to JwtAuthenticationToken [Principal=org.springframework.security.oauth2.jwt.Jwt@29c2f192, Credentials=[PROTECTED], Authenticated=true, Details=WebAuthenticationDetails [RemoteIpAddress=0:0:0:0:0:0:0:1, SessionId=null], Granted Authorities=[ROLE_default-roles-myrealm, ROLE_offline_access, ROLE_CUSTOMER, ROLE_uma_authorization]]
2025-07-30 11:29:00 DEBUG [http-nio-9827-exec-8] o.s.security.web.FilterChainProxy [,] - Secured POST /api/loans
2025-07-30 11:31:57 DEBUG [http-nio-9827-exec-10] o.s.security.web.FilterChainProxy [,] - Securing POST /api/loans
2025-07-30 11:31:57 DEBUG [http-nio-9827-exec-10] o.s.s.o.s.r.a.JwtAuthenticationProvider [,] - Authenticated token
2025-07-30 11:31:57 DEBUG [http-nio-9827-exec-10] o.s.s.o.s.r.w.a.BearerTokenAuthenticationFilter [,] - Set SecurityContextHolder to JwtAuthenticationToken [Principal=org.springframework.security.oauth2.jwt.Jwt@29c2f192, Credentials=[PROTECTED], Authenticated=true, Details=WebAuthenticationDetails [RemoteIpAddress=0:0:0:0:0:0:0:1, SessionId=null], Granted Authorities=[ROLE_default-roles-myrealm, ROLE_offline_access, ROLE_CUSTOMER, ROLE_uma_authorization]]
2025-07-30 11:31:57 DEBUG [http-nio-9827-exec-10] o.s.security.web.FilterChainProxy [,] - Secured POST /api/loans
2025-07-30 11:32:54 DEBUG [http-nio-9827-exec-1] o.s.security.web.FilterChainProxy [,] - Securing POST /api/loans
2025-07-30 11:32:54 DEBUG [http-nio-9827-exec-1] o.s.s.o.s.r.a.JwtAuthenticationProvider [,] - Authenticated token
2025-07-30 11:32:54 DEBUG [http-nio-9827-exec-1] o.s.s.o.s.r.w.a.BearerTokenAuthenticationFilter [,] - Set SecurityContextHolder to JwtAuthenticationToken [Principal=org.springframework.security.oauth2.jwt.Jwt@29c2f192, Credentials=[PROTECTED], Authenticated=true, Details=WebAuthenticationDetails [RemoteIpAddress=0:0:0:0:0:0:0:1, SessionId=null], Granted Authorities=[ROLE_default-roles-myrealm, ROLE_offline_access, ROLE_CUSTOMER, ROLE_uma_authorization]]
2025-07-30 11:32:54 DEBUG [http-nio-9827-exec-1] o.s.security.web.FilterChainProxy [,] - Secured POST /api/loans
2025-07-30 11:39:20 DEBUG [http-nio-9827-exec-3] o.s.security.web.FilterChainProxy [,] - Securing POST /api/loans
2025-07-30 11:39:21 DEBUG [http-nio-9827-exec-3] o.s.s.o.s.r.a.JwtAuthenticationProvider [,] - Authenticated token
2025-07-30 11:39:21 DEBUG [http-nio-9827-exec-3] o.s.s.o.s.r.w.a.BearerTokenAuthenticationFilter [,] - Set SecurityContextHolder to JwtAuthenticationToken [Principal=org.springframework.security.oauth2.jwt.Jwt@29c2f192, Credentials=[PROTECTED], Authenticated=true, Details=WebAuthenticationDetails [RemoteIpAddress=0:0:0:0:0:0:0:1, SessionId=null], Granted Authorities=[ROLE_default-roles-myrealm, ROLE_offline_access, ROLE_CUSTOMER, ROLE_uma_authorization]]
2025-07-30 11:39:21 DEBUG [http-nio-9827-exec-3] o.s.security.web.FilterChainProxy [,] - Secured POST /api/loans
2025-07-30 11:43:36 DEBUG [http-nio-9827-exec-6] o.s.security.web.FilterChainProxy [,] - Securing POST /api/loans
2025-07-30 11:43:36 DEBUG [http-nio-9827-exec-6] o.s.s.o.s.r.a.JwtAuthenticationProvider [,] - Authenticated token
2025-07-30 11:43:36 DEBUG [http-nio-9827-exec-6] o.s.s.o.s.r.w.a.BearerTokenAuthenticationFilter [,] - Set SecurityContextHolder to JwtAuthenticationToken [Principal=org.springframework.security.oauth2.jwt.Jwt@29c2f192, Credentials=[PROTECTED], Authenticated=true, Details=WebAuthenticationDetails [RemoteIpAddress=0:0:0:0:0:0:0:1, SessionId=null], Granted Authorities=[ROLE_default-roles-myrealm, ROLE_offline_access, ROLE_CUSTOMER, ROLE_uma_authorization]]
2025-07-30 11:43:36 DEBUG [http-nio-9827-exec-6] o.s.security.web.FilterChainProxy [,] - Secured POST /api/loans
2025-07-30 13:27:45 DEBUG [restartedMain] o.s.s.c.a.a.c.AuthenticationConfiguration$DefaultPasswordEncoderAuthenticationManagerBuilder [,] - No authenticationProviders and no parentAuthenticationManager defined. Returning null.
2025-07-30 13:27:46 DEBUG [restartedMain] o.s.s.web.DefaultSecurityFilterChain [,] - Will secure any request with filters: DisableEncodeUrlFilter, WebAsyncManagerIntegrationFilter, SecurityContextHolderFilter, HeaderWriterFilter, CorsFilter, LogoutFilter, BearerTokenAuthenticationFilter, RequestCacheAwareFilter, SecurityContextHolderAwareRequestFilter, AnonymousAuthenticationFilter, SessionManagementFilter, ExceptionTranslationFilter, AuthorizationFilter
2025-07-30 13:27:57 DEBUG [http-nio-9827-exec-2] o.s.security.web.FilterChainProxy [,] - Securing POST /api/loans
2025-07-30 13:28:00 DEBUG [http-nio-9827-exec-2] o.s.s.o.s.r.a.JwtAuthenticationProvider [,] - Authenticated token
2025-07-30 13:28:00 DEBUG [http-nio-9827-exec-2] o.s.s.o.s.r.w.a.BearerTokenAuthenticationFilter [,] - Set SecurityContextHolder to JwtAuthenticationToken [Principal=org.springframework.security.oauth2.jwt.Jwt@29c2f192, Credentials=[PROTECTED], Authenticated=true, Details=WebAuthenticationDetails [RemoteIpAddress=0:0:0:0:0:0:0:1, SessionId=null], Granted Authorities=[ROLE_default-roles-myrealm, ROLE_offline_access, ROLE_CUSTOMER, ROLE_uma_authorization]]
2025-07-30 13:28:00 DEBUG [http-nio-9827-exec-2] o.s.security.web.FilterChainProxy [,] - Secured POST /api/loans
2025-07-30 13:43:00 DEBUG [restartedMain] o.s.s.c.a.a.c.AuthenticationConfiguration$DefaultPasswordEncoderAuthenticationManagerBuilder [,] - No authenticationProviders and no parentAuthenticationManager defined. Returning null.
2025-07-30 13:43:01 DEBUG [restartedMain] o.s.s.web.DefaultSecurityFilterChain [,] - Will secure any request with filters: DisableEncodeUrlFilter, WebAsyncManagerIntegrationFilter, SecurityContextHolderFilter, HeaderWriterFilter, CorsFilter, LogoutFilter, BearerTokenAuthenticationFilter, RequestCacheAwareFilter, SecurityContextHolderAwareRequestFilter, AnonymousAuthenticationFilter, SessionManagementFilter, ExceptionTranslationFilter, AuthorizationFilter
2025-07-30 13:45:09 DEBUG [restartedMain] o.s.s.c.a.a.c.AuthenticationConfiguration$DefaultPasswordEncoderAuthenticationManagerBuilder [,] - No authenticationProviders and no parentAuthenticationManager defined. Returning null.
2025-07-30 13:45:10 DEBUG [restartedMain] o.s.s.web.DefaultSecurityFilterChain [,] - Will secure any request with filters: DisableEncodeUrlFilter, WebAsyncManagerIntegrationFilter, SecurityContextHolderFilter, HeaderWriterFilter, CorsFilter, LogoutFilter, BearerTokenAuthenticationFilter, RequestCacheAwareFilter, SecurityContextHolderAwareRequestFilter, AnonymousAuthenticationFilter, SessionManagementFilter, ExceptionTranslationFilter, AuthorizationFilter
2025-07-30 13:46:10 DEBUG [http-nio-9827-exec-2] o.s.security.web.FilterChainProxy [,] - Securing POST /api/loans
2025-07-30 13:46:10 DEBUG [http-nio-9827-exec-2] o.s.s.o.s.r.a.JwtAuthenticationProvider [,] - Authenticated token
2025-07-30 13:46:10 DEBUG [http-nio-9827-exec-2] o.s.s.o.s.r.w.a.BearerTokenAuthenticationFilter [,] - Set SecurityContextHolder to JwtAuthenticationToken [Principal=org.springframework.security.oauth2.jwt.Jwt@29c2f192, Credentials=[PROTECTED], Authenticated=true, Details=WebAuthenticationDetails [RemoteIpAddress=0:0:0:0:0:0:0:1, SessionId=null], Granted Authorities=[ROLE_default-roles-myrealm, ROLE_offline_access, ROLE_CUSTOMER, ROLE_uma_authorization]]
2025-07-30 13:46:10 DEBUG [http-nio-9827-exec-2] o.s.security.web.FilterChainProxy [,] - Secured POST /api/loans
2025-07-30 13:48:12 DEBUG [restartedMain] o.s.s.c.a.a.c.AuthenticationConfiguration$DefaultPasswordEncoderAuthenticationManagerBuilder [,] - No authenticationProviders and no parentAuthenticationManager defined. Returning null.
2025-07-30 13:48:12 DEBUG [restartedMain] o.s.s.web.DefaultSecurityFilterChain [,] - Will secure any request with filters: DisableEncodeUrlFilter, WebAsyncManagerIntegrationFilter, SecurityContextHolderFilter, HeaderWriterFilter, CorsFilter, LogoutFilter, BearerTokenAuthenticationFilter, RequestCacheAwareFilter, SecurityContextHolderAwareRequestFilter, AnonymousAuthenticationFilter, SessionManagementFilter, ExceptionTranslationFilter, AuthorizationFilter
2025-07-30 13:48:20 DEBUG [restartedMain] o.s.s.c.a.a.c.AuthenticationConfiguration$DefaultPasswordEncoderAuthenticationManagerBuilder [,] - No authenticationProviders and no parentAuthenticationManager defined. Returning null.
2025-07-30 13:48:20 DEBUG [restartedMain] o.s.s.web.DefaultSecurityFilterChain [,] - Will secure any request with filters: DisableEncodeUrlFilter, WebAsyncManagerIntegrationFilter, SecurityContextHolderFilter, HeaderWriterFilter, CorsFilter, LogoutFilter, BearerTokenAuthenticationFilter, RequestCacheAwareFilter, SecurityContextHolderAwareRequestFilter, AnonymousAuthenticationFilter, SessionManagementFilter, ExceptionTranslationFilter, AuthorizationFilter
2025-07-30 13:48:35 DEBUG [restartedMain] o.s.s.c.a.a.c.AuthenticationConfiguration$DefaultPasswordEncoderAuthenticationManagerBuilder [,] - No authenticationProviders and no parentAuthenticationManager defined. Returning null.
2025-07-30 13:48:36 DEBUG [restartedMain] o.s.s.web.DefaultSecurityFilterChain [,] - Will secure any request with filters: DisableEncodeUrlFilter, WebAsyncManagerIntegrationFilter, SecurityContextHolderFilter, HeaderWriterFilter, CorsFilter, LogoutFilter, BearerTokenAuthenticationFilter, RequestCacheAwareFilter, SecurityContextHolderAwareRequestFilter, AnonymousAuthenticationFilter, SessionManagementFilter, ExceptionTranslationFilter, AuthorizationFilter
2025-07-30 13:50:27 DEBUG [http-nio-9827-exec-2] o.s.security.web.FilterChainProxy [,] - Securing POST /api/loans
2025-07-30 13:50:28 DEBUG [http-nio-9827-exec-2] o.s.s.o.s.r.a.JwtAuthenticationProvider [,] - Authenticated token
2025-07-30 13:50:28 DEBUG [http-nio-9827-exec-2] o.s.s.o.s.r.w.a.BearerTokenAuthenticationFilter [,] - Set SecurityContextHolder to JwtAuthenticationToken [Principal=org.springframework.security.oauth2.jwt.Jwt@29c2f192, Credentials=[PROTECTED], Authenticated=true, Details=WebAuthenticationDetails [RemoteIpAddress=0:0:0:0:0:0:0:1, SessionId=null], Granted Authorities=[ROLE_default-roles-myrealm, ROLE_offline_access, ROLE_CUSTOMER, ROLE_uma_authorization]]
2025-07-30 13:50:28 DEBUG [http-nio-9827-exec-2] o.s.security.web.FilterChainProxy [,] - Secured POST /api/loans
2025-07-30 14:21:08 DEBUG [restartedMain] o.s.s.c.a.a.c.AuthenticationConfiguration$DefaultPasswordEncoderAuthenticationManagerBuilder [,] - No authenticationProviders and no parentAuthenticationManager defined. Returning null.
2025-07-30 14:21:09 DEBUG [restartedMain] o.s.s.web.DefaultSecurityFilterChain [,] - Will secure any request with filters: DisableEncodeUrlFilter, WebAsyncManagerIntegrationFilter, SecurityContextHolderFilter, HeaderWriterFilter, CorsFilter, LogoutFilter, BearerTokenAuthenticationFilter, RequestCacheAwareFilter, SecurityContextHolderAwareRequestFilter, AnonymousAuthenticationFilter, SessionManagementFilter, ExceptionTranslationFilter, AuthorizationFilter
2025-07-30 14:22:02 DEBUG [http-nio-9827-exec-2] o.s.security.web.FilterChainProxy [,] - Securing POST /api/loans
2025-07-30 14:22:03 DEBUG [http-nio-9827-exec-2] o.s.s.o.s.r.a.JwtAuthenticationProvider [,] - Authenticated token
2025-07-30 14:22:03 DEBUG [http-nio-9827-exec-2] o.s.s.o.s.r.w.a.BearerTokenAuthenticationFilter [,] - Set SecurityContextHolder to JwtAuthenticationToken [Principal=org.springframework.security.oauth2.jwt.Jwt@29c2f192, Credentials=[PROTECTED], Authenticated=true, Details=WebAuthenticationDetails [RemoteIpAddress=0:0:0:0:0:0:0:1, SessionId=null], Granted Authorities=[ROLE_default-roles-myrealm, ROLE_offline_access, ROLE_CUSTOMER, ROLE_uma_authorization]]
2025-07-30 14:22:03 DEBUG [http-nio-9827-exec-2] o.s.security.web.FilterChainProxy [,] - Secured POST /api/loans
2025-07-30 14:27:05 DEBUG [restartedMain] o.s.s.c.a.a.c.AuthenticationConfiguration$DefaultPasswordEncoderAuthenticationManagerBuilder [,] - No authenticationProviders and no parentAuthenticationManager defined. Returning null.
2025-07-30 14:27:05 DEBUG [restartedMain] o.s.s.web.DefaultSecurityFilterChain [,] - Will secure any request with filters: DisableEncodeUrlFilter, WebAsyncManagerIntegrationFilter, SecurityContextHolderFilter, HeaderWriterFilter, CorsFilter, LogoutFilter, BearerTokenAuthenticationFilter, RequestCacheAwareFilter, SecurityContextHolderAwareRequestFilter, AnonymousAuthenticationFilter, SessionManagementFilter, ExceptionTranslationFilter, AuthorizationFilter
2025-07-30 14:27:21 DEBUG [restartedMain] o.s.s.c.a.a.c.AuthenticationConfiguration$DefaultPasswordEncoderAuthenticationManagerBuilder [,] - No authenticationProviders and no parentAuthenticationManager defined. Returning null.
2025-07-30 14:27:21 DEBUG [restartedMain] o.s.s.web.DefaultSecurityFilterChain [,] - Will secure any request with filters: DisableEncodeUrlFilter, WebAsyncManagerIntegrationFilter, SecurityContextHolderFilter, HeaderWriterFilter, CorsFilter, LogoutFilter, BearerTokenAuthenticationFilter, RequestCacheAwareFilter, SecurityContextHolderAwareRequestFilter, AnonymousAuthenticationFilter, SessionManagementFilter, ExceptionTranslationFilter, AuthorizationFilter
2025-07-30 14:27:51 DEBUG [http-nio-9827-exec-2] o.s.security.web.FilterChainProxy [,] - Securing POST /api/loans
2025-07-30 14:27:52 DEBUG [http-nio-9827-exec-2] o.s.s.o.s.r.a.JwtAuthenticationProvider [,] - Authenticated token
2025-07-30 14:27:52 DEBUG [http-nio-9827-exec-2] o.s.s.o.s.r.w.a.BearerTokenAuthenticationFilter [,] - Set SecurityContextHolder to JwtAuthenticationToken [Principal=org.springframework.security.oauth2.jwt.Jwt@29c2f192, Credentials=[PROTECTED], Authenticated=true, Details=WebAuthenticationDetails [RemoteIpAddress=0:0:0:0:0:0:0:1, SessionId=null], Granted Authorities=[ROLE_default-roles-myrealm, ROLE_offline_access, ROLE_CUSTOMER, ROLE_uma_authorization]]
2025-07-30 14:27:52 DEBUG [http-nio-9827-exec-2] o.s.security.web.FilterChainProxy [,] - Secured POST /api/loans
2025-07-30 14:34:17 DEBUG [restartedMain] o.s.s.c.a.a.c.AuthenticationConfiguration$DefaultPasswordEncoderAuthenticationManagerBuilder [,] - No authenticationProviders and no parentAuthenticationManager defined. Returning null.
2025-07-30 14:34:18 DEBUG [restartedMain] o.s.s.web.DefaultSecurityFilterChain [,] - Will secure any request with filters: DisableEncodeUrlFilter, WebAsyncManagerIntegrationFilter, SecurityContextHolderFilter, HeaderWriterFilter, CorsFilter, LogoutFilter, BearerTokenAuthenticationFilter, RequestCacheAwareFilter, SecurityContextHolderAwareRequestFilter, AnonymousAuthenticationFilter, SessionManagementFilter, ExceptionTranslationFilter, AuthorizationFilter
2025-07-30 14:34:48 DEBUG [http-nio-9827-exec-1] o.s.security.web.FilterChainProxy [,] - Securing POST /api/loans
2025-07-30 14:34:49 DEBUG [http-nio-9827-exec-1] o.s.s.o.s.r.a.JwtAuthenticationProvider [,] - Authenticated token
2025-07-30 14:34:49 DEBUG [http-nio-9827-exec-1] o.s.s.o.s.r.w.a.BearerTokenAuthenticationFilter [,] - Set SecurityContextHolder to JwtAuthenticationToken [Principal=org.springframework.security.oauth2.jwt.Jwt@29c2f192, Credentials=[PROTECTED], Authenticated=true, Details=WebAuthenticationDetails [RemoteIpAddress=0:0:0:0:0:0:0:1, SessionId=null], Granted Authorities=[ROLE_default-roles-myrealm, ROLE_offline_access, ROLE_CUSTOMER, ROLE_uma_authorization]]
2025-07-30 14:34:49 DEBUG [http-nio-9827-exec-1] o.s.security.web.FilterChainProxy [,] - Secured POST /api/loans
2025-07-30 14:37:33 DEBUG [restartedMain] o.s.s.c.a.a.c.AuthenticationConfiguration$DefaultPasswordEncoderAuthenticationManagerBuilder [,] - No authenticationProviders and no parentAuthenticationManager defined. Returning null.
2025-07-30 14:37:33 DEBUG [restartedMain] o.s.s.web.DefaultSecurityFilterChain [,] - Will secure any request with filters: DisableEncodeUrlFilter, WebAsyncManagerIntegrationFilter, SecurityContextHolderFilter, HeaderWriterFilter, CorsFilter, LogoutFilter, BearerTokenAuthenticationFilter, RequestCacheAwareFilter, SecurityContextHolderAwareRequestFilter, AnonymousAuthenticationFilter, SessionManagementFilter, ExceptionTranslationFilter, AuthorizationFilter
2025-07-30 14:39:06 DEBUG [http-nio-9827-exec-2] o.s.security.web.FilterChainProxy [,] - Securing POST /api/loans
2025-07-30 14:39:07 DEBUG [http-nio-9827-exec-2] o.s.s.o.s.r.a.JwtAuthenticationProvider [,] - Authenticated token
2025-07-30 14:39:07 DEBUG [http-nio-9827-exec-2] o.s.s.o.s.r.w.a.BearerTokenAuthenticationFilter [,] - Set SecurityContextHolder to JwtAuthenticationToken [Principal=org.springframework.security.oauth2.jwt.Jwt@29c2f192, Credentials=[PROTECTED], Authenticated=true, Details=WebAuthenticationDetails [RemoteIpAddress=0:0:0:0:0:0:0:1, SessionId=null], Granted Authorities=[ROLE_default-roles-myrealm, ROLE_offline_access, ROLE_CUSTOMER, ROLE_uma_authorization]]
2025-07-30 14:39:07 DEBUG [http-nio-9827-exec-2] o.s.security.web.FilterChainProxy [,] - Secured POST /api/loans
2025-07-30 15:09:09 DEBUG [restartedMain] o.s.s.c.a.a.c.AuthenticationConfiguration$DefaultPasswordEncoderAuthenticationManagerBuilder [,] - No authenticationProviders and no parentAuthenticationManager defined. Returning null.
2025-07-30 15:09:10 DEBUG [restartedMain] o.s.s.web.DefaultSecurityFilterChain [,] - Will secure any request with filters: DisableEncodeUrlFilter, WebAsyncManagerIntegrationFilter, SecurityContextHolderFilter, HeaderWriterFilter, CorsFilter, LogoutFilter, BearerTokenAuthenticationFilter, RequestCacheAwareFilter, SecurityContextHolderAwareRequestFilter, AnonymousAuthenticationFilter, SessionManagementFilter, ExceptionTranslationFilter, AuthorizationFilter
2025-07-30 15:10:27 DEBUG [http-nio-9827-exec-2] o.s.security.web.FilterChainProxy [,] - Securing POST /api/loans
2025-07-30 15:10:28 DEBUG [http-nio-9827-exec-2] o.s.s.o.s.r.a.JwtAuthenticationProvider [,] - Authenticated token
2025-07-30 15:10:28 DEBUG [http-nio-9827-exec-2] o.s.s.o.s.r.w.a.BearerTokenAuthenticationFilter [,] - Set SecurityContextHolder to JwtAuthenticationToken [Principal=org.springframework.security.oauth2.jwt.Jwt@29c2f192, Credentials=[PROTECTED], Authenticated=true, Details=WebAuthenticationDetails [RemoteIpAddress=0:0:0:0:0:0:0:1, SessionId=null], Granted Authorities=[ROLE_default-roles-myrealm, ROLE_offline_access, ROLE_CUSTOMER, ROLE_uma_authorization]]
2025-07-30 15:10:28 DEBUG [http-nio-9827-exec-2] o.s.security.web.FilterChainProxy [,] - Secured POST /api/loans
2025-07-30 15:12:41 DEBUG [restartedMain] o.s.s.c.a.a.c.AuthenticationConfiguration$DefaultPasswordEncoderAuthenticationManagerBuilder [,] - No authenticationProviders and no parentAuthenticationManager defined. Returning null.
2025-07-30 15:12:41 DEBUG [restartedMain] o.s.s.web.DefaultSecurityFilterChain [,] - Will secure any request with filters: DisableEncodeUrlFilter, WebAsyncManagerIntegrationFilter, SecurityContextHolderFilter, HeaderWriterFilter, CorsFilter, LogoutFilter, BearerTokenAuthenticationFilter, RequestCacheAwareFilter, SecurityContextHolderAwareRequestFilter, AnonymousAuthenticationFilter, SessionManagementFilter, ExceptionTranslationFilter, AuthorizationFilter
2025-07-30 15:14:23 DEBUG [http-nio-9827-exec-2] o.s.security.web.FilterChainProxy [,] - Securing POST /api/loans
2025-07-30 15:14:24 DEBUG [http-nio-9827-exec-2] o.s.s.o.s.r.a.JwtAuthenticationProvider [,] - Authenticated token
2025-07-30 15:14:24 DEBUG [http-nio-9827-exec-2] o.s.s.o.s.r.w.a.BearerTokenAuthenticationFilter [,] - Set SecurityContextHolder to JwtAuthenticationToken [Principal=org.springframework.security.oauth2.jwt.Jwt@29c2f192, Credentials=[PROTECTED], Authenticated=true, Details=WebAuthenticationDetails [RemoteIpAddress=0:0:0:0:0:0:0:1, SessionId=null], Granted Authorities=[ROLE_default-roles-myrealm, ROLE_offline_access, ROLE_CUSTOMER, ROLE_uma_authorization]]
2025-07-30 15:14:24 DEBUG [http-nio-9827-exec-2] o.s.security.web.FilterChainProxy [,] - Secured POST /api/loans
2025-07-30 16:31:10 DEBUG [http-nio-9827-exec-4] o.s.security.web.FilterChainProxy [,] - Securing GET /api/loans/total-borrowed
2025-07-30 16:31:10 DEBUG [http-nio-9827-exec-5] o.s.security.web.FilterChainProxy [,] - Securing GET /api/loans/total-outstanding
2025-07-30 16:31:10 DEBUG [http-nio-9827-exec-5] o.s.s.o.s.r.a.JwtAuthenticationProvider [,] - Authenticated token
2025-07-30 16:31:10 DEBUG [http-nio-9827-exec-4] o.s.s.o.s.r.a.JwtAuthenticationProvider [,] - Authenticated token
2025-07-30 16:31:10 DEBUG [http-nio-9827-exec-5] o.s.s.o.s.r.w.a.BearerTokenAuthenticationFilter [,] - Set SecurityContextHolder to JwtAuthenticationToken [Principal=org.springframework.security.oauth2.jwt.Jwt@e5e6a6a2, Credentials=[PROTECTED], Authenticated=true, Details=WebAuthenticationDetails [RemoteIpAddress=127.0.0.1, SessionId=null], Granted Authorities=[ROLE_default-roles-myrealm, ROLE_offline_access, ROLE_CUSTOMER, ROLE_uma_authorization]]
2025-07-30 16:31:10 DEBUG [http-nio-9827-exec-4] o.s.s.o.s.r.w.a.BearerTokenAuthenticationFilter [,] - Set SecurityContextHolder to JwtAuthenticationToken [Principal=org.springframework.security.oauth2.jwt.Jwt@e5e6a6a2, Credentials=[PROTECTED], Authenticated=true, Details=WebAuthenticationDetails [RemoteIpAddress=127.0.0.1, SessionId=null], Granted Authorities=[ROLE_default-roles-myrealm, ROLE_offline_access, ROLE_CUSTOMER, ROLE_uma_authorization]]
2025-07-30 16:31:10 DEBUG [http-nio-9827-exec-4] o.s.security.web.FilterChainProxy [,] - Secured GET /api/loans/total-borrowed
2025-07-30 16:31:10 DEBUG [http-nio-9827-exec-5] o.s.security.web.FilterChainProxy [,] - Secured GET /api/loans/total-outstanding
2025-07-30 16:31:26 DEBUG [http-nio-9827-exec-6] o.s.security.web.FilterChainProxy [,] - Securing GET /api/loans/getAccounts
2025-07-30 16:31:26 DEBUG [http-nio-9827-exec-6] o.s.s.o.s.r.a.JwtAuthenticationProvider [,] - Authenticated token
2025-07-30 16:31:26 DEBUG [http-nio-9827-exec-6] o.s.s.o.s.r.w.a.BearerTokenAuthenticationFilter [,] - Set SecurityContextHolder to JwtAuthenticationToken [Principal=org.springframework.security.oauth2.jwt.Jwt@e5e6a6a2, Credentials=[PROTECTED], Authenticated=true, Details=WebAuthenticationDetails [RemoteIpAddress=127.0.0.1, SessionId=null], Granted Authorities=[ROLE_default-roles-myrealm, ROLE_offline_access, ROLE_CUSTOMER, ROLE_uma_authorization]]
2025-07-30 16:31:26 DEBUG [http-nio-9827-exec-6] o.s.security.web.FilterChainProxy [,] - Secured GET /api/loans/getAccounts
2025-07-30 16:41:38 DEBUG [http-nio-9827-exec-10] o.s.security.web.FilterChainProxy [,] - Securing GET /api/loans/total-outstanding
2025-07-30 16:41:38 DEBUG [http-nio-9827-exec-9] o.s.security.web.FilterChainProxy [,] - Securing GET /api/loans/total-borrowed
2025-07-30 16:41:38 DEBUG [http-nio-9827-exec-9] o.s.s.o.s.r.a.JwtAuthenticationProvider [,] - Authenticated token
2025-07-30 16:41:38 DEBUG [http-nio-9827-exec-10] o.s.s.o.s.r.a.JwtAuthenticationProvider [,] - Authenticated token
2025-07-30 16:41:38 DEBUG [http-nio-9827-exec-9] o.s.s.o.s.r.w.a.BearerTokenAuthenticationFilter [,] - Set SecurityContextHolder to JwtAuthenticationToken [Principal=org.springframework.security.oauth2.jwt.Jwt@e5e6a6a2, Credentials=[PROTECTED], Authenticated=true, Details=WebAuthenticationDetails [RemoteIpAddress=127.0.0.1, SessionId=null], Granted Authorities=[ROLE_default-roles-myrealm, ROLE_offline_access, ROLE_CUSTOMER, ROLE_uma_authorization]]
2025-07-30 16:41:38 DEBUG [http-nio-9827-exec-10] o.s.s.o.s.r.w.a.BearerTokenAuthenticationFilter [,] - Set SecurityContextHolder to JwtAuthenticationToken [Principal=org.springframework.security.oauth2.jwt.Jwt@e5e6a6a2, Credentials=[PROTECTED], Authenticated=true, Details=WebAuthenticationDetails [RemoteIpAddress=127.0.0.1, SessionId=null], Granted Authorities=[ROLE_default-roles-myrealm, ROLE_offline_access, ROLE_CUSTOMER, ROLE_uma_authorization]]
2025-07-30 16:41:38 DEBUG [http-nio-9827-exec-10] o.s.security.web.FilterChainProxy [,] - Secured GET /api/loans/total-outstanding
2025-07-30 16:41:38 DEBUG [http-nio-9827-exec-9] o.s.security.web.FilterChainProxy [,] - Secured GET /api/loans/total-borrowed
2025-07-30 16:41:40 DEBUG [http-nio-9827-exec-1] o.s.security.web.FilterChainProxy [,] - Securing GET /api/loans/getAccounts
2025-07-30 16:41:40 DEBUG [http-nio-9827-exec-1] o.s.s.o.s.r.a.JwtAuthenticationProvider [,] - Authenticated token
2025-07-30 16:41:40 DEBUG [http-nio-9827-exec-1] o.s.s.o.s.r.w.a.BearerTokenAuthenticationFilter [,] - Set SecurityContextHolder to JwtAuthenticationToken [Principal=org.springframework.security.oauth2.jwt.Jwt@e5e6a6a2, Credentials=[PROTECTED], Authenticated=true, Details=WebAuthenticationDetails [RemoteIpAddress=127.0.0.1, SessionId=null], Granted Authorities=[ROLE_default-roles-myrealm, ROLE_offline_access, ROLE_CUSTOMER, ROLE_uma_authorization]]
2025-07-30 16:41:40 DEBUG [http-nio-9827-exec-1] o.s.security.web.FilterChainProxy [,] - Secured GET /api/loans/getAccounts
2025-07-30 16:42:51 DEBUG [http-nio-9827-exec-5] o.s.security.web.FilterChainProxy [,] - Securing GET /api/loans/total-borrowed
2025-07-30 16:42:51 DEBUG [http-nio-9827-exec-4] o.s.security.web.FilterChainProxy [,] - Securing GET /api/loans/total-outstanding
2025-07-30 16:42:51 DEBUG [http-nio-9827-exec-5] o.s.s.o.s.r.a.JwtAuthenticationProvider [,] - Authenticated token
2025-07-30 16:42:51 DEBUG [http-nio-9827-exec-5] o.s.s.o.s.r.w.a.BearerTokenAuthenticationFilter [,] - Set SecurityContextHolder to JwtAuthenticationToken [Principal=org.springframework.security.oauth2.jwt.Jwt@e5e6a6a2, Credentials=[PROTECTED], Authenticated=true, Details=WebAuthenticationDetails [RemoteIpAddress=127.0.0.1, SessionId=null], Granted Authorities=[ROLE_default-roles-myrealm, ROLE_offline_access, ROLE_CUSTOMER, ROLE_uma_authorization]]
2025-07-30 16:42:51 DEBUG [http-nio-9827-exec-5] o.s.security.web.FilterChainProxy [,] - Secured GET /api/loans/total-borrowed
2025-07-30 16:42:51 DEBUG [http-nio-9827-exec-4] o.s.s.o.s.r.a.JwtAuthenticationProvider [,] - Authenticated token
2025-07-30 16:42:51 DEBUG [http-nio-9827-exec-4] o.s.s.o.s.r.w.a.BearerTokenAuthenticationFilter [,] - Set SecurityContextHolder to JwtAuthenticationToken [Principal=org.springframework.security.oauth2.jwt.Jwt@e5e6a6a2, Credentials=[PROTECTED], Authenticated=true, Details=WebAuthenticationDetails [RemoteIpAddress=127.0.0.1, SessionId=null], Granted Authorities=[ROLE_default-roles-myrealm, ROLE_offline_access, ROLE_CUSTOMER, ROLE_uma_authorization]]
2025-07-30 16:42:51 DEBUG [http-nio-9827-exec-4] o.s.security.web.FilterChainProxy [,] - Secured GET /api/loans/total-outstanding
2025-07-30 16:44:29 DEBUG [http-nio-9827-exec-8] o.s.security.web.FilterChainProxy [,] - Securing GET /api/loans/total-borrowed
2025-07-30 16:44:29 DEBUG [http-nio-9827-exec-9] o.s.security.web.FilterChainProxy [,] - Securing GET /api/loans/total-outstanding
2025-07-30 16:44:29 DEBUG [http-nio-9827-exec-8] o.s.s.o.s.r.a.JwtAuthenticationProvider [,] - Authenticated token
2025-07-30 16:44:29 DEBUG [http-nio-9827-exec-8] o.s.s.o.s.r.w.a.BearerTokenAuthenticationFilter [,] - Set SecurityContextHolder to JwtAuthenticationToken [Principal=org.springframework.security.oauth2.jwt.Jwt@e5e6a6a2, Credentials=[PROTECTED], Authenticated=true, Details=WebAuthenticationDetails [RemoteIpAddress=127.0.0.1, SessionId=null], Granted Authorities=[ROLE_default-roles-myrealm, ROLE_offline_access, ROLE_CUSTOMER, ROLE_uma_authorization]]
2025-07-30 16:44:29 DEBUG [http-nio-9827-exec-9] o.s.s.o.s.r.a.JwtAuthenticationProvider [,] - Authenticated token
2025-07-30 16:44:29 DEBUG [http-nio-9827-exec-9] o.s.s.o.s.r.w.a.BearerTokenAuthenticationFilter [,] - Set SecurityContextHolder to JwtAuthenticationToken [Principal=org.springframework.security.oauth2.jwt.Jwt@e5e6a6a2, Credentials=[PROTECTED], Authenticated=true, Details=WebAuthenticationDetails [RemoteIpAddress=127.0.0.1, SessionId=null], Granted Authorities=[ROLE_default-roles-myrealm, ROLE_offline_access, ROLE_CUSTOMER, ROLE_uma_authorization]]
2025-07-30 16:44:29 DEBUG [http-nio-9827-exec-8] o.s.security.web.FilterChainProxy [,] - Secured GET /api/loans/total-borrowed
2025-07-30 16:44:29 DEBUG [http-nio-9827-exec-9] o.s.security.web.FilterChainProxy [,] - Secured GET /api/loans/total-outstanding
2025-07-30 16:44:30 DEBUG [http-nio-9827-exec-10] o.s.security.web.FilterChainProxy [,] - Securing GET /api/loans/getAccounts
2025-07-30 16:44:30 DEBUG [http-nio-9827-exec-10] o.s.s.o.s.r.a.JwtAuthenticationProvider [,] - Authenticated token
2025-07-30 16:44:30 DEBUG [http-nio-9827-exec-10] o.s.s.o.s.r.w.a.BearerTokenAuthenticationFilter [,] - Set SecurityContextHolder to JwtAuthenticationToken [Principal=org.springframework.security.oauth2.jwt.Jwt@e5e6a6a2, Credentials=[PROTECTED], Authenticated=true, Details=WebAuthenticationDetails [RemoteIpAddress=127.0.0.1, SessionId=null], Granted Authorities=[ROLE_default-roles-myrealm, ROLE_offline_access, ROLE_CUSTOMER, ROLE_uma_authorization]]
2025-07-30 16:44:30 DEBUG [http-nio-9827-exec-10] o.s.security.web.FilterChainProxy [,] - Secured GET /api/loans/getAccounts
2025-07-30 16:50:24 DEBUG [http-nio-9827-exec-3] o.s.security.web.FilterChainProxy [,] - Securing GET /api/loans/total-outstanding
2025-07-30 16:50:24 DEBUG [http-nio-9827-exec-5] o.s.security.web.FilterChainProxy [,] - Securing GET /api/loans/total-borrowed
2025-07-30 16:50:24 DEBUG [http-nio-9827-exec-3] o.s.s.o.s.r.a.JwtAuthenticationProvider [,] - Authenticated token
2025-07-30 16:50:24 DEBUG [http-nio-9827-exec-3] o.s.s.o.s.r.w.a.BearerTokenAuthenticationFilter [,] - Set SecurityContextHolder to JwtAuthenticationToken [Principal=org.springframework.security.oauth2.jwt.Jwt@e5e6a6a2, Credentials=[PROTECTED], Authenticated=true, Details=WebAuthenticationDetails [RemoteIpAddress=127.0.0.1, SessionId=null], Granted Authorities=[ROLE_default-roles-myrealm, ROLE_offline_access, ROLE_CUSTOMER, ROLE_uma_authorization]]
2025-07-30 16:50:24 DEBUG [http-nio-9827-exec-5] o.s.s.o.s.r.a.JwtAuthenticationProvider [,] - Authenticated token
2025-07-30 16:50:24 DEBUG [http-nio-9827-exec-3] o.s.security.web.FilterChainProxy [,] - Secured GET /api/loans/total-outstanding
2025-07-30 16:50:24 DEBUG [http-nio-9827-exec-5] o.s.s.o.s.r.w.a.BearerTokenAuthenticationFilter [,] - Set SecurityContextHolder to JwtAuthenticationToken [Principal=org.springframework.security.oauth2.jwt.Jwt@e5e6a6a2, Credentials=[PROTECTED], Authenticated=true, Details=WebAuthenticationDetails [RemoteIpAddress=127.0.0.1, SessionId=null], Granted Authorities=[ROLE_default-roles-myrealm, ROLE_offline_access, ROLE_CUSTOMER, ROLE_uma_authorization]]
2025-07-30 16:50:24 DEBUG [http-nio-9827-exec-5] o.s.security.web.FilterChainProxy [,] - Secured GET /api/loans/total-borrowed
2025-07-30 16:50:25 DEBUG [http-nio-9827-exec-4] o.s.security.web.FilterChainProxy [,] - Securing GET /api/loans/customer
2025-07-30 16:50:25 DEBUG [http-nio-9827-exec-4] o.s.s.o.s.r.a.JwtAuthenticationProvider [,] - Authenticated token
2025-07-30 16:50:25 DEBUG [http-nio-9827-exec-4] o.s.s.o.s.r.w.a.BearerTokenAuthenticationFilter [,] - Set SecurityContextHolder to JwtAuthenticationToken [Principal=org.springframework.security.oauth2.jwt.Jwt@e5e6a6a2, Credentials=[PROTECTED], Authenticated=true, Details=WebAuthenticationDetails [RemoteIpAddress=127.0.0.1, SessionId=null], Granted Authorities=[ROLE_default-roles-myrealm, ROLE_offline_access, ROLE_CUSTOMER, ROLE_uma_authorization]]
2025-07-30 16:50:25 DEBUG [http-nio-9827-exec-4] o.s.security.web.FilterChainProxy [,] - Secured GET /api/loans/customer
2025-07-30 16:50:29 DEBUG [http-nio-9827-exec-6] o.s.security.web.FilterChainProxy [,] - Securing GET /api/loans/10
2025-07-30 16:50:29 DEBUG [http-nio-9827-exec-6] o.s.s.o.s.r.a.JwtAuthenticationProvider [,] - Authenticated token
2025-07-30 16:50:29 DEBUG [http-nio-9827-exec-6] o.s.s.o.s.r.w.a.BearerTokenAuthenticationFilter [,] - Set SecurityContextHolder to JwtAuthenticationToken [Principal=org.springframework.security.oauth2.jwt.Jwt@e5e6a6a2, Credentials=[PROTECTED], Authenticated=true, Details=WebAuthenticationDetails [RemoteIpAddress=127.0.0.1, SessionId=null], Granted Authorities=[ROLE_default-roles-myrealm, ROLE_offline_access, ROLE_CUSTOMER, ROLE_uma_authorization]]
2025-07-30 16:50:29 DEBUG [http-nio-9827-exec-6] o.s.security.web.FilterChainProxy [,] - Secured GET /api/loans/10
2025-07-30 16:50:41 DEBUG [http-nio-9827-exec-7] o.s.security.web.FilterChainProxy [,] - Securing GET /api/loans/total-borrowed
2025-07-30 16:50:41 DEBUG [http-nio-9827-exec-8] o.s.security.web.FilterChainProxy [,] - Securing GET /api/loans/total-outstanding
2025-07-30 16:50:41 DEBUG [http-nio-9827-exec-7] o.s.s.o.s.r.a.JwtAuthenticationProvider [,] - Authenticated token
2025-07-30 16:50:41 DEBUG [http-nio-9827-exec-7] o.s.s.o.s.r.w.a.BearerTokenAuthenticationFilter [,] - Set SecurityContextHolder to JwtAuthenticationToken [Principal=org.springframework.security.oauth2.jwt.Jwt@e5e6a6a2, Credentials=[PROTECTED], Authenticated=true, Details=WebAuthenticationDetails [RemoteIpAddress=127.0.0.1, SessionId=null], Granted Authorities=[ROLE_default-roles-myrealm, ROLE_offline_access, ROLE_CUSTOMER, ROLE_uma_authorization]]
2025-07-30 16:50:41 DEBUG [http-nio-9827-exec-7] o.s.security.web.FilterChainProxy [,] - Secured GET /api/loans/total-borrowed
2025-07-30 16:50:41 DEBUG [http-nio-9827-exec-8] o.s.s.o.s.r.a.JwtAuthenticationProvider [,] - Authenticated token
2025-07-30 16:50:41 DEBUG [http-nio-9827-exec-8] o.s.s.o.s.r.w.a.BearerTokenAuthenticationFilter [,] - Set SecurityContextHolder to JwtAuthenticationToken [Principal=org.springframework.security.oauth2.jwt.Jwt@e5e6a6a2, Credentials=[PROTECTED], Authenticated=true, Details=WebAuthenticationDetails [RemoteIpAddress=127.0.0.1, SessionId=null], Granted Authorities=[ROLE_default-roles-myrealm, ROLE_offline_access, ROLE_CUSTOMER, ROLE_uma_authorization]]
2025-07-30 16:50:41 DEBUG [http-nio-9827-exec-8] o.s.security.web.FilterChainProxy [,] - Secured GET /api/loans/total-outstanding
2025-07-30 16:52:40 DEBUG [http-nio-9827-exec-1] o.s.security.web.FilterChainProxy [,] - Securing GET /api/repayments/current
2025-07-30 16:52:40 DEBUG [http-nio-9827-exec-1] o.s.s.o.s.r.a.JwtAuthenticationProvider [,] - Authenticated token
2025-07-30 16:52:40 DEBUG [http-nio-9827-exec-1] o.s.s.o.s.r.w.a.BearerTokenAuthenticationFilter [,] - Set SecurityContextHolder to JwtAuthenticationToken [Principal=org.springframework.security.oauth2.jwt.Jwt@e5e6a6a2, Credentials=[PROTECTED], Authenticated=true, Details=WebAuthenticationDetails [RemoteIpAddress=127.0.0.1, SessionId=null], Granted Authorities=[ROLE_default-roles-myrealm, ROLE_offline_access, ROLE_CUSTOMER, ROLE_uma_authorization]]
2025-07-30 16:52:40 DEBUG [http-nio-9827-exec-1] o.s.security.web.FilterChainProxy [,] - Secured GET /api/repayments/current
2025-07-30 16:55:04 DEBUG [http-nio-9827-exec-5] o.s.security.web.FilterChainProxy [,] - Securing GET /api/loans/total-borrowed
2025-07-30 16:55:04 DEBUG [http-nio-9827-exec-2] o.s.security.web.FilterChainProxy [,] - Securing GET /api/loans/total-outstanding
2025-07-30 16:55:04 DEBUG [http-nio-9827-exec-5] o.s.s.o.s.r.a.JwtAuthenticationProvider [,] - Authenticated token
2025-07-30 16:55:04 DEBUG [http-nio-9827-exec-5] o.s.s.o.s.r.w.a.BearerTokenAuthenticationFilter [,] - Set SecurityContextHolder to JwtAuthenticationToken [Principal=org.springframework.security.oauth2.jwt.Jwt@e5e6a6a2, Credentials=[PROTECTED], Authenticated=true, Details=WebAuthenticationDetails [RemoteIpAddress=127.0.0.1, SessionId=null], Granted Authorities=[ROLE_default-roles-myrealm, ROLE_offline_access, ROLE_CUSTOMER, ROLE_uma_authorization]]
2025-07-30 16:55:04 DEBUG [http-nio-9827-exec-2] o.s.s.o.s.r.a.JwtAuthenticationProvider [,] - Authenticated token
2025-07-30 16:55:04 DEBUG [http-nio-9827-exec-5] o.s.security.web.FilterChainProxy [,] - Secured GET /api/loans/total-borrowed
2025-07-30 16:55:04 DEBUG [http-nio-9827-exec-2] o.s.s.o.s.r.w.a.BearerTokenAuthenticationFilter [,] - Set SecurityContextHolder to JwtAuthenticationToken [Principal=org.springframework.security.oauth2.jwt.Jwt@e5e6a6a2, Credentials=[PROTECTED], Authenticated=true, Details=WebAuthenticationDetails [RemoteIpAddress=127.0.0.1, SessionId=null], Granted Authorities=[ROLE_default-roles-myrealm, ROLE_offline_access, ROLE_CUSTOMER, ROLE_uma_authorization]]
2025-07-30 16:55:04 DEBUG [http-nio-9827-exec-2] o.s.security.web.FilterChainProxy [,] - Secured GET /api/loans/total-outstanding
2025-07-30 16:56:03 DEBUG [http-nio-9827-exec-3] o.s.security.web.FilterChainProxy [,] - Securing GET /api/repayments/current
2025-07-30 16:56:03 DEBUG [http-nio-9827-exec-3] o.s.s.o.s.r.a.JwtAuthenticationProvider [,] - Authenticated token
2025-07-30 16:56:03 DEBUG [http-nio-9827-exec-3] o.s.s.o.s.r.w.a.BearerTokenAuthenticationFilter [,] - Set SecurityContextHolder to JwtAuthenticationToken [Principal=org.springframework.security.oauth2.jwt.Jwt@e5e6a6a2, Credentials=[PROTECTED], Authenticated=true, Details=WebAuthenticationDetails [RemoteIpAddress=127.0.0.1, SessionId=null], Granted Authorities=[ROLE_default-roles-myrealm, ROLE_offline_access, ROLE_CUSTOMER, ROLE_uma_authorization]]
2025-07-30 16:56:03 DEBUG [http-nio-9827-exec-3] o.s.security.web.FilterChainProxy [,] - Secured GET /api/repayments/current
2025-07-30 16:56:34 DEBUG [http-nio-9827-exec-6] o.s.security.web.FilterChainProxy [,] - Securing GET /api/loans/total-borrowed
2025-07-30 16:56:34 DEBUG [http-nio-9827-exec-6] o.s.s.o.s.r.a.JwtAuthenticationProvider [,] - Authenticated token
2025-07-30 16:56:34 DEBUG [http-nio-9827-exec-6] o.s.s.o.s.r.w.a.BearerTokenAuthenticationFilter [,] - Set SecurityContextHolder to JwtAuthenticationToken [Principal=org.springframework.security.oauth2.jwt.Jwt@e5e6a6a2, Credentials=[PROTECTED], Authenticated=true, Details=WebAuthenticationDetails [RemoteIpAddress=127.0.0.1, SessionId=null], Granted Authorities=[ROLE_default-roles-myrealm, ROLE_offline_access, ROLE_CUSTOMER, ROLE_uma_authorization]]
2025-07-30 16:56:34 DEBUG [http-nio-9827-exec-6] o.s.security.web.FilterChainProxy [,] - Secured GET /api/loans/total-borrowed
2025-07-30 16:56:34 DEBUG [http-nio-9827-exec-7] o.s.security.web.FilterChainProxy [,] - Securing GET /api/loans/total-outstanding
2025-07-30 16:56:34 DEBUG [http-nio-9827-exec-7] o.s.s.o.s.r.a.JwtAuthenticationProvider [,] - Authenticated token
2025-07-30 16:56:34 DEBUG [http-nio-9827-exec-7] o.s.s.o.s.r.w.a.BearerTokenAuthenticationFilter [,] - Set SecurityContextHolder to JwtAuthenticationToken [Principal=org.springframework.security.oauth2.jwt.Jwt@e5e6a6a2, Credentials=[PROTECTED], Authenticated=true, Details=WebAuthenticationDetails [RemoteIpAddress=127.0.0.1, SessionId=null], Granted Authorities=[ROLE_default-roles-myrealm, ROLE_offline_access, ROLE_CUSTOMER, ROLE_uma_authorization]]
2025-07-30 16:56:34 DEBUG [http-nio-9827-exec-7] o.s.security.web.FilterChainProxy [,] - Secured GET /api/loans/total-outstanding
