2025-08-01 09:07:07 DEBUG [restartedMain] o.s.s.c.a.a.c.AuthenticationConfiguration$DefaultPasswordEncoderAuthenticationManagerBuilder [,] - No authenticationProviders and no parentAuthenticationManager defined. Returning null.
2025-08-01 09:07:08 DEBUG [restartedMain] o.s.s.web.DefaultSecurityFilterChain [,] - Will secure any request with filters: DisableEncodeUrlFilter, WebAsyncManagerIntegrationFilter, SecurityContextHolderFilter, HeaderWriterFilter, CorsFilter, LogoutFilter, BearerTokenAuthenticationFilter, RequestCacheAwareFilter, SecurityContextHolderAwareRequestFilter, AnonymousAuthenticationFilter, SessionManagementFilter, ExceptionTranslationFilter, AuthorizationFilter
2025-08-01 09:09:03 DEBUG [http-nio-9827-exec-2] o.s.security.web.FilterChainProxy [,] - Securing POST /api/loans
2025-08-01 09:09:27 DEBUG [http-nio-9827-exec-3] o.s.security.web.FilterChainProxy [,] - Securing POST /api/loans
2025-08-01 09:09:33 DEBUG [http-nio-9827-exec-4] o.s.security.web.FilterChainProxy [,] - Securing POST /api/loans
2025-08-01 09:10:11 DEBUG [http-nio-9827-exec-5] o.s.security.web.FilterChainProxy [,] - Securing POST /api/loans
2025-08-01 09:10:12 DEBUG [http-nio-9827-exec-5] o.s.s.o.s.r.a.JwtAuthenticationProvider [,] - Authenticated token
2025-08-01 09:10:12 DEBUG [http-nio-9827-exec-5] o.s.s.o.s.r.w.a.BearerTokenAuthenticationFilter [,] - Set SecurityContextHolder to JwtAuthenticationToken [Principal=org.springframework.security.oauth2.jwt.Jwt@9f45bdd, Credentials=[PROTECTED], Authenticated=true, Details=WebAuthenticationDetails [RemoteIpAddress=0:0:0:0:0:0:0:1, SessionId=null], Granted Authorities=[ROLE_default-roles-myrealm, ROLE_offline_access, ROLE_CUSTOMER, ROLE_uma_authorization]]
2025-08-01 09:10:12 DEBUG [http-nio-9827-exec-5] o.s.security.web.FilterChainProxy [,] - Secured POST /api/loans
2025-08-01 09:10:55 DEBUG [http-nio-9827-exec-6] o.s.security.web.FilterChainProxy [,] - Securing POST /api/loans/74/approve
2025-08-01 09:10:55 DEBUG [http-nio-9827-exec-6] o.s.s.o.s.r.a.JwtAuthenticationProvider [,] - Authenticated token
2025-08-01 09:10:55 DEBUG [http-nio-9827-exec-6] o.s.s.o.s.r.w.a.BearerTokenAuthenticationFilter [,] - Set SecurityContextHolder to JwtAuthenticationToken [Principal=org.springframework.security.oauth2.jwt.Jwt@9f45bdd, Credentials=[PROTECTED], Authenticated=true, Details=WebAuthenticationDetails [RemoteIpAddress=0:0:0:0:0:0:0:1, SessionId=null], Granted Authorities=[ROLE_default-roles-myrealm, ROLE_offline_access, ROLE_CUSTOMER, ROLE_uma_authorization]]
2025-08-01 09:10:55 DEBUG [http-nio-9827-exec-6] o.s.security.web.FilterChainProxy [,] - Secured POST /api/loans/74/approve
2025-08-01 09:21:00 DEBUG [restartedMain] o.s.s.c.a.a.c.AuthenticationConfiguration$DefaultPasswordEncoderAuthenticationManagerBuilder [,] - No authenticationProviders and no parentAuthenticationManager defined. Returning null.
2025-08-01 09:21:00 DEBUG [restartedMain] o.s.s.web.DefaultSecurityFilterChain [,] - Will secure any request with filters: DisableEncodeUrlFilter, WebAsyncManagerIntegrationFilter, SecurityContextHolderFilter, HeaderWriterFilter, CorsFilter, LogoutFilter, BearerTokenAuthenticationFilter, RequestCacheAwareFilter, SecurityContextHolderAwareRequestFilter, AnonymousAuthenticationFilter, SessionManagementFilter, ExceptionTranslationFilter, AuthorizationFilter
2025-08-01 09:21:06 DEBUG [restartedMain] o.s.s.c.a.a.c.AuthenticationConfiguration$DefaultPasswordEncoderAuthenticationManagerBuilder [,] - No authenticationProviders and no parentAuthenticationManager defined. Returning null.
2025-08-01 09:21:07 DEBUG [restartedMain] o.s.s.web.DefaultSecurityFilterChain [,] - Will secure any request with filters: DisableEncodeUrlFilter, WebAsyncManagerIntegrationFilter, SecurityContextHolderFilter, HeaderWriterFilter, CorsFilter, LogoutFilter, BearerTokenAuthenticationFilter, RequestCacheAwareFilter, SecurityContextHolderAwareRequestFilter, AnonymousAuthenticationFilter, SessionManagementFilter, ExceptionTranslationFilter, AuthorizationFilter
2025-08-01 09:30:26 DEBUG [restartedMain] o.s.s.c.a.a.c.AuthenticationConfiguration$DefaultPasswordEncoderAuthenticationManagerBuilder [,] - No authenticationProviders and no parentAuthenticationManager defined. Returning null.
2025-08-01 09:30:26 DEBUG [restartedMain] o.s.s.web.DefaultSecurityFilterChain [,] - Will secure any request with filters: DisableEncodeUrlFilter, WebAsyncManagerIntegrationFilter, SecurityContextHolderFilter, HeaderWriterFilter, CorsFilter, LogoutFilter, BearerTokenAuthenticationFilter, RequestCacheAwareFilter, SecurityContextHolderAwareRequestFilter, AnonymousAuthenticationFilter, SessionManagementFilter, ExceptionTranslationFilter, AuthorizationFilter
2025-08-01 09:35:27 DEBUG [restartedMain] o.s.s.c.a.a.c.AuthenticationConfiguration$DefaultPasswordEncoderAuthenticationManagerBuilder [,] - No authenticationProviders and no parentAuthenticationManager defined. Returning null.
2025-08-01 09:35:27 DEBUG [restartedMain] o.s.s.web.DefaultSecurityFilterChain [,] - Will secure any request with filters: DisableEncodeUrlFilter, WebAsyncManagerIntegrationFilter, SecurityContextHolderFilter, HeaderWriterFilter, CorsFilter, LogoutFilter, BearerTokenAuthenticationFilter, RequestCacheAwareFilter, SecurityContextHolderAwareRequestFilter, AnonymousAuthenticationFilter, SessionManagementFilter, ExceptionTranslationFilter, AuthorizationFilter
2025-08-01 09:36:08 DEBUG [restartedMain] o.s.s.c.a.a.c.AuthenticationConfiguration$DefaultPasswordEncoderAuthenticationManagerBuilder [,] - No authenticationProviders and no parentAuthenticationManager defined. Returning null.
2025-08-01 09:36:08 DEBUG [restartedMain] o.s.s.web.DefaultSecurityFilterChain [,] - Will secure any request with filters: DisableEncodeUrlFilter, WebAsyncManagerIntegrationFilter, SecurityContextHolderFilter, HeaderWriterFilter, CorsFilter, LogoutFilter, BearerTokenAuthenticationFilter, RequestCacheAwareFilter, SecurityContextHolderAwareRequestFilter, AnonymousAuthenticationFilter, SessionManagementFilter, ExceptionTranslationFilter, AuthorizationFilter
2025-08-01 09:36:56 DEBUG [restartedMain] o.s.s.c.a.a.c.AuthenticationConfiguration$DefaultPasswordEncoderAuthenticationManagerBuilder [,] - No authenticationProviders and no parentAuthenticationManager defined. Returning null.
2025-08-01 09:36:56 DEBUG [restartedMain] o.s.s.web.DefaultSecurityFilterChain [,] - Will secure any request with filters: DisableEncodeUrlFilter, WebAsyncManagerIntegrationFilter, SecurityContextHolderFilter, HeaderWriterFilter, CorsFilter, LogoutFilter, BearerTokenAuthenticationFilter, RequestCacheAwareFilter, SecurityContextHolderAwareRequestFilter, AnonymousAuthenticationFilter, SessionManagementFilter, ExceptionTranslationFilter, AuthorizationFilter
2025-08-01 09:42:13 DEBUG [restartedMain] o.s.s.c.a.a.c.AuthenticationConfiguration$DefaultPasswordEncoderAuthenticationManagerBuilder [,] - No authenticationProviders and no parentAuthenticationManager defined. Returning null.
2025-08-01 09:42:13 DEBUG [restartedMain] o.s.s.web.DefaultSecurityFilterChain [,] - Will secure any request with filters: DisableEncodeUrlFilter, WebAsyncManagerIntegrationFilter, SecurityContextHolderFilter, HeaderWriterFilter, CorsFilter, LogoutFilter, BearerTokenAuthenticationFilter, RequestCacheAwareFilter, SecurityContextHolderAwareRequestFilter, AnonymousAuthenticationFilter, SessionManagementFilter, ExceptionTranslationFilter, AuthorizationFilter
2025-08-01 09:48:13 DEBUG [http-nio-9827-exec-2] o.s.security.web.FilterChainProxy [,] - Securing POST /api/loans
2025-08-01 09:48:14 DEBUG [http-nio-9827-exec-2] o.s.s.o.s.r.a.JwtAuthenticationProvider [,] - Authenticated token
2025-08-01 09:48:14 DEBUG [http-nio-9827-exec-2] o.s.s.o.s.r.w.a.BearerTokenAuthenticationFilter [,] - Set SecurityContextHolder to JwtAuthenticationToken [Principal=org.springframework.security.oauth2.jwt.Jwt@9f45bdd, Credentials=[PROTECTED], Authenticated=true, Details=WebAuthenticationDetails [RemoteIpAddress=0:0:0:0:0:0:0:1, SessionId=null], Granted Authorities=[ROLE_default-roles-myrealm, ROLE_offline_access, ROLE_CUSTOMER, ROLE_uma_authorization]]
2025-08-01 09:48:14 DEBUG [http-nio-9827-exec-2] o.s.security.web.FilterChainProxy [,] - Secured POST /api/loans
2025-08-01 09:48:27 DEBUG [http-nio-9827-exec-3] o.s.security.web.FilterChainProxy [,] - Securing POST /api/loans/75/approve
2025-08-01 09:48:27 DEBUG [http-nio-9827-exec-3] o.s.s.o.s.r.a.JwtAuthenticationProvider [,] - Authenticated token
2025-08-01 09:48:27 DEBUG [http-nio-9827-exec-3] o.s.s.o.s.r.w.a.BearerTokenAuthenticationFilter [,] - Set SecurityContextHolder to JwtAuthenticationToken [Principal=org.springframework.security.oauth2.jwt.Jwt@9f45bdd, Credentials=[PROTECTED], Authenticated=true, Details=WebAuthenticationDetails [RemoteIpAddress=0:0:0:0:0:0:0:1, SessionId=null], Granted Authorities=[ROLE_default-roles-myrealm, ROLE_offline_access, ROLE_CUSTOMER, ROLE_uma_authorization]]
2025-08-01 09:48:27 DEBUG [http-nio-9827-exec-3] o.s.security.web.FilterChainProxy [,] - Secured POST /api/loans/75/approve
2025-08-01 09:56:01 DEBUG [http-nio-9827-exec-5] o.s.security.web.FilterChainProxy [,] - Securing POST /api/loans
2025-08-01 09:56:01 DEBUG [http-nio-9827-exec-5] o.s.s.o.s.r.a.JwtAuthenticationProvider [,] - Authenticated token
2025-08-01 09:56:01 DEBUG [http-nio-9827-exec-5] o.s.s.o.s.r.w.a.BearerTokenAuthenticationFilter [,] - Set SecurityContextHolder to JwtAuthenticationToken [Principal=org.springframework.security.oauth2.jwt.Jwt@9f45bdd, Credentials=[PROTECTED], Authenticated=true, Details=WebAuthenticationDetails [RemoteIpAddress=0:0:0:0:0:0:0:1, SessionId=null], Granted Authorities=[ROLE_default-roles-myrealm, ROLE_offline_access, ROLE_CUSTOMER, ROLE_uma_authorization]]
2025-08-01 09:56:01 DEBUG [http-nio-9827-exec-5] o.s.security.web.FilterChainProxy [,] - Secured POST /api/loans
2025-08-01 09:56:10 DEBUG [http-nio-9827-exec-6] o.s.security.web.FilterChainProxy [,] - Securing POST /api/loans/76/approve
2025-08-01 09:56:10 DEBUG [http-nio-9827-exec-6] o.s.s.o.s.r.a.JwtAuthenticationProvider [,] - Authenticated token
2025-08-01 09:56:10 DEBUG [http-nio-9827-exec-6] o.s.s.o.s.r.w.a.BearerTokenAuthenticationFilter [,] - Set SecurityContextHolder to JwtAuthenticationToken [Principal=org.springframework.security.oauth2.jwt.Jwt@9f45bdd, Credentials=[PROTECTED], Authenticated=true, Details=WebAuthenticationDetails [RemoteIpAddress=0:0:0:0:0:0:0:1, SessionId=null], Granted Authorities=[ROLE_default-roles-myrealm, ROLE_offline_access, ROLE_CUSTOMER, ROLE_uma_authorization]]
2025-08-01 09:56:10 DEBUG [http-nio-9827-exec-6] o.s.security.web.FilterChainProxy [,] - Secured POST /api/loans/76/approve
2025-08-01 09:57:29 DEBUG [restartedMain] o.s.s.c.a.a.c.AuthenticationConfiguration$DefaultPasswordEncoderAuthenticationManagerBuilder [,] - No authenticationProviders and no parentAuthenticationManager defined. Returning null.
2025-08-01 09:57:30 DEBUG [restartedMain] o.s.s.web.DefaultSecurityFilterChain [,] - Will secure any request with filters: DisableEncodeUrlFilter, WebAsyncManagerIntegrationFilter, SecurityContextHolderFilter, HeaderWriterFilter, CorsFilter, LogoutFilter, BearerTokenAuthenticationFilter, RequestCacheAwareFilter, SecurityContextHolderAwareRequestFilter, AnonymousAuthenticationFilter, SessionManagementFilter, ExceptionTranslationFilter, AuthorizationFilter
2025-08-01 09:59:37 DEBUG [http-nio-9827-exec-2] o.s.security.web.FilterChainProxy [,] - Securing POST /api/loans
2025-08-01 09:59:38 DEBUG [http-nio-9827-exec-2] o.s.s.o.s.r.a.JwtAuthenticationProvider [,] - Authenticated token
2025-08-01 09:59:38 DEBUG [http-nio-9827-exec-2] o.s.s.o.s.r.w.a.BearerTokenAuthenticationFilter [,] - Set SecurityContextHolder to JwtAuthenticationToken [Principal=org.springframework.security.oauth2.jwt.Jwt@9f45bdd, Credentials=[PROTECTED], Authenticated=true, Details=WebAuthenticationDetails [RemoteIpAddress=0:0:0:0:0:0:0:1, SessionId=null], Granted Authorities=[ROLE_default-roles-myrealm, ROLE_offline_access, ROLE_CUSTOMER, ROLE_uma_authorization]]
2025-08-01 09:59:38 DEBUG [http-nio-9827-exec-2] o.s.security.web.FilterChainProxy [,] - Secured POST /api/loans
2025-08-01 09:59:45 DEBUG [http-nio-9827-exec-3] o.s.security.web.FilterChainProxy [,] - Securing POST /api/loans/77/approve
2025-08-01 09:59:45 DEBUG [http-nio-9827-exec-3] o.s.s.o.s.r.a.JwtAuthenticationProvider [,] - Authenticated token
2025-08-01 09:59:45 DEBUG [http-nio-9827-exec-3] o.s.s.o.s.r.w.a.BearerTokenAuthenticationFilter [,] - Set SecurityContextHolder to JwtAuthenticationToken [Principal=org.springframework.security.oauth2.jwt.Jwt@9f45bdd, Credentials=[PROTECTED], Authenticated=true, Details=WebAuthenticationDetails [RemoteIpAddress=0:0:0:0:0:0:0:1, SessionId=null], Granted Authorities=[ROLE_default-roles-myrealm, ROLE_offline_access, ROLE_CUSTOMER, ROLE_uma_authorization]]
2025-08-01 09:59:45 DEBUG [http-nio-9827-exec-3] o.s.security.web.FilterChainProxy [,] - Secured POST /api/loans/77/approve
2025-08-01 10:02:21 DEBUG [restartedMain] o.s.s.c.a.a.c.AuthenticationConfiguration$DefaultPasswordEncoderAuthenticationManagerBuilder [,] - No authenticationProviders and no parentAuthenticationManager defined. Returning null.
2025-08-01 10:02:22 DEBUG [restartedMain] o.s.s.web.DefaultSecurityFilterChain [,] - Will secure any request with filters: DisableEncodeUrlFilter, WebAsyncManagerIntegrationFilter, SecurityContextHolderFilter, HeaderWriterFilter, CorsFilter, LogoutFilter, BearerTokenAuthenticationFilter, RequestCacheAwareFilter, SecurityContextHolderAwareRequestFilter, AnonymousAuthenticationFilter, SessionManagementFilter, ExceptionTranslationFilter, AuthorizationFilter
2025-08-01 10:03:28 DEBUG [http-nio-9827-exec-1] o.s.security.web.FilterChainProxy [,] - Securing POST /api/loans
2025-08-01 10:03:28 DEBUG [http-nio-9827-exec-1] o.s.s.o.s.r.a.JwtAuthenticationProvider [,] - Authenticated token
2025-08-01 10:03:28 DEBUG [http-nio-9827-exec-1] o.s.s.o.s.r.w.a.BearerTokenAuthenticationFilter [,] - Set SecurityContextHolder to JwtAuthenticationToken [Principal=org.springframework.security.oauth2.jwt.Jwt@9f45bdd, Credentials=[PROTECTED], Authenticated=true, Details=WebAuthenticationDetails [RemoteIpAddress=0:0:0:0:0:0:0:1, SessionId=null], Granted Authorities=[ROLE_default-roles-myrealm, ROLE_offline_access, ROLE_CUSTOMER, ROLE_uma_authorization]]
2025-08-01 10:03:28 DEBUG [http-nio-9827-exec-1] o.s.security.web.FilterChainProxy [,] - Secured POST /api/loans
2025-08-01 10:03:52 DEBUG [http-nio-9827-exec-3] o.s.security.web.FilterChainProxy [,] - Securing POST /api/loans/78/approve
2025-08-01 10:03:52 DEBUG [http-nio-9827-exec-3] o.s.s.o.s.r.a.JwtAuthenticationProvider [,] - Authenticated token
2025-08-01 10:03:52 DEBUG [http-nio-9827-exec-3] o.s.s.o.s.r.w.a.BearerTokenAuthenticationFilter [,] - Set SecurityContextHolder to JwtAuthenticationToken [Principal=org.springframework.security.oauth2.jwt.Jwt@9f45bdd, Credentials=[PROTECTED], Authenticated=true, Details=WebAuthenticationDetails [RemoteIpAddress=0:0:0:0:0:0:0:1, SessionId=null], Granted Authorities=[ROLE_default-roles-myrealm, ROLE_offline_access, ROLE_CUSTOMER, ROLE_uma_authorization]]
2025-08-01 10:03:52 DEBUG [http-nio-9827-exec-3] o.s.security.web.FilterChainProxy [,] - Secured POST /api/loans/78/approve
2025-08-01 10:32:22 DEBUG [restartedMain] o.s.s.c.a.a.c.AuthenticationConfiguration$DefaultPasswordEncoderAuthenticationManagerBuilder [,] - No authenticationProviders and no parentAuthenticationManager defined. Returning null.
2025-08-01 10:32:23 DEBUG [restartedMain] o.s.s.web.DefaultSecurityFilterChain [,] - Will secure any request with filters: DisableEncodeUrlFilter, WebAsyncManagerIntegrationFilter, SecurityContextHolderFilter, HeaderWriterFilter, CorsFilter, LogoutFilter, BearerTokenAuthenticationFilter, RequestCacheAwareFilter, SecurityContextHolderAwareRequestFilter, AnonymousAuthenticationFilter, SessionManagementFilter, ExceptionTranslationFilter, AuthorizationFilter
2025-08-01 10:36:22 DEBUG [http-nio-9827-exec-1] o.s.security.web.FilterChainProxy [,] - Securing POST /api/loans
2025-08-01 10:36:23 DEBUG [http-nio-9827-exec-1] o.s.s.o.s.r.a.JwtAuthenticationProvider [,] - Authenticated token
2025-08-01 10:36:23 DEBUG [http-nio-9827-exec-1] o.s.s.o.s.r.w.a.BearerTokenAuthenticationFilter [,] - Set SecurityContextHolder to JwtAuthenticationToken [Principal=org.springframework.security.oauth2.jwt.Jwt@9f45bdd, Credentials=[PROTECTED], Authenticated=true, Details=WebAuthenticationDetails [RemoteIpAddress=0:0:0:0:0:0:0:1, SessionId=null], Granted Authorities=[ROLE_default-roles-myrealm, ROLE_offline_access, ROLE_CUSTOMER, ROLE_uma_authorization]]
2025-08-01 10:36:23 DEBUG [http-nio-9827-exec-1] o.s.security.web.FilterChainProxy [,] - Secured POST /api/loans
2025-08-01 10:36:46 DEBUG [http-nio-9827-exec-3] o.s.security.web.FilterChainProxy [,] - Securing POST /api/loans/79/approve
2025-08-01 10:36:46 DEBUG [http-nio-9827-exec-3] o.s.s.o.s.r.a.JwtAuthenticationProvider [,] - Authenticated token
2025-08-01 10:36:46 DEBUG [http-nio-9827-exec-3] o.s.s.o.s.r.w.a.BearerTokenAuthenticationFilter [,] - Set SecurityContextHolder to JwtAuthenticationToken [Principal=org.springframework.security.oauth2.jwt.Jwt@9f45bdd, Credentials=[PROTECTED], Authenticated=true, Details=WebAuthenticationDetails [RemoteIpAddress=0:0:0:0:0:0:0:1, SessionId=null], Granted Authorities=[ROLE_default-roles-myrealm, ROLE_offline_access, ROLE_CUSTOMER, ROLE_uma_authorization]]
2025-08-01 10:36:46 DEBUG [http-nio-9827-exec-3] o.s.security.web.FilterChainProxy [,] - Secured POST /api/loans/79/approve
2025-08-01 10:37:35 DEBUG [restartedMain] o.s.s.c.a.a.c.AuthenticationConfiguration$DefaultPasswordEncoderAuthenticationManagerBuilder [,] - No authenticationProviders and no parentAuthenticationManager defined. Returning null.
2025-08-01 10:37:35 DEBUG [restartedMain] o.s.s.web.DefaultSecurityFilterChain [,] - Will secure any request with filters: DisableEncodeUrlFilter, WebAsyncManagerIntegrationFilter, SecurityContextHolderFilter, HeaderWriterFilter, CorsFilter, LogoutFilter, BearerTokenAuthenticationFilter, RequestCacheAwareFilter, SecurityContextHolderAwareRequestFilter, AnonymousAuthenticationFilter, SessionManagementFilter, ExceptionTranslationFilter, AuthorizationFilter
2025-08-01 10:39:28 DEBUG [http-nio-9827-exec-2] o.s.security.web.FilterChainProxy [,] - Securing POST /api/loans
2025-08-01 10:39:29 DEBUG [http-nio-9827-exec-2] o.s.s.o.s.r.a.JwtAuthenticationProvider [,] - Authenticated token
2025-08-01 10:39:29 DEBUG [http-nio-9827-exec-2] o.s.s.o.s.r.w.a.BearerTokenAuthenticationFilter [,] - Set SecurityContextHolder to JwtAuthenticationToken [Principal=org.springframework.security.oauth2.jwt.Jwt@9f45bdd, Credentials=[PROTECTED], Authenticated=true, Details=WebAuthenticationDetails [RemoteIpAddress=0:0:0:0:0:0:0:1, SessionId=null], Granted Authorities=[ROLE_default-roles-myrealm, ROLE_offline_access, ROLE_CUSTOMER, ROLE_uma_authorization]]
2025-08-01 10:39:29 DEBUG [http-nio-9827-exec-2] o.s.security.web.FilterChainProxy [,] - Secured POST /api/loans
2025-08-01 10:39:36 DEBUG [http-nio-9827-exec-3] o.s.security.web.FilterChainProxy [,] - Securing POST /api/loans/80/approve
2025-08-01 10:39:36 DEBUG [http-nio-9827-exec-3] o.s.s.o.s.r.a.JwtAuthenticationProvider [,] - Authenticated token
2025-08-01 10:39:36 DEBUG [http-nio-9827-exec-3] o.s.s.o.s.r.w.a.BearerTokenAuthenticationFilter [,] - Set SecurityContextHolder to JwtAuthenticationToken [Principal=org.springframework.security.oauth2.jwt.Jwt@9f45bdd, Credentials=[PROTECTED], Authenticated=true, Details=WebAuthenticationDetails [RemoteIpAddress=0:0:0:0:0:0:0:1, SessionId=null], Granted Authorities=[ROLE_default-roles-myrealm, ROLE_offline_access, ROLE_CUSTOMER, ROLE_uma_authorization]]
2025-08-01 10:39:36 DEBUG [http-nio-9827-exec-3] o.s.security.web.FilterChainProxy [,] - Secured POST /api/loans/80/approve
2025-08-01 10:55:48 DEBUG [http-nio-9827-exec-4] o.s.security.web.FilterChainProxy [,] - Securing POST /api/loans
2025-08-01 10:55:51 DEBUG [http-nio-9827-exec-4] o.s.s.o.s.r.a.JwtAuthenticationProvider [,] - Authenticated token
2025-08-01 10:55:51 DEBUG [http-nio-9827-exec-4] o.s.s.o.s.r.w.a.BearerTokenAuthenticationFilter [,] - Set SecurityContextHolder to JwtAuthenticationToken [Principal=org.springframework.security.oauth2.jwt.Jwt@9f45bdd, Credentials=[PROTECTED], Authenticated=true, Details=WebAuthenticationDetails [RemoteIpAddress=0:0:0:0:0:0:0:1, SessionId=null], Granted Authorities=[ROLE_default-roles-myrealm, ROLE_offline_access, ROLE_CUSTOMER, ROLE_uma_authorization]]
2025-08-01 10:55:51 DEBUG [http-nio-9827-exec-4] o.s.security.web.FilterChainProxy [,] - Secured POST /api/loans
2025-08-01 10:55:59 DEBUG [http-nio-9827-exec-6] o.s.security.web.FilterChainProxy [,] - Securing POST /api/loans/81/approve
2025-08-01 10:55:59 DEBUG [http-nio-9827-exec-6] o.s.s.o.s.r.a.JwtAuthenticationProvider [,] - Authenticated token
2025-08-01 10:55:59 DEBUG [http-nio-9827-exec-6] o.s.s.o.s.r.w.a.BearerTokenAuthenticationFilter [,] - Set SecurityContextHolder to JwtAuthenticationToken [Principal=org.springframework.security.oauth2.jwt.Jwt@9f45bdd, Credentials=[PROTECTED], Authenticated=true, Details=WebAuthenticationDetails [RemoteIpAddress=0:0:0:0:0:0:0:1, SessionId=null], Granted Authorities=[ROLE_default-roles-myrealm, ROLE_offline_access, ROLE_CUSTOMER, ROLE_uma_authorization]]
2025-08-01 10:55:59 DEBUG [http-nio-9827-exec-6] o.s.security.web.FilterChainProxy [,] - Secured POST /api/loans/81/approve
2025-08-01 10:59:53 DEBUG [restartedMain] o.s.s.c.a.a.c.AuthenticationConfiguration$DefaultPasswordEncoderAuthenticationManagerBuilder [,] - No authenticationProviders and no parentAuthenticationManager defined. Returning null.
2025-08-01 10:59:54 DEBUG [restartedMain] o.s.s.web.DefaultSecurityFilterChain [,] - Will secure any request with filters: DisableEncodeUrlFilter, WebAsyncManagerIntegrationFilter, SecurityContextHolderFilter, HeaderWriterFilter, CorsFilter, LogoutFilter, BearerTokenAuthenticationFilter, RequestCacheAwareFilter, SecurityContextHolderAwareRequestFilter, AnonymousAuthenticationFilter, SessionManagementFilter, ExceptionTranslationFilter, AuthorizationFilter
2025-08-01 11:11:20 DEBUG [http-nio-9827-exec-2] o.s.security.web.FilterChainProxy [,] - Securing POST /api/loans
2025-08-01 11:11:22 DEBUG [http-nio-9827-exec-2] o.s.s.o.s.r.a.JwtAuthenticationProvider [,] - Authenticated token
2025-08-01 11:11:22 DEBUG [http-nio-9827-exec-2] o.s.s.o.s.r.w.a.BearerTokenAuthenticationFilter [,] - Set SecurityContextHolder to JwtAuthenticationToken [Principal=org.springframework.security.oauth2.jwt.Jwt@9f45bdd, Credentials=[PROTECTED], Authenticated=true, Details=WebAuthenticationDetails [RemoteIpAddress=0:0:0:0:0:0:0:1, SessionId=null], Granted Authorities=[ROLE_default-roles-myrealm, ROLE_offline_access, ROLE_CUSTOMER, ROLE_uma_authorization]]
2025-08-01 11:11:22 DEBUG [http-nio-9827-exec-2] o.s.security.web.FilterChainProxy [,] - Secured POST /api/loans
2025-08-01 11:11:35 DEBUG [http-nio-9827-exec-3] o.s.security.web.FilterChainProxy [,] - Securing POST /api/loans/82/approve
2025-08-01 11:11:35 DEBUG [http-nio-9827-exec-3] o.s.s.o.s.r.a.JwtAuthenticationProvider [,] - Authenticated token
2025-08-01 11:11:35 DEBUG [http-nio-9827-exec-3] o.s.s.o.s.r.w.a.BearerTokenAuthenticationFilter [,] - Set SecurityContextHolder to JwtAuthenticationToken [Principal=org.springframework.security.oauth2.jwt.Jwt@9f45bdd, Credentials=[PROTECTED], Authenticated=true, Details=WebAuthenticationDetails [RemoteIpAddress=0:0:0:0:0:0:0:1, SessionId=null], Granted Authorities=[ROLE_default-roles-myrealm, ROLE_offline_access, ROLE_CUSTOMER, ROLE_uma_authorization]]
2025-08-01 11:11:35 DEBUG [http-nio-9827-exec-3] o.s.security.web.FilterChainProxy [,] - Secured POST /api/loans/82/approve
2025-08-01 11:15:45 DEBUG [http-nio-9827-exec-5] o.s.security.web.FilterChainProxy [,] - Securing POST /api/loans
2025-08-01 11:15:45 DEBUG [http-nio-9827-exec-5] o.s.s.o.s.r.a.JwtAuthenticationProvider [,] - Authenticated token
2025-08-01 11:15:45 DEBUG [http-nio-9827-exec-5] o.s.s.o.s.r.w.a.BearerTokenAuthenticationFilter [,] - Set SecurityContextHolder to JwtAuthenticationToken [Principal=org.springframework.security.oauth2.jwt.Jwt@9f45bdd, Credentials=[PROTECTED], Authenticated=true, Details=WebAuthenticationDetails [RemoteIpAddress=0:0:0:0:0:0:0:1, SessionId=null], Granted Authorities=[ROLE_default-roles-myrealm, ROLE_offline_access, ROLE_CUSTOMER, ROLE_uma_authorization]]
2025-08-01 11:15:45 DEBUG [http-nio-9827-exec-5] o.s.security.web.FilterChainProxy [,] - Secured POST /api/loans
2025-08-01 11:15:58 DEBUG [http-nio-9827-exec-6] o.s.security.web.FilterChainProxy [,] - Securing POST /api/loans/83/approve
2025-08-01 11:15:58 DEBUG [http-nio-9827-exec-6] o.s.s.o.s.r.a.JwtAuthenticationProvider [,] - Authenticated token
2025-08-01 11:15:58 DEBUG [http-nio-9827-exec-6] o.s.s.o.s.r.w.a.BearerTokenAuthenticationFilter [,] - Set SecurityContextHolder to JwtAuthenticationToken [Principal=org.springframework.security.oauth2.jwt.Jwt@9f45bdd, Credentials=[PROTECTED], Authenticated=true, Details=WebAuthenticationDetails [RemoteIpAddress=0:0:0:0:0:0:0:1, SessionId=null], Granted Authorities=[ROLE_default-roles-myrealm, ROLE_offline_access, ROLE_CUSTOMER, ROLE_uma_authorization]]
2025-08-01 11:15:58 DEBUG [http-nio-9827-exec-6] o.s.security.web.FilterChainProxy [,] - Secured POST /api/loans/83/approve
2025-08-01 11:27:51 DEBUG [http-nio-9827-exec-9] o.s.security.web.FilterChainProxy [,] - Securing POST /api/loans
2025-08-01 11:27:52 DEBUG [http-nio-9827-exec-9] o.s.s.o.s.r.a.JwtAuthenticationProvider [,] - Authenticated token
2025-08-01 11:27:52 DEBUG [http-nio-9827-exec-9] o.s.s.o.s.r.w.a.BearerTokenAuthenticationFilter [,] - Set SecurityContextHolder to JwtAuthenticationToken [Principal=org.springframework.security.oauth2.jwt.Jwt@9f45bdd, Credentials=[PROTECTED], Authenticated=true, Details=WebAuthenticationDetails [RemoteIpAddress=0:0:0:0:0:0:0:1, SessionId=null], Granted Authorities=[ROLE_default-roles-myrealm, ROLE_offline_access, ROLE_CUSTOMER, ROLE_uma_authorization]]
2025-08-01 11:27:52 DEBUG [http-nio-9827-exec-9] o.s.security.web.FilterChainProxy [,] - Secured POST /api/loans
2025-08-01 11:27:55 DEBUG [http-nio-9827-exec-10] o.s.security.web.FilterChainProxy [,] - Securing POST /api/loans/83/approve
2025-08-01 11:27:55 DEBUG [http-nio-9827-exec-10] o.s.s.o.s.r.a.JwtAuthenticationProvider [,] - Authenticated token
2025-08-01 11:27:55 DEBUG [http-nio-9827-exec-10] o.s.s.o.s.r.w.a.BearerTokenAuthenticationFilter [,] - Set SecurityContextHolder to JwtAuthenticationToken [Principal=org.springframework.security.oauth2.jwt.Jwt@9f45bdd, Credentials=[PROTECTED], Authenticated=true, Details=WebAuthenticationDetails [RemoteIpAddress=0:0:0:0:0:0:0:1, SessionId=null], Granted Authorities=[ROLE_default-roles-myrealm, ROLE_offline_access, ROLE_CUSTOMER, ROLE_uma_authorization]]
2025-08-01 11:27:55 DEBUG [http-nio-9827-exec-10] o.s.security.web.FilterChainProxy [,] - Secured POST /api/loans/83/approve
2025-08-01 11:28:01 DEBUG [http-nio-9827-exec-2] o.s.security.web.FilterChainProxy [,] - Securing POST /api/loans/84/approve
2025-08-01 11:28:01 DEBUG [http-nio-9827-exec-2] o.s.s.o.s.r.a.JwtAuthenticationProvider [,] - Authenticated token
2025-08-01 11:28:01 DEBUG [http-nio-9827-exec-2] o.s.s.o.s.r.w.a.BearerTokenAuthenticationFilter [,] - Set SecurityContextHolder to JwtAuthenticationToken [Principal=org.springframework.security.oauth2.jwt.Jwt@9f45bdd, Credentials=[PROTECTED], Authenticated=true, Details=WebAuthenticationDetails [RemoteIpAddress=0:0:0:0:0:0:0:1, SessionId=null], Granted Authorities=[ROLE_default-roles-myrealm, ROLE_offline_access, ROLE_CUSTOMER, ROLE_uma_authorization]]
2025-08-01 11:28:01 DEBUG [http-nio-9827-exec-2] o.s.security.web.FilterChainProxy [,] - Secured POST /api/loans/84/approve
2025-08-01 11:33:19 DEBUG [http-nio-9827-exec-5] o.s.security.web.FilterChainProxy [,] - Securing POST /api/loans
2025-08-01 11:33:19 DEBUG [http-nio-9827-exec-5] o.s.s.o.s.r.a.JwtAuthenticationProvider [,] - Authenticated token
2025-08-01 11:33:19 DEBUG [http-nio-9827-exec-5] o.s.s.o.s.r.w.a.BearerTokenAuthenticationFilter [,] - Set SecurityContextHolder to JwtAuthenticationToken [Principal=org.springframework.security.oauth2.jwt.Jwt@9f45bdd, Credentials=[PROTECTED], Authenticated=true, Details=WebAuthenticationDetails [RemoteIpAddress=0:0:0:0:0:0:0:1, SessionId=null], Granted Authorities=[ROLE_default-roles-myrealm, ROLE_offline_access, ROLE_CUSTOMER, ROLE_uma_authorization]]
2025-08-01 11:33:19 DEBUG [http-nio-9827-exec-5] o.s.security.web.FilterChainProxy [,] - Secured POST /api/loans
2025-08-01 11:33:29 DEBUG [http-nio-9827-exec-6] o.s.security.web.FilterChainProxy [,] - Securing POST /api/loans/85/approve
2025-08-01 11:33:29 DEBUG [http-nio-9827-exec-6] o.s.s.o.s.r.a.JwtAuthenticationProvider [,] - Authenticated token
2025-08-01 11:33:29 DEBUG [http-nio-9827-exec-6] o.s.s.o.s.r.w.a.BearerTokenAuthenticationFilter [,] - Set SecurityContextHolder to JwtAuthenticationToken [Principal=org.springframework.security.oauth2.jwt.Jwt@9f45bdd, Credentials=[PROTECTED], Authenticated=true, Details=WebAuthenticationDetails [RemoteIpAddress=0:0:0:0:0:0:0:1, SessionId=null], Granted Authorities=[ROLE_default-roles-myrealm, ROLE_offline_access, ROLE_CUSTOMER, ROLE_uma_authorization]]
2025-08-01 11:33:29 DEBUG [http-nio-9827-exec-6] o.s.security.web.FilterChainProxy [,] - Secured POST /api/loans/85/approve
2025-08-01 13:48:19 DEBUG [http-nio-9827-exec-9] o.s.security.web.FilterChainProxy [,] - Securing POST /api/repayments/518/pay?amount=83333.33&accountNumber=421010092
2025-08-01 13:48:19 DEBUG [http-nio-9827-exec-9] o.s.s.w.a.AnonymousAuthenticationFilter [,] - Set SecurityContextHolder to anonymous SecurityContext
2025-08-01 13:48:48 DEBUG [http-nio-9827-exec-10] o.s.security.web.FilterChainProxy [,] - Securing POST /api/repayments/518/pay?amount=83333.33&accountNumber=421010092
2025-08-01 13:48:48 DEBUG [http-nio-9827-exec-10] o.s.s.o.s.r.a.JwtAuthenticationProvider [,] - Authenticated token
2025-08-01 13:48:48 DEBUG [http-nio-9827-exec-10] o.s.s.o.s.r.w.a.BearerTokenAuthenticationFilter [,] - Set SecurityContextHolder to JwtAuthenticationToken [Principal=org.springframework.security.oauth2.jwt.Jwt@9f45bdd, Credentials=[PROTECTED], Authenticated=true, Details=WebAuthenticationDetails [RemoteIpAddress=0:0:0:0:0:0:0:1, SessionId=null], Granted Authorities=[ROLE_default-roles-myrealm, ROLE_offline_access, ROLE_CUSTOMER, ROLE_uma_authorization]]
2025-08-01 13:48:48 DEBUG [http-nio-9827-exec-10] o.s.security.web.FilterChainProxy [,] - Secured POST /api/repayments/518/pay?amount=83333.33&accountNumber=421010092
2025-08-01 13:51:25 DEBUG [http-nio-9827-exec-3] o.s.security.web.FilterChainProxy [,] - Securing POST /api/repayments/518/confirm?amount=83333.33&otpCode=300160&referenceCode=TXN-421010092-20250801134850388a21f1
2025-08-01 13:51:25 DEBUG [http-nio-9827-exec-3] o.s.s.w.a.AnonymousAuthenticationFilter [,] - Set SecurityContextHolder to anonymous SecurityContext
2025-08-01 13:51:38 DEBUG [http-nio-9827-exec-4] o.s.security.web.FilterChainProxy [,] - Securing POST /api/repayments/518/confirm?amount=83333.33&otpCode=300160&referenceCode=TXN-421010092-20250801134850388a21f1
2025-08-01 13:51:38 DEBUG [http-nio-9827-exec-4] o.s.s.o.s.r.a.JwtAuthenticationProvider [,] - Authenticated token
2025-08-01 13:51:38 DEBUG [http-nio-9827-exec-4] o.s.s.o.s.r.w.a.BearerTokenAuthenticationFilter [,] - Set SecurityContextHolder to JwtAuthenticationToken [Principal=org.springframework.security.oauth2.jwt.Jwt@9f45bdd, Credentials=[PROTECTED], Authenticated=true, Details=WebAuthenticationDetails [RemoteIpAddress=0:0:0:0:0:0:0:1, SessionId=null], Granted Authorities=[ROLE_default-roles-myrealm, ROLE_offline_access, ROLE_CUSTOMER, ROLE_uma_authorization]]
2025-08-01 13:51:38 DEBUG [http-nio-9827-exec-4] o.s.security.web.FilterChainProxy [,] - Secured POST /api/repayments/518/confirm?amount=83333.33&otpCode=300160&referenceCode=TXN-421010092-20250801134850388a21f1
2025-08-01 13:51:47 DEBUG [http-nio-9827-exec-6] o.s.security.web.FilterChainProxy [,] - Securing POST /api/repayments/518/pay?amount=83333.33&accountNumber=421010092
2025-08-01 13:51:47 DEBUG [http-nio-9827-exec-6] o.s.s.o.s.r.a.JwtAuthenticationProvider [,] - Authenticated token
2025-08-01 13:51:47 DEBUG [http-nio-9827-exec-6] o.s.s.o.s.r.w.a.BearerTokenAuthenticationFilter [,] - Set SecurityContextHolder to JwtAuthenticationToken [Principal=org.springframework.security.oauth2.jwt.Jwt@9f45bdd, Credentials=[PROTECTED], Authenticated=true, Details=WebAuthenticationDetails [RemoteIpAddress=0:0:0:0:0:0:0:1, SessionId=null], Granted Authorities=[ROLE_default-roles-myrealm, ROLE_offline_access, ROLE_CUSTOMER, ROLE_uma_authorization]]
2025-08-01 13:51:47 DEBUG [http-nio-9827-exec-6] o.s.security.web.FilterChainProxy [,] - Secured POST /api/repayments/518/pay?amount=83333.33&accountNumber=421010092
2025-08-01 13:52:08 DEBUG [http-nio-9827-exec-7] o.s.security.web.FilterChainProxy [,] - Securing POST /api/repayments/518/confirm?amount=83333.33&otpCode=784565&referenceCode=TXN-421010092-20250801135148fad43024
2025-08-01 13:52:09 DEBUG [http-nio-9827-exec-7] o.s.s.o.s.r.a.JwtAuthenticationProvider [,] - Authenticated token
2025-08-01 13:52:09 DEBUG [http-nio-9827-exec-7] o.s.s.o.s.r.w.a.BearerTokenAuthenticationFilter [,] - Set SecurityContextHolder to JwtAuthenticationToken [Principal=org.springframework.security.oauth2.jwt.Jwt@9f45bdd, Credentials=[PROTECTED], Authenticated=true, Details=WebAuthenticationDetails [RemoteIpAddress=0:0:0:0:0:0:0:1, SessionId=null], Granted Authorities=[ROLE_default-roles-myrealm, ROLE_offline_access, ROLE_CUSTOMER, ROLE_uma_authorization]]
2025-08-01 13:52:09 DEBUG [http-nio-9827-exec-7] o.s.security.web.FilterChainProxy [,] - Secured POST /api/repayments/518/confirm?amount=83333.33&otpCode=784565&referenceCode=TXN-421010092-20250801135148fad43024
2025-08-01 13:58:30 DEBUG [restartedMain] o.s.s.c.a.a.c.AuthenticationConfiguration$DefaultPasswordEncoderAuthenticationManagerBuilder [,] - No authenticationProviders and no parentAuthenticationManager defined. Returning null.
2025-08-01 13:58:30 DEBUG [restartedMain] o.s.s.web.DefaultSecurityFilterChain [,] - Will secure any request with filters: DisableEncodeUrlFilter, WebAsyncManagerIntegrationFilter, SecurityContextHolderFilter, HeaderWriterFilter, CorsFilter, LogoutFilter, BearerTokenAuthenticationFilter, RequestCacheAwareFilter, SecurityContextHolderAwareRequestFilter, AnonymousAuthenticationFilter, SessionManagementFilter, ExceptionTranslationFilter, AuthorizationFilter
2025-08-01 14:02:44 DEBUG [restartedMain] o.s.s.c.a.a.c.AuthenticationConfiguration$DefaultPasswordEncoderAuthenticationManagerBuilder [,] - No authenticationProviders and no parentAuthenticationManager defined. Returning null.
2025-08-01 14:02:45 DEBUG [restartedMain] o.s.s.web.DefaultSecurityFilterChain [,] - Will secure any request with filters: DisableEncodeUrlFilter, WebAsyncManagerIntegrationFilter, SecurityContextHolderFilter, HeaderWriterFilter, CorsFilter, LogoutFilter, BearerTokenAuthenticationFilter, RequestCacheAwareFilter, SecurityContextHolderAwareRequestFilter, AnonymousAuthenticationFilter, SessionManagementFilter, ExceptionTranslationFilter, AuthorizationFilter
2025-08-01 14:05:08 DEBUG [http-nio-9827-exec-2] o.s.security.web.FilterChainProxy [,] - Securing POST /api/repayments/518/pay?amount=2354166.67&accountNumber=421010092
2025-08-01 14:05:08 DEBUG [http-nio-9827-exec-2] o.s.s.o.s.r.a.JwtAuthenticationProvider [,] - Authenticated token
2025-08-01 14:05:08 DEBUG [http-nio-9827-exec-2] o.s.s.o.s.r.w.a.BearerTokenAuthenticationFilter [,] - Set SecurityContextHolder to JwtAuthenticationToken [Principal=org.springframework.security.oauth2.jwt.Jwt@9f45bdd, Credentials=[PROTECTED], Authenticated=true, Details=WebAuthenticationDetails [RemoteIpAddress=0:0:0:0:0:0:0:1, SessionId=null], Granted Authorities=[ROLE_default-roles-myrealm, ROLE_offline_access, ROLE_CUSTOMER, ROLE_uma_authorization]]
2025-08-01 14:05:08 DEBUG [http-nio-9827-exec-2] o.s.security.web.FilterChainProxy [,] - Secured POST /api/repayments/518/pay?amount=2354166.67&accountNumber=421010092
2025-08-01 14:06:20 DEBUG [http-nio-9827-exec-5] o.s.security.web.FilterChainProxy [,] - Securing POST /api/repayments/518/confirm?amount=2354166.67&otpCode=131338&referenceCode=TXN-421010092-2025080114051226943c51
2025-08-01 14:06:20 DEBUG [http-nio-9827-exec-5] o.s.s.o.s.r.a.JwtAuthenticationProvider [,] - Authenticated token
2025-08-01 14:06:20 DEBUG [http-nio-9827-exec-5] o.s.s.o.s.r.w.a.BearerTokenAuthenticationFilter [,] - Set SecurityContextHolder to JwtAuthenticationToken [Principal=org.springframework.security.oauth2.jwt.Jwt@9f45bdd, Credentials=[PROTECTED], Authenticated=true, Details=WebAuthenticationDetails [RemoteIpAddress=0:0:0:0:0:0:0:1, SessionId=null], Granted Authorities=[ROLE_default-roles-myrealm, ROLE_offline_access, ROLE_CUSTOMER, ROLE_uma_authorization]]
2025-08-01 14:06:20 DEBUG [http-nio-9827-exec-5] o.s.security.web.FilterChainProxy [,] - Secured POST /api/repayments/518/confirm?amount=2354166.67&otpCode=131338&referenceCode=TXN-421010092-2025080114051226943c51
2025-08-01 14:06:48 DEBUG [http-nio-9827-exec-7] o.s.security.web.FilterChainProxy [,] - Securing POST /api/repayments/518/pay?amount=2354166.67&accountNumber=421010092
2025-08-01 14:06:48 DEBUG [http-nio-9827-exec-7] o.s.s.o.s.r.a.JwtAuthenticationProvider [,] - Authenticated token
2025-08-01 14:06:48 DEBUG [http-nio-9827-exec-7] o.s.s.o.s.r.w.a.BearerTokenAuthenticationFilter [,] - Set SecurityContextHolder to JwtAuthenticationToken [Principal=org.springframework.security.oauth2.jwt.Jwt@9f45bdd, Credentials=[PROTECTED], Authenticated=true, Details=WebAuthenticationDetails [RemoteIpAddress=0:0:0:0:0:0:0:1, SessionId=null], Granted Authorities=[ROLE_default-roles-myrealm, ROLE_offline_access, ROLE_CUSTOMER, ROLE_uma_authorization]]
2025-08-01 14:06:48 DEBUG [http-nio-9827-exec-7] o.s.security.web.FilterChainProxy [,] - Secured POST /api/repayments/518/pay?amount=2354166.67&accountNumber=421010092
2025-08-01 14:07:21 DEBUG [http-nio-9827-exec-8] o.s.security.web.FilterChainProxy [,] - Securing POST /api/repayments/518/confirm?amount=2354166.67&otpCode=291430&referenceCode=TXN-421010092-20250801140649d76ddbdc
2025-08-01 14:07:21 DEBUG [http-nio-9827-exec-8] o.s.s.o.s.r.a.JwtAuthenticationProvider [,] - Authenticated token
2025-08-01 14:07:21 DEBUG [http-nio-9827-exec-8] o.s.s.o.s.r.w.a.BearerTokenAuthenticationFilter [,] - Set SecurityContextHolder to JwtAuthenticationToken [Principal=org.springframework.security.oauth2.jwt.Jwt@9f45bdd, Credentials=[PROTECTED], Authenticated=true, Details=WebAuthenticationDetails [RemoteIpAddress=0:0:0:0:0:0:0:1, SessionId=null], Granted Authorities=[ROLE_default-roles-myrealm, ROLE_offline_access, ROLE_CUSTOMER, ROLE_uma_authorization]]
2025-08-01 14:07:21 DEBUG [http-nio-9827-exec-8] o.s.security.web.FilterChainProxy [,] - Secured POST /api/repayments/518/confirm?amount=2354166.67&otpCode=291430&referenceCode=TXN-421010092-20250801140649d76ddbdc
2025-08-01 14:13:14 DEBUG [http-nio-9827-exec-1] o.s.security.web.FilterChainProxy [,] - Securing POST /api/repayments/519/pay?amount=339409.72&accountNumber=421010092
2025-08-01 14:13:15 DEBUG [http-nio-9827-exec-1] o.s.s.o.s.r.a.JwtAuthenticationProvider [,] - Authenticated token
2025-08-01 14:13:15 DEBUG [http-nio-9827-exec-1] o.s.s.o.s.r.w.a.BearerTokenAuthenticationFilter [,] - Set SecurityContextHolder to JwtAuthenticationToken [Principal=org.springframework.security.oauth2.jwt.Jwt@9f45bdd, Credentials=[PROTECTED], Authenticated=true, Details=WebAuthenticationDetails [RemoteIpAddress=0:0:0:0:0:0:0:1, SessionId=null], Granted Authorities=[ROLE_default-roles-myrealm, ROLE_offline_access, ROLE_CUSTOMER, ROLE_uma_authorization]]
2025-08-01 14:13:15 DEBUG [http-nio-9827-exec-1] o.s.security.web.FilterChainProxy [,] - Secured POST /api/repayments/519/pay?amount=339409.72&accountNumber=421010092
2025-08-01 14:13:43 DEBUG [http-nio-9827-exec-2] o.s.security.web.FilterChainProxy [,] - Securing POST /api/repayments/518/confirm?amount=2354166.67&otpCode=291440&referenceCode=TXN-421010092-20250801141316a34b7f3a
2025-08-01 14:13:43 DEBUG [http-nio-9827-exec-2] o.s.s.o.s.r.a.JwtAuthenticationProvider [,] - Authenticated token
2025-08-01 14:13:43 DEBUG [http-nio-9827-exec-2] o.s.s.o.s.r.w.a.BearerTokenAuthenticationFilter [,] - Set SecurityContextHolder to JwtAuthenticationToken [Principal=org.springframework.security.oauth2.jwt.Jwt@9f45bdd, Credentials=[PROTECTED], Authenticated=true, Details=WebAuthenticationDetails [RemoteIpAddress=0:0:0:0:0:0:0:1, SessionId=null], Granted Authorities=[ROLE_default-roles-myrealm, ROLE_offline_access, ROLE_CUSTOMER, ROLE_uma_authorization]]
2025-08-01 14:13:43 DEBUG [http-nio-9827-exec-2] o.s.security.web.FilterChainProxy [,] - Secured POST /api/repayments/518/confirm?amount=2354166.67&otpCode=291440&referenceCode=TXN-421010092-20250801141316a34b7f3a
2025-08-01 14:16:13 DEBUG [http-nio-9827-exec-5] o.s.security.web.FilterChainProxy [,] - Securing POST /api/repayments/519/pay?amount=2083333.33&accountNumber=421010092
2025-08-01 14:16:13 DEBUG [http-nio-9827-exec-5] o.s.s.o.s.r.a.JwtAuthenticationProvider [,] - Authenticated token
2025-08-01 14:16:13 DEBUG [http-nio-9827-exec-5] o.s.s.o.s.r.w.a.BearerTokenAuthenticationFilter [,] - Set SecurityContextHolder to JwtAuthenticationToken [Principal=org.springframework.security.oauth2.jwt.Jwt@9f45bdd, Credentials=[PROTECTED], Authenticated=true, Details=WebAuthenticationDetails [RemoteIpAddress=0:0:0:0:0:0:0:1, SessionId=null], Granted Authorities=[ROLE_default-roles-myrealm, ROLE_offline_access, ROLE_CUSTOMER, ROLE_uma_authorization]]
2025-08-01 14:16:13 DEBUG [http-nio-9827-exec-5] o.s.security.web.FilterChainProxy [,] - Secured POST /api/repayments/519/pay?amount=2083333.33&accountNumber=421010092
2025-08-01 14:16:39 DEBUG [http-nio-9827-exec-6] o.s.security.web.FilterChainProxy [,] - Securing POST /api/repayments/518/confirm?amount=2083333.33&otpCode=326843&referenceCode=TXN-421010092-202508011416141bc66db4
2025-08-01 14:16:39 DEBUG [http-nio-9827-exec-6] o.s.s.o.s.r.a.JwtAuthenticationProvider [,] - Authenticated token
2025-08-01 14:16:39 DEBUG [http-nio-9827-exec-6] o.s.s.o.s.r.w.a.BearerTokenAuthenticationFilter [,] - Set SecurityContextHolder to JwtAuthenticationToken [Principal=org.springframework.security.oauth2.jwt.Jwt@9f45bdd, Credentials=[PROTECTED], Authenticated=true, Details=WebAuthenticationDetails [RemoteIpAddress=0:0:0:0:0:0:0:1, SessionId=null], Granted Authorities=[ROLE_default-roles-myrealm, ROLE_offline_access, ROLE_CUSTOMER, ROLE_uma_authorization]]
2025-08-01 14:16:39 DEBUG [http-nio-9827-exec-6] o.s.security.web.FilterChainProxy [,] - Secured POST /api/repayments/518/confirm?amount=2083333.33&otpCode=326843&referenceCode=TXN-421010092-202508011416141bc66db4
2025-08-01 14:17:22 DEBUG [restartedMain] o.s.s.c.a.a.c.AuthenticationConfiguration$DefaultPasswordEncoderAuthenticationManagerBuilder [,] - No authenticationProviders and no parentAuthenticationManager defined. Returning null.
2025-08-01 14:17:23 DEBUG [restartedMain] o.s.s.web.DefaultSecurityFilterChain [,] - Will secure any request with filters: DisableEncodeUrlFilter, WebAsyncManagerIntegrationFilter, SecurityContextHolderFilter, HeaderWriterFilter, CorsFilter, LogoutFilter, BearerTokenAuthenticationFilter, RequestCacheAwareFilter, SecurityContextHolderAwareRequestFilter, AnonymousAuthenticationFilter, SessionManagementFilter, ExceptionTranslationFilter, AuthorizationFilter
2025-08-01 14:17:44 DEBUG [restartedMain] o.s.s.c.a.a.c.AuthenticationConfiguration$DefaultPasswordEncoderAuthenticationManagerBuilder [,] - No authenticationProviders and no parentAuthenticationManager defined. Returning null.
2025-08-01 14:17:45 DEBUG [restartedMain] o.s.s.web.DefaultSecurityFilterChain [,] - Will secure any request with filters: DisableEncodeUrlFilter, WebAsyncManagerIntegrationFilter, SecurityContextHolderFilter, HeaderWriterFilter, CorsFilter, LogoutFilter, BearerTokenAuthenticationFilter, RequestCacheAwareFilter, SecurityContextHolderAwareRequestFilter, AnonymousAuthenticationFilter, SessionManagementFilter, ExceptionTranslationFilter, AuthorizationFilter
2025-08-01 14:17:55 DEBUG [restartedMain] o.s.s.c.a.a.c.AuthenticationConfiguration$DefaultPasswordEncoderAuthenticationManagerBuilder [,] - No authenticationProviders and no parentAuthenticationManager defined. Returning null.
2025-08-01 14:17:56 DEBUG [restartedMain] o.s.s.web.DefaultSecurityFilterChain [,] - Will secure any request with filters: DisableEncodeUrlFilter, WebAsyncManagerIntegrationFilter, SecurityContextHolderFilter, HeaderWriterFilter, CorsFilter, LogoutFilter, BearerTokenAuthenticationFilter, RequestCacheAwareFilter, SecurityContextHolderAwareRequestFilter, AnonymousAuthenticationFilter, SessionManagementFilter, ExceptionTranslationFilter, AuthorizationFilter
2025-08-01 14:19:29 DEBUG [http-nio-9827-exec-2] o.s.security.web.FilterChainProxy [,] - Securing POST /api/repayments/520/pay?amount=2083333.33&accountNumber=421010092
2025-08-01 14:19:30 DEBUG [http-nio-9827-exec-2] o.s.s.o.s.r.a.JwtAuthenticationProvider [,] - Authenticated token
2025-08-01 14:19:30 DEBUG [http-nio-9827-exec-2] o.s.s.o.s.r.w.a.BearerTokenAuthenticationFilter [,] - Set SecurityContextHolder to JwtAuthenticationToken [Principal=org.springframework.security.oauth2.jwt.Jwt@9f45bdd, Credentials=[PROTECTED], Authenticated=true, Details=WebAuthenticationDetails [RemoteIpAddress=0:0:0:0:0:0:0:1, SessionId=null], Granted Authorities=[ROLE_default-roles-myrealm, ROLE_offline_access, ROLE_CUSTOMER, ROLE_uma_authorization]]
2025-08-01 14:19:30 DEBUG [http-nio-9827-exec-2] o.s.security.web.FilterChainProxy [,] - Secured POST /api/repayments/520/pay?amount=2083333.33&accountNumber=421010092
2025-08-01 14:19:51 DEBUG [http-nio-9827-exec-3] o.s.security.web.FilterChainProxy [,] - Securing POST /api/repayments/518/confirm?amount=2083333.33&otpCode=873277&referenceCode=TXN-421010092-20250801141933a7f25bc6
2025-08-01 14:19:51 DEBUG [http-nio-9827-exec-3] o.s.s.o.s.r.a.JwtAuthenticationProvider [,] - Authenticated token
2025-08-01 14:19:51 DEBUG [http-nio-9827-exec-3] o.s.s.o.s.r.w.a.BearerTokenAuthenticationFilter [,] - Set SecurityContextHolder to JwtAuthenticationToken [Principal=org.springframework.security.oauth2.jwt.Jwt@9f45bdd, Credentials=[PROTECTED], Authenticated=true, Details=WebAuthenticationDetails [RemoteIpAddress=0:0:0:0:0:0:0:1, SessionId=null], Granted Authorities=[ROLE_default-roles-myrealm, ROLE_offline_access, ROLE_CUSTOMER, ROLE_uma_authorization]]
2025-08-01 14:19:51 DEBUG [http-nio-9827-exec-3] o.s.security.web.FilterChainProxy [,] - Secured POST /api/repayments/518/confirm?amount=2083333.33&otpCode=873277&referenceCode=TXN-421010092-20250801141933a7f25bc6
2025-08-01 14:20:05 DEBUG [http-nio-9827-exec-4] o.s.security.web.FilterChainProxy [,] - Securing POST /api/repayments/520/confirm?amount=2083333.33&otpCode=873277&referenceCode=TXN-421010092-20250801141933a7f25bc6
2025-08-01 14:20:05 DEBUG [http-nio-9827-exec-4] o.s.s.o.s.r.a.JwtAuthenticationProvider [,] - Authenticated token
2025-08-01 14:20:05 DEBUG [http-nio-9827-exec-4] o.s.s.o.s.r.w.a.BearerTokenAuthenticationFilter [,] - Set SecurityContextHolder to JwtAuthenticationToken [Principal=org.springframework.security.oauth2.jwt.Jwt@9f45bdd, Credentials=[PROTECTED], Authenticated=true, Details=WebAuthenticationDetails [RemoteIpAddress=0:0:0:0:0:0:0:1, SessionId=null], Granted Authorities=[ROLE_default-roles-myrealm, ROLE_offline_access, ROLE_CUSTOMER, ROLE_uma_authorization]]
2025-08-01 14:20:05 DEBUG [http-nio-9827-exec-4] o.s.security.web.FilterChainProxy [,] - Secured POST /api/repayments/520/confirm?amount=2083333.33&otpCode=873277&referenceCode=TXN-421010092-20250801141933a7f25bc6
2025-08-01 14:20:18 DEBUG [http-nio-9827-exec-6] o.s.security.web.FilterChainProxy [,] - Securing GET /api/loans/85
2025-08-01 14:20:18 DEBUG [http-nio-9827-exec-6] o.s.s.w.a.AnonymousAuthenticationFilter [,] - Set SecurityContextHolder to anonymous SecurityContext
2025-08-01 14:20:32 DEBUG [http-nio-9827-exec-7] o.s.security.web.FilterChainProxy [,] - Securing GET /api/loans/85
2025-08-01 14:20:32 DEBUG [http-nio-9827-exec-7] o.s.s.o.s.r.a.JwtAuthenticationProvider [,] - Authenticated token
2025-08-01 14:20:32 DEBUG [http-nio-9827-exec-7] o.s.s.o.s.r.w.a.BearerTokenAuthenticationFilter [,] - Set SecurityContextHolder to JwtAuthenticationToken [Principal=org.springframework.security.oauth2.jwt.Jwt@9f45bdd, Credentials=[PROTECTED], Authenticated=true, Details=WebAuthenticationDetails [RemoteIpAddress=0:0:0:0:0:0:0:1, SessionId=null], Granted Authorities=[ROLE_default-roles-myrealm, ROLE_offline_access, ROLE_CUSTOMER, ROLE_uma_authorization]]
2025-08-01 14:20:32 DEBUG [http-nio-9827-exec-7] o.s.security.web.FilterChainProxy [,] - Secured GET /api/loans/85
2025-08-01 14:27:23 DEBUG [http-nio-9827-exec-10] o.s.security.web.FilterChainProxy [,] - Securing POST /api/repayments/519/pay?amount=2083333.33&accountNumber=421010092
2025-08-01 14:27:23 DEBUG [http-nio-9827-exec-10] o.s.s.o.s.r.a.JwtAuthenticationProvider [,] - Authenticated token
2025-08-01 14:27:23 DEBUG [http-nio-9827-exec-10] o.s.s.o.s.r.w.a.BearerTokenAuthenticationFilter [,] - Set SecurityContextHolder to JwtAuthenticationToken [Principal=org.springframework.security.oauth2.jwt.Jwt@9f45bdd, Credentials=[PROTECTED], Authenticated=true, Details=WebAuthenticationDetails [RemoteIpAddress=0:0:0:0:0:0:0:1, SessionId=null], Granted Authorities=[ROLE_default-roles-myrealm, ROLE_offline_access, ROLE_CUSTOMER, ROLE_uma_authorization]]
2025-08-01 14:27:23 DEBUG [http-nio-9827-exec-10] o.s.security.web.FilterChainProxy [,] - Secured POST /api/repayments/519/pay?amount=2083333.33&accountNumber=421010092
2025-08-01 14:27:45 DEBUG [http-nio-9827-exec-1] o.s.security.web.FilterChainProxy [,] - Securing POST /api/repayments/519/confirm?amount=2083333.33&otpCode=708603&referenceCode=TXN-421010092-2025080114272457263c8b
2025-08-01 14:27:45 DEBUG [http-nio-9827-exec-1] o.s.s.o.s.r.a.JwtAuthenticationProvider [,] - Authenticated token
2025-08-01 14:27:45 DEBUG [http-nio-9827-exec-1] o.s.s.o.s.r.w.a.BearerTokenAuthenticationFilter [,] - Set SecurityContextHolder to JwtAuthenticationToken [Principal=org.springframework.security.oauth2.jwt.Jwt@9f45bdd, Credentials=[PROTECTED], Authenticated=true, Details=WebAuthenticationDetails [RemoteIpAddress=0:0:0:0:0:0:0:1, SessionId=null], Granted Authorities=[ROLE_default-roles-myrealm, ROLE_offline_access, ROLE_CUSTOMER, ROLE_uma_authorization]]
2025-08-01 14:27:45 DEBUG [http-nio-9827-exec-1] o.s.security.web.FilterChainProxy [,] - Secured POST /api/repayments/519/confirm?amount=2083333.33&otpCode=708603&referenceCode=TXN-421010092-2025080114272457263c8b
2025-08-01 14:30:17 DEBUG [restartedMain] o.s.s.c.a.a.c.AuthenticationConfiguration$DefaultPasswordEncoderAuthenticationManagerBuilder [,] - No authenticationProviders and no parentAuthenticationManager defined. Returning null.
2025-08-01 14:30:18 DEBUG [restartedMain] o.s.s.web.DefaultSecurityFilterChain [,] - Will secure any request with filters: DisableEncodeUrlFilter, WebAsyncManagerIntegrationFilter, SecurityContextHolderFilter, HeaderWriterFilter, CorsFilter, LogoutFilter, BearerTokenAuthenticationFilter, RequestCacheAwareFilter, SecurityContextHolderAwareRequestFilter, AnonymousAuthenticationFilter, SessionManagementFilter, ExceptionTranslationFilter, AuthorizationFilter
2025-08-01 14:31:37 DEBUG [http-nio-9827-exec-2] o.s.security.web.FilterChainProxy [,] - Securing POST /api/repayments/519/pay?amount=800&accountNumber=421010092
2025-08-01 14:31:38 DEBUG [http-nio-9827-exec-2] o.s.s.o.s.r.a.JwtAuthenticationProvider [,] - Authenticated token
2025-08-01 14:31:38 DEBUG [http-nio-9827-exec-2] o.s.s.o.s.r.w.a.BearerTokenAuthenticationFilter [,] - Set SecurityContextHolder to JwtAuthenticationToken [Principal=org.springframework.security.oauth2.jwt.Jwt@9f45bdd, Credentials=[PROTECTED], Authenticated=true, Details=WebAuthenticationDetails [RemoteIpAddress=0:0:0:0:0:0:0:1, SessionId=null], Granted Authorities=[ROLE_default-roles-myrealm, ROLE_offline_access, ROLE_CUSTOMER, ROLE_uma_authorization]]
2025-08-01 14:31:38 DEBUG [http-nio-9827-exec-2] o.s.security.web.FilterChainProxy [,] - Secured POST /api/repayments/519/pay?amount=800&accountNumber=421010092
2025-08-01 14:32:01 DEBUG [http-nio-9827-exec-3] o.s.security.web.FilterChainProxy [,] - Securing POST /api/repayments/519/confirm?amount=800&otpCode=708603&referenceCode=TXN-421010092-202508011431408041859f
2025-08-01 14:32:01 DEBUG [http-nio-9827-exec-3] o.s.s.o.s.r.a.JwtAuthenticationProvider [,] - Authenticated token
2025-08-01 14:32:01 DEBUG [http-nio-9827-exec-3] o.s.s.o.s.r.w.a.BearerTokenAuthenticationFilter [,] - Set SecurityContextHolder to JwtAuthenticationToken [Principal=org.springframework.security.oauth2.jwt.Jwt@9f45bdd, Credentials=[PROTECTED], Authenticated=true, Details=WebAuthenticationDetails [RemoteIpAddress=0:0:0:0:0:0:0:1, SessionId=null], Granted Authorities=[ROLE_default-roles-myrealm, ROLE_offline_access, ROLE_CUSTOMER, ROLE_uma_authorization]]
2025-08-01 14:32:01 DEBUG [http-nio-9827-exec-3] o.s.security.web.FilterChainProxy [,] - Secured POST /api/repayments/519/confirm?amount=800&otpCode=708603&referenceCode=TXN-421010092-202508011431408041859f
2025-08-01 14:32:28 DEBUG [http-nio-9827-exec-4] o.s.security.web.FilterChainProxy [,] - Securing POST /api/repayments/519/confirm?amount=800&otpCode=695971&referenceCode=TXN-421010092-202508011431408041859f
2025-08-01 14:32:28 DEBUG [http-nio-9827-exec-4] o.s.s.o.s.r.a.JwtAuthenticationProvider [,] - Authenticated token
2025-08-01 14:32:28 DEBUG [http-nio-9827-exec-4] o.s.s.o.s.r.w.a.BearerTokenAuthenticationFilter [,] - Set SecurityContextHolder to JwtAuthenticationToken [Principal=org.springframework.security.oauth2.jwt.Jwt@9f45bdd, Credentials=[PROTECTED], Authenticated=true, Details=WebAuthenticationDetails [RemoteIpAddress=0:0:0:0:0:0:0:1, SessionId=null], Granted Authorities=[ROLE_default-roles-myrealm, ROLE_offline_access, ROLE_CUSTOMER, ROLE_uma_authorization]]
2025-08-01 14:32:28 DEBUG [http-nio-9827-exec-4] o.s.security.web.FilterChainProxy [,] - Secured POST /api/repayments/519/confirm?amount=800&otpCode=695971&referenceCode=TXN-421010092-202508011431408041859f
2025-08-01 14:54:04 DEBUG [restartedMain] o.s.s.c.a.a.c.AuthenticationConfiguration$DefaultPasswordEncoderAuthenticationManagerBuilder [,] - No authenticationProviders and no parentAuthenticationManager defined. Returning null.
2025-08-01 14:54:05 DEBUG [restartedMain] o.s.s.web.DefaultSecurityFilterChain [,] - Will secure any request with filters: DisableEncodeUrlFilter, WebAsyncManagerIntegrationFilter, SecurityContextHolderFilter, HeaderWriterFilter, CorsFilter, LogoutFilter, BearerTokenAuthenticationFilter, RequestCacheAwareFilter, SecurityContextHolderAwareRequestFilter, AnonymousAuthenticationFilter, SessionManagementFilter, ExceptionTranslationFilter, AuthorizationFilter
2025-08-01 15:03:49 DEBUG [restartedMain] o.s.s.c.a.a.c.AuthenticationConfiguration$DefaultPasswordEncoderAuthenticationManagerBuilder [,] - No authenticationProviders and no parentAuthenticationManager defined. Returning null.
2025-08-01 15:03:50 DEBUG [restartedMain] o.s.s.web.DefaultSecurityFilterChain [,] - Will secure any request with filters: DisableEncodeUrlFilter, WebAsyncManagerIntegrationFilter, SecurityContextHolderFilter, HeaderWriterFilter, CorsFilter, LogoutFilter, BearerTokenAuthenticationFilter, RequestCacheAwareFilter, SecurityContextHolderAwareRequestFilter, AnonymousAuthenticationFilter, SessionManagementFilter, ExceptionTranslationFilter, AuthorizationFilter
2025-08-01 15:06:02 DEBUG [http-nio-9827-exec-1] o.s.security.web.FilterChainProxy [,] - Securing POST /api/repayments/519/pay?amount=339409.72&accountNumber=421010092
2025-08-01 15:06:03 DEBUG [http-nio-9827-exec-1] o.s.s.o.s.r.a.JwtAuthenticationProvider [,] - Authenticated token
2025-08-01 15:06:03 DEBUG [http-nio-9827-exec-1] o.s.s.o.s.r.w.a.BearerTokenAuthenticationFilter [,] - Set SecurityContextHolder to JwtAuthenticationToken [Principal=org.springframework.security.oauth2.jwt.Jwt@9f45bdd, Credentials=[PROTECTED], Authenticated=true, Details=WebAuthenticationDetails [RemoteIpAddress=0:0:0:0:0:0:0:1, SessionId=null], Granted Authorities=[ROLE_default-roles-myrealm, ROLE_offline_access, ROLE_CUSTOMER, ROLE_uma_authorization]]
2025-08-01 15:06:03 DEBUG [http-nio-9827-exec-1] o.s.security.web.FilterChainProxy [,] - Secured POST /api/repayments/519/pay?amount=339409.72&accountNumber=421010092
2025-08-01 15:06:54 DEBUG [http-nio-9827-exec-3] o.s.security.web.FilterChainProxy [,] - Securing POST /api/repayments/519/confirm?amount=2084133.33&otpCode=499394&referenceCode=TXN-421010092-2025080115060819029d7f
2025-08-01 15:06:54 DEBUG [http-nio-9827-exec-3] o.s.s.o.s.r.a.JwtAuthenticationProvider [,] - Authenticated token
2025-08-01 15:06:54 DEBUG [http-nio-9827-exec-3] o.s.s.o.s.r.w.a.BearerTokenAuthenticationFilter [,] - Set SecurityContextHolder to JwtAuthenticationToken [Principal=org.springframework.security.oauth2.jwt.Jwt@9f45bdd, Credentials=[PROTECTED], Authenticated=true, Details=WebAuthenticationDetails [RemoteIpAddress=0:0:0:0:0:0:0:1, SessionId=null], Granted Authorities=[ROLE_default-roles-myrealm, ROLE_offline_access, ROLE_CUSTOMER, ROLE_uma_authorization]]
2025-08-01 15:06:54 DEBUG [http-nio-9827-exec-3] o.s.security.web.FilterChainProxy [,] - Secured POST /api/repayments/519/confirm?amount=2084133.33&otpCode=499394&referenceCode=TXN-421010092-2025080115060819029d7f
2025-08-01 15:08:04 DEBUG [http-nio-9827-exec-6] o.s.security.web.FilterChainProxy [,] - Securing GET /api/loans/85
2025-08-01 15:08:04 DEBUG [http-nio-9827-exec-6] o.s.s.o.s.r.a.JwtAuthenticationProvider [,] - Authenticated token
2025-08-01 15:08:04 DEBUG [http-nio-9827-exec-6] o.s.s.o.s.r.w.a.BearerTokenAuthenticationFilter [,] - Set SecurityContextHolder to JwtAuthenticationToken [Principal=org.springframework.security.oauth2.jwt.Jwt@9f45bdd, Credentials=[PROTECTED], Authenticated=true, Details=WebAuthenticationDetails [RemoteIpAddress=0:0:0:0:0:0:0:1, SessionId=null], Granted Authorities=[ROLE_default-roles-myrealm, ROLE_offline_access, ROLE_CUSTOMER, ROLE_uma_authorization]]
2025-08-01 15:08:04 DEBUG [http-nio-9827-exec-6] o.s.security.web.FilterChainProxy [,] - Secured GET /api/loans/85
2025-08-01 15:08:34 DEBUG [http-nio-9827-exec-7] o.s.security.web.FilterChainProxy [,] - Securing POST /api/repayments/520/pay?amount=4823.62&accountNumber=421010092
2025-08-01 15:08:34 DEBUG [http-nio-9827-exec-7] o.s.s.o.s.r.a.JwtAuthenticationProvider [,] - Authenticated token
2025-08-01 15:08:34 DEBUG [http-nio-9827-exec-7] o.s.s.o.s.r.w.a.BearerTokenAuthenticationFilter [,] - Set SecurityContextHolder to JwtAuthenticationToken [Principal=org.springframework.security.oauth2.jwt.Jwt@9f45bdd, Credentials=[PROTECTED], Authenticated=true, Details=WebAuthenticationDetails [RemoteIpAddress=0:0:0:0:0:0:0:1, SessionId=null], Granted Authorities=[ROLE_default-roles-myrealm, ROLE_offline_access, ROLE_CUSTOMER, ROLE_uma_authorization]]
2025-08-01 15:08:34 DEBUG [http-nio-9827-exec-7] o.s.security.web.FilterChainProxy [,] - Secured POST /api/repayments/520/pay?amount=4823.62&accountNumber=421010092
2025-08-01 15:09:16 DEBUG [http-nio-9827-exec-8] o.s.security.web.FilterChainProxy [,] - Securing POST /api/repayments/520/confirm?amount=4823.62&otpCode=864468&referenceCode=TXN-421010092-20250801150834402d4f94
2025-08-01 15:09:16 DEBUG [http-nio-9827-exec-8] o.s.s.o.s.r.a.JwtAuthenticationProvider [,] - Authenticated token
2025-08-01 15:09:16 DEBUG [http-nio-9827-exec-8] o.s.s.o.s.r.w.a.BearerTokenAuthenticationFilter [,] - Set SecurityContextHolder to JwtAuthenticationToken [Principal=org.springframework.security.oauth2.jwt.Jwt@9f45bdd, Credentials=[PROTECTED], Authenticated=true, Details=WebAuthenticationDetails [RemoteIpAddress=0:0:0:0:0:0:0:1, SessionId=null], Granted Authorities=[ROLE_default-roles-myrealm, ROLE_offline_access, ROLE_CUSTOMER, ROLE_uma_authorization]]
2025-08-01 15:09:16 DEBUG [http-nio-9827-exec-8] o.s.security.web.FilterChainProxy [,] - Secured POST /api/repayments/520/confirm?amount=4823.62&otpCode=864468&referenceCode=TXN-421010092-20250801150834402d4f94
2025-08-01 15:39:03 DEBUG [http-nio-9827-exec-2] o.s.security.web.FilterChainProxy [,] - Securing GET /api/loans/84
2025-08-01 15:39:04 DEBUG [http-nio-9827-exec-2] o.s.s.o.s.r.a.JwtAuthenticationProvider [,] - Authenticated token
2025-08-01 15:39:04 DEBUG [http-nio-9827-exec-2] o.s.s.o.s.r.w.a.BearerTokenAuthenticationFilter [,] - Set SecurityContextHolder to JwtAuthenticationToken [Principal=org.springframework.security.oauth2.jwt.Jwt@9f45bdd, Credentials=[PROTECTED], Authenticated=true, Details=WebAuthenticationDetails [RemoteIpAddress=0:0:0:0:0:0:0:1, SessionId=null], Granted Authorities=[ROLE_default-roles-myrealm, ROLE_offline_access, ROLE_CUSTOMER, ROLE_uma_authorization]]
2025-08-01 15:39:04 DEBUG [http-nio-9827-exec-2] o.s.security.web.FilterChainProxy [,] - Secured GET /api/loans/84
2025-08-01 15:39:05 DEBUG [http-nio-9827-exec-2] o.s.security.web.FilterChainProxy [,] - Securing GET /error
2025-08-01 15:39:05 DEBUG [http-nio-9827-exec-2] o.s.security.web.FilterChainProxy [,] - Secured GET /error
2025-08-01 15:39:17 DEBUG [http-nio-9827-exec-3] o.s.security.web.FilterChainProxy [,] - Securing GET /api/loans/84
2025-08-01 15:39:17 DEBUG [http-nio-9827-exec-3] o.s.s.o.s.r.a.JwtAuthenticationProvider [,] - Authenticated token
2025-08-01 15:39:17 DEBUG [http-nio-9827-exec-3] o.s.s.o.s.r.w.a.BearerTokenAuthenticationFilter [,] - Set SecurityContextHolder to JwtAuthenticationToken [Principal=org.springframework.security.oauth2.jwt.Jwt@9f45bdd, Credentials=[PROTECTED], Authenticated=true, Details=WebAuthenticationDetails [RemoteIpAddress=0:0:0:0:0:0:0:1, SessionId=null], Granted Authorities=[ROLE_default-roles-myrealm, ROLE_offline_access, ROLE_CUSTOMER, ROLE_uma_authorization]]
2025-08-01 15:39:17 DEBUG [http-nio-9827-exec-3] o.s.security.web.FilterChainProxy [,] - Secured GET /api/loans/84
2025-08-01 15:39:17 DEBUG [http-nio-9827-exec-3] o.s.security.web.FilterChainProxy [,] - Securing GET /error
2025-08-01 15:39:17 DEBUG [http-nio-9827-exec-3] o.s.security.web.FilterChainProxy [,] - Secured GET /error
2025-08-01 15:39:20 DEBUG [http-nio-9827-exec-5] o.s.security.web.FilterChainProxy [,] - Securing GET /api/loans/85
2025-08-01 15:39:20 DEBUG [http-nio-9827-exec-5] o.s.s.o.s.r.a.JwtAuthenticationProvider [,] - Authenticated token
2025-08-01 15:39:20 DEBUG [http-nio-9827-exec-5] o.s.s.o.s.r.w.a.BearerTokenAuthenticationFilter [,] - Set SecurityContextHolder to JwtAuthenticationToken [Principal=org.springframework.security.oauth2.jwt.Jwt@9f45bdd, Credentials=[PROTECTED], Authenticated=true, Details=WebAuthenticationDetails [RemoteIpAddress=0:0:0:0:0:0:0:1, SessionId=null], Granted Authorities=[ROLE_default-roles-myrealm, ROLE_offline_access, ROLE_CUSTOMER, ROLE_uma_authorization]]
2025-08-01 15:39:20 DEBUG [http-nio-9827-exec-5] o.s.security.web.FilterChainProxy [,] - Secured GET /api/loans/85
2025-08-01 15:39:25 DEBUG [http-nio-9827-exec-6] o.s.security.web.FilterChainProxy [,] - Securing GET /api/loans/84
2025-08-01 15:39:25 DEBUG [http-nio-9827-exec-6] o.s.s.o.s.r.a.JwtAuthenticationProvider [,] - Authenticated token
2025-08-01 15:39:25 DEBUG [http-nio-9827-exec-6] o.s.s.o.s.r.w.a.BearerTokenAuthenticationFilter [,] - Set SecurityContextHolder to JwtAuthenticationToken [Principal=org.springframework.security.oauth2.jwt.Jwt@9f45bdd, Credentials=[PROTECTED], Authenticated=true, Details=WebAuthenticationDetails [RemoteIpAddress=0:0:0:0:0:0:0:1, SessionId=null], Granted Authorities=[ROLE_default-roles-myrealm, ROLE_offline_access, ROLE_CUSTOMER, ROLE_uma_authorization]]
2025-08-01 15:39:25 DEBUG [http-nio-9827-exec-6] o.s.security.web.FilterChainProxy [,] - Secured GET /api/loans/84
2025-08-01 15:39:25 DEBUG [http-nio-9827-exec-6] o.s.security.web.FilterChainProxy [,] - Securing GET /error
2025-08-01 15:39:25 DEBUG [http-nio-9827-exec-6] o.s.security.web.FilterChainProxy [,] - Secured GET /error
2025-08-01 15:39:55 DEBUG [http-nio-9827-exec-8] o.s.security.web.FilterChainProxy [,] - Securing GET /api/loans/85
2025-08-01 15:39:55 DEBUG [http-nio-9827-exec-8] o.s.s.o.s.r.a.JwtAuthenticationProvider [,] - Authenticated token
2025-08-01 15:39:55 DEBUG [http-nio-9827-exec-8] o.s.s.o.s.r.w.a.BearerTokenAuthenticationFilter [,] - Set SecurityContextHolder to JwtAuthenticationToken [Principal=org.springframework.security.oauth2.jwt.Jwt@9f45bdd, Credentials=[PROTECTED], Authenticated=true, Details=WebAuthenticationDetails [RemoteIpAddress=0:0:0:0:0:0:0:1, SessionId=null], Granted Authorities=[ROLE_default-roles-myrealm, ROLE_offline_access, ROLE_CUSTOMER, ROLE_uma_authorization]]
2025-08-01 15:39:55 DEBUG [http-nio-9827-exec-8] o.s.security.web.FilterChainProxy [,] - Secured GET /api/loans/85
2025-08-01 15:40:26 DEBUG [http-nio-9827-exec-9] o.s.security.web.FilterChainProxy [,] - Securing GET /api/loans/84
2025-08-01 15:40:26 DEBUG [http-nio-9827-exec-9] o.s.s.o.s.r.a.JwtAuthenticationProvider [,] - Authenticated token
2025-08-01 15:40:26 DEBUG [http-nio-9827-exec-9] o.s.s.o.s.r.w.a.BearerTokenAuthenticationFilter [,] - Set SecurityContextHolder to JwtAuthenticationToken [Principal=org.springframework.security.oauth2.jwt.Jwt@9f45bdd, Credentials=[PROTECTED], Authenticated=true, Details=WebAuthenticationDetails [RemoteIpAddress=0:0:0:0:0:0:0:1, SessionId=null], Granted Authorities=[ROLE_default-roles-myrealm, ROLE_offline_access, ROLE_CUSTOMER, ROLE_uma_authorization]]
2025-08-01 15:40:26 DEBUG [http-nio-9827-exec-9] o.s.security.web.FilterChainProxy [,] - Secured GET /api/loans/84
2025-08-01 15:41:54 DEBUG [http-nio-9827-exec-1] o.s.security.web.FilterChainProxy [,] - Securing POST /api/repayments/517/pay?amount=2068576.47&accountNumber=421010092
2025-08-01 15:41:54 DEBUG [http-nio-9827-exec-1] o.s.s.o.s.r.a.JwtAuthenticationProvider [,] - Authenticated token
2025-08-01 15:41:54 DEBUG [http-nio-9827-exec-1] o.s.s.o.s.r.w.a.BearerTokenAuthenticationFilter [,] - Set SecurityContextHolder to JwtAuthenticationToken [Principal=org.springframework.security.oauth2.jwt.Jwt@9f45bdd, Credentials=[PROTECTED], Authenticated=true, Details=WebAuthenticationDetails [RemoteIpAddress=0:0:0:0:0:0:0:1, SessionId=null], Granted Authorities=[ROLE_default-roles-myrealm, ROLE_offline_access, ROLE_CUSTOMER, ROLE_uma_authorization]]
2025-08-01 15:41:54 DEBUG [http-nio-9827-exec-1] o.s.security.web.FilterChainProxy [,] - Secured POST /api/repayments/517/pay?amount=2068576.47&accountNumber=421010092
2025-08-01 15:42:18 DEBUG [http-nio-9827-exec-3] o.s.security.web.FilterChainProxy [,] - Securing POST /api/repayments/517/confirm?amount=2068576.47&otpCode=852160&referenceCode=TXN-421010092-20250801154156cc017046
2025-08-01 15:42:18 DEBUG [http-nio-9827-exec-3] o.s.s.o.s.r.a.JwtAuthenticationProvider [,] - Authenticated token
2025-08-01 15:42:18 DEBUG [http-nio-9827-exec-3] o.s.s.o.s.r.w.a.BearerTokenAuthenticationFilter [,] - Set SecurityContextHolder to JwtAuthenticationToken [Principal=org.springframework.security.oauth2.jwt.Jwt@9f45bdd, Credentials=[PROTECTED], Authenticated=true, Details=WebAuthenticationDetails [RemoteIpAddress=0:0:0:0:0:0:0:1, SessionId=null], Granted Authorities=[ROLE_default-roles-myrealm, ROLE_offline_access, ROLE_CUSTOMER, ROLE_uma_authorization]]
2025-08-01 15:42:18 DEBUG [http-nio-9827-exec-3] o.s.security.web.FilterChainProxy [,] - Secured POST /api/repayments/517/confirm?amount=2068576.47&otpCode=852160&referenceCode=TXN-421010092-20250801154156cc017046
2025-08-01 15:43:30 DEBUG [http-nio-9827-exec-6] o.s.security.web.FilterChainProxy [,] - Securing POST /api/repayments/517/pay?amount=29513.88&accountNumber=421010092
2025-08-01 15:43:30 DEBUG [http-nio-9827-exec-6] o.s.s.o.s.r.a.JwtAuthenticationProvider [,] - Authenticated token
2025-08-01 15:43:30 DEBUG [http-nio-9827-exec-6] o.s.s.o.s.r.w.a.BearerTokenAuthenticationFilter [,] - Set SecurityContextHolder to JwtAuthenticationToken [Principal=org.springframework.security.oauth2.jwt.Jwt@9f45bdd, Credentials=[PROTECTED], Authenticated=true, Details=WebAuthenticationDetails [RemoteIpAddress=0:0:0:0:0:0:0:1, SessionId=null], Granted Authorities=[ROLE_default-roles-myrealm, ROLE_offline_access, ROLE_CUSTOMER, ROLE_uma_authorization]]
2025-08-01 15:43:30 DEBUG [http-nio-9827-exec-6] o.s.security.web.FilterChainProxy [,] - Secured POST /api/repayments/517/pay?amount=29513.88&accountNumber=421010092
2025-08-01 15:43:54 DEBUG [http-nio-9827-exec-7] o.s.security.web.FilterChainProxy [,] - Securing POST /api/repayments/517/confirm?amount=29513.88&otpCode=557052&referenceCode=TXN-421010092-20250801154330ce1dd236
2025-08-01 15:43:54 DEBUG [http-nio-9827-exec-7] o.s.s.o.s.r.a.JwtAuthenticationProvider [,] - Authenticated token
2025-08-01 15:43:54 DEBUG [http-nio-9827-exec-7] o.s.s.o.s.r.w.a.BearerTokenAuthenticationFilter [,] - Set SecurityContextHolder to JwtAuthenticationToken [Principal=org.springframework.security.oauth2.jwt.Jwt@9f45bdd, Credentials=[PROTECTED], Authenticated=true, Details=WebAuthenticationDetails [RemoteIpAddress=0:0:0:0:0:0:0:1, SessionId=null], Granted Authorities=[ROLE_default-roles-myrealm, ROLE_offline_access, ROLE_CUSTOMER, ROLE_uma_authorization]]
2025-08-01 15:43:54 DEBUG [http-nio-9827-exec-7] o.s.security.web.FilterChainProxy [,] - Secured POST /api/repayments/517/confirm?amount=29513.88&otpCode=557052&referenceCode=TXN-421010092-20250801154330ce1dd236
2025-08-01 15:43:58 DEBUG [http-nio-9827-exec-8] o.s.security.web.FilterChainProxy [,] - Securing GET /api/loans/84
2025-08-01 15:43:58 DEBUG [http-nio-9827-exec-8] o.s.s.o.s.r.a.JwtAuthenticationProvider [,] - Authenticated token
2025-08-01 15:43:58 DEBUG [http-nio-9827-exec-8] o.s.s.o.s.r.w.a.BearerTokenAuthenticationFilter [,] - Set SecurityContextHolder to JwtAuthenticationToken [Principal=org.springframework.security.oauth2.jwt.Jwt@9f45bdd, Credentials=[PROTECTED], Authenticated=true, Details=WebAuthenticationDetails [RemoteIpAddress=0:0:0:0:0:0:0:1, SessionId=null], Granted Authorities=[ROLE_default-roles-myrealm, ROLE_offline_access, ROLE_CUSTOMER, ROLE_uma_authorization]]
2025-08-01 15:43:58 DEBUG [http-nio-9827-exec-8] o.s.security.web.FilterChainProxy [,] - Secured GET /api/loans/84
2025-08-01 15:50:13 DEBUG [restartedMain] o.s.s.c.a.a.c.AuthenticationConfiguration$DefaultPasswordEncoderAuthenticationManagerBuilder [,] - No authenticationProviders and no parentAuthenticationManager defined. Returning null.
2025-08-01 15:50:13 DEBUG [restartedMain] o.s.s.web.DefaultSecurityFilterChain [,] - Will secure any request with filters: DisableEncodeUrlFilter, WebAsyncManagerIntegrationFilter, SecurityContextHolderFilter, HeaderWriterFilter, CorsFilter, LogoutFilter, BearerTokenAuthenticationFilter, RequestCacheAwareFilter, SecurityContextHolderAwareRequestFilter, AnonymousAuthenticationFilter, SessionManagementFilter, ExceptionTranslationFilter, AuthorizationFilter
2025-08-01 15:52:49 DEBUG [restartedMain] o.s.s.c.a.a.c.AuthenticationConfiguration$DefaultPasswordEncoderAuthenticationManagerBuilder [,] - No authenticationProviders and no parentAuthenticationManager defined. Returning null.
2025-08-01 15:52:51 DEBUG [restartedMain] o.s.s.web.DefaultSecurityFilterChain [,] - Will secure any request with filters: DisableEncodeUrlFilter, WebAsyncManagerIntegrationFilter, SecurityContextHolderFilter, HeaderWriterFilter, CorsFilter, LogoutFilter, BearerTokenAuthenticationFilter, RequestCacheAwareFilter, SecurityContextHolderAwareRequestFilter, AnonymousAuthenticationFilter, SessionManagementFilter, ExceptionTranslationFilter, AuthorizationFilter
2025-08-01 15:54:29 DEBUG [http-nio-9827-exec-2] o.s.security.web.FilterChainProxy [,] - Securing POST /api/repayments/517/pay?amount=29513.88&accountNumber=421010092
2025-08-01 15:54:31 DEBUG [http-nio-9827-exec-2] o.s.s.o.s.r.a.JwtAuthenticationProvider [,] - Authenticated token
2025-08-01 15:54:31 DEBUG [http-nio-9827-exec-2] o.s.s.o.s.r.w.a.BearerTokenAuthenticationFilter [,] - Set SecurityContextHolder to JwtAuthenticationToken [Principal=org.springframework.security.oauth2.jwt.Jwt@9f45bdd, Credentials=[PROTECTED], Authenticated=true, Details=WebAuthenticationDetails [RemoteIpAddress=0:0:0:0:0:0:0:1, SessionId=null], Granted Authorities=[ROLE_default-roles-myrealm, ROLE_offline_access, ROLE_CUSTOMER, ROLE_uma_authorization]]
2025-08-01 15:54:31 DEBUG [http-nio-9827-exec-2] o.s.security.web.FilterChainProxy [,] - Secured POST /api/repayments/517/pay?amount=29513.88&accountNumber=421010092
2025-08-01 15:55:17 DEBUG [http-nio-9827-exec-3] o.s.security.web.FilterChainProxy [,] - Securing POST /api/repayments/517/confirm?amount=29513.88&otpCode=422701&referenceCode=TXN-421010092-2025080115543364e1a9e0
2025-08-01 15:55:17 DEBUG [http-nio-9827-exec-3] o.s.s.o.s.r.a.JwtAuthenticationProvider [,] - Authenticated token
2025-08-01 15:55:17 DEBUG [http-nio-9827-exec-3] o.s.s.o.s.r.w.a.BearerTokenAuthenticationFilter [,] - Set SecurityContextHolder to JwtAuthenticationToken [Principal=org.springframework.security.oauth2.jwt.Jwt@9f45bdd, Credentials=[PROTECTED], Authenticated=true, Details=WebAuthenticationDetails [RemoteIpAddress=0:0:0:0:0:0:0:1, SessionId=null], Granted Authorities=[ROLE_default-roles-myrealm, ROLE_offline_access, ROLE_CUSTOMER, ROLE_uma_authorization]]
2025-08-01 15:55:17 DEBUG [http-nio-9827-exec-3] o.s.security.web.FilterChainProxy [,] - Secured POST /api/repayments/517/confirm?amount=29513.88&otpCode=422701&referenceCode=TXN-421010092-2025080115543364e1a9e0
2025-08-01 15:55:45 DEBUG [http-nio-9827-exec-4] o.s.security.web.FilterChainProxy [,] - Securing POST /api/repayments/517/pay?amount=2068576.47&accountNumber=421010092
2025-08-01 15:55:45 DEBUG [http-nio-9827-exec-4] o.s.s.o.s.r.a.JwtAuthenticationProvider [,] - Authenticated token
2025-08-01 15:55:45 DEBUG [http-nio-9827-exec-4] o.s.s.o.s.r.w.a.BearerTokenAuthenticationFilter [,] - Set SecurityContextHolder to JwtAuthenticationToken [Principal=org.springframework.security.oauth2.jwt.Jwt@9f45bdd, Credentials=[PROTECTED], Authenticated=true, Details=WebAuthenticationDetails [RemoteIpAddress=0:0:0:0:0:0:0:1, SessionId=null], Granted Authorities=[ROLE_default-roles-myrealm, ROLE_offline_access, ROLE_CUSTOMER, ROLE_uma_authorization]]
2025-08-01 15:55:45 DEBUG [http-nio-9827-exec-4] o.s.security.web.FilterChainProxy [,] - Secured POST /api/repayments/517/pay?amount=2068576.47&accountNumber=421010092
2025-08-01 15:56:08 DEBUG [http-nio-9827-exec-5] o.s.security.web.FilterChainProxy [,] - Securing POST /api/repayments/517/confirm?amount=2068576.47&otpCode=860830&referenceCode=TXN-421010092-20250801155545c7a527dd
2025-08-01 15:56:08 DEBUG [http-nio-9827-exec-5] o.s.s.o.s.r.a.JwtAuthenticationProvider [,] - Authenticated token
2025-08-01 15:56:08 DEBUG [http-nio-9827-exec-5] o.s.s.o.s.r.w.a.BearerTokenAuthenticationFilter [,] - Set SecurityContextHolder to JwtAuthenticationToken [Principal=org.springframework.security.oauth2.jwt.Jwt@9f45bdd, Credentials=[PROTECTED], Authenticated=true, Details=WebAuthenticationDetails [RemoteIpAddress=0:0:0:0:0:0:0:1, SessionId=null], Granted Authorities=[ROLE_default-roles-myrealm, ROLE_offline_access, ROLE_CUSTOMER, ROLE_uma_authorization]]
2025-08-01 15:56:08 DEBUG [http-nio-9827-exec-5] o.s.security.web.FilterChainProxy [,] - Secured POST /api/repayments/517/confirm?amount=2068576.47&otpCode=860830&referenceCode=TXN-421010092-20250801155545c7a527dd
2025-08-01 16:06:58 DEBUG [restartedMain] o.s.s.c.a.a.c.AuthenticationConfiguration$DefaultPasswordEncoderAuthenticationManagerBuilder [,] - No authenticationProviders and no parentAuthenticationManager defined. Returning null.
2025-08-01 16:06:59 DEBUG [restartedMain] o.s.s.web.DefaultSecurityFilterChain [,] - Will secure any request with filters: DisableEncodeUrlFilter, WebAsyncManagerIntegrationFilter, SecurityContextHolderFilter, HeaderWriterFilter, CorsFilter, LogoutFilter, BearerTokenAuthenticationFilter, RequestCacheAwareFilter, SecurityContextHolderAwareRequestFilter, AnonymousAuthenticationFilter, SessionManagementFilter, ExceptionTranslationFilter, AuthorizationFilter
2025-08-01 16:07:20 DEBUG [restartedMain] o.s.s.c.a.a.c.AuthenticationConfiguration$DefaultPasswordEncoderAuthenticationManagerBuilder [,] - No authenticationProviders and no parentAuthenticationManager defined. Returning null.
2025-08-01 16:07:21 DEBUG [restartedMain] o.s.s.web.DefaultSecurityFilterChain [,] - Will secure any request with filters: DisableEncodeUrlFilter, WebAsyncManagerIntegrationFilter, SecurityContextHolderFilter, HeaderWriterFilter, CorsFilter, LogoutFilter, BearerTokenAuthenticationFilter, RequestCacheAwareFilter, SecurityContextHolderAwareRequestFilter, AnonymousAuthenticationFilter, SessionManagementFilter, ExceptionTranslationFilter, AuthorizationFilter
2025-08-01 16:30:51 DEBUG [http-nio-9827-exec-2] o.s.security.web.FilterChainProxy [,] - Securing GET /api/loans/84
2025-08-01 16:30:52 DEBUG [http-nio-9827-exec-2] o.s.s.o.s.r.a.JwtAuthenticationProvider [,] - Authenticated token
2025-08-01 16:30:52 DEBUG [http-nio-9827-exec-2] o.s.s.o.s.r.w.a.BearerTokenAuthenticationFilter [,] - Set SecurityContextHolder to JwtAuthenticationToken [Principal=org.springframework.security.oauth2.jwt.Jwt@9f45bdd, Credentials=[PROTECTED], Authenticated=true, Details=WebAuthenticationDetails [RemoteIpAddress=0:0:0:0:0:0:0:1, SessionId=null], Granted Authorities=[ROLE_default-roles-myrealm, ROLE_offline_access, ROLE_CUSTOMER, ROLE_uma_authorization]]
2025-08-01 16:30:52 DEBUG [http-nio-9827-exec-2] o.s.security.web.FilterChainProxy [,] - Secured GET /api/loans/84
2025-08-01 16:34:13 DEBUG [restartedMain] o.s.s.c.a.a.c.AuthenticationConfiguration$DefaultPasswordEncoderAuthenticationManagerBuilder [,] - No authenticationProviders and no parentAuthenticationManager defined. Returning null.
2025-08-01 16:34:18 DEBUG [restartedMain] o.s.s.web.DefaultSecurityFilterChain [,] - Will secure any request with filters: DisableEncodeUrlFilter, WebAsyncManagerIntegrationFilter, SecurityContextHolderFilter, HeaderWriterFilter, CorsFilter, LogoutFilter, BearerTokenAuthenticationFilter, RequestCacheAwareFilter, SecurityContextHolderAwareRequestFilter, AnonymousAuthenticationFilter, SessionManagementFilter, ExceptionTranslationFilter, AuthorizationFilter
2025-08-01 16:35:45 DEBUG [restartedMain] o.s.s.c.a.a.c.AuthenticationConfiguration$DefaultPasswordEncoderAuthenticationManagerBuilder [,] - No authenticationProviders and no parentAuthenticationManager defined. Returning null.
2025-08-01 16:35:45 DEBUG [restartedMain] o.s.s.web.DefaultSecurityFilterChain [,] - Will secure any request with filters: DisableEncodeUrlFilter, WebAsyncManagerIntegrationFilter, SecurityContextHolderFilter, HeaderWriterFilter, CorsFilter, LogoutFilter, BearerTokenAuthenticationFilter, RequestCacheAwareFilter, SecurityContextHolderAwareRequestFilter, AnonymousAuthenticationFilter, SessionManagementFilter, ExceptionTranslationFilter, AuthorizationFilter
2025-08-01 16:36:00 DEBUG [http-nio-9827-exec-2] o.s.security.web.FilterChainProxy [,] - Securing POST /api/repayments/517/pay?amount=2098090.35&accountNumber=421010092
2025-08-01 16:36:01 DEBUG [http-nio-9827-exec-2] o.s.s.o.s.r.a.JwtAuthenticationProvider [,] - Authenticated token
2025-08-01 16:36:01 DEBUG [http-nio-9827-exec-2] o.s.s.o.s.r.w.a.BearerTokenAuthenticationFilter [,] - Set SecurityContextHolder to JwtAuthenticationToken [Principal=org.springframework.security.oauth2.jwt.Jwt@9f45bdd, Credentials=[PROTECTED], Authenticated=true, Details=WebAuthenticationDetails [RemoteIpAddress=0:0:0:0:0:0:0:1, SessionId=null], Granted Authorities=[ROLE_default-roles-myrealm, ROLE_offline_access, ROLE_CUSTOMER, ROLE_uma_authorization]]
2025-08-01 16:36:01 DEBUG [http-nio-9827-exec-2] o.s.security.web.FilterChainProxy [,] - Secured POST /api/repayments/517/pay?amount=2098090.35&accountNumber=421010092
2025-08-01 16:36:45 DEBUG [http-nio-9827-exec-3] o.s.security.web.FilterChainProxy [,] - Securing POST /api/repayments/517/confirm?amount=2098090.35&otpCode=676415&referenceCode=TXN-421010092-20250801163607d2fadda5
2025-08-01 16:36:45 DEBUG [http-nio-9827-exec-3] o.s.s.o.s.r.a.JwtAuthenticationProvider [,] - Authenticated token
2025-08-01 16:36:45 DEBUG [http-nio-9827-exec-3] o.s.s.o.s.r.w.a.BearerTokenAuthenticationFilter [,] - Set SecurityContextHolder to JwtAuthenticationToken [Principal=org.springframework.security.oauth2.jwt.Jwt@9f45bdd, Credentials=[PROTECTED], Authenticated=true, Details=WebAuthenticationDetails [RemoteIpAddress=0:0:0:0:0:0:0:1, SessionId=null], Granted Authorities=[ROLE_default-roles-myrealm, ROLE_offline_access, ROLE_CUSTOMER, ROLE_uma_authorization]]
2025-08-01 16:36:45 DEBUG [http-nio-9827-exec-3] o.s.security.web.FilterChainProxy [,] - Secured POST /api/repayments/517/confirm?amount=2098090.35&otpCode=676415&referenceCode=TXN-421010092-20250801163607d2fadda5
