2025-08-18 09:05:02 DEBUG [restartedMain] o.s.s.c.a.a.c.AuthenticationConfiguration$DefaultPasswordEncoderAuthenticationManagerBuilder [,] - No authenticationProviders and no parentAuthenticationManager defined. Returning null.
2025-08-18 09:05:03 DEBUG [restartedMain] o.s.s.web.DefaultSecurityFilterChain [,] - Will secure any request with filters: DisableEncodeUrlFilter, WebAsyncManagerIntegrationFilter, SecurityContextHolderFilter, HeaderWriterFilter, CorsFilter, LogoutFilter, BearerTokenAuthenticationFilter, RequestCacheAwareFilter, SecurityContextHolderAwareRequestFilter, AnonymousAuthenticationFilter, SessionManagementFilter, ExceptionTranslationFilter, AuthorizationFilter
2025-08-18 09:08:51 DEBUG [restartedMain] o.s.s.c.a.a.c.AuthenticationConfiguration$DefaultPasswordEncoderAuthenticationManagerBuilder [,] - No authenticationProviders and no parentAuthenticationManager defined. Returning null.
2025-08-18 09:08:52 DEBUG [restartedMain] o.s.s.web.DefaultSecurityFilterChain [,] - Will secure any request with filters: DisableEncodeUrlFilter, WebAsyncManagerIntegrationFilter, SecurityContextHolderFilter, HeaderWriterFilter, CorsFilter, LogoutFilter, BearerTokenAuthenticationFilter, RequestCacheAwareFilter, SecurityContextHolderAwareRequestFilter, AnonymousAuthenticationFilter, SessionManagementFilter, ExceptionTranslationFilter, AuthorizationFilter
2025-08-18 09:11:50 DEBUG [restartedMain] o.s.s.c.a.a.c.AuthenticationConfiguration$DefaultPasswordEncoderAuthenticationManagerBuilder [,] - No authenticationProviders and no parentAuthenticationManager defined. Returning null.
2025-08-18 09:11:51 DEBUG [restartedMain] o.s.s.web.DefaultSecurityFilterChain [,] - Will secure any request with filters: DisableEncodeUrlFilter, WebAsyncManagerIntegrationFilter, SecurityContextHolderFilter, HeaderWriterFilter, CorsFilter, LogoutFilter, BearerTokenAuthenticationFilter, RequestCacheAwareFilter, SecurityContextHolderAwareRequestFilter, AnonymousAuthenticationFilter, SessionManagementFilter, ExceptionTranslationFilter, AuthorizationFilter
2025-08-18 09:38:07 DEBUG [restartedMain] o.s.s.c.a.a.c.AuthenticationConfiguration$DefaultPasswordEncoderAuthenticationManagerBuilder [,] - No authenticationProviders and no parentAuthenticationManager defined. Returning null.
2025-08-18 09:38:07 DEBUG [restartedMain] o.s.s.web.DefaultSecurityFilterChain [,] - Will secure any request with filters: DisableEncodeUrlFilter, WebAsyncManagerIntegrationFilter, SecurityContextHolderFilter, HeaderWriterFilter, CorsFilter, LogoutFilter, BearerTokenAuthenticationFilter, RequestCacheAwareFilter, SecurityContextHolderAwareRequestFilter, AnonymousAuthenticationFilter, SessionManagementFilter, ExceptionTranslationFilter, AuthorizationFilter
2025-08-18 09:39:19 DEBUG [restartedMain] o.s.s.c.a.a.c.AuthenticationConfiguration$DefaultPasswordEncoderAuthenticationManagerBuilder [,] - No authenticationProviders and no parentAuthenticationManager defined. Returning null.
2025-08-18 09:39:20 DEBUG [restartedMain] o.s.s.web.DefaultSecurityFilterChain [,] - Will secure any request with filters: DisableEncodeUrlFilter, WebAsyncManagerIntegrationFilter, SecurityContextHolderFilter, HeaderWriterFilter, CorsFilter, LogoutFilter, BearerTokenAuthenticationFilter, RequestCacheAwareFilter, SecurityContextHolderAwareRequestFilter, AnonymousAuthenticationFilter, SessionManagementFilter, ExceptionTranslationFilter, AuthorizationFilter
2025-08-18 09:43:55 DEBUG [restartedMain] o.s.s.c.a.a.c.AuthenticationConfiguration$DefaultPasswordEncoderAuthenticationManagerBuilder [,] - No authenticationProviders and no parentAuthenticationManager defined. Returning null.
2025-08-18 09:43:56 DEBUG [restartedMain] o.s.s.web.DefaultSecurityFilterChain [,] - Will secure any request with filters: DisableEncodeUrlFilter, WebAsyncManagerIntegrationFilter, SecurityContextHolderFilter, HeaderWriterFilter, CorsFilter, LogoutFilter, BearerTokenAuthenticationFilter, RequestCacheAwareFilter, SecurityContextHolderAwareRequestFilter, AnonymousAuthenticationFilter, SessionManagementFilter, ExceptionTranslationFilter, AuthorizationFilter
2025-08-18 09:47:34 DEBUG [restartedMain] o.s.s.c.a.a.c.AuthenticationConfiguration$DefaultPasswordEncoderAuthenticationManagerBuilder [,] - No authenticationProviders and no parentAuthenticationManager defined. Returning null.
2025-08-18 09:47:34 DEBUG [restartedMain] o.s.s.web.DefaultSecurityFilterChain [,] - Will secure any request with filters: DisableEncodeUrlFilter, WebAsyncManagerIntegrationFilter, SecurityContextHolderFilter, HeaderWriterFilter, CorsFilter, LogoutFilter, BearerTokenAuthenticationFilter, RequestCacheAwareFilter, SecurityContextHolderAwareRequestFilter, AnonymousAuthenticationFilter, SessionManagementFilter, ExceptionTranslationFilter, AuthorizationFilter
2025-08-18 09:55:17 DEBUG [restartedMain] o.s.s.c.a.a.c.AuthenticationConfiguration$DefaultPasswordEncoderAuthenticationManagerBuilder [,] - No authenticationProviders and no parentAuthenticationManager defined. Returning null.
2025-08-18 09:55:17 DEBUG [restartedMain] o.s.s.web.DefaultSecurityFilterChain [,] - Will secure any request with filters: DisableEncodeUrlFilter, WebAsyncManagerIntegrationFilter, SecurityContextHolderFilter, HeaderWriterFilter, CorsFilter, LogoutFilter, BearerTokenAuthenticationFilter, RequestCacheAwareFilter, SecurityContextHolderAwareRequestFilter, AnonymousAuthenticationFilter, SessionManagementFilter, ExceptionTranslationFilter, AuthorizationFilter
2025-08-18 10:01:50 DEBUG [restartedMain] o.s.s.c.a.a.c.AuthenticationConfiguration$DefaultPasswordEncoderAuthenticationManagerBuilder [,] - No authenticationProviders and no parentAuthenticationManager defined. Returning null.
2025-08-18 10:01:50 DEBUG [restartedMain] o.s.s.web.DefaultSecurityFilterChain [,] - Will secure any request with filters: DisableEncodeUrlFilter, WebAsyncManagerIntegrationFilter, SecurityContextHolderFilter, HeaderWriterFilter, CorsFilter, LogoutFilter, BearerTokenAuthenticationFilter, RequestCacheAwareFilter, SecurityContextHolderAwareRequestFilter, AnonymousAuthenticationFilter, SessionManagementFilter, ExceptionTranslationFilter, AuthorizationFilter
2025-08-18 10:03:18 DEBUG [restartedMain] o.s.s.c.a.a.c.AuthenticationConfiguration$DefaultPasswordEncoderAuthenticationManagerBuilder [,] - No authenticationProviders and no parentAuthenticationManager defined. Returning null.
2025-08-18 10:03:18 DEBUG [restartedMain] o.s.s.web.DefaultSecurityFilterChain [,] - Will secure any request with filters: DisableEncodeUrlFilter, WebAsyncManagerIntegrationFilter, SecurityContextHolderFilter, HeaderWriterFilter, CorsFilter, LogoutFilter, BearerTokenAuthenticationFilter, RequestCacheAwareFilter, SecurityContextHolderAwareRequestFilter, AnonymousAuthenticationFilter, SessionManagementFilter, ExceptionTranslationFilter, AuthorizationFilter
2025-08-18 10:10:04 DEBUG [restartedMain] o.s.s.c.a.a.c.AuthenticationConfiguration$DefaultPasswordEncoderAuthenticationManagerBuilder [,] - No authenticationProviders and no parentAuthenticationManager defined. Returning null.
2025-08-18 10:10:04 DEBUG [restartedMain] o.s.s.web.DefaultSecurityFilterChain [,] - Will secure any request with filters: DisableEncodeUrlFilter, WebAsyncManagerIntegrationFilter, SecurityContextHolderFilter, HeaderWriterFilter, CorsFilter, LogoutFilter, BearerTokenAuthenticationFilter, RequestCacheAwareFilter, SecurityContextHolderAwareRequestFilter, AnonymousAuthenticationFilter, SessionManagementFilter, ExceptionTranslationFilter, AuthorizationFilter
2025-08-18 10:14:17 DEBUG [restartedMain] o.s.s.c.a.a.c.AuthenticationConfiguration$DefaultPasswordEncoderAuthenticationManagerBuilder [,] - No authenticationProviders and no parentAuthenticationManager defined. Returning null.
2025-08-18 10:14:17 DEBUG [restartedMain] o.s.s.web.DefaultSecurityFilterChain [,] - Will secure any request with filters: DisableEncodeUrlFilter, WebAsyncManagerIntegrationFilter, SecurityContextHolderFilter, HeaderWriterFilter, CorsFilter, LogoutFilter, BearerTokenAuthenticationFilter, RequestCacheAwareFilter, SecurityContextHolderAwareRequestFilter, AnonymousAuthenticationFilter, SessionManagementFilter, ExceptionTranslationFilter, AuthorizationFilter
2025-08-18 10:18:01 DEBUG [restartedMain] o.s.s.c.a.a.c.AuthenticationConfiguration$DefaultPasswordEncoderAuthenticationManagerBuilder [,] - No authenticationProviders and no parentAuthenticationManager defined. Returning null.
2025-08-18 10:18:01 DEBUG [restartedMain] o.s.s.web.DefaultSecurityFilterChain [,] - Will secure any request with filters: DisableEncodeUrlFilter, WebAsyncManagerIntegrationFilter, SecurityContextHolderFilter, HeaderWriterFilter, CorsFilter, LogoutFilter, BearerTokenAuthenticationFilter, RequestCacheAwareFilter, SecurityContextHolderAwareRequestFilter, AnonymousAuthenticationFilter, SessionManagementFilter, ExceptionTranslationFilter, AuthorizationFilter
2025-08-18 10:37:48 DEBUG [restartedMain] o.s.s.c.a.a.c.AuthenticationConfiguration$DefaultPasswordEncoderAuthenticationManagerBuilder [,] - No authenticationProviders and no parentAuthenticationManager defined. Returning null.
2025-08-18 10:37:48 DEBUG [restartedMain] o.s.s.web.DefaultSecurityFilterChain [,] - Will secure any request with filters: DisableEncodeUrlFilter, WebAsyncManagerIntegrationFilter, SecurityContextHolderFilter, HeaderWriterFilter, CorsFilter, LogoutFilter, BearerTokenAuthenticationFilter, RequestCacheAwareFilter, SecurityContextHolderAwareRequestFilter, AnonymousAuthenticationFilter, SessionManagementFilter, ExceptionTranslationFilter, AuthorizationFilter
2025-08-18 10:39:18 DEBUG [http-nio-9827-exec-2] o.s.security.web.FilterChainProxy [,] - Securing POST /api/loans
2025-08-18 10:39:18 DEBUG [http-nio-9827-exec-2] o.s.s.o.s.r.a.JwtAuthenticationProvider [,] - Authenticated token
2025-08-18 10:39:18 DEBUG [http-nio-9827-exec-2] o.s.s.o.s.r.w.a.BearerTokenAuthenticationFilter [,] - Set SecurityContextHolder to JwtAuthenticationToken [Principal=org.springframework.security.oauth2.jwt.Jwt@66d7150b, Credentials=[PROTECTED], Authenticated=true, Details=WebAuthenticationDetails [RemoteIpAddress=0:0:0:0:0:0:0:1, SessionId=null], Granted Authorities=[ROLE_default-roles-myrealm, ROLE_offline_access, ROLE_CUSTOMER, ROLE_uma_authorization]]
2025-08-18 10:39:18 DEBUG [http-nio-9827-exec-2] o.s.security.web.FilterChainProxy [,] - Secured POST /api/loans
2025-08-18 10:58:46 DEBUG [restartedMain] o.s.s.c.a.a.c.AuthenticationConfiguration$DefaultPasswordEncoderAuthenticationManagerBuilder [,] - No authenticationProviders and no parentAuthenticationManager defined. Returning null.
2025-08-18 10:58:46 DEBUG [restartedMain] o.s.s.web.DefaultSecurityFilterChain [,] - Will secure any request with filters: DisableEncodeUrlFilter, WebAsyncManagerIntegrationFilter, SecurityContextHolderFilter, HeaderWriterFilter, CorsFilter, LogoutFilter, BearerTokenAuthenticationFilter, RequestCacheAwareFilter, SecurityContextHolderAwareRequestFilter, AnonymousAuthenticationFilter, SessionManagementFilter, ExceptionTranslationFilter, AuthorizationFilter
2025-08-18 11:00:54 DEBUG [http-nio-9827-exec-2] o.s.security.web.FilterChainProxy [,] - Securing POST /api/loans
2025-08-18 11:00:54 DEBUG [http-nio-9827-exec-2] o.s.s.o.s.r.a.JwtAuthenticationProvider [,] - Authenticated token
2025-08-18 11:00:54 DEBUG [http-nio-9827-exec-2] o.s.s.o.s.r.w.a.BearerTokenAuthenticationFilter [,] - Set SecurityContextHolder to JwtAuthenticationToken [Principal=org.springframework.security.oauth2.jwt.Jwt@66d7150b, Credentials=[PROTECTED], Authenticated=true, Details=WebAuthenticationDetails [RemoteIpAddress=0:0:0:0:0:0:0:1, SessionId=null], Granted Authorities=[ROLE_default-roles-myrealm, ROLE_offline_access, ROLE_CUSTOMER, ROLE_uma_authorization]]
2025-08-18 11:00:54 DEBUG [http-nio-9827-exec-2] o.s.security.web.FilterChainProxy [,] - Secured POST /api/loans
2025-08-18 11:01:49 DEBUG [restartedMain] o.s.s.c.a.a.c.AuthenticationConfiguration$DefaultPasswordEncoderAuthenticationManagerBuilder [,] - No authenticationProviders and no parentAuthenticationManager defined. Returning null.
2025-08-18 11:01:50 DEBUG [restartedMain] o.s.s.web.DefaultSecurityFilterChain [,] - Will secure any request with filters: DisableEncodeUrlFilter, WebAsyncManagerIntegrationFilter, SecurityContextHolderFilter, HeaderWriterFilter, CorsFilter, LogoutFilter, BearerTokenAuthenticationFilter, RequestCacheAwareFilter, SecurityContextHolderAwareRequestFilter, AnonymousAuthenticationFilter, SessionManagementFilter, ExceptionTranslationFilter, AuthorizationFilter
2025-08-18 11:02:42 DEBUG [restartedMain] o.s.s.c.a.a.c.AuthenticationConfiguration$DefaultPasswordEncoderAuthenticationManagerBuilder [,] - No authenticationProviders and no parentAuthenticationManager defined. Returning null.
2025-08-18 11:02:42 DEBUG [restartedMain] o.s.s.web.DefaultSecurityFilterChain [,] - Will secure any request with filters: DisableEncodeUrlFilter, WebAsyncManagerIntegrationFilter, SecurityContextHolderFilter, HeaderWriterFilter, CorsFilter, LogoutFilter, BearerTokenAuthenticationFilter, RequestCacheAwareFilter, SecurityContextHolderAwareRequestFilter, AnonymousAuthenticationFilter, SessionManagementFilter, ExceptionTranslationFilter, AuthorizationFilter
2025-08-18 11:03:17 DEBUG [http-nio-9827-exec-2] o.s.security.web.FilterChainProxy [,] - Securing POST /api/loans
2025-08-18 11:03:17 DEBUG [http-nio-9827-exec-2] o.s.s.o.s.r.a.JwtAuthenticationProvider [,] - Authenticated token
2025-08-18 11:03:17 DEBUG [http-nio-9827-exec-2] o.s.s.o.s.r.w.a.BearerTokenAuthenticationFilter [,] - Set SecurityContextHolder to JwtAuthenticationToken [Principal=org.springframework.security.oauth2.jwt.Jwt@66d7150b, Credentials=[PROTECTED], Authenticated=true, Details=WebAuthenticationDetails [RemoteIpAddress=0:0:0:0:0:0:0:1, SessionId=null], Granted Authorities=[ROLE_default-roles-myrealm, ROLE_offline_access, ROLE_CUSTOMER, ROLE_uma_authorization]]
2025-08-18 11:03:17 DEBUG [http-nio-9827-exec-2] o.s.security.web.FilterChainProxy [,] - Secured POST /api/loans
2025-08-18 11:10:58 DEBUG [restartedMain] o.s.s.c.a.a.c.AuthenticationConfiguration$DefaultPasswordEncoderAuthenticationManagerBuilder [,] - No authenticationProviders and no parentAuthenticationManager defined. Returning null.
2025-08-18 11:10:58 DEBUG [restartedMain] o.s.s.web.DefaultSecurityFilterChain [,] - Will secure any request with filters: DisableEncodeUrlFilter, WebAsyncManagerIntegrationFilter, SecurityContextHolderFilter, HeaderWriterFilter, CorsFilter, LogoutFilter, BearerTokenAuthenticationFilter, RequestCacheAwareFilter, SecurityContextHolderAwareRequestFilter, AnonymousAuthenticationFilter, SessionManagementFilter, ExceptionTranslationFilter, AuthorizationFilter
2025-08-18 11:11:40 DEBUG [http-nio-9827-exec-1] o.s.security.web.FilterChainProxy [,] - Securing POST /api/loans
2025-08-18 11:11:40 DEBUG [http-nio-9827-exec-1] o.s.s.o.s.r.a.JwtAuthenticationProvider [,] - Authenticated token
2025-08-18 11:11:40 DEBUG [http-nio-9827-exec-1] o.s.s.o.s.r.w.a.BearerTokenAuthenticationFilter [,] - Set SecurityContextHolder to JwtAuthenticationToken [Principal=org.springframework.security.oauth2.jwt.Jwt@66d7150b, Credentials=[PROTECTED], Authenticated=true, Details=WebAuthenticationDetails [RemoteIpAddress=0:0:0:0:0:0:0:1, SessionId=null], Granted Authorities=[ROLE_default-roles-myrealm, ROLE_offline_access, ROLE_CUSTOMER, ROLE_uma_authorization]]
2025-08-18 11:11:40 DEBUG [http-nio-9827-exec-1] o.s.security.web.FilterChainProxy [,] - Secured POST /api/loans
2025-08-18 11:30:13 DEBUG [restartedMain] o.s.s.c.a.a.c.AuthenticationConfiguration$DefaultPasswordEncoderAuthenticationManagerBuilder [,] - No authenticationProviders and no parentAuthenticationManager defined. Returning null.
2025-08-18 11:30:13 DEBUG [restartedMain] o.s.s.web.DefaultSecurityFilterChain [,] - Will secure any request with filters: DisableEncodeUrlFilter, WebAsyncManagerIntegrationFilter, SecurityContextHolderFilter, HeaderWriterFilter, CorsFilter, LogoutFilter, BearerTokenAuthenticationFilter, RequestCacheAwareFilter, SecurityContextHolderAwareRequestFilter, AnonymousAuthenticationFilter, SessionManagementFilter, ExceptionTranslationFilter, AuthorizationFilter
2025-08-18 11:31:04 DEBUG [http-nio-9827-exec-1] o.s.security.web.FilterChainProxy [,] - Securing POST /api/loans
2025-08-18 11:31:05 DEBUG [http-nio-9827-exec-1] o.s.s.o.s.r.a.JwtAuthenticationProvider [,] - Authenticated token
2025-08-18 11:31:05 DEBUG [http-nio-9827-exec-1] o.s.s.o.s.r.w.a.BearerTokenAuthenticationFilter [,] - Set SecurityContextHolder to JwtAuthenticationToken [Principal=org.springframework.security.oauth2.jwt.Jwt@66d7150b, Credentials=[PROTECTED], Authenticated=true, Details=WebAuthenticationDetails [RemoteIpAddress=0:0:0:0:0:0:0:1, SessionId=null], Granted Authorities=[ROLE_default-roles-myrealm, ROLE_offline_access, ROLE_CUSTOMER, ROLE_uma_authorization]]
2025-08-18 11:31:05 DEBUG [http-nio-9827-exec-1] o.s.security.web.FilterChainProxy [,] - Secured POST /api/loans
2025-08-18 11:33:25 DEBUG [http-nio-9827-exec-4] o.s.security.web.FilterChainProxy [,] - Securing POST /api/loans
2025-08-18 11:33:25 DEBUG [http-nio-9827-exec-4] o.s.s.o.s.r.a.JwtAuthenticationProvider [,] - Authenticated token
2025-08-18 11:33:25 DEBUG [http-nio-9827-exec-4] o.s.s.o.s.r.w.a.BearerTokenAuthenticationFilter [,] - Set SecurityContextHolder to JwtAuthenticationToken [Principal=org.springframework.security.oauth2.jwt.Jwt@66d7150b, Credentials=[PROTECTED], Authenticated=true, Details=WebAuthenticationDetails [RemoteIpAddress=0:0:0:0:0:0:0:1, SessionId=null], Granted Authorities=[ROLE_default-roles-myrealm, ROLE_offline_access, ROLE_CUSTOMER, ROLE_uma_authorization]]
2025-08-18 11:33:25 DEBUG [http-nio-9827-exec-4] o.s.security.web.FilterChainProxy [,] - Secured POST /api/loans
2025-08-18 13:19:57 DEBUG [restartedMain] o.s.s.c.a.a.c.AuthenticationConfiguration$DefaultPasswordEncoderAuthenticationManagerBuilder [,] - No authenticationProviders and no parentAuthenticationManager defined. Returning null.
2025-08-18 13:19:57 DEBUG [restartedMain] o.s.s.web.DefaultSecurityFilterChain [,] - Will secure any request with filters: DisableEncodeUrlFilter, WebAsyncManagerIntegrationFilter, SecurityContextHolderFilter, HeaderWriterFilter, CorsFilter, LogoutFilter, BearerTokenAuthenticationFilter, RequestCacheAwareFilter, SecurityContextHolderAwareRequestFilter, AnonymousAuthenticationFilter, SessionManagementFilter, ExceptionTranslationFilter, AuthorizationFilter
2025-08-18 13:21:14 DEBUG [http-nio-9827-exec-2] o.s.security.web.FilterChainProxy [,] - Securing POST /api/loans
2025-08-18 13:21:14 DEBUG [http-nio-9827-exec-2] o.s.s.o.s.r.a.JwtAuthenticationProvider [,] - Authenticated token
2025-08-18 13:21:14 DEBUG [http-nio-9827-exec-2] o.s.s.o.s.r.w.a.BearerTokenAuthenticationFilter [,] - Set SecurityContextHolder to JwtAuthenticationToken [Principal=org.springframework.security.oauth2.jwt.Jwt@66d7150b, Credentials=[PROTECTED], Authenticated=true, Details=WebAuthenticationDetails [RemoteIpAddress=0:0:0:0:0:0:0:1, SessionId=null], Granted Authorities=[ROLE_default-roles-myrealm, ROLE_offline_access, ROLE_CUSTOMER, ROLE_uma_authorization]]
2025-08-18 13:21:14 DEBUG [http-nio-9827-exec-2] o.s.security.web.FilterChainProxy [,] - Secured POST /api/loans
2025-08-18 13:21:27 DEBUG [http-nio-9827-exec-3] o.s.security.web.FilterChainProxy [,] - Securing POST /api/loans/87/approve
2025-08-18 13:21:28 DEBUG [http-nio-9827-exec-3] o.s.s.o.s.r.a.JwtAuthenticationProvider [,] - Authenticated token
2025-08-18 13:21:28 DEBUG [http-nio-9827-exec-3] o.s.s.o.s.r.w.a.BearerTokenAuthenticationFilter [,] - Set SecurityContextHolder to JwtAuthenticationToken [Principal=org.springframework.security.oauth2.jwt.Jwt@66d7150b, Credentials=[PROTECTED], Authenticated=true, Details=WebAuthenticationDetails [RemoteIpAddress=0:0:0:0:0:0:0:1, SessionId=null], Granted Authorities=[ROLE_default-roles-myrealm, ROLE_offline_access, ROLE_CUSTOMER, ROLE_uma_authorization]]
2025-08-18 13:21:28 DEBUG [http-nio-9827-exec-3] o.s.security.web.FilterChainProxy [,] - Secured POST /api/loans/87/approve
2025-08-18 13:33:32 DEBUG [restartedMain] o.s.s.c.a.a.c.AuthenticationConfiguration$DefaultPasswordEncoderAuthenticationManagerBuilder [,] - No authenticationProviders and no parentAuthenticationManager defined. Returning null.
2025-08-18 13:33:32 DEBUG [restartedMain] o.s.s.web.DefaultSecurityFilterChain [,] - Will secure any request with filters: DisableEncodeUrlFilter, WebAsyncManagerIntegrationFilter, SecurityContextHolderFilter, HeaderWriterFilter, CorsFilter, LogoutFilter, BearerTokenAuthenticationFilter, RequestCacheAwareFilter, SecurityContextHolderAwareRequestFilter, AnonymousAuthenticationFilter, SessionManagementFilter, ExceptionTranslationFilter, AuthorizationFilter
2025-08-18 13:34:18 DEBUG [http-nio-9827-exec-1] o.s.security.web.FilterChainProxy [,] - Securing POST /api/loans/87/approve
2025-08-18 13:34:18 DEBUG [http-nio-9827-exec-1] o.s.s.o.s.r.a.JwtAuthenticationProvider [,] - Authenticated token
2025-08-18 13:34:18 DEBUG [http-nio-9827-exec-1] o.s.s.o.s.r.w.a.BearerTokenAuthenticationFilter [,] - Set SecurityContextHolder to JwtAuthenticationToken [Principal=org.springframework.security.oauth2.jwt.Jwt@66d7150b, Credentials=[PROTECTED], Authenticated=true, Details=WebAuthenticationDetails [RemoteIpAddress=0:0:0:0:0:0:0:1, SessionId=null], Granted Authorities=[ROLE_default-roles-myrealm, ROLE_offline_access, ROLE_CUSTOMER, ROLE_uma_authorization]]
2025-08-18 13:34:18 DEBUG [http-nio-9827-exec-1] o.s.security.web.FilterChainProxy [,] - Secured POST /api/loans/87/approve
2025-08-18 13:38:11 DEBUG [http-nio-9827-exec-4] o.s.security.web.FilterChainProxy [,] - Securing POST /api/loans/87/approve
2025-08-18 13:38:11 DEBUG [http-nio-9827-exec-4] o.s.s.o.s.r.a.JwtAuthenticationProvider [,] - Authenticated token
2025-08-18 13:38:11 DEBUG [http-nio-9827-exec-4] o.s.s.o.s.r.w.a.BearerTokenAuthenticationFilter [,] - Set SecurityContextHolder to JwtAuthenticationToken [Principal=org.springframework.security.oauth2.jwt.Jwt@66d7150b, Credentials=[PROTECTED], Authenticated=true, Details=WebAuthenticationDetails [RemoteIpAddress=0:0:0:0:0:0:0:1, SessionId=null], Granted Authorities=[ROLE_default-roles-myrealm, ROLE_offline_access, ROLE_CUSTOMER, ROLE_uma_authorization]]
2025-08-18 13:38:11 DEBUG [http-nio-9827-exec-4] o.s.security.web.FilterChainProxy [,] - Secured POST /api/loans/87/approve
2025-08-18 13:38:38 DEBUG [restartedMain] o.s.s.c.a.a.c.AuthenticationConfiguration$DefaultPasswordEncoderAuthenticationManagerBuilder [,] - No authenticationProviders and no parentAuthenticationManager defined. Returning null.
2025-08-18 13:38:39 DEBUG [restartedMain] o.s.s.web.DefaultSecurityFilterChain [,] - Will secure any request with filters: DisableEncodeUrlFilter, WebAsyncManagerIntegrationFilter, SecurityContextHolderFilter, HeaderWriterFilter, CorsFilter, LogoutFilter, BearerTokenAuthenticationFilter, RequestCacheAwareFilter, SecurityContextHolderAwareRequestFilter, AnonymousAuthenticationFilter, SessionManagementFilter, ExceptionTranslationFilter, AuthorizationFilter
2025-08-18 13:38:47 DEBUG [http-nio-9827-exec-2] o.s.security.web.FilterChainProxy [,] - Securing POST /api/loans/87/approve
2025-08-18 13:38:48 DEBUG [http-nio-9827-exec-2] o.s.s.o.s.r.a.JwtAuthenticationProvider [,] - Authenticated token
2025-08-18 13:38:48 DEBUG [http-nio-9827-exec-2] o.s.s.o.s.r.w.a.BearerTokenAuthenticationFilter [,] - Set SecurityContextHolder to JwtAuthenticationToken [Principal=org.springframework.security.oauth2.jwt.Jwt@66d7150b, Credentials=[PROTECTED], Authenticated=true, Details=WebAuthenticationDetails [RemoteIpAddress=0:0:0:0:0:0:0:1, SessionId=null], Granted Authorities=[ROLE_default-roles-myrealm, ROLE_offline_access, ROLE_CUSTOMER, ROLE_uma_authorization]]
2025-08-18 13:38:48 DEBUG [http-nio-9827-exec-2] o.s.security.web.FilterChainProxy [,] - Secured POST /api/loans/87/approve
2025-08-18 13:55:30 DEBUG [restartedMain] o.s.s.c.a.a.c.AuthenticationConfiguration$DefaultPasswordEncoderAuthenticationManagerBuilder [,] - No authenticationProviders and no parentAuthenticationManager defined. Returning null.
2025-08-18 13:55:31 DEBUG [restartedMain] o.s.s.web.DefaultSecurityFilterChain [,] - Will secure any request with filters: DisableEncodeUrlFilter, WebAsyncManagerIntegrationFilter, SecurityContextHolderFilter, HeaderWriterFilter, CorsFilter, LogoutFilter, BearerTokenAuthenticationFilter, RequestCacheAwareFilter, SecurityContextHolderAwareRequestFilter, AnonymousAuthenticationFilter, SessionManagementFilter, ExceptionTranslationFilter, AuthorizationFilter
2025-08-18 13:56:42 DEBUG [restartedMain] o.s.s.c.a.a.c.AuthenticationConfiguration$DefaultPasswordEncoderAuthenticationManagerBuilder [,] - No authenticationProviders and no parentAuthenticationManager defined. Returning null.
2025-08-18 13:56:43 DEBUG [restartedMain] o.s.s.web.DefaultSecurityFilterChain [,] - Will secure any request with filters: DisableEncodeUrlFilter, WebAsyncManagerIntegrationFilter, SecurityContextHolderFilter, HeaderWriterFilter, CorsFilter, LogoutFilter, BearerTokenAuthenticationFilter, RequestCacheAwareFilter, SecurityContextHolderAwareRequestFilter, AnonymousAuthenticationFilter, SessionManagementFilter, ExceptionTranslationFilter, AuthorizationFilter
2025-08-18 13:57:31 DEBUG [http-nio-9827-exec-2] o.s.security.web.FilterChainProxy [,] - Securing POST /api/loans/87/approve
2025-08-18 13:57:31 DEBUG [http-nio-9827-exec-2] o.s.s.o.s.r.a.JwtAuthenticationProvider [,] - Authenticated token
2025-08-18 13:57:31 DEBUG [http-nio-9827-exec-2] o.s.s.o.s.r.w.a.BearerTokenAuthenticationFilter [,] - Set SecurityContextHolder to JwtAuthenticationToken [Principal=org.springframework.security.oauth2.jwt.Jwt@66d7150b, Credentials=[PROTECTED], Authenticated=true, Details=WebAuthenticationDetails [RemoteIpAddress=0:0:0:0:0:0:0:1, SessionId=null], Granted Authorities=[ROLE_default-roles-myrealm, ROLE_offline_access, ROLE_CUSTOMER, ROLE_uma_authorization]]
2025-08-18 13:57:31 DEBUG [http-nio-9827-exec-2] o.s.security.web.FilterChainProxy [,] - Secured POST /api/loans/87/approve
2025-08-18 14:02:06 DEBUG [restartedMain] o.s.s.c.a.a.c.AuthenticationConfiguration$DefaultPasswordEncoderAuthenticationManagerBuilder [,] - No authenticationProviders and no parentAuthenticationManager defined. Returning null.
2025-08-18 14:02:06 DEBUG [restartedMain] o.s.s.web.DefaultSecurityFilterChain [,] - Will secure any request with filters: DisableEncodeUrlFilter, WebAsyncManagerIntegrationFilter, SecurityContextHolderFilter, HeaderWriterFilter, CorsFilter, LogoutFilter, BearerTokenAuthenticationFilter, RequestCacheAwareFilter, SecurityContextHolderAwareRequestFilter, AnonymousAuthenticationFilter, SessionManagementFilter, ExceptionTranslationFilter, AuthorizationFilter
2025-08-18 14:02:22 DEBUG [http-nio-9827-exec-2] o.s.security.web.FilterChainProxy [,] - Securing POST /api/loans/87/approve
2025-08-18 14:02:22 DEBUG [http-nio-9827-exec-2] o.s.s.o.s.r.a.JwtAuthenticationProvider [,] - Authenticated token
2025-08-18 14:02:22 DEBUG [http-nio-9827-exec-2] o.s.s.o.s.r.w.a.BearerTokenAuthenticationFilter [,] - Set SecurityContextHolder to JwtAuthenticationToken [Principal=org.springframework.security.oauth2.jwt.Jwt@66d7150b, Credentials=[PROTECTED], Authenticated=true, Details=WebAuthenticationDetails [RemoteIpAddress=0:0:0:0:0:0:0:1, SessionId=null], Granted Authorities=[ROLE_default-roles-myrealm, ROLE_offline_access, ROLE_CUSTOMER, ROLE_uma_authorization]]
2025-08-18 14:02:22 DEBUG [http-nio-9827-exec-2] o.s.security.web.FilterChainProxy [,] - Secured POST /api/loans/87/approve
2025-08-18 14:03:49 DEBUG [http-nio-9827-exec-4] o.s.security.web.FilterChainProxy [,] - Securing POST /api/loans/87/approve
2025-08-18 14:03:49 DEBUG [http-nio-9827-exec-4] o.s.s.o.s.r.a.JwtAuthenticationProvider [,] - Authenticated token
2025-08-18 14:03:49 DEBUG [http-nio-9827-exec-4] o.s.s.o.s.r.w.a.BearerTokenAuthenticationFilter [,] - Set SecurityContextHolder to JwtAuthenticationToken [Principal=org.springframework.security.oauth2.jwt.Jwt@66d7150b, Credentials=[PROTECTED], Authenticated=true, Details=WebAuthenticationDetails [RemoteIpAddress=0:0:0:0:0:0:0:1, SessionId=null], Granted Authorities=[ROLE_default-roles-myrealm, ROLE_offline_access, ROLE_CUSTOMER, ROLE_uma_authorization]]
2025-08-18 14:03:49 DEBUG [http-nio-9827-exec-4] o.s.security.web.FilterChainProxy [,] - Secured POST /api/loans/87/approve
2025-08-18 14:11:06 DEBUG [restartedMain] o.s.s.c.a.a.c.AuthenticationConfiguration$DefaultPasswordEncoderAuthenticationManagerBuilder [,] - No authenticationProviders and no parentAuthenticationManager defined. Returning null.
2025-08-18 14:11:07 DEBUG [restartedMain] o.s.s.web.DefaultSecurityFilterChain [,] - Will secure any request with filters: DisableEncodeUrlFilter, WebAsyncManagerIntegrationFilter, SecurityContextHolderFilter, HeaderWriterFilter, CorsFilter, LogoutFilter, BearerTokenAuthenticationFilter, RequestCacheAwareFilter, SecurityContextHolderAwareRequestFilter, AnonymousAuthenticationFilter, SessionManagementFilter, ExceptionTranslationFilter, AuthorizationFilter
2025-08-18 14:12:25 DEBUG [http-nio-9827-exec-2] o.s.security.web.FilterChainProxy [,] - Securing POST /api/loans/87/approve
2025-08-18 14:12:25 DEBUG [http-nio-9827-exec-2] o.s.s.o.s.r.a.JwtAuthenticationProvider [,] - Authenticated token
2025-08-18 14:12:25 DEBUG [http-nio-9827-exec-2] o.s.s.o.s.r.w.a.BearerTokenAuthenticationFilter [,] - Set SecurityContextHolder to JwtAuthenticationToken [Principal=org.springframework.security.oauth2.jwt.Jwt@66d7150b, Credentials=[PROTECTED], Authenticated=true, Details=WebAuthenticationDetails [RemoteIpAddress=0:0:0:0:0:0:0:1, SessionId=null], Granted Authorities=[ROLE_default-roles-myrealm, ROLE_offline_access, ROLE_CUSTOMER, ROLE_uma_authorization]]
2025-08-18 14:12:25 DEBUG [http-nio-9827-exec-2] o.s.security.web.FilterChainProxy [,] - Secured POST /api/loans/87/approve
2025-08-18 14:14:20 DEBUG [restartedMain] o.s.s.c.a.a.c.AuthenticationConfiguration$DefaultPasswordEncoderAuthenticationManagerBuilder [,] - No authenticationProviders and no parentAuthenticationManager defined. Returning null.
2025-08-18 14:14:21 DEBUG [restartedMain] o.s.s.web.DefaultSecurityFilterChain [,] - Will secure any request with filters: DisableEncodeUrlFilter, WebAsyncManagerIntegrationFilter, SecurityContextHolderFilter, HeaderWriterFilter, CorsFilter, LogoutFilter, BearerTokenAuthenticationFilter, RequestCacheAwareFilter, SecurityContextHolderAwareRequestFilter, AnonymousAuthenticationFilter, SessionManagementFilter, ExceptionTranslationFilter, AuthorizationFilter
2025-08-18 14:14:27 DEBUG [http-nio-9827-exec-1] o.s.security.web.FilterChainProxy [,] - Securing POST /api/loans/87/approve
2025-08-18 14:14:27 DEBUG [http-nio-9827-exec-1] o.s.s.o.s.r.a.JwtAuthenticationProvider [,] - Authenticated token
2025-08-18 14:14:27 DEBUG [http-nio-9827-exec-1] o.s.s.o.s.r.w.a.BearerTokenAuthenticationFilter [,] - Set SecurityContextHolder to JwtAuthenticationToken [Principal=org.springframework.security.oauth2.jwt.Jwt@66d7150b, Credentials=[PROTECTED], Authenticated=true, Details=WebAuthenticationDetails [RemoteIpAddress=0:0:0:0:0:0:0:1, SessionId=null], Granted Authorities=[ROLE_default-roles-myrealm, ROLE_offline_access, ROLE_CUSTOMER, ROLE_uma_authorization]]
2025-08-18 14:14:27 DEBUG [http-nio-9827-exec-1] o.s.security.web.FilterChainProxy [,] - Secured POST /api/loans/87/approve
2025-08-18 14:16:54 DEBUG [http-nio-9827-exec-3] o.s.security.web.FilterChainProxy [,] - Securing POST /api/loans/87/approve
2025-08-18 14:16:54 DEBUG [http-nio-9827-exec-3] o.s.s.o.s.r.a.JwtAuthenticationProvider [,] - Authenticated token
2025-08-18 14:16:54 DEBUG [http-nio-9827-exec-3] o.s.s.o.s.r.w.a.BearerTokenAuthenticationFilter [,] - Set SecurityContextHolder to JwtAuthenticationToken [Principal=org.springframework.security.oauth2.jwt.Jwt@66d7150b, Credentials=[PROTECTED], Authenticated=true, Details=WebAuthenticationDetails [RemoteIpAddress=0:0:0:0:0:0:0:1, SessionId=null], Granted Authorities=[ROLE_default-roles-myrealm, ROLE_offline_access, ROLE_CUSTOMER, ROLE_uma_authorization]]
2025-08-18 14:16:54 DEBUG [http-nio-9827-exec-3] o.s.security.web.FilterChainProxy [,] - Secured POST /api/loans/87/approve
2025-08-18 14:52:42 DEBUG [restartedMain] o.s.s.c.a.a.c.AuthenticationConfiguration$DefaultPasswordEncoderAuthenticationManagerBuilder [,] - No authenticationProviders and no parentAuthenticationManager defined. Returning null.
2025-08-18 14:52:42 DEBUG [restartedMain] o.s.s.web.DefaultSecurityFilterChain [,] - Will secure any request with filters: DisableEncodeUrlFilter, WebAsyncManagerIntegrationFilter, SecurityContextHolderFilter, HeaderWriterFilter, CorsFilter, LogoutFilter, BearerTokenAuthenticationFilter, RequestCacheAwareFilter, SecurityContextHolderAwareRequestFilter, AnonymousAuthenticationFilter, SessionManagementFilter, ExceptionTranslationFilter, AuthorizationFilter
2025-08-18 15:02:28 DEBUG [http-nio-9827-exec-2] o.s.security.web.FilterChainProxy [,] - Securing POST /api/loans/87/approve
2025-08-18 15:02:28 DEBUG [http-nio-9827-exec-2] o.s.s.o.s.r.a.JwtAuthenticationProvider [,] - Authenticated token
2025-08-18 15:02:28 DEBUG [http-nio-9827-exec-2] o.s.s.o.s.r.w.a.BearerTokenAuthenticationFilter [,] - Set SecurityContextHolder to JwtAuthenticationToken [Principal=org.springframework.security.oauth2.jwt.Jwt@66d7150b, Credentials=[PROTECTED], Authenticated=true, Details=WebAuthenticationDetails [RemoteIpAddress=0:0:0:0:0:0:0:1, SessionId=null], Granted Authorities=[ROLE_default-roles-myrealm, ROLE_offline_access, ROLE_CUSTOMER, ROLE_uma_authorization]]
2025-08-18 15:02:28 DEBUG [http-nio-9827-exec-2] o.s.security.web.FilterChainProxy [,] - Secured POST /api/loans/87/approve
2025-08-18 16:08:21 DEBUG [restartedMain] o.s.s.c.a.a.c.AuthenticationConfiguration$DefaultPasswordEncoderAuthenticationManagerBuilder [,] - No authenticationProviders and no parentAuthenticationManager defined. Returning null.
2025-08-18 16:08:22 DEBUG [restartedMain] o.s.s.web.DefaultSecurityFilterChain [,] - Will secure any request with filters: DisableEncodeUrlFilter, WebAsyncManagerIntegrationFilter, SecurityContextHolderFilter, HeaderWriterFilter, CorsFilter, LogoutFilter, BearerTokenAuthenticationFilter, RequestCacheAwareFilter, SecurityContextHolderAwareRequestFilter, AnonymousAuthenticationFilter, SessionManagementFilter, ExceptionTranslationFilter, AuthorizationFilter
2025-08-18 16:09:27 DEBUG [http-nio-9827-exec-2] o.s.security.web.FilterChainProxy [,] - Securing POST /api/loans/87/approve
2025-08-18 16:09:27 DEBUG [http-nio-9827-exec-2] o.s.s.o.s.r.a.JwtAuthenticationProvider [,] - Authenticated token
2025-08-18 16:09:27 DEBUG [http-nio-9827-exec-2] o.s.s.o.s.r.w.a.BearerTokenAuthenticationFilter [,] - Set SecurityContextHolder to JwtAuthenticationToken [Principal=org.springframework.security.oauth2.jwt.Jwt@66d7150b, Credentials=[PROTECTED], Authenticated=true, Details=WebAuthenticationDetails [RemoteIpAddress=0:0:0:0:0:0:0:1, SessionId=null], Granted Authorities=[ROLE_default-roles-myrealm, ROLE_offline_access, ROLE_CUSTOMER, ROLE_uma_authorization]]
2025-08-18 16:09:27 DEBUG [http-nio-9827-exec-2] o.s.security.web.FilterChainProxy [,] - Secured POST /api/loans/87/approve
2025-08-18 16:13:29 DEBUG [restartedMain] o.s.s.c.a.a.c.AuthenticationConfiguration$DefaultPasswordEncoderAuthenticationManagerBuilder [,] - No authenticationProviders and no parentAuthenticationManager defined. Returning null.
2025-08-18 16:13:29 DEBUG [restartedMain] o.s.s.web.DefaultSecurityFilterChain [,] - Will secure any request with filters: DisableEncodeUrlFilter, WebAsyncManagerIntegrationFilter, SecurityContextHolderFilter, HeaderWriterFilter, CorsFilter, LogoutFilter, BearerTokenAuthenticationFilter, RequestCacheAwareFilter, SecurityContextHolderAwareRequestFilter, AnonymousAuthenticationFilter, SessionManagementFilter, ExceptionTranslationFilter, AuthorizationFilter
2025-08-18 16:13:39 DEBUG [http-nio-9827-exec-3] o.s.security.web.FilterChainProxy [,] - Securing POST /api/loans/87/approve
2025-08-18 16:13:39 DEBUG [http-nio-9827-exec-3] o.s.s.o.s.r.a.JwtAuthenticationProvider [,] - Authenticated token
2025-08-18 16:13:39 DEBUG [http-nio-9827-exec-3] o.s.s.o.s.r.w.a.BearerTokenAuthenticationFilter [,] - Set SecurityContextHolder to JwtAuthenticationToken [Principal=org.springframework.security.oauth2.jwt.Jwt@66d7150b, Credentials=[PROTECTED], Authenticated=true, Details=WebAuthenticationDetails [RemoteIpAddress=0:0:0:0:0:0:0:1, SessionId=null], Granted Authorities=[ROLE_default-roles-myrealm, ROLE_offline_access, ROLE_CUSTOMER, ROLE_uma_authorization]]
2025-08-18 16:13:39 DEBUG [http-nio-9827-exec-3] o.s.security.web.FilterChainProxy [,] - Secured POST /api/loans/87/approve
2025-08-18 16:15:48 DEBUG [http-nio-9827-exec-5] o.s.security.web.FilterChainProxy [,] - Securing POST /api/loans
2025-08-18 16:15:48 DEBUG [http-nio-9827-exec-5] o.s.s.o.s.r.a.JwtAuthenticationProvider [,] - Authenticated token
2025-08-18 16:15:48 DEBUG [http-nio-9827-exec-5] o.s.s.o.s.r.w.a.BearerTokenAuthenticationFilter [,] - Set SecurityContextHolder to JwtAuthenticationToken [Principal=org.springframework.security.oauth2.jwt.Jwt@66d7150b, Credentials=[PROTECTED], Authenticated=true, Details=WebAuthenticationDetails [RemoteIpAddress=0:0:0:0:0:0:0:1, SessionId=null], Granted Authorities=[ROLE_default-roles-myrealm, ROLE_offline_access, ROLE_CUSTOMER, ROLE_uma_authorization]]
2025-08-18 16:15:48 DEBUG [http-nio-9827-exec-5] o.s.security.web.FilterChainProxy [,] - Secured POST /api/loans
2025-08-18 16:15:56 DEBUG [http-nio-9827-exec-2] o.s.security.web.FilterChainProxy [,] - Securing POST /api/loans/88/approve
2025-08-18 16:15:56 DEBUG [http-nio-9827-exec-2] o.s.s.o.s.r.a.JwtAuthenticationProvider [,] - Authenticated token
2025-08-18 16:15:56 DEBUG [http-nio-9827-exec-2] o.s.s.o.s.r.w.a.BearerTokenAuthenticationFilter [,] - Set SecurityContextHolder to JwtAuthenticationToken [Principal=org.springframework.security.oauth2.jwt.Jwt@66d7150b, Credentials=[PROTECTED], Authenticated=true, Details=WebAuthenticationDetails [RemoteIpAddress=0:0:0:0:0:0:0:1, SessionId=null], Granted Authorities=[ROLE_default-roles-myrealm, ROLE_offline_access, ROLE_CUSTOMER, ROLE_uma_authorization]]
2025-08-18 16:15:56 DEBUG [http-nio-9827-exec-2] o.s.security.web.FilterChainProxy [,] - Secured POST /api/loans/88/approve
2025-08-18 16:34:47 DEBUG [restartedMain] o.s.s.c.a.a.c.AuthenticationConfiguration$DefaultPasswordEncoderAuthenticationManagerBuilder [,] - No authenticationProviders and no parentAuthenticationManager defined. Returning null.
2025-08-18 16:34:48 DEBUG [restartedMain] o.s.s.web.DefaultSecurityFilterChain [,] - Will secure any request with filters: DisableEncodeUrlFilter, WebAsyncManagerIntegrationFilter, SecurityContextHolderFilter, HeaderWriterFilter, CorsFilter, LogoutFilter, BearerTokenAuthenticationFilter, RequestCacheAwareFilter, SecurityContextHolderAwareRequestFilter, AnonymousAuthenticationFilter, SessionManagementFilter, ExceptionTranslationFilter, AuthorizationFilter
2025-08-18 16:35:05 DEBUG [http-nio-9827-exec-2] o.s.security.web.FilterChainProxy [,] - Securing POST /api/loans
2025-08-18 16:35:05 DEBUG [http-nio-9827-exec-2] o.s.s.o.s.r.a.JwtAuthenticationProvider [,] - Authenticated token
2025-08-18 16:35:05 DEBUG [http-nio-9827-exec-2] o.s.s.o.s.r.w.a.BearerTokenAuthenticationFilter [,] - Set SecurityContextHolder to JwtAuthenticationToken [Principal=org.springframework.security.oauth2.jwt.Jwt@66d7150b, Credentials=[PROTECTED], Authenticated=true, Details=WebAuthenticationDetails [RemoteIpAddress=0:0:0:0:0:0:0:1, SessionId=null], Granted Authorities=[ROLE_default-roles-myrealm, ROLE_offline_access, ROLE_CUSTOMER, ROLE_uma_authorization]]
2025-08-18 16:35:05 DEBUG [http-nio-9827-exec-2] o.s.security.web.FilterChainProxy [,] - Secured POST /api/loans
2025-08-18 16:35:13 DEBUG [http-nio-9827-exec-3] o.s.security.web.FilterChainProxy [,] - Securing POST /api/loans/89/approve
2025-08-18 16:35:13 DEBUG [http-nio-9827-exec-3] o.s.s.o.s.r.a.JwtAuthenticationProvider [,] - Authenticated token
2025-08-18 16:35:13 DEBUG [http-nio-9827-exec-3] o.s.s.o.s.r.w.a.BearerTokenAuthenticationFilter [,] - Set SecurityContextHolder to JwtAuthenticationToken [Principal=org.springframework.security.oauth2.jwt.Jwt@66d7150b, Credentials=[PROTECTED], Authenticated=true, Details=WebAuthenticationDetails [RemoteIpAddress=0:0:0:0:0:0:0:1, SessionId=null], Granted Authorities=[ROLE_default-roles-myrealm, ROLE_offline_access, ROLE_CUSTOMER, ROLE_uma_authorization]]
2025-08-18 16:35:13 DEBUG [http-nio-9827-exec-3] o.s.security.web.FilterChainProxy [,] - Secured POST /api/loans/89/approve
2025-08-18 16:56:33 DEBUG [restartedMain] o.s.s.c.a.a.c.AuthenticationConfiguration$DefaultPasswordEncoderAuthenticationManagerBuilder [,] - No authenticationProviders and no parentAuthenticationManager defined. Returning null.
2025-08-18 16:56:33 DEBUG [restartedMain] o.s.s.web.DefaultSecurityFilterChain [,] - Will secure any request with filters: DisableEncodeUrlFilter, WebAsyncManagerIntegrationFilter, SecurityContextHolderFilter, HeaderWriterFilter, CorsFilter, LogoutFilter, BearerTokenAuthenticationFilter, RequestCacheAwareFilter, SecurityContextHolderAwareRequestFilter, AnonymousAuthenticationFilter, SessionManagementFilter, ExceptionTranslationFilter, AuthorizationFilter
2025-08-18 16:56:47 DEBUG [http-nio-9827-exec-2] o.s.security.web.FilterChainProxy [,] - Securing POST /api/loans
2025-08-18 16:56:47 DEBUG [http-nio-9827-exec-2] o.s.s.o.s.r.a.JwtAuthenticationProvider [,] - Authenticated token
2025-08-18 16:56:47 DEBUG [http-nio-9827-exec-2] o.s.s.o.s.r.w.a.BearerTokenAuthenticationFilter [,] - Set SecurityContextHolder to JwtAuthenticationToken [Principal=org.springframework.security.oauth2.jwt.Jwt@66d7150b, Credentials=[PROTECTED], Authenticated=true, Details=WebAuthenticationDetails [RemoteIpAddress=0:0:0:0:0:0:0:1, SessionId=null], Granted Authorities=[ROLE_default-roles-myrealm, ROLE_offline_access, ROLE_CUSTOMER, ROLE_uma_authorization]]
2025-08-18 16:56:47 DEBUG [http-nio-9827-exec-2] o.s.security.web.FilterChainProxy [,] - Secured POST /api/loans
2025-08-18 16:56:54 DEBUG [http-nio-9827-exec-3] o.s.security.web.FilterChainProxy [,] - Securing POST /api/loans/90/approve
2025-08-18 16:56:54 DEBUG [http-nio-9827-exec-3] o.s.s.o.s.r.a.JwtAuthenticationProvider [,] - Authenticated token
2025-08-18 16:56:54 DEBUG [http-nio-9827-exec-3] o.s.s.o.s.r.w.a.BearerTokenAuthenticationFilter [,] - Set SecurityContextHolder to JwtAuthenticationToken [Principal=org.springframework.security.oauth2.jwt.Jwt@66d7150b, Credentials=[PROTECTED], Authenticated=true, Details=WebAuthenticationDetails [RemoteIpAddress=0:0:0:0:0:0:0:1, SessionId=null], Granted Authorities=[ROLE_default-roles-myrealm, ROLE_offline_access, ROLE_CUSTOMER, ROLE_uma_authorization]]
2025-08-18 16:56:54 DEBUG [http-nio-9827-exec-3] o.s.security.web.FilterChainProxy [,] - Secured POST /api/loans/90/approve
2025-08-18 16:59:01 DEBUG [http-nio-9827-exec-6] o.s.security.web.FilterChainProxy [,] - Securing GET /api/loans/90
2025-08-18 16:59:01 DEBUG [http-nio-9827-exec-6] o.s.s.o.s.r.a.JwtAuthenticationProvider [,] - Authenticated token
2025-08-18 16:59:01 DEBUG [http-nio-9827-exec-6] o.s.s.o.s.r.w.a.BearerTokenAuthenticationFilter [,] - Set SecurityContextHolder to JwtAuthenticationToken [Principal=org.springframework.security.oauth2.jwt.Jwt@66d7150b, Credentials=[PROTECTED], Authenticated=true, Details=WebAuthenticationDetails [RemoteIpAddress=0:0:0:0:0:0:0:1, SessionId=null], Granted Authorities=[ROLE_default-roles-myrealm, ROLE_offline_access, ROLE_CUSTOMER, ROLE_uma_authorization]]
2025-08-18 16:59:01 DEBUG [http-nio-9827-exec-6] o.s.security.web.FilterChainProxy [,] - Secured GET /api/loans/90
2025-08-18 17:02:30 DEBUG [restartedMain] o.s.s.c.a.a.c.AuthenticationConfiguration$DefaultPasswordEncoderAuthenticationManagerBuilder [,] - No authenticationProviders and no parentAuthenticationManager defined. Returning null.
2025-08-18 17:02:31 DEBUG [restartedMain] o.s.s.web.DefaultSecurityFilterChain [,] - Will secure any request with filters: DisableEncodeUrlFilter, WebAsyncManagerIntegrationFilter, SecurityContextHolderFilter, HeaderWriterFilter, CorsFilter, LogoutFilter, BearerTokenAuthenticationFilter, RequestCacheAwareFilter, SecurityContextHolderAwareRequestFilter, AnonymousAuthenticationFilter, SessionManagementFilter, ExceptionTranslationFilter, AuthorizationFilter
2025-08-18 17:03:24 DEBUG [http-nio-9827-exec-2] o.s.security.web.FilterChainProxy [,] - Securing POST /api/loans
2025-08-18 17:03:24 DEBUG [http-nio-9827-exec-2] o.s.s.o.s.r.a.JwtAuthenticationProvider [,] - Authenticated token
2025-08-18 17:03:24 DEBUG [http-nio-9827-exec-2] o.s.s.o.s.r.w.a.BearerTokenAuthenticationFilter [,] - Set SecurityContextHolder to JwtAuthenticationToken [Principal=org.springframework.security.oauth2.jwt.Jwt@66d7150b, Credentials=[PROTECTED], Authenticated=true, Details=WebAuthenticationDetails [RemoteIpAddress=0:0:0:0:0:0:0:1, SessionId=null], Granted Authorities=[ROLE_default-roles-myrealm, ROLE_offline_access, ROLE_CUSTOMER, ROLE_uma_authorization]]
2025-08-18 17:03:24 DEBUG [http-nio-9827-exec-2] o.s.security.web.FilterChainProxy [,] - Secured POST /api/loans
2025-08-18 17:03:31 DEBUG [http-nio-9827-exec-3] o.s.security.web.FilterChainProxy [,] - Securing POST /api/loans/91/approve
2025-08-18 17:03:31 DEBUG [http-nio-9827-exec-3] o.s.s.o.s.r.a.JwtAuthenticationProvider [,] - Authenticated token
2025-08-18 17:03:31 DEBUG [http-nio-9827-exec-3] o.s.s.o.s.r.w.a.BearerTokenAuthenticationFilter [,] - Set SecurityContextHolder to JwtAuthenticationToken [Principal=org.springframework.security.oauth2.jwt.Jwt@66d7150b, Credentials=[PROTECTED], Authenticated=true, Details=WebAuthenticationDetails [RemoteIpAddress=0:0:0:0:0:0:0:1, SessionId=null], Granted Authorities=[ROLE_default-roles-myrealm, ROLE_offline_access, ROLE_CUSTOMER, ROLE_uma_authorization]]
2025-08-18 17:03:31 DEBUG [http-nio-9827-exec-3] o.s.security.web.FilterChainProxy [,] - Secured POST /api/loans/91/approve
2025-08-18 17:10:16 DEBUG [restartedMain] o.s.s.c.a.a.c.AuthenticationConfiguration$DefaultPasswordEncoderAuthenticationManagerBuilder [,] - No authenticationProviders and no parentAuthenticationManager defined. Returning null.
2025-08-18 17:10:16 DEBUG [restartedMain] o.s.s.web.DefaultSecurityFilterChain [,] - Will secure any request with filters: DisableEncodeUrlFilter, WebAsyncManagerIntegrationFilter, SecurityContextHolderFilter, HeaderWriterFilter, CorsFilter, LogoutFilter, BearerTokenAuthenticationFilter, RequestCacheAwareFilter, SecurityContextHolderAwareRequestFilter, AnonymousAuthenticationFilter, SessionManagementFilter, ExceptionTranslationFilter, AuthorizationFilter
2025-08-18 17:11:04 DEBUG [http-nio-9827-exec-2] o.s.security.web.FilterChainProxy [,] - Securing GET /api/loans/90
2025-08-18 17:11:04 DEBUG [http-nio-9827-exec-2] o.s.s.o.s.r.a.JwtAuthenticationProvider [,] - Authenticated token
2025-08-18 17:11:04 DEBUG [http-nio-9827-exec-2] o.s.s.o.s.r.w.a.BearerTokenAuthenticationFilter [,] - Set SecurityContextHolder to JwtAuthenticationToken [Principal=org.springframework.security.oauth2.jwt.Jwt@66d7150b, Credentials=[PROTECTED], Authenticated=true, Details=WebAuthenticationDetails [RemoteIpAddress=0:0:0:0:0:0:0:1, SessionId=null], Granted Authorities=[ROLE_default-roles-myrealm, ROLE_offline_access, ROLE_CUSTOMER, ROLE_uma_authorization]]
2025-08-18 17:11:04 DEBUG [http-nio-9827-exec-2] o.s.security.web.FilterChainProxy [,] - Secured GET /api/loans/90
2025-08-18 17:11:11 DEBUG [http-nio-9827-exec-3] o.s.security.web.FilterChainProxy [,] - Securing POST /api/loans
2025-08-18 17:11:11 DEBUG [http-nio-9827-exec-3] o.s.s.o.s.r.a.JwtAuthenticationProvider [,] - Authenticated token
2025-08-18 17:11:11 DEBUG [http-nio-9827-exec-3] o.s.s.o.s.r.w.a.BearerTokenAuthenticationFilter [,] - Set SecurityContextHolder to JwtAuthenticationToken [Principal=org.springframework.security.oauth2.jwt.Jwt@66d7150b, Credentials=[PROTECTED], Authenticated=true, Details=WebAuthenticationDetails [RemoteIpAddress=0:0:0:0:0:0:0:1, SessionId=null], Granted Authorities=[ROLE_default-roles-myrealm, ROLE_offline_access, ROLE_CUSTOMER, ROLE_uma_authorization]]
2025-08-18 17:11:11 DEBUG [http-nio-9827-exec-3] o.s.security.web.FilterChainProxy [,] - Secured POST /api/loans
2025-08-18 17:11:16 DEBUG [http-nio-9827-exec-4] o.s.security.web.FilterChainProxy [,] - Securing POST /api/loans/92/approve
2025-08-18 17:11:16 DEBUG [http-nio-9827-exec-4] o.s.s.o.s.r.a.JwtAuthenticationProvider [,] - Authenticated token
2025-08-18 17:11:16 DEBUG [http-nio-9827-exec-4] o.s.s.o.s.r.w.a.BearerTokenAuthenticationFilter [,] - Set SecurityContextHolder to JwtAuthenticationToken [Principal=org.springframework.security.oauth2.jwt.Jwt@66d7150b, Credentials=[PROTECTED], Authenticated=true, Details=WebAuthenticationDetails [RemoteIpAddress=0:0:0:0:0:0:0:1, SessionId=null], Granted Authorities=[ROLE_default-roles-myrealm, ROLE_offline_access, ROLE_CUSTOMER, ROLE_uma_authorization]]
2025-08-18 17:11:16 DEBUG [http-nio-9827-exec-4] o.s.security.web.FilterChainProxy [,] - Secured POST /api/loans/92/approve
2025-08-18 17:17:01 DEBUG [restartedMain] o.s.s.c.a.a.c.AuthenticationConfiguration$DefaultPasswordEncoderAuthenticationManagerBuilder [,] - No authenticationProviders and no parentAuthenticationManager defined. Returning null.
2025-08-18 17:17:02 DEBUG [restartedMain] o.s.s.web.DefaultSecurityFilterChain [,] - Will secure any request with filters: DisableEncodeUrlFilter, WebAsyncManagerIntegrationFilter, SecurityContextHolderFilter, HeaderWriterFilter, CorsFilter, LogoutFilter, BearerTokenAuthenticationFilter, RequestCacheAwareFilter, SecurityContextHolderAwareRequestFilter, AnonymousAuthenticationFilter, SessionManagementFilter, ExceptionTranslationFilter, AuthorizationFilter
