2025-07-31 16:09:46 DEBUG [restartedMain] o.s.s.c.a.a.c.AuthenticationConfiguration$DefaultPasswordEncoderAuthenticationManagerBuilder [,] - No authenticationProviders and no parentAuthenticationManager defined. Returning null.
2025-07-31 16:09:47 DEBUG [restartedMain] o.s.s.web.DefaultSecurityFilterChain [,] - Will secure any request with filters: DisableEncodeUrlFilter, WebAsyncManagerIntegrationFilter, SecurityContextHolderFilter, HeaderWriterFilter, CorsFilter, LogoutFilter, BearerTokenAuthenticationFilter, RequestCacheAwareFilter, SecurityContextHolderAwareRequestFilter, AnonymousAuthenticationFilter, SessionManagementFilter, ExceptionTranslationFilter, AuthorizationFilter
2025-07-31 16:13:50 DEBUG [restartedMain] o.s.s.c.a.a.c.AuthenticationConfiguration$DefaultPasswordEncoderAuthenticationManagerBuilder [,] - No authenticationProviders and no parentAuthenticationManager defined. Returning null.
2025-07-31 16:13:51 DEBUG [restartedMain] o.s.s.web.DefaultSecurityFilterChain [,] - Will secure any request with filters: DisableEncodeUrlFilter, WebAsyncManagerIntegrationFilter, SecurityContextHolderFilter, HeaderWriterFilter, CorsFilter, LogoutFilter, BearerTokenAuthenticationFilter, RequestCacheAwareFilter, SecurityContextHolderAwareRequestFilter, AnonymousAuthenticationFilter, SessionManagementFilter, ExceptionTranslationFilter, AuthorizationFilter
2025-07-31 16:21:30 DEBUG [restartedMain] o.s.s.c.a.a.c.AuthenticationConfiguration$DefaultPasswordEncoderAuthenticationManagerBuilder [,] - No authenticationProviders and no parentAuthenticationManager defined. Returning null.
2025-07-31 16:21:31 DEBUG [restartedMain] o.s.s.web.DefaultSecurityFilterChain [,] - Will secure any request with filters: DisableEncodeUrlFilter, WebAsyncManagerIntegrationFilter, SecurityContextHolderFilter, HeaderWriterFilter, CorsFilter, LogoutFilter, BearerTokenAuthenticationFilter, RequestCacheAwareFilter, SecurityContextHolderAwareRequestFilter, AnonymousAuthenticationFilter, SessionManagementFilter, ExceptionTranslationFilter, AuthorizationFilter
2025-07-31 16:41:34 DEBUG [http-nio-9827-exec-1] o.s.security.web.FilterChainProxy [,] - Securing POST /api/loans
2025-07-31 16:41:35 DEBUG [http-nio-9827-exec-1] o.s.s.o.s.r.a.JwtAuthenticationProvider [,] - Authenticated token
2025-07-31 16:41:35 DEBUG [http-nio-9827-exec-1] o.s.s.o.s.r.w.a.BearerTokenAuthenticationFilter [,] - Set SecurityContextHolder to JwtAuthenticationToken [Principal=org.springframework.security.oauth2.jwt.Jwt@d10f0f2, Credentials=[PROTECTED], Authenticated=true, Details=WebAuthenticationDetails [RemoteIpAddress=0:0:0:0:0:0:0:1, SessionId=null], Granted Authorities=[ROLE_default-roles-myrealm, ROLE_offline_access, ROLE_CUSTOMER, ROLE_uma_authorization]]
2025-07-31 16:41:35 DEBUG [http-nio-9827-exec-1] o.s.security.web.FilterChainProxy [,] - Secured POST /api/loans
2025-07-31 16:45:48 DEBUG [http-nio-9827-exec-3] o.s.security.web.FilterChainProxy [,] - Securing POST /api/loans
2025-07-31 16:45:48 DEBUG [http-nio-9827-exec-3] o.s.s.o.s.r.a.JwtAuthenticationProvider [,] - Authenticated token
2025-07-31 16:45:48 DEBUG [http-nio-9827-exec-3] o.s.s.o.s.r.w.a.BearerTokenAuthenticationFilter [,] - Set SecurityContextHolder to JwtAuthenticationToken [Principal=org.springframework.security.oauth2.jwt.Jwt@d10f0f2, Credentials=[PROTECTED], Authenticated=true, Details=WebAuthenticationDetails [RemoteIpAddress=0:0:0:0:0:0:0:1, SessionId=null], Granted Authorities=[ROLE_default-roles-myrealm, ROLE_offline_access, ROLE_CUSTOMER, ROLE_uma_authorization]]
2025-07-31 16:45:48 DEBUG [http-nio-9827-exec-3] o.s.security.web.FilterChainProxy [,] - Secured POST /api/loans
2025-07-31 16:52:13 DEBUG [restartedMain] o.s.s.c.a.a.c.AuthenticationConfiguration$DefaultPasswordEncoderAuthenticationManagerBuilder [,] - No authenticationProviders and no parentAuthenticationManager defined. Returning null.
2025-07-31 16:52:13 DEBUG [restartedMain] o.s.s.web.DefaultSecurityFilterChain [,] - Will secure any request with filters: DisableEncodeUrlFilter, WebAsyncManagerIntegrationFilter, SecurityContextHolderFilter, HeaderWriterFilter, CorsFilter, LogoutFilter, BearerTokenAuthenticationFilter, RequestCacheAwareFilter, SecurityContextHolderAwareRequestFilter, AnonymousAuthenticationFilter, SessionManagementFilter, ExceptionTranslationFilter, AuthorizationFilter
2025-07-31 16:52:31 DEBUG [restartedMain] o.s.s.c.a.a.c.AuthenticationConfiguration$DefaultPasswordEncoderAuthenticationManagerBuilder [,] - No authenticationProviders and no parentAuthenticationManager defined. Returning null.
2025-07-31 16:52:31 DEBUG [restartedMain] o.s.s.web.DefaultSecurityFilterChain [,] - Will secure any request with filters: DisableEncodeUrlFilter, WebAsyncManagerIntegrationFilter, SecurityContextHolderFilter, HeaderWriterFilter, CorsFilter, LogoutFilter, BearerTokenAuthenticationFilter, RequestCacheAwareFilter, SecurityContextHolderAwareRequestFilter, AnonymousAuthenticationFilter, SessionManagementFilter, ExceptionTranslationFilter, AuthorizationFilter
2025-07-31 16:54:09 DEBUG [http-nio-9827-exec-2] o.s.security.web.FilterChainProxy [,] - Securing POST /api/loans
2025-07-31 16:54:09 DEBUG [http-nio-9827-exec-2] o.s.s.o.s.r.a.JwtAuthenticationProvider [,] - Authenticated token
2025-07-31 16:54:09 DEBUG [http-nio-9827-exec-2] o.s.s.o.s.r.w.a.BearerTokenAuthenticationFilter [,] - Set SecurityContextHolder to JwtAuthenticationToken [Principal=org.springframework.security.oauth2.jwt.Jwt@d10f0f2, Credentials=[PROTECTED], Authenticated=true, Details=WebAuthenticationDetails [RemoteIpAddress=0:0:0:0:0:0:0:1, SessionId=null], Granted Authorities=[ROLE_default-roles-myrealm, ROLE_offline_access, ROLE_CUSTOMER, ROLE_uma_authorization]]
2025-07-31 16:54:09 DEBUG [http-nio-9827-exec-2] o.s.security.web.FilterChainProxy [,] - Secured POST /api/loans
2025-07-31 16:55:56 DEBUG [http-nio-9827-exec-4] o.s.security.web.FilterChainProxy [,] - Securing POST /api/loans
2025-07-31 16:55:56 DEBUG [http-nio-9827-exec-4] o.s.s.o.s.r.a.JwtAuthenticationProvider [,] - Authenticated token
2025-07-31 16:55:56 DEBUG [http-nio-9827-exec-4] o.s.s.o.s.r.w.a.BearerTokenAuthenticationFilter [,] - Set SecurityContextHolder to JwtAuthenticationToken [Principal=org.springframework.security.oauth2.jwt.Jwt@d10f0f2, Credentials=[PROTECTED], Authenticated=true, Details=WebAuthenticationDetails [RemoteIpAddress=0:0:0:0:0:0:0:1, SessionId=null], Granted Authorities=[ROLE_default-roles-myrealm, ROLE_offline_access, ROLE_CUSTOMER, ROLE_uma_authorization]]
2025-07-31 16:55:56 DEBUG [http-nio-9827-exec-4] o.s.security.web.FilterChainProxy [,] - Secured POST /api/loans
2025-07-31 16:57:02 DEBUG [restartedMain] o.s.s.c.a.a.c.AuthenticationConfiguration$DefaultPasswordEncoderAuthenticationManagerBuilder [,] - No authenticationProviders and no parentAuthenticationManager defined. Returning null.
2025-07-31 16:57:03 DEBUG [restartedMain] o.s.s.web.DefaultSecurityFilterChain [,] - Will secure any request with filters: DisableEncodeUrlFilter, WebAsyncManagerIntegrationFilter, SecurityContextHolderFilter, HeaderWriterFilter, CorsFilter, LogoutFilter, BearerTokenAuthenticationFilter, RequestCacheAwareFilter, SecurityContextHolderAwareRequestFilter, AnonymousAuthenticationFilter, SessionManagementFilter, ExceptionTranslationFilter, AuthorizationFilter
2025-07-31 16:57:13 DEBUG [http-nio-9827-exec-2] o.s.security.web.FilterChainProxy [,] - Securing POST /api/loans
2025-07-31 16:57:13 DEBUG [http-nio-9827-exec-2] o.s.s.o.s.r.a.JwtAuthenticationProvider [,] - Authenticated token
2025-07-31 16:57:13 DEBUG [http-nio-9827-exec-2] o.s.s.o.s.r.w.a.BearerTokenAuthenticationFilter [,] - Set SecurityContextHolder to JwtAuthenticationToken [Principal=org.springframework.security.oauth2.jwt.Jwt@d10f0f2, Credentials=[PROTECTED], Authenticated=true, Details=WebAuthenticationDetails [RemoteIpAddress=0:0:0:0:0:0:0:1, SessionId=null], Granted Authorities=[ROLE_default-roles-myrealm, ROLE_offline_access, ROLE_CUSTOMER, ROLE_uma_authorization]]
2025-07-31 16:57:13 DEBUG [http-nio-9827-exec-2] o.s.security.web.FilterChainProxy [,] - Secured POST /api/loans
2025-07-31 17:00:12 DEBUG [http-nio-9827-exec-4] o.s.security.web.FilterChainProxy [,] - Securing POST /api/loans
2025-07-31 17:00:12 DEBUG [http-nio-9827-exec-4] o.s.s.o.s.r.a.JwtAuthenticationProvider [,] - Authenticated token
2025-07-31 17:00:13 DEBUG [http-nio-9827-exec-4] o.s.s.o.s.r.w.a.BearerTokenAuthenticationFilter [,] - Set SecurityContextHolder to JwtAuthenticationToken [Principal=org.springframework.security.oauth2.jwt.Jwt@d10f0f2, Credentials=[PROTECTED], Authenticated=true, Details=WebAuthenticationDetails [RemoteIpAddress=0:0:0:0:0:0:0:1, SessionId=null], Granted Authorities=[ROLE_default-roles-myrealm, ROLE_offline_access, ROLE_CUSTOMER, ROLE_uma_authorization]]
2025-07-31 17:00:13 DEBUG [http-nio-9827-exec-4] o.s.security.web.FilterChainProxy [,] - Secured POST /api/loans
2025-07-31 17:01:12 DEBUG [http-nio-9827-exec-5] o.s.security.web.FilterChainProxy [,] - Securing POST /api/loans/71/approve
2025-07-31 17:01:12 DEBUG [http-nio-9827-exec-5] o.s.s.w.a.AnonymousAuthenticationFilter [,] - Set SecurityContextHolder to anonymous SecurityContext
2025-07-31 17:01:29 DEBUG [http-nio-9827-exec-6] o.s.security.web.FilterChainProxy [,] - Securing POST /api/loans/71/approve
2025-07-31 17:01:29 DEBUG [http-nio-9827-exec-6] o.s.s.o.s.r.a.JwtAuthenticationProvider [,] - Authenticated token
2025-07-31 17:01:29 DEBUG [http-nio-9827-exec-6] o.s.s.o.s.r.w.a.BearerTokenAuthenticationFilter [,] - Set SecurityContextHolder to JwtAuthenticationToken [Principal=org.springframework.security.oauth2.jwt.Jwt@d10f0f2, Credentials=[PROTECTED], Authenticated=true, Details=WebAuthenticationDetails [RemoteIpAddress=0:0:0:0:0:0:0:1, SessionId=null], Granted Authorities=[ROLE_default-roles-myrealm, ROLE_offline_access, ROLE_CUSTOMER, ROLE_uma_authorization]]
2025-07-31 17:01:29 DEBUG [http-nio-9827-exec-6] o.s.security.web.FilterChainProxy [,] - Secured POST /api/loans/71/approve
2025-07-31 17:01:29 DEBUG [http-nio-9827-exec-6] o.s.s.a.m.AuthorizationManagerBeforeMethodInterceptor [,] - Authorizing method invocation ReflectiveMethodInvocation: public org.springframework.http.ResponseEntity com.example.loan_service.restcontroller.LoanController.approveLoan(java.lang.Long); target is of class [com.example.loan_service.restcontroller.LoanController]
2025-07-31 17:01:29 DEBUG [http-nio-9827-exec-6] o.s.s.a.m.AuthorizationManagerBeforeMethodInterceptor [,] - Failed to authorize ReflectiveMethodInvocation: public org.springframework.http.ResponseEntity com.example.loan_service.restcontroller.LoanController.approveLoan(java.lang.Long); target is of class [com.example.loan_service.restcontroller.LoanController] with authorization manager org.springframework.security.authorization.ObservationAuthorizationManager@147e629 and decision ExpressionAuthorizationDecision [granted=false, expressionAttribute=hasRole('ADMIN')]
2025-07-31 17:03:33 DEBUG [restartedMain] o.s.s.c.a.a.c.AuthenticationConfiguration$DefaultPasswordEncoderAuthenticationManagerBuilder [,] - No authenticationProviders and no parentAuthenticationManager defined. Returning null.
2025-07-31 17:03:33 DEBUG [restartedMain] o.s.s.web.DefaultSecurityFilterChain [,] - Will secure any request with filters: DisableEncodeUrlFilter, WebAsyncManagerIntegrationFilter, SecurityContextHolderFilter, HeaderWriterFilter, CorsFilter, LogoutFilter, BearerTokenAuthenticationFilter, RequestCacheAwareFilter, SecurityContextHolderAwareRequestFilter, AnonymousAuthenticationFilter, SessionManagementFilter, ExceptionTranslationFilter, AuthorizationFilter
2025-07-31 17:04:45 DEBUG [http-nio-9827-exec-2] o.s.security.web.FilterChainProxy [,] - Securing POST /api/loans/71/approve
2025-07-31 17:04:45 DEBUG [http-nio-9827-exec-2] o.s.s.o.s.r.a.JwtAuthenticationProvider [,] - Authenticated token
2025-07-31 17:04:45 DEBUG [http-nio-9827-exec-2] o.s.s.o.s.r.w.a.BearerTokenAuthenticationFilter [,] - Set SecurityContextHolder to JwtAuthenticationToken [Principal=org.springframework.security.oauth2.jwt.Jwt@d10f0f2, Credentials=[PROTECTED], Authenticated=true, Details=WebAuthenticationDetails [RemoteIpAddress=0:0:0:0:0:0:0:1, SessionId=null], Granted Authorities=[ROLE_default-roles-myrealm, ROLE_offline_access, ROLE_CUSTOMER, ROLE_uma_authorization]]
2025-07-31 17:04:45 DEBUG [http-nio-9827-exec-2] o.s.security.web.FilterChainProxy [,] - Secured POST /api/loans/71/approve
2025-07-31 17:22:45 DEBUG [restartedMain] o.s.s.c.a.a.c.AuthenticationConfiguration$DefaultPasswordEncoderAuthenticationManagerBuilder [,] - No authenticationProviders and no parentAuthenticationManager defined. Returning null.
2025-07-31 17:22:46 DEBUG [restartedMain] o.s.s.web.DefaultSecurityFilterChain [,] - Will secure any request with filters: DisableEncodeUrlFilter, WebAsyncManagerIntegrationFilter, SecurityContextHolderFilter, HeaderWriterFilter, CorsFilter, LogoutFilter, BearerTokenAuthenticationFilter, RequestCacheAwareFilter, SecurityContextHolderAwareRequestFilter, AnonymousAuthenticationFilter, SessionManagementFilter, ExceptionTranslationFilter, AuthorizationFilter
2025-07-31 17:26:00 DEBUG [http-nio-9827-exec-1] o.s.security.web.FilterChainProxy [,] - Securing POST /api/loans
2025-07-31 17:26:01 DEBUG [http-nio-9827-exec-1] o.s.s.o.s.r.a.JwtAuthenticationProvider [,] - Authenticated token
2025-07-31 17:26:01 DEBUG [http-nio-9827-exec-1] o.s.s.o.s.r.w.a.BearerTokenAuthenticationFilter [,] - Set SecurityContextHolder to JwtAuthenticationToken [Principal=org.springframework.security.oauth2.jwt.Jwt@d10f0f2, Credentials=[PROTECTED], Authenticated=true, Details=WebAuthenticationDetails [RemoteIpAddress=0:0:0:0:0:0:0:1, SessionId=null], Granted Authorities=[ROLE_default-roles-myrealm, ROLE_offline_access, ROLE_CUSTOMER, ROLE_uma_authorization]]
2025-07-31 17:26:01 DEBUG [http-nio-9827-exec-1] o.s.security.web.FilterChainProxy [,] - Secured POST /api/loans
2025-07-31 17:28:14 DEBUG [http-nio-9827-exec-5] o.s.security.web.FilterChainProxy [,] - Securing POST /api/loans
2025-07-31 17:28:14 DEBUG [http-nio-9827-exec-5] o.s.s.o.s.r.a.JwtAuthenticationProvider [,] - Authenticated token
2025-07-31 17:28:14 DEBUG [http-nio-9827-exec-5] o.s.s.o.s.r.w.a.BearerTokenAuthenticationFilter [,] - Set SecurityContextHolder to JwtAuthenticationToken [Principal=org.springframework.security.oauth2.jwt.Jwt@d10f0f2, Credentials=[PROTECTED], Authenticated=true, Details=WebAuthenticationDetails [RemoteIpAddress=0:0:0:0:0:0:0:1, SessionId=null], Granted Authorities=[ROLE_default-roles-myrealm, ROLE_offline_access, ROLE_CUSTOMER, ROLE_uma_authorization]]
2025-07-31 17:28:14 DEBUG [http-nio-9827-exec-5] o.s.security.web.FilterChainProxy [,] - Secured POST /api/loans
2025-07-31 17:28:30 DEBUG [http-nio-9827-exec-6] o.s.security.web.FilterChainProxy [,] - Securing POST /api/loans/73/approve
2025-07-31 17:28:30 DEBUG [http-nio-9827-exec-6] o.s.s.o.s.r.a.JwtAuthenticationProvider [,] - Authenticated token
2025-07-31 17:28:30 DEBUG [http-nio-9827-exec-6] o.s.s.o.s.r.w.a.BearerTokenAuthenticationFilter [,] - Set SecurityContextHolder to JwtAuthenticationToken [Principal=org.springframework.security.oauth2.jwt.Jwt@d10f0f2, Credentials=[PROTECTED], Authenticated=true, Details=WebAuthenticationDetails [RemoteIpAddress=0:0:0:0:0:0:0:1, SessionId=null], Granted Authorities=[ROLE_default-roles-myrealm, ROLE_offline_access, ROLE_CUSTOMER, ROLE_uma_authorization]]
2025-07-31 17:28:30 DEBUG [http-nio-9827-exec-6] o.s.security.web.FilterChainProxy [,] - Secured POST /api/loans/73/approve
