#
# There is insufficient memory for the Java Runtime Environment to continue.
# Native memory allocation (mmap) failed to map 390070272 bytes for G1 virtual space
# Possible reasons:
#   The system is out of physical RAM or swap space
#   The process is running with CompressedOops enabled, and the Java Heap may be blocking the growth of the native heap
# Possible solutions:
#   Reduce memory load on the system
#   Increase physical memory or swap space
#   Check if swap backing store is full
#   Decrease Java heap size (-Xmx/-Xms)
#   Decrease number of Java threads
#   Decrease Java thread stack sizes (-Xss)
#   Set larger code cache with -XX:ReservedCodeCacheSize=
#   JVM is running with Unscaled Compressed Oops mode in which the Java heap is
#     placed in the first 4GB address space. The Java Heap base address is the
#     maximum limit for the native heap growth. Please use -XX:HeapBaseMinAddress
#     to set the Java Heap base and to place the Java Heap above 4GB virtual address.
# This output file may be truncated or incomplete.
#
#  Out of Memory Error (os_windows.cpp:3548), pid=27624, tid=29204
#
# JRE version: Java(TM) SE Runtime Environment (17.0.12+8) (build 17.0.12+8-LTS-286)
# Java VM: Java HotSpot(TM) 64-Bit Server VM (17.0.12+8-LTS-286, mixed mode, emulated-client, sharing, tiered, compressed oops, compressed class ptrs, g1 gc, windows-amd64)
# No core dump will be written. Minidumps are not enabled by default on client versions of Windows
#

---------------  S U M M A R Y ------------

Command Line: -XX:TieredStopAtLevel=1 -Dspring.output.ansi.enabled=always -Dcom.sun.management.jmxremote -Dspring.jmx.enabled=true -Dspring.liveBeansView.mbeanDomain -Dspring.application.admin.enabled=true -Dmanagement.endpoints.jmx.exposure.include=* -javaagent:D:\progam\IntelliJ IDEA 2024.1\lib\idea_rt.jar=54834:D:\progam\IntelliJ IDEA 2024.1\bin -Dfile.encoding=UTF-8 com.example.account_service.AccountServiceApplication

Host: 11th Gen Intel(R) Core(TM) i7-1165G7 @ 2.80GHz, 8 cores, 7G,  Windows 11 , 64 bit Build 26100 (10.0.26100.4202)
Time: Thu Jun 12 13:41:26 2025 SE Asia Standard Time elapsed time: 15.108011 seconds (0d 0h 0m 15s)

---------------  T H R E A D  ---------------

Current thread (0x00000206feb34230):  VMThread "VM Thread" [stack: 0x000000d25d000000,0x000000d25d100000] [id=29204]

Stack: [0x000000d25d000000,0x000000d25d100000]
Native frames: (J=compiled Java code, j=interpreted, Vv=VM code, C=native code)
V  [jvm.dll+0x67a04a]
V  [jvm.dll+0x7da4ed]
V  [jvm.dll+0x7dbe33]
V  [jvm.dll+0x7dc4a3]
V  [jvm.dll+0x24508f]
V  [jvm.dll+0x677089]
V  [jvm.dll+0x66bd32]
V  [jvm.dll+0x301fa6]
V  [jvm.dll+0x309546]
V  [jvm.dll+0x359d2e]
V  [jvm.dll+0x359f5f]
V  [jvm.dll+0x2d9078]
V  [jvm.dll+0x2d74ad]
V  [jvm.dll+0x2d6afc]
V  [jvm.dll+0x31a65b]
V  [jvm.dll+0x7e0d9b]
V  [jvm.dll+0x7e1ad4]
V  [jvm.dll+0x7e1fed]
V  [jvm.dll+0x7e23c4]
V  [jvm.dll+0x7e2490]
V  [jvm.dll+0x78abea]
V  [jvm.dll+0x678f35]
C  [ucrtbase.dll+0x37b0]
C  [KERNEL32.DLL+0x2e8d7]
C  [ntdll.dll+0x3c34c]

VM_Operation (0x000000d25fffdfd0): G1CollectForAllocation, mode: safepoint, requested by thread 0x00000206cdcfa260


---------------  P R O C E S S  ---------------

Threads class SMR info:
_java_thread_list=0x00000206cee4dbd0, length=48, elements={
0x00000206f31c40f0, 0x00000206feb39ce0, 0x00000206feb3a8a0, 0x00000206feb4c1e0,
0x00000206feb4ebb0, 0x00000206feb4f570, 0x00000206feb4ff30, 0x00000206feb50f00,
0x00000206cb010090, 0x00000206cb1cb9b0, 0x00000206cb1d4e40, 0x00000206cb1cbec0,
0x00000206cb1c9640, 0x00000206cb1ca060, 0x00000206cb1c9b50, 0x00000206cb1cc3d0,
0x00000206cb1ca570, 0x00000206cb1caa80, 0x00000206cb1c9130, 0x00000206cb1cb4a0,
0x00000206cd61d030, 0x00000206cd637d10, 0x00000206cb1c8c20, 0x00000206cb1caf90,
0x00000206cdcf8e20, 0x00000206cdcf65a0, 0x00000206cdcf8910, 0x00000206cdcf8400,
0x00000206cdcf5670, 0x00000206cdcf74d0, 0x00000206cdcf5b80, 0x00000206cdcf6fc0,
0x00000206cdcf9840, 0x00000206cdcf9330, 0x00000206cdcfa260, 0x00000206cdcf7ef0,
0x00000206cdcf6ab0, 0x00000206cdcfcae0, 0x00000206cdcfa770, 0x00000206cdcfb190,
0x00000206cdcfcff0, 0x00000206cdcfac80, 0x00000206cdcfb6a0, 0x00000206cdcfbbb0,
0x00000206cdcfc0c0, 0x00000206cdcfc5d0, 0x00000206cef09910, 0x00000206cef075a0
}

Java Threads: ( => current thread )
  0x00000206f31c40f0 JavaThread "main" [_thread_blocked, id=28044, stack(0x000000d25ca00000,0x000000d25cb00000)]
  0x00000206feb39ce0 JavaThread "Reference Handler" daemon [_thread_blocked, id=22484, stack(0x000000d25d100000,0x000000d25d200000)]
  0x00000206feb3a8a0 JavaThread "Finalizer" daemon [_thread_blocked, id=26416, stack(0x000000d25d200000,0x000000d25d300000)]
  0x00000206feb4c1e0 JavaThread "Signal Dispatcher" daemon [_thread_blocked, id=7748, stack(0x000000d25d300000,0x000000d25d400000)]
  0x00000206feb4ebb0 JavaThread "Attach Listener" daemon [_thread_blocked, id=16180, stack(0x000000d25d400000,0x000000d25d500000)]
  0x00000206feb4f570 JavaThread "Service Thread" daemon [_thread_blocked, id=22752, stack(0x000000d25d500000,0x000000d25d600000)]
  0x00000206feb4ff30 JavaThread "Monitor Deflation Thread" daemon [_thread_blocked, id=20916, stack(0x000000d25d600000,0x000000d25d700000)]
  0x00000206feb50f00 JavaThread "C1 CompilerThread0" daemon [_thread_blocked, id=15820, stack(0x000000d25d700000,0x000000d25d800000)]
  0x00000206cb010090 JavaThread "Sweeper thread" daemon [_thread_blocked, id=25112, stack(0x000000d25d800000,0x000000d25d900000)]
  0x00000206cb1cb9b0 JavaThread "Common-Cleaner" daemon [_thread_blocked, id=20632, stack(0x000000d25d900000,0x000000d25da00000)]
  0x00000206cb1d4e40 JavaThread "C1 CompilerThread1" daemon [_thread_blocked, id=21020, stack(0x000000d25da00000,0x000000d25db00000)]
  0x00000206cb1cbec0 JavaThread "Monitor Ctrl-Break" daemon [_thread_in_native, id=21308, stack(0x000000d25dc00000,0x000000d25dd00000)]
  0x00000206cb1c9640 JavaThread "Notification Thread" daemon [_thread_blocked, id=21888, stack(0x000000d25dd00000,0x000000d25de00000)]
  0x00000206cb1ca060 JavaThread "RMI TCP Accept-0" daemon [_thread_in_native, id=26288, stack(0x000000d25de00000,0x000000d25df00000)]
  0x00000206cb1c9b50 JavaThread "Thread-0" [_thread_blocked, id=5700, stack(0x000000d25e600000,0x000000d25e700000)]
  0x00000206cb1cc3d0 JavaThread "restartedMain" [_thread_blocked, id=10976, stack(0x000000d25e700000,0x000000d25e800000)]
  0x00000206cb1ca570 JavaThread "Dubbo-global-shared-handler-thread-1" daemon [_thread_blocked, id=19312, stack(0x000000d25eb00000,0x000000d25ec00000)]
  0x00000206cb1caa80 JavaThread "Dubbo-global-shared-handler-thread-2" daemon [_thread_blocked, id=4740, stack(0x000000d25ee00000,0x000000d25ef00000)]
  0x00000206cb1c9130 JavaThread "RMI TCP Connection(1)-10.2.36.232" daemon [_thread_blocked, id=24704, stack(0x000000d25db00000,0x000000d25dc00000)]
  0x00000206cb1cb4a0 JavaThread "RMI Scheduler(0)" daemon [_thread_blocked, id=14320, stack(0x000000d25ed00000,0x000000d25ee00000)]
  0x00000206cd61d030 JavaThread "C1 CompilerThread2" daemon [_thread_blocked, id=18604, stack(0x000000d25f100000,0x000000d25f200000)]
  0x00000206cd637d10 JavaThread "C1 CompilerThread3" daemon [_thread_blocked, id=13844, stack(0x000000d25f200000,0x000000d25f300000)]
  0x00000206cb1c8c20 JavaThread "Catalina-utility-1" [_thread_blocked, id=20900, stack(0x000000d25f000000,0x000000d25f100000)]
  0x00000206cb1caf90 JavaThread "Catalina-utility-2" [_thread_blocked, id=20356, stack(0x000000d25f300000,0x000000d25f400000)]
  0x00000206cdcf8e20 JavaThread "container-0" [_thread_blocked, id=23660, stack(0x000000d25f400000,0x000000d25f500000)]
  0x00000206cdcf65a0 JavaThread "Curator-ConnectionStateManager-0" daemon [_thread_blocked, id=23656, stack(0x000000d25f500000,0x000000d25f600000)]
  0x00000206cdcf8910 JavaThread "restartedMain-SendThread(localhost:2181)" daemon [_thread_in_native, id=26216, stack(0x000000d25f600000,0x000000d25f700000)]
  0x00000206cdcf8400 JavaThread "restartedMain-EventThread" daemon [_thread_blocked, id=29616, stack(0x000000d25f700000,0x000000d25f800000)]
  0x00000206cdcf5670 JavaThread "Curator-Framework-0" daemon [_thread_blocked, id=20588, stack(0x000000d25f800000,0x000000d25f900000)]
  0x00000206cdcf74d0 JavaThread "metrics-collector-sync-job-thread-1" daemon [_thread_blocked, id=13192, stack(0x000000d25fa00000,0x000000d25fb00000)]
  0x00000206cdcf5b80 JavaThread "DubboMetadataReportTimer-thread-1" daemon [_thread_blocked, id=24280, stack(0x000000d25fb00000,0x000000d25fc00000)]
  0x00000206cdcf6fc0 JavaThread "mysql-cj-abandoned-connection-cleanup" daemon [_thread_blocked, id=22868, stack(0x000000d25fc00000,0x000000d25fd00000)]
  0x00000206cdcf9840 JavaThread "HikariPool-1 housekeeper" daemon [_thread_blocked, id=3404, stack(0x000000d25fd00000,0x000000d25fe00000)]
  0x00000206cdcf9330 JavaThread "HikariPool-1 connection adder" daemon [_thread_blocked, id=21976, stack(0x000000d25fe00000,0x000000d25ff00000)]
  0x00000206cdcfa260 JavaThread "ClassGraph-worker-84" daemon [_thread_blocked, id=7360, stack(0x000000d25ff00000,0x000000d260000000)]
  0x00000206cdcf7ef0 JavaThread "ClassGraph-worker-85" daemon [_thread_blocked, id=23972, stack(0x000000d260000000,0x000000d260100000)]
  0x00000206cdcf6ab0 JavaThread "ClassGraph-worker-86" daemon [_thread_blocked, id=2932, stack(0x000000d260100000,0x000000d260200000)]
  0x00000206cdcfcae0 JavaThread "ClassGraph-worker-87" daemon [_thread_blocked, id=29360, stack(0x000000d260200000,0x000000d260300000)]
  0x00000206cdcfa770 JavaThread "ClassGraph-worker-88" daemon [_thread_blocked, id=10964, stack(0x000000d260300000,0x000000d260400000)]
  0x00000206cdcfb190 JavaThread "ClassGraph-worker-89" daemon [_thread_blocked, id=26552, stack(0x000000d260400000,0x000000d260500000)]
  0x00000206cdcfcff0 JavaThread "ClassGraph-worker-90" daemon [_thread_blocked, id=12440, stack(0x000000d260500000,0x000000d260600000)]
  0x00000206cdcfac80 JavaThread "ClassGraph-worker-91" daemon [_thread_blocked, id=1144, stack(0x000000d260600000,0x000000d260700000)]
  0x00000206cdcfb6a0 JavaThread "ClassGraph-worker-92" daemon [_thread_blocked, id=20428, stack(0x000000d260700000,0x000000d260800000)]
  0x00000206cdcfbbb0 JavaThread "ClassGraph-worker-93" daemon [_thread_blocked, id=25664, stack(0x000000d260800000,0x000000d260900000)]
  0x00000206cdcfc0c0 JavaThread "ClassGraph-worker-94" daemon [_thread_blocked, id=23780, stack(0x000000d260900000,0x000000d260a00000)]
  0x00000206cdcfc5d0 JavaThread "ClassGraph-worker-95" daemon [_thread_blocked, id=27396, stack(0x000000d260a00000,0x000000d260b00000)]
  0x00000206cef09910 JavaThread "ClassGraph-worker-96" daemon [_thread_blocked, id=1268, stack(0x000000d260b00000,0x000000d260c00000)]
  0x00000206cef075a0 JavaThread "ClassGraph-worker-97" daemon [_thread_blocked, id=28052, stack(0x000000d260c00000,0x000000d260d00000)]

Other Threads:
=>0x00000206feb34230 VMThread "VM Thread" [stack: 0x000000d25d000000,0x000000d25d100000] [id=29204]
  0x00000206f3248e70 WatcherThread [stack: 0x000000d25df00000,0x000000d25e000000] [id=21652]
  0x00000206f3220720 GCTaskThread "GC Thread#0" [stack: 0x000000d25cb00000,0x000000d25cc00000] [id=29128]
  0x00000206cc071240 GCTaskThread "GC Thread#1" [stack: 0x000000d25e000000,0x000000d25e100000] [id=24952]
  0x00000206cc017050 GCTaskThread "GC Thread#2" [stack: 0x000000d25e100000,0x000000d25e200000] [id=24040]
  0x00000206cc08b8e0 GCTaskThread "GC Thread#3" [stack: 0x000000d25e200000,0x000000d25e300000] [id=1852]
  0x00000206cc08bba0 GCTaskThread "GC Thread#4" [stack: 0x000000d25e300000,0x000000d25e400000] [id=24532]
  0x00000206cc08be60 GCTaskThread "GC Thread#5" [stack: 0x000000d25e400000,0x000000d25e500000] [id=25680]
  0x00000206cc1ad490 GCTaskThread "GC Thread#6" [stack: 0x000000d25e800000,0x000000d25e900000] [id=26112]
  0x00000206cc404730 GCTaskThread "GC Thread#7" [stack: 0x000000d25ec00000,0x000000d25ed00000] [id=27508]
  0x00000206f3231c80 ConcurrentGCThread "G1 Main Marker" [stack: 0x000000d25cc00000,0x000000d25cd00000] [id=10828]
  0x00000206f3232690 ConcurrentGCThread "G1 Conc#0" [stack: 0x000000d25cd00000,0x000000d25ce00000] [id=3776]
  0x00000206cc857d80 ConcurrentGCThread "G1 Conc#1" [stack: 0x000000d25ef00000,0x000000d25f000000] [id=26032]
  0x00000206fe9f5400 ConcurrentGCThread "G1 Refine#0" [stack: 0x000000d25ce00000,0x000000d25cf00000] [id=28860]
  0x00000206cc07b3b0 ConcurrentGCThread "G1 Refine#1" [stack: 0x000000d25e500000,0x000000d25e600000] [id=22904]
  0x00000206fe9f6ce0 ConcurrentGCThread "G1 Service" [stack: 0x000000d25cf00000,0x000000d25d000000] [id=24536]

Threads with active compile tasks:

VM state: at safepoint (normal execution)

VM Mutex/Monitor currently owned by a thread:  ([mutex/lock_event])
[0x00000206f31c09d0] Threads_lock - owner thread: 0x00000206feb34230
[0x00000206f31c0c10] Heap_lock - owner thread: 0x00000206cdcfa260

Heap address: 0x0000000083600000, size: 1994 MB, Compressed Oops mode: 32-bit

CDS archive(s) mapped at: [0x0000020686000000-0x0000020686bd0000-0x0000020686bd0000), size 12386304, SharedBaseAddress: 0x0000020686000000, ArchiveRelocationMode: 1.
Compressed class space mapped at: 0x0000020687000000-0x00000206c7000000, reserved size: 1073741824
Narrow klass base: 0x0000020686000000, Narrow klass shift: 0, Narrow klass range: 0x100000000

GC Precious Log:
 CPUs: 8 total, 8 available
 Memory: 7975M
 Large Page Support: Disabled
 NUMA Support: Disabled
 Compressed Oops: Enabled (32-bit)
 Heap Region Size: 1M
 Heap Min Capacity: 8M
 Heap Initial Capacity: 126M
 Heap Max Capacity: 1994M
 Pre-touch: Disabled
 Parallel Workers: 8
 Concurrent Workers: 2
 Concurrent Refinement Workers: 8
 Periodic GC: Disabled

Heap:
 garbage-first heap   total 190464K, used 110843K [0x0000000083600000, 0x0000000100000000)
  region size 1024K, 6 young (6144K), 6 survivors (6144K)
 Metaspace       used 89462K, committed 90112K, reserved 1179648K
  class space    used 12755K, committed 13056K, reserved 1048576K

Heap Regions: E=young(eden), S=young(survivor), O=old, HS=humongous(starts), HC=humongous(continues), CS=collection set, F=free, OA=open archive, CA=closed archive, TAMS=top-at-mark-start (previous, next)
|   0|0x0000000083600000, 0x0000000083700000, 0x0000000083700000|100%|HS|  |TAMS 0x0000000083700000, 0x0000000083600000| Complete 
|   1|0x0000000083700000, 0x0000000083800000, 0x0000000083800000|100%| O|  |TAMS 0x0000000083800000, 0x0000000083700000| Untracked 
|   2|0x0000000083800000, 0x0000000083900000, 0x0000000083900000|100%| O|  |TAMS 0x0000000083900000, 0x0000000083800000| Untracked 
|   3|0x0000000083900000, 0x0000000083a00000, 0x0000000083a00000|100%| O|  |TAMS 0x0000000083a00000, 0x0000000083900000| Untracked 
|   4|0x0000000083a00000, 0x0000000083b00000, 0x0000000083b00000|100%| O|  |TAMS 0x0000000083b00000, 0x0000000083a00000| Untracked 
|   5|0x0000000083b00000, 0x0000000083c00000, 0x0000000083c00000|100%| O|  |TAMS 0x0000000083c00000, 0x0000000083b00000| Untracked 
|   6|0x0000000083c00000, 0x0000000083d00000, 0x0000000083d00000|100%| O|  |TAMS 0x0000000083d00000, 0x0000000083c00000| Untracked 
|   7|0x0000000083d00000, 0x0000000083e00000, 0x0000000083e00000|100%| O|  |TAMS 0x0000000083e00000, 0x0000000083d00000| Untracked 
|   8|0x0000000083e00000, 0x0000000083f00000, 0x0000000083f00000|100%| O|  |TAMS 0x0000000083f00000, 0x0000000083e00000| Untracked 
|   9|0x0000000083f00000, 0x0000000084000000, 0x0000000084000000|100%| O|  |TAMS 0x0000000084000000, 0x0000000083f00000| Untracked 
|  10|0x0000000084000000, 0x0000000084100000, 0x0000000084100000|100%| O|  |TAMS 0x0000000084100000, 0x0000000084000000| Untracked 
|  11|0x0000000084100000, 0x0000000084200000, 0x0000000084200000|100%| O|  |TAMS 0x0000000084200000, 0x0000000084100000| Untracked 
|  12|0x0000000084200000, 0x0000000084300000, 0x0000000084300000|100%| O|  |TAMS 0x0000000084300000, 0x0000000084200000| Untracked 
|  13|0x0000000084300000, 0x0000000084400000, 0x0000000084400000|100%| O|  |TAMS 0x0000000084400000, 0x0000000084300000| Untracked 
|  14|0x0000000084400000, 0x0000000084500000, 0x0000000084500000|100%| O|  |TAMS 0x0000000084500000, 0x0000000084400000| Untracked 
|  15|0x0000000084500000, 0x0000000084600000, 0x0000000084600000|100%| O|  |TAMS 0x0000000084600000, 0x0000000084500000| Untracked 
|  16|0x0000000084600000, 0x0000000084700000, 0x0000000084700000|100%| O|  |TAMS 0x0000000084700000, 0x0000000084600000| Untracked 
|  17|0x0000000084700000, 0x0000000084800000, 0x0000000084800000|100%| O|  |TAMS 0x0000000084800000, 0x0000000084700000| Untracked 
|  18|0x0000000084800000, 0x0000000084800000, 0x0000000084900000|  0%| F|  |TAMS 0x0000000084800000, 0x0000000084800000| Untracked 
|  19|0x0000000084900000, 0x0000000084a00000, 0x0000000084a00000|100%| O|  |TAMS 0x0000000084a00000, 0x0000000084900000| Untracked 
|  20|0x0000000084a00000, 0x0000000084b00000, 0x0000000084b00000|100%| O|  |TAMS 0x0000000084b00000, 0x0000000084a00000| Untracked 
|  21|0x0000000084b00000, 0x0000000084c00000, 0x0000000084c00000|100%| O|  |TAMS 0x0000000084c00000, 0x0000000084b00000| Untracked 
|  22|0x0000000084c00000, 0x0000000084d00000, 0x0000000084d00000|100%| O|  |TAMS 0x0000000084d00000, 0x0000000084c00000| Untracked 
|  23|0x0000000084d00000, 0x0000000084e00000, 0x0000000084e00000|100%| O|  |TAMS 0x0000000084e00000, 0x0000000084d00000| Untracked 
|  24|0x0000000084e00000, 0x0000000084f00000, 0x0000000084f00000|100%| O|  |TAMS 0x0000000084f00000, 0x0000000084e00000| Untracked 
|  25|0x0000000084f00000, 0x0000000085000000, 0x0000000085000000|100%| O|  |TAMS 0x0000000085000000, 0x0000000084f00000| Untracked 
|  26|0x0000000085000000, 0x0000000085100000, 0x0000000085100000|100%| O|  |TAMS 0x0000000085100000, 0x0000000085000000| Untracked 
|  27|0x0000000085100000, 0x0000000085200000, 0x0000000085200000|100%| O|  |TAMS 0x0000000085200000, 0x0000000085100000| Untracked 
|  28|0x0000000085200000, 0x0000000085300000, 0x0000000085300000|100%| O|  |TAMS 0x0000000085300000, 0x0000000085200000| Untracked 
|  29|0x0000000085300000, 0x0000000085400000, 0x0000000085400000|100%| O|  |TAMS 0x0000000085400000, 0x0000000085300000| Untracked 
|  30|0x0000000085400000, 0x0000000085500000, 0x0000000085500000|100%| O|  |TAMS 0x0000000085500000, 0x0000000085400000| Untracked 
|  31|0x0000000085500000, 0x0000000085600000, 0x0000000085600000|100%| O|  |TAMS 0x0000000085600000, 0x0000000085500000| Untracked 
|  32|0x0000000085600000, 0x0000000085700000, 0x0000000085700000|100%| O|  |TAMS 0x0000000085700000, 0x0000000085600000| Untracked 
|  33|0x0000000085700000, 0x0000000085800000, 0x0000000085800000|100%| O|  |TAMS 0x0000000085800000, 0x0000000085700000| Untracked 
|  34|0x0000000085800000, 0x0000000085900000, 0x0000000085900000|100%| O|  |TAMS 0x0000000085900000, 0x0000000085800000| Untracked 
|  35|0x0000000085900000, 0x0000000085a00000, 0x0000000085a00000|100%| O|  |TAMS 0x0000000085a00000, 0x0000000085900000| Untracked 
|  36|0x0000000085a00000, 0x0000000085b00000, 0x0000000085b00000|100%| O|  |TAMS 0x0000000085b00000, 0x0000000085a00000| Untracked 
|  37|0x0000000085b00000, 0x0000000085c00000, 0x0000000085c00000|100%| O|  |TAMS 0x0000000085c00000, 0x0000000085b00000| Untracked 
|  38|0x0000000085c00000, 0x0000000085d00000, 0x0000000085d00000|100%| O|  |TAMS 0x0000000085d00000, 0x0000000085c00000| Untracked 
|  39|0x0000000085d00000, 0x0000000085e00000, 0x0000000085e00000|100%| O|  |TAMS 0x0000000085e00000, 0x0000000085d00000| Untracked 
|  40|0x0000000085e00000, 0x0000000085f00000, 0x0000000085f00000|100%| O|  |TAMS 0x0000000085f00000, 0x0000000085e00000| Untracked 
|  41|0x0000000085f00000, 0x0000000086000000, 0x0000000086000000|100%| O|  |TAMS 0x0000000086000000, 0x0000000085f00000| Untracked 
|  42|0x0000000086000000, 0x0000000086100000, 0x0000000086100000|100%| O|  |TAMS 0x0000000086100000, 0x0000000086000000| Untracked 
|  43|0x0000000086100000, 0x0000000086200000, 0x0000000086200000|100%| O|  |TAMS 0x0000000086200000, 0x0000000086100000| Untracked 
|  44|0x0000000086200000, 0x0000000086300000, 0x0000000086300000|100%| O|  |TAMS 0x0000000086300000, 0x0000000086200000| Untracked 
|  45|0x0000000086300000, 0x0000000086400000, 0x0000000086400000|100%| O|  |TAMS 0x0000000086400000, 0x0000000086300000| Untracked 
|  46|0x0000000086400000, 0x0000000086500000, 0x0000000086500000|100%| O|  |TAMS 0x0000000086500000, 0x0000000086400000| Untracked 
|  47|0x0000000086500000, 0x0000000086600000, 0x0000000086600000|100%| O|  |TAMS 0x0000000086600000, 0x0000000086500000| Untracked 
|  48|0x0000000086600000, 0x0000000086700000, 0x0000000086700000|100%| O|  |TAMS 0x0000000086700000, 0x0000000086600000| Untracked 
|  49|0x0000000086700000, 0x0000000086800000, 0x0000000086800000|100%| O|  |TAMS 0x0000000086800000, 0x0000000086700000| Untracked 
|  50|0x0000000086800000, 0x0000000086900000, 0x0000000086900000|100%| O|  |TAMS 0x0000000086900000, 0x0000000086800000| Untracked 
|  51|0x0000000086900000, 0x0000000086a00000, 0x0000000086a00000|100%| O|  |TAMS 0x0000000086a00000, 0x0000000086900000| Untracked 
|  52|0x0000000086a00000, 0x0000000086b00000, 0x0000000086b00000|100%| O|  |TAMS 0x0000000086a00000, 0x0000000086a00000| Untracked 
|  53|0x0000000086b00000, 0x0000000086c00000, 0x0000000086c00000|100%| O|  |TAMS 0x0000000086b00000, 0x0000000086b00000| Untracked 
|  54|0x0000000086c00000, 0x0000000086d00000, 0x0000000086d00000|100%| O|  |TAMS 0x0000000086c00000, 0x0000000086c00000| Untracked 
|  55|0x0000000086d00000, 0x0000000086e00000, 0x0000000086e00000|100%| O|  |TAMS 0x0000000086d00000, 0x0000000086d00000| Untracked 
|  56|0x0000000086e00000, 0x0000000086f00000, 0x0000000086f00000|100%| O|  |TAMS 0x0000000086f00000, 0x0000000086e00000| Untracked 
|  57|0x0000000086f00000, 0x0000000087000000, 0x0000000087000000|100%| O|  |TAMS 0x0000000087000000, 0x0000000086f00000| Untracked 
|  58|0x0000000087000000, 0x0000000087100000, 0x0000000087100000|100%| O|  |TAMS 0x0000000087100000, 0x0000000087000000| Untracked 
|  59|0x0000000087100000, 0x0000000087200000, 0x0000000087200000|100%| O|  |TAMS 0x0000000087200000, 0x0000000087100000| Untracked 
|  60|0x0000000087200000, 0x0000000087300000, 0x0000000087300000|100%| O|  |TAMS 0x0000000087300000, 0x0000000087200000| Complete 
|  61|0x0000000087300000, 0x0000000087400000, 0x0000000087400000|100%| O|  |TAMS 0x0000000087400000, 0x0000000087300000| Complete 
|  62|0x0000000087400000, 0x0000000087500000, 0x0000000087500000|100%| O|  |TAMS 0x0000000087500000, 0x0000000087400000| Complete 
|  63|0x0000000087500000, 0x0000000087600000, 0x0000000087600000|100%| O|  |TAMS 0x0000000087600000, 0x0000000087500000| Complete 
|  64|0x0000000087600000, 0x0000000087700000, 0x0000000087700000|100%| O|  |TAMS 0x0000000087700000, 0x0000000087600000| Complete 
|  65|0x0000000087700000, 0x0000000087800000, 0x0000000087800000|100%| O|  |TAMS 0x0000000087800000, 0x0000000087700000| Complete 
|  66|0x0000000087800000, 0x0000000087900000, 0x0000000087900000|100%| O|  |TAMS 0x0000000087800000, 0x0000000087800000| Untracked 
|  67|0x0000000087900000, 0x0000000087a00000, 0x0000000087a00000|100%| O|  |TAMS 0x0000000087900000, 0x0000000087900000| Untracked 
|  68|0x0000000087a00000, 0x0000000087b00000, 0x0000000087b00000|100%| O|  |TAMS 0x0000000087b00000, 0x0000000087a00000| Untracked 
|  69|0x0000000087b00000, 0x0000000087c00000, 0x0000000087c00000|100%| O|  |TAMS 0x0000000087c00000, 0x0000000087b00000| Complete 
|  70|0x0000000087c00000, 0x0000000087d00000, 0x0000000087d00000|100%| O|  |TAMS 0x0000000087d00000, 0x0000000087c00000| Complete 
|  71|0x0000000087d00000, 0x0000000087e00000, 0x0000000087e00000|100%| O|  |TAMS 0x0000000087d00000, 0x0000000087d00000| Untracked 
|  72|0x0000000087e00000, 0x0000000087f00000, 0x0000000087f00000|100%| O|  |TAMS 0x0000000087f00000, 0x0000000087e00000| Complete 
|  73|0x0000000087f00000, 0x0000000088000000, 0x0000000088000000|100%| O|  |TAMS 0x0000000088000000, 0x0000000087f00000| Complete 
|  74|0x0000000088000000, 0x0000000088100000, 0x0000000088100000|100%| O|  |TAMS 0x0000000088100000, 0x0000000088000000| Complete 
|  75|0x0000000088100000, 0x0000000088200000, 0x0000000088200000|100%| O|  |TAMS 0x0000000088100000, 0x0000000088100000| Untracked 
|  76|0x0000000088200000, 0x0000000088300000, 0x0000000088300000|100%| O|  |TAMS 0x0000000088200000, 0x0000000088200000| Untracked 
|  77|0x0000000088300000, 0x0000000088400000, 0x0000000088400000|100%| O|  |TAMS 0x0000000088300000, 0x0000000088300000| Untracked 
|  78|0x0000000088400000, 0x0000000088500000, 0x0000000088500000|100%| O|  |TAMS 0x0000000088400000, 0x0000000088400000| Untracked 
|  79|0x0000000088500000, 0x0000000088600000, 0x0000000088600000|100%| O|  |TAMS 0x0000000088500000, 0x0000000088500000| Untracked 
|  80|0x0000000088600000, 0x0000000088700000, 0x0000000088700000|100%| O|  |TAMS 0x0000000088600000, 0x0000000088600000| Untracked 
|  81|0x0000000088700000, 0x0000000088800000, 0x0000000088800000|100%| O|  |TAMS 0x0000000088800000, 0x0000000088700000| Untracked 
|  82|0x0000000088800000, 0x0000000088900000, 0x0000000088900000|100%| O|  |TAMS 0x0000000088800000, 0x0000000088800000| Untracked 
|  83|0x0000000088900000, 0x0000000088a00000, 0x0000000088a00000|100%| O|  |TAMS 0x0000000088a00000, 0x0000000088900000| Complete 
|  84|0x0000000088a00000, 0x0000000088b00000, 0x0000000088b00000|100%| O|  |TAMS 0x0000000088b00000, 0x0000000088a00000| Complete 
|  85|0x0000000088b00000, 0x0000000088c00000, 0x0000000088c00000|100%| O|  |TAMS 0x0000000088c00000, 0x0000000088b00000| Complete 
|  86|0x0000000088c00000, 0x0000000088d00000, 0x0000000088d00000|100%| O|  |TAMS 0x0000000088d00000, 0x0000000088c00000| Untracked 
|  87|0x0000000088d00000, 0x0000000088e00000, 0x0000000088e00000|100%| O|  |TAMS 0x0000000088d00000, 0x0000000088d00000| Untracked 
|  88|0x0000000088e00000, 0x0000000088f00000, 0x0000000088f00000|100%| O|  |TAMS 0x0000000088f00000, 0x0000000088e00000| Complete 
|  89|0x0000000088f00000, 0x0000000089000000, 0x0000000089000000|100%| O|  |TAMS 0x0000000089000000, 0x0000000088f00000| Complete 
|  90|0x0000000089000000, 0x0000000089100000, 0x0000000089100000|100%| O|  |TAMS 0x0000000089100000, 0x0000000089000000| Complete 
|  91|0x0000000089100000, 0x0000000089200000, 0x0000000089200000|100%| O|  |TAMS 0x000000008914bc00, 0x0000000089100000| Untracked 
|  92|0x0000000089200000, 0x0000000089300000, 0x0000000089300000|100%| O|  |TAMS 0x0000000089200000, 0x0000000089200000| Untracked 
|  93|0x0000000089300000, 0x0000000089400000, 0x0000000089400000|100%| O|  |TAMS 0x0000000089300000, 0x0000000089300000| Untracked 
|  94|0x0000000089400000, 0x0000000089500000, 0x0000000089500000|100%| O|  |TAMS 0x0000000089400000, 0x0000000089400000| Untracked 
|  95|0x0000000089500000, 0x0000000089600000, 0x0000000089600000|100%| O|  |TAMS 0x0000000089500000, 0x0000000089500000| Untracked 
|  96|0x0000000089600000, 0x0000000089700000, 0x0000000089700000|100%| O|  |TAMS 0x0000000089600000, 0x0000000089600000| Untracked 
|  97|0x0000000089700000, 0x0000000089800000, 0x0000000089800000|100%| O|  |TAMS 0x0000000089700000, 0x0000000089700000| Untracked 
|  98|0x0000000089800000, 0x0000000089900000, 0x0000000089900000|100%| O|  |TAMS 0x0000000089800000, 0x0000000089800000| Untracked 
|  99|0x0000000089900000, 0x0000000089a00000, 0x0000000089a00000|100%| O|  |TAMS 0x0000000089900000, 0x0000000089900000| Untracked 
| 100|0x0000000089a00000, 0x0000000089b00000, 0x0000000089b00000|100%| O|  |TAMS 0x0000000089a00000, 0x0000000089a00000| Untracked 
| 101|0x0000000089b00000, 0x0000000089c00000, 0x0000000089c00000|100%| O|  |TAMS 0x0000000089b00000, 0x0000000089b00000| Untracked 
| 102|0x0000000089c00000, 0x0000000089d00000, 0x0000000089d00000|100%| O|  |TAMS 0x0000000089c00000, 0x0000000089c00000| Untracked 
| 103|0x0000000089d00000, 0x0000000089d3ec00, 0x0000000089e00000| 24%| O|  |TAMS 0x0000000089d00000, 0x0000000089d00000| Untracked 
| 104|0x0000000089e00000, 0x0000000089e00000, 0x0000000089f00000|  0%| F|  |TAMS 0x0000000089e00000, 0x0000000089e00000| Untracked 
| 105|0x0000000089f00000, 0x0000000089f00000, 0x000000008a000000|  0%| F|  |TAMS 0x0000000089f00000, 0x0000000089f00000| Untracked 
| 106|0x000000008a000000, 0x000000008a000000, 0x000000008a100000|  0%| F|  |TAMS 0x000000008a000000, 0x000000008a000000| Untracked 
| 107|0x000000008a100000, 0x000000008a100000, 0x000000008a200000|  0%| F|  |TAMS 0x000000008a100000, 0x000000008a100000| Untracked 
| 108|0x000000008a200000, 0x000000008a200000, 0x000000008a300000|  0%| F|  |TAMS 0x000000008a200000, 0x000000008a200000| Untracked 
| 109|0x000000008a300000, 0x000000008a300000, 0x000000008a400000|  0%| F|  |TAMS 0x000000008a300000, 0x000000008a300000| Untracked 
| 110|0x000000008a400000, 0x000000008a400000, 0x000000008a500000|  0%| F|  |TAMS 0x000000008a400000, 0x000000008a400000| Untracked 
| 111|0x000000008a500000, 0x000000008a500000, 0x000000008a600000|  0%| F|  |TAMS 0x000000008a500000, 0x000000008a500000| Untracked 
| 112|0x000000008a600000, 0x000000008a600000, 0x000000008a700000|  0%| F|  |TAMS 0x000000008a600000, 0x000000008a600000| Untracked 
| 113|0x000000008a700000, 0x000000008a700000, 0x000000008a800000|  0%| F|  |TAMS 0x000000008a700000, 0x000000008a700000| Untracked 
| 114|0x000000008a800000, 0x000000008a800000, 0x000000008a900000|  0%| F|  |TAMS 0x000000008a800000, 0x000000008a800000| Untracked 
| 115|0x000000008a900000, 0x000000008a900000, 0x000000008aa00000|  0%| F|  |TAMS 0x000000008a900000, 0x000000008a900000| Untracked 
| 116|0x000000008aa00000, 0x000000008aa00000, 0x000000008ab00000|  0%| F|  |TAMS 0x000000008aa00000, 0x000000008aa00000| Untracked 
| 117|0x000000008ab00000, 0x000000008ab00000, 0x000000008ac00000|  0%| F|  |TAMS 0x000000008ab00000, 0x000000008ab00000| Untracked 
| 118|0x000000008ac00000, 0x000000008ac00000, 0x000000008ad00000|  0%| F|  |TAMS 0x000000008ac00000, 0x000000008ac00000| Untracked 
| 119|0x000000008ad00000, 0x000000008ad00000, 0x000000008ae00000|  0%| F|  |TAMS 0x000000008ad00000, 0x000000008ad00000| Untracked 
| 120|0x000000008ae00000, 0x000000008ae00000, 0x000000008af00000|  0%| F|  |TAMS 0x000000008ae00000, 0x000000008ae00000| Untracked 
| 121|0x000000008af00000, 0x000000008af00000, 0x000000008b000000|  0%| F|  |TAMS 0x000000008af00000, 0x000000008af00000| Untracked 
| 122|0x000000008b000000, 0x000000008b000000, 0x000000008b100000|  0%| F|  |TAMS 0x000000008b000000, 0x000000008b000000| Untracked 
| 123|0x000000008b100000, 0x000000008b100000, 0x000000008b200000|  0%| F|  |TAMS 0x000000008b100000, 0x000000008b100000| Untracked 
| 124|0x000000008b200000, 0x000000008b200000, 0x000000008b300000|  0%| F|  |TAMS 0x000000008b200000, 0x000000008b200000| Untracked 
| 125|0x000000008b300000, 0x000000008b300000, 0x000000008b400000|  0%| F|  |TAMS 0x000000008b300000, 0x000000008b300000| Untracked 
| 126|0x000000008b400000, 0x000000008b400000, 0x000000008b500000|  0%| F|  |TAMS 0x000000008b400000, 0x000000008b400000| Untracked 
| 127|0x000000008b500000, 0x000000008b500000, 0x000000008b600000|  0%| F|  |TAMS 0x000000008b500000, 0x000000008b500000| Untracked 
| 128|0x000000008b600000, 0x000000008b600000, 0x000000008b700000|  0%| F|  |TAMS 0x000000008b600000, 0x000000008b600000| Untracked 
| 129|0x000000008b700000, 0x000000008b700000, 0x000000008b800000|  0%| F|  |TAMS 0x000000008b700000, 0x000000008b700000| Untracked 
| 130|0x000000008b800000, 0x000000008b800000, 0x000000008b900000|  0%| F|  |TAMS 0x000000008b800000, 0x000000008b800000| Untracked 
| 131|0x000000008b900000, 0x000000008b900000, 0x000000008ba00000|  0%| F|  |TAMS 0x000000008b900000, 0x000000008b900000| Untracked 
| 132|0x000000008ba00000, 0x000000008bb00000, 0x000000008bb00000|100%| S|CS|TAMS 0x000000008ba00000, 0x000000008ba00000| Complete 
| 133|0x000000008bb00000, 0x000000008bc00000, 0x000000008bc00000|100%| S|CS|TAMS 0x000000008bb00000, 0x000000008bb00000| Complete 
| 134|0x000000008bc00000, 0x000000008bd00000, 0x000000008bd00000|100%| S|CS|TAMS 0x000000008bc00000, 0x000000008bc00000| Complete 
| 135|0x000000008bd00000, 0x000000008be00000, 0x000000008be00000|100%| S|CS|TAMS 0x000000008bd00000, 0x000000008bd00000| Complete 
| 136|0x000000008be00000, 0x000000008bf00000, 0x000000008bf00000|100%| S|CS|TAMS 0x000000008be00000, 0x000000008be00000| Complete 
| 137|0x000000008bf00000, 0x000000008bf00000, 0x000000008c000000|  0%| F|  |TAMS 0x000000008bf00000, 0x000000008bf00000| Untracked 
| 138|0x000000008c000000, 0x000000008c000000, 0x000000008c100000|  0%| F|  |TAMS 0x000000008c000000, 0x000000008c000000| Untracked 
| 139|0x000000008c100000, 0x000000008c100000, 0x000000008c200000|  0%| F|  |TAMS 0x000000008c100000, 0x000000008c100000| Untracked 
| 140|0x000000008c200000, 0x000000008c200000, 0x000000008c300000|  0%| F|  |TAMS 0x000000008c200000, 0x000000008c200000| Untracked 
| 141|0x000000008c300000, 0x000000008c300000, 0x000000008c400000|  0%| F|  |TAMS 0x000000008c300000, 0x000000008c300000| Untracked 
| 142|0x000000008c400000, 0x000000008c400000, 0x000000008c500000|  0%| F|  |TAMS 0x000000008c400000, 0x000000008c400000| Untracked 
| 143|0x000000008c500000, 0x000000008c500000, 0x000000008c600000|  0%| F|  |TAMS 0x000000008c500000, 0x000000008c500000| Untracked 
| 144|0x000000008c600000, 0x000000008c700000, 0x000000008c700000|100%| S|CS|TAMS 0x000000008c600000, 0x000000008c600000| Complete 
| 145|0x000000008c700000, 0x000000008c700000, 0x000000008c800000|  0%| F|  |TAMS 0x000000008c700000, 0x000000008c700000| Untracked 
| 146|0x000000008c800000, 0x000000008c800000, 0x000000008c900000|  0%| F|  |TAMS 0x000000008c800000, 0x000000008c800000| Untracked 
| 147|0x000000008c900000, 0x000000008c900000, 0x000000008ca00000|  0%| F|  |TAMS 0x000000008c900000, 0x000000008c900000| Untracked 
| 148|0x000000008ca00000, 0x000000008ca00000, 0x000000008cb00000|  0%| F|  |TAMS 0x000000008ca00000, 0x000000008ca00000| Untracked 
| 149|0x000000008cb00000, 0x000000008cb00000, 0x000000008cc00000|  0%| F|  |TAMS 0x000000008cb00000, 0x000000008cb00000| Untracked 
| 150|0x000000008cc00000, 0x000000008cc00000, 0x000000008cd00000|  0%| F|  |TAMS 0x000000008cc00000, 0x000000008cc00000| Untracked 
| 151|0x000000008cd00000, 0x000000008cd00000, 0x000000008ce00000|  0%| F|  |TAMS 0x000000008cd00000, 0x000000008cd00000| Untracked 
| 152|0x000000008ce00000, 0x000000008ce00000, 0x000000008cf00000|  0%| F|  |TAMS 0x000000008ce00000, 0x000000008ce00000| Untracked 
| 153|0x000000008cf00000, 0x000000008cf00000, 0x000000008d000000|  0%| F|  |TAMS 0x000000008cf00000, 0x000000008cf00000| Untracked 
| 154|0x000000008d000000, 0x000000008d000000, 0x000000008d100000|  0%| F|  |TAMS 0x000000008d000000, 0x000000008d000000| Untracked 
| 155|0x000000008d100000, 0x000000008d100000, 0x000000008d200000|  0%| F|  |TAMS 0x000000008d100000, 0x000000008d100000| Untracked 
| 156|0x000000008d200000, 0x000000008d200000, 0x000000008d300000|  0%| F|  |TAMS 0x000000008d200000, 0x000000008d200000| Untracked 
| 157|0x000000008d300000, 0x000000008d300000, 0x000000008d400000|  0%| F|  |TAMS 0x000000008d300000, 0x000000008d300000| Untracked 
| 158|0x000000008d400000, 0x000000008d400000, 0x000000008d500000|  0%| F|  |TAMS 0x000000008d400000, 0x000000008d400000| Untracked 
| 159|0x000000008d500000, 0x000000008d500000, 0x000000008d600000|  0%| F|  |TAMS 0x000000008d500000, 0x000000008d500000| Untracked 
| 160|0x000000008d600000, 0x000000008d600000, 0x000000008d700000|  0%| F|  |TAMS 0x000000008d600000, 0x000000008d600000| Untracked 
| 161|0x000000008d700000, 0x000000008d700000, 0x000000008d800000|  0%| F|  |TAMS 0x000000008d700000, 0x000000008d700000| Untracked 
| 162|0x000000008d800000, 0x000000008d800000, 0x000000008d900000|  0%| F|  |TAMS 0x000000008d800000, 0x000000008d800000| Untracked 
| 163|0x000000008d900000, 0x000000008d900000, 0x000000008da00000|  0%| F|  |TAMS 0x000000008d900000, 0x000000008d900000| Untracked 
| 164|0x000000008da00000, 0x000000008da00000, 0x000000008db00000|  0%| F|  |TAMS 0x000000008da00000, 0x000000008da00000| Untracked 
| 165|0x000000008db00000, 0x000000008db00000, 0x000000008dc00000|  0%| F|  |TAMS 0x000000008db00000, 0x000000008db00000| Untracked 
| 166|0x000000008dc00000, 0x000000008dc00000, 0x000000008dd00000|  0%| F|  |TAMS 0x000000008dc00000, 0x000000008dc00000| Untracked 
| 167|0x000000008dd00000, 0x000000008dd00000, 0x000000008de00000|  0%| F|  |TAMS 0x000000008dd00000, 0x000000008dd00000| Untracked 
| 168|0x000000008de00000, 0x000000008de00000, 0x000000008df00000|  0%| F|  |TAMS 0x000000008de00000, 0x000000008de00000| Untracked 
| 169|0x000000008df00000, 0x000000008df00000, 0x000000008e000000|  0%| F|  |TAMS 0x000000008df00000, 0x000000008df00000| Untracked 
| 170|0x000000008e000000, 0x000000008e000000, 0x000000008e100000|  0%| F|  |TAMS 0x000000008e000000, 0x000000008e000000| Untracked 
| 171|0x000000008e100000, 0x000000008e100000, 0x000000008e200000|  0%| F|  |TAMS 0x000000008e100000, 0x000000008e100000| Untracked 
| 172|0x000000008e200000, 0x000000008e200000, 0x000000008e300000|  0%| F|  |TAMS 0x000000008e200000, 0x000000008e200000| Untracked 
| 173|0x000000008e300000, 0x000000008e300000, 0x000000008e400000|  0%| F|  |TAMS 0x000000008e300000, 0x000000008e300000| Untracked 
| 174|0x000000008e400000, 0x000000008e400000, 0x000000008e500000|  0%| F|  |TAMS 0x000000008e400000, 0x000000008e400000| Untracked 
| 175|0x000000008e500000, 0x000000008e500000, 0x000000008e600000|  0%| F|  |TAMS 0x000000008e500000, 0x000000008e500000| Untracked 
| 176|0x000000008e600000, 0x000000008e600000, 0x000000008e700000|  0%| F|  |TAMS 0x000000008e600000, 0x000000008e600000| Untracked 
| 177|0x000000008e700000, 0x000000008e700000, 0x000000008e800000|  0%| F|  |TAMS 0x000000008e700000, 0x000000008e700000| Untracked 
| 178|0x000000008e800000, 0x000000008e800000, 0x000000008e900000|  0%| F|  |TAMS 0x000000008e800000, 0x000000008e800000| Untracked 
| 179|0x000000008e900000, 0x000000008e900000, 0x000000008ea00000|  0%| F|  |TAMS 0x000000008e900000, 0x000000008e900000| Untracked 
| 180|0x000000008ea00000, 0x000000008ea00000, 0x000000008eb00000|  0%| F|  |TAMS 0x000000008ea00000, 0x000000008ea00000| Untracked 
| 181|0x000000008eb00000, 0x000000008eb00000, 0x000000008ec00000|  0%| F|  |TAMS 0x000000008eb00000, 0x000000008eb00000| Untracked 
| 182|0x000000008ec00000, 0x000000008ec00000, 0x000000008ed00000|  0%| F|  |TAMS 0x000000008ec00000, 0x000000008ec00000| Untracked 
| 183|0x000000008ed00000, 0x000000008ed00000, 0x000000008ee00000|  0%| F|  |TAMS 0x000000008ed00000, 0x000000008ed00000| Untracked 
| 184|0x000000008ee00000, 0x000000008ee00000, 0x000000008ef00000|  0%| F|  |TAMS 0x000000008ee00000, 0x000000008ee00000| Untracked 
| 185|0x000000008ef00000, 0x000000008ef00000, 0x000000008f000000|  0%| F|  |TAMS 0x000000008ef00000, 0x000000008ef00000| Untracked 

Card table byte_map: [0x00000206fdf60000,0x00000206fe350000] _byte_map_base: 0x00000206fdb45000

Marking Bits (Prev, Next): (CMBitMap*) 0x00000206f3220d80, (CMBitMap*) 0x00000206f3220d40
 Prev Bits: [0x0000020681f30000, 0x0000020683e58000)
 Next Bits: [0x0000020680000000, 0x0000020681f28000)

Polling page: 0x00000206f1020000

Metaspace:

Usage:
  Non-class:     74.91 MB used.
      Class:     12.46 MB used.
       Both:     87.37 MB used.

Virtual space:
  Non-class space:      128.00 MB reserved,      75.25 MB ( 59%) committed,  2 nodes.
      Class space:        1.00 GB reserved,      12.75 MB (  1%) committed,  1 nodes.
             Both:        1.12 GB reserved,      88.00 MB (  8%) committed. 

Chunk freelists:
   Non-Class:  4.67 MB
       Class:  3.08 MB
        Both:  7.75 MB

MaxMetaspaceSize: unlimited
CompressedClassSpaceSize: 1.00 GB
Initial GC threshold: 21.00 MB
Current GC threshold: 146.56 MB
CDS: on
MetaspaceReclaimPolicy: balanced
 - commit_granule_bytes: 65536.
 - commit_granule_words: 8192.
 - virtual_space_node_default_size: 8388608.
 - enlarge_chunks_in_place: 1.
 - new_chunks_are_fully_committed: 0.
 - uncommit_free_chunks: 1.
 - use_allocation_guard: 0.
 - handle_deallocations: 1.


Internal statistics:

num_allocs_failed_limit: 13.
num_arena_births: 892.
num_arena_deaths: 0.
num_vsnodes_births: 3.
num_vsnodes_deaths: 0.
num_space_committed: 1408.
num_space_uncommitted: 0.
num_chunks_returned_to_freelist: 13.
num_chunks_taken_from_freelist: 4133.
num_chunk_merges: 13.
num_chunk_splits: 3065.
num_chunks_enlarged: 2413.
num_inconsistent_stats: 0.

CodeCache: size=49152Kb used=16503Kb max_used=16503Kb free=32648Kb
 bounds [0x00000206faa60000, 0x00000206fba80000, 0x00000206fda60000]
 total_blobs=8736 nmethods=7995 adapters=664
 compilation: enabled
              stopped_count=0, restarted_count=0
 full_count=0

Compilation events (20 events):
Event: 13.833 Thread 0x00000206feb50f00 nmethod 7984 0x00000206fba78c10 code [0x00000206fba78dc0, 0x00000206fba78f68]
Event: 13.833 Thread 0x00000206cd637d10 nmethod 7985 0x00000206fba79090 code [0x00000206fba79280, 0x00000206fba795d8]
Event: 13.835 Thread 0x00000206cd637d10 7987   !   1       java.nio.DirectByteBuffer::<init> (148 bytes)
Event: 13.835 Thread 0x00000206feb50f00 7992       1       java.nio.Bits::tryReserveMemory (52 bytes)
Event: 13.835 Thread 0x00000206cd61d030 7988  s    1       jdk.internal.ref.Cleaner::add (26 bytes)
Event: 13.835 Thread 0x00000206cb1d4e40 7989       1       jdk.internal.misc.VM::isDirectMemoryPageAligned (4 bytes)
Event: 13.835 Thread 0x00000206cb1d4e40 nmethod 7989 0x00000206fba79810 code [0x00000206fba799a0, 0x00000206fba79a58]
Event: 13.835 Thread 0x00000206cb1d4e40 7990       1       java.nio.Bits::pageSize (20 bytes)
Event: 13.835 Thread 0x00000206cd61d030 nmethod 7988 0x00000206fba79b10 code [0x00000206fba79cc0, 0x00000206fba79f58]
Event: 13.835 Thread 0x00000206cd61d030 7991   !   1       java.nio.Bits::reserveMemory (232 bytes)
Event: 13.835 Thread 0x00000206feb50f00 nmethod 7992 0x00000206fba7a090 code [0x00000206fba7a220, 0x00000206fba7a3d8]
Event: 13.835 Thread 0x00000206cb1d4e40 nmethod 7990 0x00000206fba7a490 code [0x00000206fba7a620, 0x00000206fba7a6f8]
Event: 13.835 Thread 0x00000206feb50f00 7993       1       java.nio.DirectByteBuffer$Deallocator::<init> (41 bytes)
Event: 13.835 Thread 0x00000206cb1d4e40 7994       1       jdk.internal.ref.Cleaner::create (19 bytes)
Event: 13.835 Thread 0x00000206feb50f00 nmethod 7993 0x00000206fba7a790 code [0x00000206fba7a920, 0x00000206fba7a9f8]
Event: 13.835 Thread 0x00000206cb1d4e40 nmethod 7994 0x00000206fba7aa90 code [0x00000206fba7ac60, 0x00000206fba7b178]
Event: 13.835 Thread 0x00000206cd637d10 nmethod 7987 0x00000206fba7b310 code [0x00000206fba7b560, 0x00000206fba7be48]
Event: 13.836 Thread 0x00000206cd61d030 nmethod 7991 0x00000206fba7c290 code [0x00000206fba7c580, 0x00000206fba7d088]
Event: 13.907 Thread 0x00000206cd637d10 7995       1       java.util.concurrent.ThreadLocalRandom::getProbe (13 bytes)
Event: 13.907 Thread 0x00000206cd637d10 nmethod 7995 0x00000206fba7d990 code [0x00000206fba7db20, 0x00000206fba7dbd8]

GC Heap History (20 events):
Event: 12.126 GC heap after
{Heap after GC invocations=26 (full 0):
 garbage-first heap   total 121856K, used 47980K [0x0000000083600000, 0x0000000100000000)
  region size 1024K, 7 young (7168K), 7 survivors (7168K)
 Metaspace       used 80738K, committed 81280K, reserved 1179648K
  class space    used 11509K, committed 11776K, reserved 1048576K
}
Event: 12.348 GC heap before
{Heap before GC invocations=26 (full 0):
 garbage-first heap   total 121856K, used 58220K [0x0000000083600000, 0x0000000100000000)
  region size 1024K, 18 young (18432K), 7 survivors (7168K)
 Metaspace       used 83146K, committed 83648K, reserved 1179648K
  class space    used 11855K, committed 12096K, reserved 1048576K
}
Event: 12.352 GC heap after
{Heap after GC invocations=27 (full 0):
 garbage-first heap   total 121856K, used 48248K [0x0000000083600000, 0x0000000100000000)
  region size 1024K, 4 young (4096K), 4 survivors (4096K)
 Metaspace       used 83146K, committed 83648K, reserved 1179648K
  class space    used 11855K, committed 12096K, reserved 1048576K
}
Event: 12.967 GC heap before
{Heap before GC invocations=28 (full 0):
 garbage-first heap   total 121856K, used 100472K [0x0000000083600000, 0x0000000100000000)
  region size 1024K, 55 young (56320K), 4 survivors (4096K)
 Metaspace       used 86954K, committed 87616K, reserved 1179648K
  class space    used 12410K, committed 12736K, reserved 1048576K
}
Event: 12.971 GC heap after
{Heap after GC invocations=29 (full 0):
 garbage-first heap   total 121856K, used 51461K [0x0000000083600000, 0x0000000100000000)
  region size 1024K, 7 young (7168K), 7 survivors (7168K)
 Metaspace       used 86954K, committed 87616K, reserved 1179648K
  class space    used 12410K, committed 12736K, reserved 1048576K
}
Event: 13.361 GC heap before
{Heap before GC invocations=29 (full 0):
 garbage-first heap   total 121856K, used 100613K [0x0000000083600000, 0x0000000100000000)
  region size 1024K, 55 young (56320K), 7 survivors (7168K)
 Metaspace       used 89146K, committed 89792K, reserved 1179648K
  class space    used 12719K, committed 13056K, reserved 1048576K
}
Event: 13.366 GC heap after
{Heap after GC invocations=30 (full 0):
 garbage-first heap   total 121856K, used 53984K [0x0000000083600000, 0x0000000100000000)
  region size 1024K, 6 young (6144K), 6 survivors (6144K)
 Metaspace       used 89146K, committed 89792K, reserved 1179648K
  class space    used 12719K, committed 13056K, reserved 1048576K
}
Event: 13.454 GC heap before
{Heap before GC invocations=30 (full 0):
 garbage-first heap   total 121856K, used 102112K [0x0000000083600000, 0x0000000100000000)
  region size 1024K, 53 young (54272K), 6 survivors (6144K)
 Metaspace       used 89326K, committed 89984K, reserved 1179648K
  class space    used 12735K, committed 13056K, reserved 1048576K
}
Event: 13.462 GC heap after
{Heap after GC invocations=31 (full 0):
 garbage-first heap   total 121856K, used 63904K [0x0000000083600000, 0x0000000100000000)
  region size 1024K, 7 young (7168K), 7 survivors (7168K)
 Metaspace       used 89326K, committed 89984K, reserved 1179648K
  class space    used 12735K, committed 13056K, reserved 1048576K
}
Event: 13.532 GC heap before
{Heap before GC invocations=31 (full 0):
 garbage-first heap   total 121856K, used 96672K [0x0000000083600000, 0x0000000100000000)
  region size 1024K, 40 young (40960K), 7 survivors (7168K)
 Metaspace       used 89421K, committed 90048K, reserved 1179648K
  class space    used 12749K, committed 13056K, reserved 1048576K
}
Event: 13.541 GC heap after
{Heap after GC invocations=32 (full 0):
 garbage-first heap   total 190464K, used 74076K [0x0000000083600000, 0x0000000100000000)
  region size 1024K, 5 young (5120K), 5 survivors (5120K)
 Metaspace       used 89421K, committed 90048K, reserved 1179648K
  class space    used 12749K, committed 13056K, reserved 1048576K
}
Event: 13.675 GC heap before
{Heap before GC invocations=33 (full 0):
 garbage-first heap   total 190464K, used 141660K [0x0000000083600000, 0x0000000100000000)
  region size 1024K, 71 young (72704K), 5 survivors (5120K)
 Metaspace       used 89421K, committed 90048K, reserved 1179648K
  class space    used 12749K, committed 13056K, reserved 1048576K
}
Event: 13.685 GC heap after
{Heap after GC invocations=34 (full 0):
 garbage-first heap   total 190464K, used 91911K [0x0000000083600000, 0x0000000100000000)
  region size 1024K, 9 young (9216K), 9 survivors (9216K)
 Metaspace       used 89421K, committed 90048K, reserved 1179648K
  class space    used 12749K, committed 13056K, reserved 1048576K
}
Event: 13.688 GC heap before
{Heap before GC invocations=34 (full 0):
 garbage-first heap   total 190464K, used 92935K [0x0000000083600000, 0x0000000100000000)
  region size 1024K, 10 young (10240K), 9 survivors (9216K)
 Metaspace       used 89421K, committed 90048K, reserved 1179648K
  class space    used 12749K, committed 13056K, reserved 1048576K
}
Event: 13.694 GC heap after
{Heap after GC invocations=35 (full 0):
 garbage-first heap   total 190464K, used 94100K [0x0000000083600000, 0x0000000100000000)
  region size 1024K, 2 young (2048K), 2 survivors (2048K)
 Metaspace       used 89421K, committed 90048K, reserved 1179648K
  class space    used 12749K, committed 13056K, reserved 1048576K
}
Event: 13.757 GC heap before
{Heap before GC invocations=35 (full 0):
 garbage-first heap   total 190464K, used 142228K [0x0000000083600000, 0x0000000100000000)
  region size 1024K, 49 young (50176K), 2 survivors (2048K)
 Metaspace       used 89421K, committed 90048K, reserved 1179648K
  class space    used 12749K, committed 13056K, reserved 1048576K
}
Event: 13.762 GC heap after
{Heap after GC invocations=36 (full 0):
 garbage-first heap   total 190464K, used 103177K [0x0000000083600000, 0x0000000100000000)
  region size 1024K, 7 young (7168K), 7 survivors (7168K)
 Metaspace       used 89421K, committed 90048K, reserved 1179648K
  class space    used 12749K, committed 13056K, reserved 1048576K
}
Event: 13.843 GC heap before
{Heap before GC invocations=36 (full 0):
 garbage-first heap   total 190464K, used 130825K [0x0000000083600000, 0x0000000100000000)
  region size 1024K, 49 young (50176K), 7 survivors (7168K)
 Metaspace       used 89462K, committed 90112K, reserved 1179648K
  class space    used 12755K, committed 13056K, reserved 1048576K
}
Event: 13.851 GC heap after
{Heap after GC invocations=37 (full 0):
 garbage-first heap   total 190464K, used 101087K [0x0000000083600000, 0x0000000100000000)
  region size 1024K, 7 young (7168K), 7 survivors (7168K)
 Metaspace       used 89462K, committed 90112K, reserved 1179648K
  class space    used 12755K, committed 13056K, reserved 1048576K
}
Event: 13.923 GC heap before
{Heap before GC invocations=38 (full 0):
 garbage-first heap   total 190464K, used 142047K [0x0000000083600000, 0x0000000100000000)
  region size 1024K, 48 young (49152K), 7 survivors (7168K)
 Metaspace       used 89462K, committed 90112K, reserved 1179648K
  class space    used 12755K, committed 13056K, reserved 1048576K
}

Deoptimization events (16 events):
Event: 2.836 Thread 0x00000206cb1cc3d0 DEOPT PACKING pc=0x00000206faf9ea04 sp=0x000000d25e7fc980
Event: 2.837 Thread 0x00000206cb1cc3d0 DEOPT UNPACKING pc=0x00000206faab66e3 sp=0x000000d25e7fbeb0 mode 0
Event: 3.938 Thread 0x00000206cb1ca570 DEOPT PACKING pc=0x00000206faff8901 sp=0x000000d25ebff330
Event: 3.938 Thread 0x00000206cb1ca570 DEOPT UNPACKING pc=0x00000206faab66e3 sp=0x000000d25ebfe7c8 mode 3
Event: 7.427 Thread 0x00000206cb1cc3d0 DEOPT PACKING pc=0x00000206fb08c3fc sp=0x000000d25e7fe080
Event: 7.427 Thread 0x00000206cb1cc3d0 DEOPT UNPACKING pc=0x00000206faab66e3 sp=0x000000d25e7fd5a8 mode 0
Event: 8.240 Thread 0x00000206cb1cc3d0 DEOPT PACKING pc=0x00000206fb3570b9 sp=0x000000d25e7fd1f0
Event: 8.240 Thread 0x00000206cb1cc3d0 DEOPT UNPACKING pc=0x00000206faab66e3 sp=0x000000d25e7fc798 mode 0
Event: 9.058 Thread 0x00000206cb1c8c20 DEOPT PACKING pc=0x00000206faf24e17 sp=0x000000d25f0ff0e0
Event: 9.058 Thread 0x00000206cb1c8c20 DEOPT UNPACKING pc=0x00000206faab66e3 sp=0x000000d25f0fe538 mode 3
Event: 9.155 Thread 0x00000206cb1cc3d0 DEOPT PACKING pc=0x00000206fb020322 sp=0x000000d25e7f9170
Event: 9.155 Thread 0x00000206cb1cc3d0 DEOPT UNPACKING pc=0x00000206faab66e3 sp=0x000000d25e7f8678 mode 3
Event: 9.155 Thread 0x00000206cb1cc3d0 DEOPT PACKING pc=0x00000206fafe2025 sp=0x000000d25e7f9130
Event: 9.155 Thread 0x00000206cb1cc3d0 DEOPT UNPACKING pc=0x00000206faab66e3 sp=0x000000d25e7f8678 mode 3
Event: 12.530 Thread 0x00000206cb1cc3d0 DEOPT PACKING pc=0x00000206fb00cba4 sp=0x000000d25e7fb8f0
Event: 12.530 Thread 0x00000206cb1cc3d0 DEOPT UNPACKING pc=0x00000206faab66e3 sp=0x000000d25e7fae48 mode 0

Classes unloaded (0 events):
No events

Classes redefined (0 events):
No events

Internal exceptions (20 events):
Event: 13.890 Thread 0x00000206cdcfb6a0 Exception <a 'sun/nio/fs/WindowsException'{0x000000008d34a120}> (0x000000008d34a120) 
thrown [s\open\src\hotspot\share\prims\jni.cpp, line 516]
Event: 13.890 Thread 0x00000206cdcfb6a0 Exception <a 'sun/nio/fs/WindowsException'{0x000000008d34a408}> (0x000000008d34a408) 
thrown [s\open\src\hotspot\share\prims\jni.cpp, line 516]
Event: 13.890 Thread 0x00000206cdcfb6a0 Exception <a 'sun/nio/fs/WindowsException'{0x000000008d34ad68}> (0x000000008d34ad68) 
thrown [s\open\src\hotspot\share\prims\jni.cpp, line 516]
Event: 13.890 Thread 0x00000206cdcfb6a0 Exception <a 'sun/nio/fs/WindowsException'{0x000000008d34b088}> (0x000000008d34b088) 
thrown [s\open\src\hotspot\share\prims\jni.cpp, line 516]
Event: 13.891 Thread 0x00000206cdcfb6a0 Exception <a 'sun/nio/fs/WindowsException'{0x000000008d34b9c0}> (0x000000008d34b9c0) 
thrown [s\open\src\hotspot\share\prims\jni.cpp, line 516]
Event: 13.893 Thread 0x00000206cdcfb6a0 Exception <a 'sun/nio/fs/WindowsException'{0x000000008d34bcb0}> (0x000000008d34bcb0) 
thrown [s\open\src\hotspot\share\prims\jni.cpp, line 516]
Event: 13.894 Thread 0x00000206cdcfb6a0 Exception <a 'sun/nio/fs/WindowsException'{0x000000008d34c5b0}> (0x000000008d34c5b0) 
thrown [s\open\src\hotspot\share\prims\jni.cpp, line 516]
Event: 13.894 Thread 0x00000206cdcfb6a0 Exception <a 'sun/nio/fs/WindowsException'{0x000000008d34c868}> (0x000000008d34c868) 
thrown [s\open\src\hotspot\share\prims\jni.cpp, line 516]
Event: 13.894 Thread 0x00000206cdcfb6a0 Exception <a 'sun/nio/fs/WindowsException'{0x000000008d34d178}> (0x000000008d34d178) 
thrown [s\open\src\hotspot\share\prims\jni.cpp, line 516]
Event: 13.894 Thread 0x00000206cdcfb6a0 Exception <a 'sun/nio/fs/WindowsException'{0x000000008d34d448}> (0x000000008d34d448) 
thrown [s\open\src\hotspot\share\prims\jni.cpp, line 516]
Event: 13.894 Thread 0x00000206cdcfb6a0 Exception <a 'sun/nio/fs/WindowsException'{0x000000008d34dd58}> (0x000000008d34dd58) 
thrown [s\open\src\hotspot\share\prims\jni.cpp, line 516]
Event: 13.894 Thread 0x00000206cdcfb6a0 Exception <a 'sun/nio/fs/WindowsException'{0x000000008d34e018}> (0x000000008d34e018) 
thrown [s\open\src\hotspot\share\prims\jni.cpp, line 516]
Event: 13.894 Thread 0x00000206cdcfb6a0 Exception <a 'sun/nio/fs/WindowsException'{0x000000008d34e928}> (0x000000008d34e928) 
thrown [s\open\src\hotspot\share\prims\jni.cpp, line 516]
Event: 13.894 Thread 0x00000206cdcfb6a0 Exception <a 'sun/nio/fs/WindowsException'{0x000000008d34ebf8}> (0x000000008d34ebf8) 
thrown [s\open\src\hotspot\share\prims\jni.cpp, line 516]
Event: 13.894 Thread 0x00000206cdcfb6a0 Exception <a 'sun/nio/fs/WindowsException'{0x000000008d34f530}> (0x000000008d34f530) 
thrown [s\open\src\hotspot\share\prims\jni.cpp, line 516]
Event: 13.894 Thread 0x00000206cdcfb6a0 Exception <a 'sun/nio/fs/WindowsException'{0x000000008d34f820}> (0x000000008d34f820) 
thrown [s\open\src\hotspot\share\prims\jni.cpp, line 516]
Event: 13.894 Thread 0x00000206cdcfb6a0 Exception <a 'sun/nio/fs/WindowsException'{0x000000008d350168}> (0x000000008d350168) 
thrown [s\open\src\hotspot\share\prims\jni.cpp, line 516]
Event: 13.894 Thread 0x00000206cdcfb6a0 Exception <a 'sun/nio/fs/WindowsException'{0x000000008d350468}> (0x000000008d350468) 
thrown [s\open\src\hotspot\share\prims\jni.cpp, line 516]
Event: 13.895 Thread 0x00000206cdcfb6a0 Exception <a 'sun/nio/fs/WindowsException'{0x000000008d350da0}> (0x000000008d350da0) 
thrown [s\open\src\hotspot\share\prims\jni.cpp, line 516]
Event: 13.895 Thread 0x00000206cdcfb6a0 Exception <a 'sun/nio/fs/WindowsException'{0x000000008d3510a0}> (0x000000008d3510a0) 
thrown [s\open\src\hotspot\share\prims\jni.cpp, line 516]

VM Operations (20 events):
Event: 13.501 Executing VM operation: HandshakeAllThreads done
Event: 13.532 Executing VM operation: G1CollectForAllocation
Event: 13.542 Executing VM operation: G1CollectForAllocation done
Event: 13.602 Executing VM operation: G1Concurrent
Event: 13.606 Executing VM operation: G1Concurrent done
Event: 13.635 Executing VM operation: G1Concurrent
Event: 13.636 Executing VM operation: G1Concurrent done
Event: 13.675 Executing VM operation: G1CollectForAllocation
Event: 13.686 Executing VM operation: G1CollectForAllocation done
Event: 13.688 Executing VM operation: G1CollectForAllocation
Event: 13.695 Executing VM operation: G1CollectForAllocation done
Event: 13.757 Executing VM operation: G1CollectForAllocation
Event: 13.764 Executing VM operation: G1CollectForAllocation done
Event: 13.813 Executing VM operation: G1Concurrent
Event: 13.817 Executing VM operation: G1Concurrent done
Event: 13.843 Executing VM operation: G1CollectForAllocation
Event: 13.851 Executing VM operation: G1CollectForAllocation done
Event: 13.851 Executing VM operation: G1Concurrent
Event: 13.851 Executing VM operation: G1Concurrent done
Event: 13.922 Executing VM operation: G1CollectForAllocation

Events (20 events):
Event: 13.792 Thread 0x00000206cdcfc5d0 Thread exited: 0x00000206cdcfc5d0
Event: 13.792 Thread 0x00000206d4119a00 Thread exited: 0x00000206d4119a00
Event: 13.792 Thread 0x00000206d411ae40 Thread exited: 0x00000206d411ae40
Event: 13.792 Thread 0x00000206cdcfb190 Thread exited: 0x00000206cdcfb190
Event: 13.792 Thread 0x00000206cdcfa770 Thread exited: 0x00000206cdcfa770
Event: 13.792 Thread 0x00000206cdcf6ab0 Thread exited: 0x00000206cdcf6ab0
Event: 13.807 Thread 0x00000206cdcfa260 Thread added: 0x00000206cdcfa260
Event: 13.807 Thread 0x00000206cdcf7ef0 Thread added: 0x00000206cdcf7ef0
Event: 13.807 Thread 0x00000206cdcf6ab0 Thread added: 0x00000206cdcf6ab0
Event: 13.807 Thread 0x00000206cdcfcae0 Thread added: 0x00000206cdcfcae0
Event: 13.807 Thread 0x00000206cdcfa770 Thread added: 0x00000206cdcfa770
Event: 13.808 Thread 0x00000206cdcfb190 Thread added: 0x00000206cdcfb190
Event: 13.808 Thread 0x00000206cdcfcff0 Thread added: 0x00000206cdcfcff0
Event: 13.808 Thread 0x00000206cdcfac80 Thread added: 0x00000206cdcfac80
Event: 13.808 Thread 0x00000206cdcfb6a0 Thread added: 0x00000206cdcfb6a0
Event: 13.808 Thread 0x00000206cdcfbbb0 Thread added: 0x00000206cdcfbbb0
Event: 13.808 Thread 0x00000206cdcfc0c0 Thread added: 0x00000206cdcfc0c0
Event: 13.808 Thread 0x00000206cdcfc5d0 Thread added: 0x00000206cdcfc5d0
Event: 13.808 Thread 0x00000206cef09910 Thread added: 0x00000206cef09910
Event: 13.809 Thread 0x00000206cef075a0 Thread added: 0x00000206cef075a0


Dynamic libraries:
0x00007ff628810000 - 0x00007ff628820000 	C:\Program Files\Java\jdk-17\bin\java.exe
0x00007ffe190a0000 - 0x00007ffe19305000 	C:\WINDOWS\SYSTEM32\ntdll.dll
0x00007ffe17ce0000 - 0x00007ffe17da9000 	C:\WINDOWS\System32\KERNEL32.DLL
0x00007ffe16610000 - 0x00007ffe169f8000 	C:\WINDOWS\System32\KERNELBASE.dll
0x00007ffe16400000 - 0x00007ffe1654b000 	C:\WINDOWS\System32\ucrtbase.dll
0x00007ffdf35b0000 - 0x00007ffdf35c9000 	C:\Program Files\Java\jdk-17\bin\jli.dll
0x00007ffdf35d0000 - 0x00007ffdf35eb000 	C:\Program Files\Java\jdk-17\bin\VCRUNTIME140.dll
0x00007ffe18630000 - 0x00007ffe186e3000 	C:\WINDOWS\System32\ADVAPI32.dll
0x00007ffe16e40000 - 0x00007ffe16ee9000 	C:\WINDOWS\System32\msvcrt.dll
0x00007ffe17890000 - 0x00007ffe17936000 	C:\WINDOWS\System32\sechost.dll
0x00007ffe17460000 - 0x00007ffe17575000 	C:\WINDOWS\System32\RPCRT4.dll
0x00007ffe186f0000 - 0x00007ffe188ba000 	C:\WINDOWS\System32\USER32.dll
0x00007ffdfd440000 - 0x00007ffdfd6da000 	C:\WINDOWS\WinSxS\amd64_microsoft.windows.common-controls_6595b64144ccf1df_6.0.26100.4202_none_3e0698d4e335f517\COMCTL32.dll
0x00007ffe16a00000 - 0x00007ffe16a27000 	C:\WINDOWS\System32\win32u.dll
0x00007ffe17940000 - 0x00007ffe1796b000 	C:\WINDOWS\System32\GDI32.dll
0x00007ffe16a30000 - 0x00007ffe16b67000 	C:\WINDOWS\System32\gdi32full.dll
0x00007ffe16c10000 - 0x00007ffe16cb3000 	C:\WINDOWS\System32\msvcp_win.dll
0x00007ffe01a50000 - 0x00007ffe01a5b000 	C:\WINDOWS\SYSTEM32\VERSION.dll
0x00007ffe17280000 - 0x00007ffe172b0000 	C:\WINDOWS\System32\IMM32.DLL
0x00007ffe12530000 - 0x00007ffe1253c000 	C:\Program Files\Java\jdk-17\bin\vcruntime140_1.dll
0x00007ffdef090000 - 0x00007ffdef11e000 	C:\Program Files\Java\jdk-17\bin\msvcp140.dll
0x00007ffde4f50000 - 0x00007ffde5b30000 	C:\Program Files\Java\jdk-17\bin\server\jvm.dll
0x00007ffe17970000 - 0x00007ffe17978000 	C:\WINDOWS\System32\PSAPI.DLL
0x00007ffdd2a20000 - 0x00007ffdd2a2a000 	C:\WINDOWS\SYSTEM32\WSOCK32.dll
0x00007ffe13400000 - 0x00007ffe13435000 	C:\WINDOWS\SYSTEM32\WINMM.dll
0x00007ffe17810000 - 0x00007ffe17884000 	C:\WINDOWS\System32\WS2_32.dll
0x00007ffe14fb0000 - 0x00007ffe14fcb000 	C:\WINDOWS\SYSTEM32\kernel.appcore.dll
0x00007ffe10170000 - 0x00007ffe1017a000 	C:\Program Files\Java\jdk-17\bin\jimage.dll
0x00007ffe131b0000 - 0x00007ffe133f1000 	C:\WINDOWS\SYSTEM32\DBGHELP.DLL
0x00007ffe16ef0000 - 0x00007ffe17275000 	C:\WINDOWS\System32\combase.dll
0x00007ffe172c0000 - 0x00007ffe173a1000 	C:\WINDOWS\System32\OLEAUT32.dll
0x00007ffe13560000 - 0x00007ffe13599000 	C:\WINDOWS\SYSTEM32\dbgcore.DLL
0x00007ffe16b70000 - 0x00007ffe16c09000 	C:\WINDOWS\System32\bcryptPrimitives.dll
0x00007ffdf3e30000 - 0x00007ffdf3e3e000 	C:\Program Files\Java\jdk-17\bin\instrument.dll
0x00007ffdf3580000 - 0x00007ffdf35a5000 	C:\Program Files\Java\jdk-17\bin\java.dll
0x00007ffde4e70000 - 0x00007ffde4f47000 	C:\Program Files\Java\jdk-17\bin\jsvml.dll
0x00007ffe17db0000 - 0x00007ffe184f2000 	C:\WINDOWS\System32\SHELL32.dll
0x00007ffe16280000 - 0x00007ffe163f4000 	C:\WINDOWS\System32\wintypes.dll
0x00007ffe13e20000 - 0x00007ffe14678000 	C:\WINDOWS\SYSTEM32\windows.storage.dll
0x00007ffe18530000 - 0x00007ffe18621000 	C:\WINDOWS\System32\SHCORE.dll
0x00007ffe17980000 - 0x00007ffe179ea000 	C:\WINDOWS\System32\shlwapi.dll
0x00007ffe16100000 - 0x00007ffe1612f000 	C:\WINDOWS\SYSTEM32\profapi.dll
0x00007ffdef070000 - 0x00007ffdef088000 	C:\Program Files\Java\jdk-17\bin\zip.dll
0x00007ffdf3240000 - 0x00007ffdf3259000 	C:\Program Files\Java\jdk-17\bin\net.dll
0x00007ffe0fe50000 - 0x00007ffe0ff6e000 	C:\WINDOWS\SYSTEM32\WINHTTP.dll
0x00007ffe15520000 - 0x00007ffe1558a000 	C:\WINDOWS\system32\mswsock.dll
0x00007ffdf0c20000 - 0x00007ffdf0c36000 	C:\Program Files\Java\jdk-17\bin\nio.dll
0x00007ffdef050000 - 0x00007ffdef06a000 	D:\progam\IntelliJ IDEA 2024.1\bin\breakgen64.dll
0x00007ffe14a70000 - 0x00007ffe14b97000 	C:\WINDOWS\SYSTEM32\DNSAPI.dll
0x00007ffe149d0000 - 0x00007ffe14a03000 	C:\WINDOWS\SYSTEM32\IPHLPAPI.DLL
0x00007ffe17b00000 - 0x00007ffe17b0a000 	C:\WINDOWS\System32\NSI.dll
0x00007ffe0f330000 - 0x00007ffe0f33b000 	C:\Windows\System32\rasadhlp.dll
0x00007ffe124a0000 - 0x00007ffe12526000 	C:\WINDOWS\System32\fwpuclnt.dll
0x00007ffdffd20000 - 0x00007ffdffd2a000 	C:\Program Files\Java\jdk-17\bin\management.dll
0x00007ffdf90a0000 - 0x00007ffdf90ab000 	C:\Program Files\Java\jdk-17\bin\management_ext.dll
0x00007ffe157d0000 - 0x00007ffe157eb000 	C:\WINDOWS\SYSTEM32\CRYPTSP.dll
0x00007ffe14f10000 - 0x00007ffe14f4a000 	C:\WINDOWS\system32\rsaenh.dll
0x00007ffe155c0000 - 0x00007ffe155eb000 	C:\WINDOWS\SYSTEM32\USERENV.dll
0x00007ffe160d0000 - 0x00007ffe160f6000 	C:\WINDOWS\SYSTEM32\bcrypt.dll
0x00007ffe157f0000 - 0x00007ffe157fc000 	C:\WINDOWS\SYSTEM32\CRYPTBASE.dll
0x00007ffe10480000 - 0x00007ffe1049f000 	C:\WINDOWS\SYSTEM32\dhcpcsvc6.DLL
0x00007ffe10360000 - 0x00007ffe10385000 	C:\WINDOWS\SYSTEM32\dhcpcsvc.DLL
0x00007ffdea5f0000 - 0x00007ffdea608000 	C:\WINDOWS\system32\napinsp.dll
0x00007ffdea5d0000 - 0x00007ffdea5e2000 	C:\WINDOWS\System32\winrnr.dll
0x00007ffde8ed0000 - 0x00007ffde8f00000 	C:\WINDOWS\system32\nlansp_c.dll
0x00007ffde8ea0000 - 0x00007ffde8ec0000 	C:\WINDOWS\system32\wshbth.dll
0x00007ffe12df0000 - 0x00007ffe12dfe000 	C:\WINDOWS\SYSTEM32\WINNSI.DLL
0x00007ffdf68e0000 - 0x00007ffdf68ee000 	C:\Program Files\Java\jdk-17\bin\sunmscapi.dll
0x00007ffe16cc0000 - 0x00007ffe16e37000 	C:\WINDOWS\System32\CRYPT32.dll
0x00007ffe15a80000 - 0x00007ffe15ab0000 	C:\WINDOWS\SYSTEM32\ncrypt.dll
0x00007ffe15a30000 - 0x00007ffe15a6f000 	C:\WINDOWS\SYSTEM32\NTASN1.dll
0x00007ffdf34d0000 - 0x00007ffdf34e0000 	C:\Program Files\Java\jdk-17\bin\verify.dll
0x00007ffe02e30000 - 0x00007ffe02e38000 	C:\WINDOWS\system32\wshunix.dll

dbghelp: loaded successfully - version: 4.0.5 - missing functions: none
symbol engine: initialized successfully - sym options: 0x614 - pdb path: .;C:\Program Files\Java\jdk-17\bin;C:\WINDOWS\SYSTEM32;C:\WINDOWS\WinSxS\amd64_microsoft.windows.common-controls_6595b64144ccf1df_6.0.26100.4202_none_3e0698d4e335f517;C:\Program Files\Java\jdk-17\bin\server;D:\progam\IntelliJ IDEA 2024.1\bin

VM Arguments:
jvm_args: -XX:TieredStopAtLevel=1 -Dspring.output.ansi.enabled=always -Dcom.sun.management.jmxremote -Dspring.jmx.enabled=true -Dspring.liveBeansView.mbeanDomain -Dspring.application.admin.enabled=true -Dmanagement.endpoints.jmx.exposure.include=* -javaagent:D:\progam\IntelliJ IDEA 2024.1\lib\idea_rt.jar=54834:D:\progam\IntelliJ IDEA 2024.1\bin -Dfile.encoding=UTF-8 
java_command: com.example.account_service.AccountServiceApplication
java_class_path (initial): D:\java-banking-phase2\backend\account-service\target\classes;C:\Users\25112\.m2\repository\org\springframework\boot\spring-boot-starter-actuator\3.3.11\spring-boot-starter-actuator-3.3.11.jar;C:\Users\25112\.m2\repository\org\springframework\boot\spring-boot-starter\3.3.11\spring-boot-starter-3.3.11.jar;C:\Users\25112\.m2\repository\org\springframework\boot\spring-boot-starter-logging\3.3.11\spring-boot-starter-logging-3.3.11.jar;C:\Users\25112\.m2\repository\ch\qos\logback\logback-classic\1.5.18\logback-classic-1.5.18.jar;C:\Users\25112\.m2\repository\ch\qos\logback\logback-core\1.5.18\logback-core-1.5.18.jar;C:\Users\25112\.m2\repository\org\apache\logging\log4j\log4j-to-slf4j\2.23.1\log4j-to-slf4j-2.23.1.jar;C:\Users\25112\.m2\repository\org\apache\logging\log4j\log4j-api\2.23.1\log4j-api-2.23.1.jar;C:\Users\25112\.m2\repository\org\slf4j\jul-to-slf4j\2.0.17\jul-to-slf4j-2.0.17.jar;C:\Users\25112\.m2\repository\jakarta\annotation\jakarta.annotation-api\2.1.1\jakarta.annotation-api-2.1.1.jar;C:\Users\25112\.m2\repository\org\yaml\snakeyaml\2.2\snakeyaml-2.2.jar;C:\Users\25112\.m2\repository\org\springframework\boot\spring-boot-actuator-autoconfigure\3.3.11\spring-boot-actuator-autoconfigure-3.3.11.jar;C:\Users\25112\.m2\repository\org\springframework\boot\spring-boot-actuator\3.3.11\spring-boot-actuator-3.3.11.jar;C:\Users\25112\.m2\repository\com\fasterxml\jackson\datatype\jackson-datatype-jsr310\2.17.3\jackson-datatype-jsr310-2.17.3.jar;C:\Users\25112\.m2\repository\io\micrometer\micrometer-observation\1.13.13\micrometer-observation-1.13.13.jar;C:\Users\25112\.m2\repository\io\micrometer\micrometer-commons\1.13.13\micrometer-commons-1.13.13.jar;C:\Users\25112\.m2\repository\io\micrometer\micrometer-jakarta9\1.13.13\micrometer-jakarta9-1.13.13.jar;C:\Users\25112\.m2\repository\io\micrometer\micrometer-core\1.13.13\micrometer-core-1.13.13.jar;C:\Users\25112\.m2\repository\org\hdrhistogram\HdrHistogram\2.2.2\HdrHistogram-2.2.2.jar;C:\U
Launcher Type: SUN_STANDARD

[Global flags]
     intx CICompilerCount                          = 4                                         {product} {ergonomic}
     uint ConcGCThreads                            = 2                                         {product} {ergonomic}
     uint G1ConcRefinementThreads                  = 8                                         {product} {ergonomic}
   size_t G1HeapRegionSize                         = 1048576                                   {product} {ergonomic}
    uintx GCDrainStackTargetSize                   = 64                                        {product} {ergonomic}
   size_t InitialHeapSize                          = 132120576                                 {product} {ergonomic}
     bool ManagementServer                         = true                                      {product} {command line}
   size_t MarkStackSize                            = 4194304                                   {product} {ergonomic}
   size_t MaxHeapSize                              = 2090860544                                {product} {ergonomic}
   size_t MaxNewSize                               = 1254096896                                {product} {ergonomic}
   size_t MinHeapDeltaBytes                        = 1048576                                   {product} {ergonomic}
   size_t MinHeapSize                              = 8388608                                   {product} {ergonomic}
    uintx NonProfiledCodeHeapSize                  = 0                                      {pd product} {ergonomic}
     bool ProfileInterpreter                       = false                                  {pd product} {command line}
    uintx ProfiledCodeHeapSize                     = 0                                      {pd product} {ergonomic}
   size_t SoftMaxHeapSize                          = 2090860544                             {manageable} {ergonomic}
     intx TieredStopAtLevel                        = 1                                         {product} {command line}
     bool UseCompressedClassPointers               = true                           {product lp64_product} {ergonomic}
     bool UseCompressedOops                        = true                           {product lp64_product} {ergonomic}
     bool UseG1GC                                  = true                                      {product} {ergonomic}
     bool UseLargePagesIndividualAllocation        = false                                  {pd product} {ergonomic}

Logging:
Log output configuration:
 #0: stdout all=warning uptime,level,tags
 #1: stderr all=off uptime,level,tags

Environment Variables:
JAVA_HOME=C:\Program Files\Java\jdk-17
PATH=C:\Program Files\Microsoft MPI\Bin\;C:\Program Files\Common Files\Oracle\Java\javapath;C:\WINDOWS\system32;C:\WINDOWS;C:\WINDOWS\System32\Wbem;C:\WINDOWS\System32\WindowsPowerShell\v1.0\;C:\WINDOWS\System32\OpenSSH\;C:\Program Files (x86)\Microsoft SQL Server\160\Tools\Binn\;C:\Program Files\Microsoft SQL Server\160\Tools\Binn\;C:\Program Files\Microsoft SQL Server\Client SDK\ODBC\170\Tools\Binn\;C:\Program Files\Microsoft SQL Server\160\DTS\Binn\;C:\Program Files (x86)\Microsoft SQL Server\160\DTS\Binn\;C:\Program Files\nodejs\;C:\Program Files (x86)\Windows Kits\10\Windows Performance Toolkit\;D:\progam\Git\cmd;C:\Program Files\Cloudflare\Cloudflare WARP\;C:\Program Files\Java\jdk-17\bin;D:\vault_1.19.2_windows_amd64;D:\util\temporal;D:\util\k6;D:\util\influxdb;D:\util\grafana-v11.6.1\bin;C:\Program Files\Docker\Docker\resources\bin;C:\Users\25112\Downloads\apache-maven-3.9.9\bin;;d:\progam\cursor\resources\app\bin;C:\Program Files\MySQL\MySQL Shell 8.0\bin\;C:\Users\25112\AppData\Local\Programs\Python\Python312\Scripts\;C:\Users\25112\AppData\Local\Programs\Python\Python312\;C:\Users\25112\AppData\Local\Programs\Python\Launcher\;C:\Users\25112\AppData\Local\Microsoft\WindowsApps;C:\Program Files\Java\jdk-17\bin;D:\progam\Microsoft VS Code\bin;C:\Users\25112\AppData\Roaming\npm;D:\progam\devc\Dev-Cpp\MinGW64\bin;C:\Users\25112\Downloads\mongodb-database-tools-windows-x86_64-100.11.0\mongodb-database-tools-windows-x86_64-100.11.0\bin;;D:\progam\IntelliJ IDEA 2024.1\bin;;D:\progam\cursor\resources\app\bin
USERNAME=khang
OS=Windows_NT
PROCESSOR_IDENTIFIER=Intel64 Family 6 Model 140 Stepping 1, GenuineIntel



---------------  S Y S T E M  ---------------

OS:
 Windows 11 , 64 bit Build 26100 (10.0.26100.4202)
OS uptime: 0 days 14:21 hours
Hyper-V role detected

CPU: total 8 (initial active 8) (4 cores per cpu, 2 threads per core) family 6 model 140 stepping 1 microcode 0xb6, cx8, cmov, fxsr, ht, mmx, 3dnowpref, sse, sse2, sse3, ssse3, sse4.1, sse4.2, popcnt, lzcnt, tsc, tscinvbit, avx, avx2, aes, erms, clmul, bmi1, bmi2, adx, avx512f, avx512dq, avx512cd, avx512bw, avx512vl, sha, fma, vzeroupper, avx512_vpopcntdq, avx512_vpclmulqdq, avx512_vaes, avx512_vnni, clflush, clflushopt, clwb, avx512_vbmi2, avx512_vbmi, hv

Memory: 4k page, system-wide physical 7975M (571M free)
TotalPageFile size 32551M (AvailPageFile size 184M)
current process WorkingSet (physical memory assigned to process): 369M, peak: 374M
current process commit charge ("private bytes"): 436M, peak: 808M

vm_info: Java HotSpot(TM) 64-Bit Server VM (17.0.12+8-LTS-286) for windows-amd64 JRE (17.0.12+8-LTS-286), built on Jun  5 2024 06:46:59 by "mach5one" with MS VC++ 17.6 (VS2022)

END.
