#
# There is insufficient memory for the Java Runtime Environment to continue.
# Native memory allocation (mmap) failed to map 187695104 bytes for G1 virtual space
# Possible reasons:
#   The system is out of physical RAM or swap space
#   The process is running with CompressedOops enabled, and the Java Heap may be blocking the growth of the native heap
# Possible solutions:
#   Reduce memory load on the system
#   Increase physical memory or swap space
#   Check if swap backing store is full
#   Decrease Java heap size (-Xmx/-Xms)
#   Decrease number of Java threads
#   Decrease Java thread stack sizes (-Xss)
#   Set larger code cache with -XX:ReservedCodeCacheSize=
#   JVM is running with Unscaled Compressed Oops mode in which the Java heap is
#     placed in the first 4GB address space. The Java Heap base address is the
#     maximum limit for the native heap growth. Please use -XX:HeapBaseMinAddress
#     to set the Java Heap base and to place the Java Heap above 4GB virtual address.
# This output file may be truncated or incomplete.
#
#  Out of Memory Error (os_windows.cpp:3548), pid=28764, tid=23916
#
# JRE version: Java(TM) SE Runtime Environment (17.0.12+8) (build 17.0.12+8-LTS-286)
# Java VM: Java HotSpot(TM) 64-Bit Server VM (17.0.12+8-LTS-286, mixed mode, emulated-client, sharing, tiered, compressed oops, compressed class ptrs, g1 gc, windows-amd64)
# No core dump will be written. Minidumps are not enabled by default on client versions of Windows
#

---------------  S U M M A R Y ------------

Command Line: -XX:TieredStopAtLevel=1 -Dspring.output.ansi.enabled=always -Dcom.sun.management.jmxremote -Dspring.jmx.enabled=true -Dspring.liveBeansView.mbeanDomain -Dspring.application.admin.enabled=true -Dmanagement.endpoints.jmx.exposure.include=* -javaagent:D:\progam\IntelliJ IDEA 2024.1\lib\idea_rt.jar=54224:D:\progam\IntelliJ IDEA 2024.1\bin -Dfile.encoding=UTF-8 com.example.account_service.AccountServiceApplication

Host: 11th Gen Intel(R) Core(TM) i7-1165G7 @ 2.80GHz, 8 cores, 7G,  Windows 11 , 64 bit Build 26100 (10.0.26100.4202)
Time: Thu Jun 12 13:35:38 2025 SE Asia Standard Time elapsed time: 74.971494 seconds (0d 0h 1m 14s)

---------------  T H R E A D  ---------------

Current thread (0x00000143d6f30800):  VMThread "VM Thread" [stack: 0x0000003113500000,0x0000003113600000] [id=23916]

Stack: [0x0000003113500000,0x0000003113600000]
Native frames: (J=compiled Java code, j=interpreted, Vv=VM code, C=native code)
V  [jvm.dll+0x67a04a]
V  [jvm.dll+0x7da4ed]
V  [jvm.dll+0x7dbe33]
V  [jvm.dll+0x7dc4a3]
V  [jvm.dll+0x24508f]
V  [jvm.dll+0x677089]
V  [jvm.dll+0x66bd32]
V  [jvm.dll+0x301fa6]
V  [jvm.dll+0x309546]
V  [jvm.dll+0x359d2e]
V  [jvm.dll+0x359f5f]
V  [jvm.dll+0x2d9078]
V  [jvm.dll+0x2d74ad]
V  [jvm.dll+0x2d6afc]
V  [jvm.dll+0x31a65b]
V  [jvm.dll+0x7e0d9b]
V  [jvm.dll+0x7e1ad4]
V  [jvm.dll+0x7e1fed]
V  [jvm.dll+0x7e23c4]
V  [jvm.dll+0x7e2490]
V  [jvm.dll+0x78abea]
V  [jvm.dll+0x678f35]
C  [ucrtbase.dll+0x37b0]
C  [KERNEL32.DLL+0x2e8d7]
C  [ntdll.dll+0x3c34c]

VM_Operation (0x00000031164fe2e0): G1CollectForAllocation, mode: safepoint, requested by thread 0x00000143dde94e20


---------------  P R O C E S S  ---------------

Threads class SMR info:
_java_thread_list=0x00000143e44fa0d0, length=73, elements={
0x00000143d6f341b0, 0x00000143d6f368a0, 0x00000143d6f47bd0, 0x00000143d6f482b0,
0x00000143d6f48990, 0x00000143d6f4ae80, 0x00000143d6f4f420, 0x00000143d6f4f940,
0x00000143d6f1fb20, 0x00000143db9fe3b0, 0x00000143dba008a0, 0x00000143dbb5d8a0,
0x00000143dc461700, 0x00000143dc521e20, 0x00000143dc5204d0, 0x00000143dc5209e0,
0x00000143dc520ef0, 0x00000143dc522840, 0x00000143dc51f090, 0x00000143dc51fab0,
0x00000143dc51ffc0, 0x00000143dc51f5a0, 0x00000143dc521400, 0x00000143dc521910,
0x00000143dc522330, 0x00000143dde92090, 0x00000143dde95840, 0x00000143dde94400,
0x00000143dde934d0, 0x00000143dde94e20, 0x00000143dde93ef0, 0x00000143dde925a0,
0x00000143dde92fc0, 0x00000143dde94910, 0x00000143dde92ab0, 0x00000143dde96770,
0x00000143dde976a0, 0x00000143dde980c0, 0x00000143dde985d0, 0x00000143dde96c80,
0x00000143dde97bb0, 0x00000143dde97190, 0x00000143dde98ae0, 0x00000143dde95330,
0x00000143dde99500, 0x00000143dde98ff0, 0x00000143dde99a10, 0x00000143df1f0670,
0x00000143df1f1090, 0x00000143df1f1ab0, 0x00000143df1f15a0, 0x00000143df1f24d0,
0x00000143df1f1fc0, 0x00000143df1ef230, 0x00000143df1f2ef0, 0x00000143df1ef740,
0x00000143df1f3400, 0x00000143df1f0b80, 0x00000143df1efc50, 0x00000143df1f3910,
0x00000143df1f0160, 0x00000143df1f66a0, 0x00000143df1f6bb0, 0x00000143df1f3e20,
0x00000143df1f5770, 0x00000143df1f5c80, 0x00000143df1f4330, 0x00000143df1f4840,
0x00000143df1f6190, 0x00000143df1f4d50, 0x00000143e44e9c10, 0x00000143e44ea120,
0x00000143e44eab40
}

Java Threads: ( => current thread )
  0x00000143d6f341b0 JavaThread "Reference Handler" daemon [_thread_blocked, id=25148, stack(0x0000003113600000,0x0000003113700000)]
  0x00000143d6f368a0 JavaThread "Finalizer" daemon [_thread_blocked, id=29252, stack(0x0000003113700000,0x0000003113800000)]
  0x00000143d6f47bd0 JavaThread "Signal Dispatcher" daemon [_thread_blocked, id=25944, stack(0x0000003113800000,0x0000003113900000)]
  0x00000143d6f482b0 JavaThread "Attach Listener" daemon [_thread_blocked, id=12108, stack(0x0000003113900000,0x0000003113a00000)]
  0x00000143d6f48990 JavaThread "Service Thread" daemon [_thread_blocked, id=17256, stack(0x0000003113a00000,0x0000003113b00000)]
  0x00000143d6f4ae80 JavaThread "Monitor Deflation Thread" daemon [_thread_blocked, id=23800, stack(0x0000003113b00000,0x0000003113c00000)]
  0x00000143d6f4f420 JavaThread "C1 CompilerThread0" daemon [_thread_blocked, id=26808, stack(0x0000003113c00000,0x0000003113d00000)]
  0x00000143d6f4f940 JavaThread "Sweeper thread" daemon [_thread_blocked, id=11712, stack(0x0000003113d00000,0x0000003113e00000)]
  0x00000143d6f1fb20 JavaThread "Common-Cleaner" daemon [_thread_blocked, id=28684, stack(0x0000003113e00000,0x0000003113f00000)]
  0x00000143db9fe3b0 JavaThread "Monitor Ctrl-Break" daemon [_thread_in_native, id=25888, stack(0x0000003114100000,0x0000003114200000)]
  0x00000143dba008a0 JavaThread "Notification Thread" daemon [_thread_blocked, id=24132, stack(0x0000003114200000,0x0000003114300000)]
  0x00000143dbb5d8a0 JavaThread "RMI TCP Accept-0" daemon [_thread_in_native, id=29368, stack(0x0000003114300000,0x0000003114400000)]
  0x00000143dc461700 JavaThread "RMI TCP Connection(idle)" daemon [_thread_blocked, id=27248, stack(0x0000003114f00000,0x0000003115000000)]
  0x00000143dc521e20 JavaThread "RMI Scheduler(0)" daemon [_thread_blocked, id=15964, stack(0x0000003115300000,0x0000003115400000)]
  0x00000143dc5204d0 JavaThread "Dubbo-global-shared-handler-thread-1" daemon [_thread_blocked, id=3100, stack(0x0000003115200000,0x0000003115300000)]
  0x00000143dc5209e0 JavaThread "Dubbo-global-shared-handler-thread-2" daemon [_thread_blocked, id=20280, stack(0x0000003115700000,0x0000003115800000)]
  0x00000143dc520ef0 JavaThread "Catalina-utility-1" [_thread_blocked, id=3732, stack(0x0000003115400000,0x0000003115500000)]
  0x00000143dc522840 JavaThread "Catalina-utility-2" [_thread_blocked, id=23328, stack(0x0000003115800000,0x0000003115900000)]
  0x00000143dc51f090 JavaThread "container-0" [_thread_blocked, id=26732, stack(0x0000003115900000,0x0000003115a00000)]
  0x00000143dc51fab0 JavaThread "RMI TCP Connection(idle)" daemon [_thread_blocked, id=21916, stack(0x0000003115500000,0x0000003115600000)]
  0x00000143dc51ffc0 JavaThread "RMI TCP Connection(idle)" daemon [_thread_blocked, id=27760, stack(0x0000003115a00000,0x0000003115b00000)]
  0x00000143dc51f5a0 JavaThread "Curator-ConnectionStateManager-0" daemon [_thread_blocked, id=23972, stack(0x0000003115b00000,0x0000003115c00000)]
  0x00000143dc521400 JavaThread "restartedMain-SendThread(localhost:2181)" daemon [_thread_in_native, id=12744, stack(0x0000003115c00000,0x0000003115d00000)]
  0x00000143dc521910 JavaThread "restartedMain-EventThread" daemon [_thread_blocked, id=18420, stack(0x0000003115d00000,0x0000003115e00000)]
  0x00000143dc522330 JavaThread "Curator-Framework-0" daemon [_thread_blocked, id=7628, stack(0x0000003115e00000,0x0000003115f00000)]
  0x00000143dde92090 JavaThread "metrics-collector-sync-job-thread-1" daemon [_thread_blocked, id=24664, stack(0x0000003116000000,0x0000003116100000)]
  0x00000143dde95840 JavaThread "DubboMetadataReportTimer-thread-1" daemon [_thread_blocked, id=17852, stack(0x0000003116100000,0x0000003116200000)]
  0x00000143dde94400 JavaThread "mysql-cj-abandoned-connection-cleanup" daemon [_thread_blocked, id=3896, stack(0x0000003116200000,0x0000003116300000)]
  0x00000143dde934d0 JavaThread "HikariPool-1 housekeeper" daemon [_thread_blocked, id=7372, stack(0x0000003116300000,0x0000003116400000)]
  0x00000143dde94e20 JavaThread "File Watcher" daemon [_thread_blocked, id=25652, stack(0x0000003116400000,0x0000003116500000)]
  0x00000143dde93ef0 JavaThread "http-nio-8082-exec-1" daemon [_thread_blocked, id=22216, stack(0x0000003116500000,0x0000003116600000)]
  0x00000143dde925a0 JavaThread "http-nio-8082-exec-2" daemon [_thread_blocked, id=27960, stack(0x0000003116600000,0x0000003116700000)]
  0x00000143dde92fc0 JavaThread "http-nio-8082-exec-3" daemon [_thread_blocked, id=28600, stack(0x0000003116700000,0x0000003116800000)]
  0x00000143dde94910 JavaThread "http-nio-8082-exec-4" daemon [_thread_blocked, id=12484, stack(0x0000003116800000,0x0000003116900000)]
  0x00000143dde92ab0 JavaThread "http-nio-8082-exec-5" daemon [_thread_blocked, id=23248, stack(0x0000003116900000,0x0000003116a00000)]
  0x00000143dde96770 JavaThread "http-nio-8082-exec-6" daemon [_thread_blocked, id=19100, stack(0x0000003116a00000,0x0000003116b00000)]
  0x00000143dde976a0 JavaThread "http-nio-8082-exec-7" daemon [_thread_blocked, id=29360, stack(0x0000003116b00000,0x0000003116c00000)]
  0x00000143dde980c0 JavaThread "http-nio-8082-exec-8" daemon [_thread_blocked, id=23612, stack(0x0000003116c00000,0x0000003116d00000)]
  0x00000143dde985d0 JavaThread "http-nio-8082-exec-9" daemon [_thread_blocked, id=24040, stack(0x0000003116d00000,0x0000003116e00000)]
  0x00000143dde96c80 JavaThread "http-nio-8082-exec-10" daemon [_thread_blocked, id=10668, stack(0x0000003116e00000,0x0000003116f00000)]
  0x00000143dde97bb0 JavaThread "http-nio-8082-Poller" daemon [_thread_blocked, id=2272, stack(0x0000003116f00000,0x0000003117000000)]
  0x00000143dde97190 JavaThread "http-nio-8082-Acceptor" daemon [_thread_in_native, id=10124, stack(0x0000003117000000,0x0000003117100000)]
  0x00000143dde98ae0 JavaThread "qos-boss-1-1" daemon [_thread_in_native, id=20064, stack(0x0000003117100000,0x0000003117200000)]
  0x00000143dde95330 JavaThread "NettyServerBoss-4-1" daemon [_thread_in_native, id=14328, stack(0x0000003117200000,0x0000003117300000)]
  0x00000143dde99500 JavaThread "Dubbo-framework-cache-refreshing-scheduler-thread-1" daemon [_thread_blocked, id=12488, stack(0x0000003117300000,0x0000003117400000)]
  0x00000143dde98ff0 JavaThread "Dubbo-framework-shared-scheduler-thread-1" daemon [_thread_blocked, id=9024, stack(0x0000003117400000,0x0000003117500000)]
  0x00000143dde99a10 JavaThread "Curator-ConnectionStateManager-0" daemon [_thread_blocked, id=12128, stack(0x0000003117500000,0x0000003117600000)]
  0x00000143df1f0670 JavaThread "restartedMain-SendThread(localhost:2181)" daemon [_thread_in_native, id=15136, stack(0x0000003117600000,0x0000003117700000)]
  0x00000143df1f1090 JavaThread "restartedMain-EventThread" daemon [_thread_blocked, id=22952, stack(0x0000003117700000,0x0000003117800000)]
  0x00000143df1f1ab0 JavaThread "Curator-Framework-0" daemon [_thread_blocked, id=14312, stack(0x0000003117800000,0x0000003117900000)]
  0x00000143df1f15a0 JavaThread "Dubbo-framework-shared-scheduler-thread-2" daemon [_thread_blocked, id=22600, stack(0x0000003117900000,0x0000003117a00000)]
  0x00000143df1f24d0 JavaThread "DubboSaveMetadataReport-thread-1" daemon [_thread_blocked, id=29024, stack(0x0000003117a00000,0x0000003117b00000)]
  0x00000143df1f1fc0 JavaThread "Dubbo-framework-shared-scheduler-thread-3" daemon [_thread_blocked, id=17168, stack(0x0000003117b00000,0x0000003117c00000)]
  0x00000143df1ef230 JavaThread "Dubbo-framework-shared-scheduler-thread-4" daemon [_thread_blocked, id=21552, stack(0x0000003117c00000,0x0000003117d00000)]
  0x00000143df1f2ef0 JavaThread "NettyClientWorker-6-1" daemon [_thread_in_native, id=18872, stack(0x0000003117d00000,0x0000003117e00000)]
  0x00000143df1ef740 JavaThread "DubboClientHandler-thread-1" daemon [_thread_blocked, id=5036, stack(0x0000003117e00000,0x0000003117f00000)]
  0x00000143df1f3400 JavaThread "dubbo-client-heartbeat-reconnect-thread-1" daemon [_thread_blocked, id=23852, stack(0x0000003117f00000,0x0000003118000000)]
  0x00000143df1f0b80 JavaThread "dubbo.config-center.workers-thread-1" daemon [_thread_blocked, id=16908, stack(0x0000003118000000,0x0000003118100000)]
  0x00000143df1efc50 JavaThread "Dubbo-framework-shared-scheduler-thread-5" daemon [_thread_blocked, id=23376, stack(0x0000003118100000,0x0000003118200000)]
  0x00000143df1f3910 JavaThread "Dubbo-framework-mapping-refreshing-scheduler-thread-1" daemon [_thread_blocked, id=29248, stack(0x0000003118200000,0x0000003118300000)]
  0x00000143df1f0160 JavaThread "RMI TCP Connection(idle)" daemon [_thread_blocked, id=13912, stack(0x0000003118300000,0x0000003118400000)]
  0x00000143df1f66a0 JavaThread "Curator-SafeNotifyService-0" daemon [_thread_blocked, id=14672, stack(0x0000003118400000,0x0000003118500000)]
  0x00000143df1f6bb0 JavaThread "Dubbo-framework-shared-scheduler-thread-6" daemon [_thread_blocked, id=7308, stack(0x0000003118500000,0x0000003118600000)]
  0x00000143df1f3e20 JavaThread "Dubbo-framework-shared-scheduler-thread-7" daemon [_thread_blocked, id=9792, stack(0x0000003118600000,0x0000003118700000)]
  0x00000143df1f5770 JavaThread "NettyClientWorker-6-2" daemon [_thread_in_native, id=5792, stack(0x0000003118700000,0x0000003118800000)]
  0x00000143df1f5c80 JavaThread "Dubbo-framework-shared-scheduler-thread-8" daemon [_thread_blocked, id=19996, stack(0x0000003118800000,0x0000003118900000)]
  0x00000143df1f4330 JavaThread "Dubbo-framework-mapping-refreshing-scheduler-thread-2" daemon [_thread_blocked, id=22004, stack(0x0000003118900000,0x0000003118a00000)]
  0x00000143df1f4840 JavaThread "RMI TCP Connection(idle)" daemon [_thread_blocked, id=22868, stack(0x0000003118a00000,0x0000003118b00000)]
  0x00000143df1f6190 JavaThread "DestroyJavaVM" [_thread_blocked, id=24232, stack(0x0000003112f00000,0x0000003113000000)]
  0x00000143df1f4d50 JavaThread "RMI TCP Connection(12)-10.2.36.232" daemon [_thread_in_native, id=14712, stack(0x0000003114b00000,0x0000003114c00000)]
  0x00000143e44e9c10 JavaThread "RMI TCP Connection(idle)" daemon [_thread_blocked, id=9728, stack(0x0000003118b00000,0x0000003118c00000)]
  0x00000143e44ea120 JavaThread "NettyServerWorker-5-1" daemon [_thread_in_native, id=15560, stack(0x0000003112d00000,0x0000003112e00000)]
  0x00000143e44eab40 JavaThread "DubboServerHandler-10.2.36.232:20882-thread-1" daemon [_thread_blocked, id=26548, stack(0x0000003112e00000,0x0000003112f00000)]

Other Threads:
=>0x00000143d6f30800 VMThread "VM Thread" [stack: 0x0000003113500000,0x0000003113600000] [id=23916]
  0x00000143c5122820 WatcherThread [stack: 0x0000003114400000,0x0000003114500000] [id=13844]
  0x00000143c5100e00 GCTaskThread "GC Thread#0" [stack: 0x0000003113000000,0x0000003113100000] [id=27496]
  0x00000143dbbe9040 GCTaskThread "GC Thread#1" [stack: 0x0000003114500000,0x0000003114600000] [id=9968]
  0x00000143dc18e470 GCTaskThread "GC Thread#2" [stack: 0x0000003114600000,0x0000003114700000] [id=20680]
  0x00000143dc1b3840 GCTaskThread "GC Thread#3" [stack: 0x0000003114700000,0x0000003114800000] [id=1600]
  0x00000143dc1b3f10 GCTaskThread "GC Thread#4" [stack: 0x0000003114800000,0x0000003114900000] [id=26200]
  0x00000143dc1b41d0 GCTaskThread "GC Thread#5" [stack: 0x0000003114900000,0x0000003114a00000] [id=25372]
  0x00000143dc352060 GCTaskThread "GC Thread#6" [stack: 0x0000003114d00000,0x0000003114e00000] [id=20168]
  0x00000143dc352320 GCTaskThread "GC Thread#7" [stack: 0x0000003114e00000,0x0000003114f00000] [id=23240]
  0x00000143c5111690 ConcurrentGCThread "G1 Main Marker" [stack: 0x0000003113100000,0x0000003113200000] [id=19516]
  0x00000143c5112d70 ConcurrentGCThread "G1 Conc#0" [stack: 0x0000003113200000,0x0000003113300000] [id=11268]
  0x00000143dc94a0d0 ConcurrentGCThread "G1 Conc#1" [stack: 0x0000003115600000,0x0000003115700000] [id=25588]
  0x00000143c514ec30 ConcurrentGCThread "G1 Refine#0" [stack: 0x0000003113300000,0x0000003113400000] [id=18756]
  0x00000143dc19e4f0 ConcurrentGCThread "G1 Refine#1" [stack: 0x0000003114a00000,0x0000003114b00000] [id=23964]
  0x00000143e416da60 ConcurrentGCThread "G1 Refine#2" [stack: 0x0000003112c00000,0x0000003112d00000] [id=19672]
  0x00000143d6ded920 ConcurrentGCThread "G1 Service" [stack: 0x0000003113400000,0x0000003113500000] [id=8308]

Threads with active compile tasks:

VM state: at safepoint (normal execution)

VM Mutex/Monitor currently owned by a thread:  ([mutex/lock_event])
[0x00000143c50a0350] Threads_lock - owner thread: 0x00000143d6f30800
[0x00000143c50a0740] Heap_lock - owner thread: 0x00000143dde94e20

Heap address: 0x0000000083600000, size: 1994 MB, Compressed Oops mode: 32-bit

CDS archive(s) mapped at: [0x0000014380000000-0x0000014380bd0000-0x0000014380bd0000), size 12386304, SharedBaseAddress: 0x0000014380000000, ArchiveRelocationMode: 1.
Compressed class space mapped at: 0x0000014381000000-0x00000143c1000000, reserved size: 1073741824
Narrow klass base: 0x0000014380000000, Narrow klass shift: 0, Narrow klass range: 0x100000000

GC Precious Log:
 CPUs: 8 total, 8 available
 Memory: 7975M
 Large Page Support: Disabled
 NUMA Support: Disabled
 Compressed Oops: Enabled (32-bit)
 Heap Region Size: 1M
 Heap Min Capacity: 8M
 Heap Initial Capacity: 126M
 Heap Max Capacity: 1994M
 Pre-touch: Disabled
 Parallel Workers: 8
 Concurrent Workers: 2
 Concurrent Refinement Workers: 8
 Periodic GC: Disabled

Heap:
 garbage-first heap   total 229376K, used 87669K [0x0000000083600000, 0x0000000100000000)
  region size 1024K, 2 young (2048K), 2 survivors (2048K)
 Metaspace       used 106076K, committed 107008K, reserved 1179648K
  class space    used 15160K, committed 15616K, reserved 1048576K

Heap Regions: E=young(eden), S=young(survivor), O=old, HS=humongous(starts), HC=humongous(continues), CS=collection set, F=free, OA=open archive, CA=closed archive, TAMS=top-at-mark-start (previous, next)
|   0|0x0000000083600000, 0x0000000083700000, 0x0000000083700000|100%|HS|  |TAMS 0x0000000083700000, 0x0000000083600000| Complete 
|   1|0x0000000083700000, 0x0000000083800000, 0x0000000083800000|100%| O|  |TAMS 0x0000000083800000, 0x0000000083700000| Untracked 
|   2|0x0000000083800000, 0x0000000083900000, 0x0000000083900000|100%| O|  |TAMS 0x0000000083900000, 0x0000000083800000| Untracked 
|   3|0x0000000083900000, 0x0000000083a00000, 0x0000000083a00000|100%| O|  |TAMS 0x0000000083a00000, 0x0000000083900000| Untracked 
|   4|0x0000000083a00000, 0x0000000083b00000, 0x0000000083b00000|100%| O|  |TAMS 0x0000000083b00000, 0x0000000083a00000| Untracked 
|   5|0x0000000083b00000, 0x0000000083c00000, 0x0000000083c00000|100%| O|  |TAMS 0x0000000083c00000, 0x0000000083b00000| Untracked 
|   6|0x0000000083c00000, 0x0000000083d00000, 0x0000000083d00000|100%| O|  |TAMS 0x0000000083d00000, 0x0000000083c00000| Untracked 
|   7|0x0000000083d00000, 0x0000000083e00000, 0x0000000083e00000|100%| O|  |TAMS 0x0000000083e00000, 0x0000000083d00000| Untracked 
|   8|0x0000000083e00000, 0x0000000083f00000, 0x0000000083f00000|100%| O|  |TAMS 0x0000000083f00000, 0x0000000083e00000| Untracked 
|   9|0x0000000083f00000, 0x0000000084000000, 0x0000000084000000|100%| O|  |TAMS 0x0000000084000000, 0x0000000083f00000| Untracked 
|  10|0x0000000084000000, 0x0000000084100000, 0x0000000084100000|100%| O|  |TAMS 0x0000000084100000, 0x0000000084000000| Untracked 
|  11|0x0000000084100000, 0x0000000084200000, 0x0000000084200000|100%| O|  |TAMS 0x0000000084200000, 0x0000000084100000| Untracked 
|  12|0x0000000084200000, 0x0000000084300000, 0x0000000084300000|100%| O|  |TAMS 0x0000000084300000, 0x0000000084200000| Untracked 
|  13|0x0000000084300000, 0x0000000084400000, 0x0000000084400000|100%| O|  |TAMS 0x0000000084400000, 0x0000000084300000| Untracked 
|  14|0x0000000084400000, 0x0000000084500000, 0x0000000084500000|100%| O|  |TAMS 0x0000000084500000, 0x0000000084400000| Untracked 
|  15|0x0000000084500000, 0x0000000084600000, 0x0000000084600000|100%| O|  |TAMS 0x0000000084600000, 0x0000000084500000| Untracked 
|  16|0x0000000084600000, 0x0000000084700000, 0x0000000084700000|100%| O|  |TAMS 0x0000000084700000, 0x0000000084600000| Untracked 
|  17|0x0000000084700000, 0x0000000084800000, 0x0000000084800000|100%| O|  |TAMS 0x0000000084800000, 0x0000000084700000| Untracked 
|  18|0x0000000084800000, 0x0000000084900000, 0x0000000084900000|100%| O|  |TAMS 0x0000000084900000, 0x0000000084800000| Untracked 
|  19|0x0000000084900000, 0x0000000084a00000, 0x0000000084a00000|100%| O|  |TAMS 0x0000000084a00000, 0x0000000084900000| Untracked 
|  20|0x0000000084a00000, 0x0000000084b00000, 0x0000000084b00000|100%| O|  |TAMS 0x0000000084b00000, 0x0000000084a00000| Untracked 
|  21|0x0000000084b00000, 0x0000000084c00000, 0x0000000084c00000|100%| O|  |TAMS 0x0000000084c00000, 0x0000000084b00000| Untracked 
|  22|0x0000000084c00000, 0x0000000084d00000, 0x0000000084d00000|100%| O|  |TAMS 0x0000000084d00000, 0x0000000084c00000| Untracked 
|  23|0x0000000084d00000, 0x0000000084e00000, 0x0000000084e00000|100%| O|  |TAMS 0x0000000084e00000, 0x0000000084d00000| Untracked 
|  24|0x0000000084e00000, 0x0000000084f00000, 0x0000000084f00000|100%| O|  |TAMS 0x0000000084f00000, 0x0000000084e00000| Untracked 
|  25|0x0000000084f00000, 0x0000000085000000, 0x0000000085000000|100%| O|  |TAMS 0x0000000085000000, 0x0000000084f00000| Untracked 
|  26|0x0000000085000000, 0x0000000085100000, 0x0000000085100000|100%| O|  |TAMS 0x0000000085100000, 0x0000000085000000| Untracked 
|  27|0x0000000085100000, 0x0000000085200000, 0x0000000085200000|100%| O|  |TAMS 0x0000000085200000, 0x0000000085100000| Untracked 
|  28|0x0000000085200000, 0x0000000085300000, 0x0000000085300000|100%| O|  |TAMS 0x0000000085300000, 0x0000000085200000| Untracked 
|  29|0x0000000085300000, 0x0000000085400000, 0x0000000085400000|100%| O|  |TAMS 0x0000000085400000, 0x0000000085300000| Untracked 
|  30|0x0000000085400000, 0x0000000085500000, 0x0000000085500000|100%| O|  |TAMS 0x0000000085500000, 0x0000000085400000| Untracked 
|  31|0x0000000085500000, 0x0000000085600000, 0x0000000085600000|100%| O|  |TAMS 0x0000000085500000, 0x0000000085500000| Untracked 
|  32|0x0000000085600000, 0x0000000085700000, 0x0000000085700000|100%| O|  |TAMS 0x0000000085700000, 0x0000000085600000| Untracked 
|  33|0x0000000085700000, 0x0000000085800000, 0x0000000085800000|100%| O|  |TAMS 0x0000000085800000, 0x0000000085700000| Untracked 
|  34|0x0000000085800000, 0x0000000085900000, 0x0000000085900000|100%| O|  |TAMS 0x0000000085900000, 0x0000000085800000| Untracked 
|  35|0x0000000085900000, 0x0000000085a00000, 0x0000000085a00000|100%| O|  |TAMS 0x0000000085a00000, 0x0000000085900000| Untracked 
|  36|0x0000000085a00000, 0x0000000085b00000, 0x0000000085b00000|100%| O|  |TAMS 0x0000000085a00000, 0x0000000085a00000| Untracked 
|  37|0x0000000085b00000, 0x0000000085c00000, 0x0000000085c00000|100%| O|  |TAMS 0x0000000085c00000, 0x0000000085b00000| Untracked 
|  38|0x0000000085c00000, 0x0000000085d00000, 0x0000000085d00000|100%| O|  |TAMS 0x0000000085d00000, 0x0000000085c00000| Untracked 
|  39|0x0000000085d00000, 0x0000000085e00000, 0x0000000085e00000|100%| O|  |TAMS 0x0000000085e00000, 0x0000000085d00000| Untracked 
|  40|0x0000000085e00000, 0x0000000085f00000, 0x0000000085f00000|100%| O|  |TAMS 0x0000000085f00000, 0x0000000085e00000| Untracked 
|  41|0x0000000085f00000, 0x0000000086000000, 0x0000000086000000|100%| O|  |TAMS 0x0000000086000000, 0x0000000085f00000| Untracked 
|  42|0x0000000086000000, 0x0000000086100000, 0x0000000086100000|100%| O|  |TAMS 0x0000000086100000, 0x0000000086000000| Untracked 
|  43|0x0000000086100000, 0x0000000086200000, 0x0000000086200000|100%| O|  |TAMS 0x0000000086200000, 0x0000000086100000| Untracked 
|  44|0x0000000086200000, 0x0000000086300000, 0x0000000086300000|100%| O|  |TAMS 0x0000000086300000, 0x0000000086200000| Untracked 
|  45|0x0000000086300000, 0x0000000086400000, 0x0000000086400000|100%| O|  |TAMS 0x0000000086400000, 0x0000000086300000| Untracked 
|  46|0x0000000086400000, 0x0000000086500000, 0x0000000086500000|100%| O|  |TAMS 0x0000000086500000, 0x0000000086400000| Untracked 
|  47|0x0000000086500000, 0x0000000086600000, 0x0000000086600000|100%| O|  |TAMS 0x0000000086600000, 0x0000000086500000| Untracked 
|  48|0x0000000086600000, 0x0000000086700000, 0x0000000086700000|100%| O|  |TAMS 0x0000000086700000, 0x0000000086600000| Untracked 
|  49|0x0000000086700000, 0x0000000086800000, 0x0000000086800000|100%| O|  |TAMS 0x000000008676a600, 0x0000000086700000| Untracked 
|  50|0x0000000086800000, 0x0000000086900000, 0x0000000086900000|100%| O|  |TAMS 0x0000000086800000, 0x0000000086800000| Untracked 
|  51|0x0000000086900000, 0x0000000086a00000, 0x0000000086a00000|100%| O|  |TAMS 0x0000000086900000, 0x0000000086900000| Untracked 
|  52|0x0000000086a00000, 0x0000000086b00000, 0x0000000086b00000|100%| O|  |TAMS 0x0000000086a00000, 0x0000000086a00000| Untracked 
|  53|0x0000000086b00000, 0x0000000086c00000, 0x0000000086c00000|100%| O|  |TAMS 0x0000000086b00000, 0x0000000086b00000| Untracked 
|  54|0x0000000086c00000, 0x0000000086d00000, 0x0000000086d00000|100%| O|  |TAMS 0x0000000086c00000, 0x0000000086c00000| Untracked 
|  55|0x0000000086d00000, 0x0000000086e00000, 0x0000000086e00000|100%| O|  |TAMS 0x0000000086d00000, 0x0000000086d00000| Untracked 
|  56|0x0000000086e00000, 0x0000000086f00000, 0x0000000086f00000|100%| O|  |TAMS 0x0000000086e00000, 0x0000000086e00000| Untracked 
|  57|0x0000000086f00000, 0x0000000087000000, 0x0000000087000000|100%| O|  |TAMS 0x0000000086f00000, 0x0000000086f00000| Untracked 
|  58|0x0000000087000000, 0x0000000087100000, 0x0000000087100000|100%| O|  |TAMS 0x0000000087000000, 0x0000000087000000| Untracked 
|  59|0x0000000087100000, 0x0000000087200000, 0x0000000087200000|100%| O|  |TAMS 0x0000000087100000, 0x0000000087100000| Untracked 
|  60|0x0000000087200000, 0x0000000087300000, 0x0000000087300000|100%| O|  |TAMS 0x0000000087200000, 0x0000000087200000| Untracked 
|  61|0x0000000087300000, 0x0000000087400000, 0x0000000087400000|100%| O|  |TAMS 0x0000000087300000, 0x0000000087300000| Untracked 
|  62|0x0000000087400000, 0x0000000087500000, 0x0000000087500000|100%| O|  |TAMS 0x0000000087400000, 0x0000000087400000| Untracked 
|  63|0x0000000087500000, 0x0000000087600000, 0x0000000087600000|100%| O|  |TAMS 0x0000000087500000, 0x0000000087500000| Untracked 
|  64|0x0000000087600000, 0x0000000087700000, 0x0000000087700000|100%| O|  |TAMS 0x0000000087600000, 0x0000000087600000| Untracked 
|  65|0x0000000087700000, 0x0000000087800000, 0x0000000087800000|100%| O|  |TAMS 0x0000000087700000, 0x0000000087700000| Untracked 
|  66|0x0000000087800000, 0x0000000087900000, 0x0000000087900000|100%| O|  |TAMS 0x0000000087800000, 0x0000000087800000| Untracked 
|  67|0x0000000087900000, 0x0000000087a00000, 0x0000000087a00000|100%| O|  |TAMS 0x0000000087900000, 0x0000000087900000| Untracked 
|  68|0x0000000087a00000, 0x0000000087b00000, 0x0000000087b00000|100%| O|  |TAMS 0x0000000087a00000, 0x0000000087a00000| Untracked 
|  69|0x0000000087b00000, 0x0000000087c00000, 0x0000000087c00000|100%| O|  |TAMS 0x0000000087b00000, 0x0000000087b00000| Untracked 
|  70|0x0000000087c00000, 0x0000000087d00000, 0x0000000087d00000|100%| O|  |TAMS 0x0000000087c00000, 0x0000000087c00000| Untracked 
|  71|0x0000000087d00000, 0x0000000087e00000, 0x0000000087e00000|100%| O|  |TAMS 0x0000000087d00000, 0x0000000087d00000| Untracked 
|  72|0x0000000087e00000, 0x0000000087f00000, 0x0000000087f00000|100%| O|  |TAMS 0x0000000087e00000, 0x0000000087e00000| Untracked 
|  73|0x0000000087f00000, 0x0000000088000000, 0x0000000088000000|100%| O|  |TAMS 0x0000000087f00000, 0x0000000087f00000| Untracked 
|  74|0x0000000088000000, 0x0000000088100000, 0x0000000088100000|100%| O|  |TAMS 0x0000000088000000, 0x0000000088000000| Untracked 
|  75|0x0000000088100000, 0x0000000088200000, 0x0000000088200000|100%| O|  |TAMS 0x0000000088100000, 0x0000000088100000| Untracked 
|  76|0x0000000088200000, 0x0000000088300000, 0x0000000088300000|100%| O|  |TAMS 0x0000000088200000, 0x0000000088200000| Untracked 
|  77|0x0000000088300000, 0x0000000088400000, 0x0000000088400000|100%| O|  |TAMS 0x0000000088300000, 0x0000000088300000| Untracked 
|  78|0x0000000088400000, 0x0000000088500000, 0x0000000088500000|100%| O|  |TAMS 0x0000000088400000, 0x0000000088400000| Untracked 
|  79|0x0000000088500000, 0x0000000088600000, 0x0000000088600000|100%| O|  |TAMS 0x0000000088500000, 0x0000000088500000| Untracked 
|  80|0x0000000088600000, 0x0000000088700000, 0x0000000088700000|100%| O|  |TAMS 0x0000000088600000, 0x0000000088600000| Untracked 
|  81|0x0000000088700000, 0x0000000088800000, 0x0000000088800000|100%| O|  |TAMS 0x0000000088700000, 0x0000000088700000| Untracked 
|  82|0x0000000088800000, 0x0000000088900000, 0x0000000088900000|100%| O|  |TAMS 0x0000000088800000, 0x0000000088800000| Untracked 
|  83|0x0000000088900000, 0x00000000889e6800, 0x0000000088a00000| 90%| O|  |TAMS 0x0000000088900000, 0x0000000088900000| Untracked 
|  84|0x0000000088a00000, 0x0000000088a00000, 0x0000000088b00000|  0%| F|  |TAMS 0x0000000088a00000, 0x0000000088a00000| Untracked 
|  85|0x0000000088b00000, 0x0000000088b00000, 0x0000000088c00000|  0%| F|  |TAMS 0x0000000088b00000, 0x0000000088b00000| Untracked 
|  86|0x0000000088c00000, 0x0000000088c00000, 0x0000000088d00000|  0%| F|  |TAMS 0x0000000088c00000, 0x0000000088c00000| Untracked 
|  87|0x0000000088d00000, 0x0000000088d00000, 0x0000000088e00000|  0%| F|  |TAMS 0x0000000088d00000, 0x0000000088d00000| Untracked 
|  88|0x0000000088e00000, 0x0000000088e00000, 0x0000000088f00000|  0%| F|  |TAMS 0x0000000088e00000, 0x0000000088e00000| Untracked 
|  89|0x0000000088f00000, 0x0000000088f00000, 0x0000000089000000|  0%| F|  |TAMS 0x0000000088f00000, 0x0000000088f00000| Untracked 
|  90|0x0000000089000000, 0x0000000089000000, 0x0000000089100000|  0%| F|  |TAMS 0x0000000089000000, 0x0000000089000000| Untracked 
|  91|0x0000000089100000, 0x0000000089100000, 0x0000000089200000|  0%| F|  |TAMS 0x0000000089100000, 0x0000000089100000| Untracked 
|  92|0x0000000089200000, 0x0000000089200000, 0x0000000089300000|  0%| F|  |TAMS 0x0000000089200000, 0x0000000089200000| Untracked 
|  93|0x0000000089300000, 0x0000000089300000, 0x0000000089400000|  0%| F|  |TAMS 0x0000000089300000, 0x0000000089300000| Untracked 
|  94|0x0000000089400000, 0x0000000089400000, 0x0000000089500000|  0%| F|  |TAMS 0x0000000089400000, 0x0000000089400000| Untracked 
|  95|0x0000000089500000, 0x0000000089500000, 0x0000000089600000|  0%| F|  |TAMS 0x0000000089500000, 0x0000000089500000| Untracked 
|  96|0x0000000089600000, 0x0000000089600000, 0x0000000089700000|  0%| F|  |TAMS 0x0000000089600000, 0x0000000089600000| Untracked 
|  97|0x0000000089700000, 0x0000000089700000, 0x0000000089800000|  0%| F|  |TAMS 0x0000000089700000, 0x0000000089700000| Untracked 
|  98|0x0000000089800000, 0x0000000089800000, 0x0000000089900000|  0%| F|  |TAMS 0x0000000089800000, 0x0000000089800000| Untracked 
|  99|0x0000000089900000, 0x0000000089900000, 0x0000000089a00000|  0%| F|  |TAMS 0x0000000089900000, 0x0000000089900000| Untracked 
| 100|0x0000000089a00000, 0x0000000089a00000, 0x0000000089b00000|  0%| F|  |TAMS 0x0000000089a00000, 0x0000000089a00000| Untracked 
| 101|0x0000000089b00000, 0x0000000089b00000, 0x0000000089c00000|  0%| F|  |TAMS 0x0000000089b00000, 0x0000000089b00000| Untracked 
| 102|0x0000000089c00000, 0x0000000089c00000, 0x0000000089d00000|  0%| F|  |TAMS 0x0000000089c00000, 0x0000000089c00000| Untracked 
| 103|0x0000000089d00000, 0x0000000089d00000, 0x0000000089e00000|  0%| F|  |TAMS 0x0000000089d00000, 0x0000000089d00000| Untracked 
| 104|0x0000000089e00000, 0x0000000089e00000, 0x0000000089f00000|  0%| F|  |TAMS 0x0000000089e00000, 0x0000000089e00000| Untracked 
| 105|0x0000000089f00000, 0x0000000089f00000, 0x000000008a000000|  0%| F|  |TAMS 0x0000000089f00000, 0x0000000089f00000| Untracked 
| 106|0x000000008a000000, 0x000000008a000000, 0x000000008a100000|  0%| F|  |TAMS 0x000000008a000000, 0x000000008a000000| Untracked 
| 107|0x000000008a100000, 0x000000008a100000, 0x000000008a200000|  0%| F|  |TAMS 0x000000008a100000, 0x000000008a100000| Untracked 
| 108|0x000000008a200000, 0x000000008a200000, 0x000000008a300000|  0%| F|  |TAMS 0x000000008a200000, 0x000000008a200000| Untracked 
| 109|0x000000008a300000, 0x000000008a300000, 0x000000008a400000|  0%| F|  |TAMS 0x000000008a300000, 0x000000008a300000| Untracked 
| 110|0x000000008a400000, 0x000000008a400000, 0x000000008a500000|  0%| F|  |TAMS 0x000000008a400000, 0x000000008a400000| Untracked 
| 111|0x000000008a500000, 0x000000008a500000, 0x000000008a600000|  0%| F|  |TAMS 0x000000008a500000, 0x000000008a500000| Untracked 
| 112|0x000000008a600000, 0x000000008a600000, 0x000000008a700000|  0%| F|  |TAMS 0x000000008a600000, 0x000000008a600000| Untracked 
| 113|0x000000008a700000, 0x000000008a700000, 0x000000008a800000|  0%| F|  |TAMS 0x000000008a700000, 0x000000008a700000| Untracked 
| 114|0x000000008a800000, 0x000000008a800000, 0x000000008a900000|  0%| F|  |TAMS 0x000000008a800000, 0x000000008a800000| Untracked 
| 115|0x000000008a900000, 0x000000008a900000, 0x000000008aa00000|  0%| F|  |TAMS 0x000000008a900000, 0x000000008a900000| Untracked 
| 116|0x000000008aa00000, 0x000000008aa00000, 0x000000008ab00000|  0%| F|  |TAMS 0x000000008aa00000, 0x000000008aa00000| Untracked 
| 117|0x000000008ab00000, 0x000000008ab00000, 0x000000008ac00000|  0%| F|  |TAMS 0x000000008ab00000, 0x000000008ab00000| Untracked 
| 118|0x000000008ac00000, 0x000000008ac00000, 0x000000008ad00000|  0%| F|  |TAMS 0x000000008ac00000, 0x000000008ac00000| Untracked 
| 119|0x000000008ad00000, 0x000000008ad00000, 0x000000008ae00000|  0%| F|  |TAMS 0x000000008ad00000, 0x000000008ad00000| Untracked 
| 120|0x000000008ae00000, 0x000000008ae00000, 0x000000008af00000|  0%| F|  |TAMS 0x000000008ae00000, 0x000000008ae00000| Untracked 
| 121|0x000000008af00000, 0x000000008af00000, 0x000000008b000000|  0%| F|  |TAMS 0x000000008af00000, 0x000000008af00000| Untracked 
| 122|0x000000008b000000, 0x000000008b000000, 0x000000008b100000|  0%| F|  |TAMS 0x000000008b000000, 0x000000008b000000| Untracked 
| 123|0x000000008b100000, 0x000000008b100000, 0x000000008b200000|  0%| F|  |TAMS 0x000000008b100000, 0x000000008b100000| Untracked 
| 124|0x000000008b200000, 0x000000008b200000, 0x000000008b300000|  0%| F|  |TAMS 0x000000008b200000, 0x000000008b200000| Untracked 
| 125|0x000000008b300000, 0x000000008b300000, 0x000000008b400000|  0%| F|  |TAMS 0x000000008b300000, 0x000000008b300000| Untracked 
| 126|0x000000008b400000, 0x000000008b400000, 0x000000008b500000|  0%| F|  |TAMS 0x000000008b400000, 0x000000008b400000| Untracked 
| 127|0x000000008b500000, 0x000000008b500000, 0x000000008b600000|  0%| F|  |TAMS 0x000000008b500000, 0x000000008b500000| Untracked 
| 128|0x000000008b600000, 0x000000008b600000, 0x000000008b700000|  0%| F|  |TAMS 0x000000008b600000, 0x000000008b600000| Untracked 
| 129|0x000000008b700000, 0x000000008b700000, 0x000000008b800000|  0%| F|  |TAMS 0x000000008b700000, 0x000000008b700000| Untracked 
| 130|0x000000008b800000, 0x000000008b800000, 0x000000008b900000|  0%| F|  |TAMS 0x000000008b800000, 0x000000008b800000| Untracked 
| 131|0x000000008b900000, 0x000000008b900000, 0x000000008ba00000|  0%| F|  |TAMS 0x000000008b900000, 0x000000008b900000| Untracked 
| 132|0x000000008ba00000, 0x000000008ba00000, 0x000000008bb00000|  0%| F|  |TAMS 0x000000008ba00000, 0x000000008ba00000| Untracked 
| 133|0x000000008bb00000, 0x000000008bb00000, 0x000000008bc00000|  0%| F|  |TAMS 0x000000008bb00000, 0x000000008bb00000| Untracked 
| 134|0x000000008bc00000, 0x000000008bc00000, 0x000000008bd00000|  0%| F|  |TAMS 0x000000008bc00000, 0x000000008bc00000| Untracked 
| 135|0x000000008bd00000, 0x000000008bd00000, 0x000000008be00000|  0%| F|  |TAMS 0x000000008bd00000, 0x000000008bd00000| Untracked 
| 136|0x000000008be00000, 0x000000008be00000, 0x000000008bf00000|  0%| F|  |TAMS 0x000000008be00000, 0x000000008be00000| Untracked 
| 137|0x000000008bf00000, 0x000000008bf00000, 0x000000008c000000|  0%| F|  |TAMS 0x000000008bf00000, 0x000000008bf00000| Untracked 
| 138|0x000000008c000000, 0x000000008c000000, 0x000000008c100000|  0%| F|  |TAMS 0x000000008c000000, 0x000000008c000000| Untracked 
| 139|0x000000008c100000, 0x000000008c100000, 0x000000008c200000|  0%| F|  |TAMS 0x000000008c100000, 0x000000008c100000| Untracked 
| 140|0x000000008c200000, 0x000000008c200000, 0x000000008c300000|  0%| F|  |TAMS 0x000000008c200000, 0x000000008c200000| Untracked 
| 141|0x000000008c300000, 0x000000008c300000, 0x000000008c400000|  0%| F|  |TAMS 0x000000008c300000, 0x000000008c300000| Untracked 
| 142|0x000000008c400000, 0x000000008c400000, 0x000000008c500000|  0%| F|  |TAMS 0x000000008c400000, 0x000000008c400000| Untracked 
| 143|0x000000008c500000, 0x000000008c500000, 0x000000008c600000|  0%| F|  |TAMS 0x000000008c500000, 0x000000008c500000| Untracked 
| 144|0x000000008c600000, 0x000000008c600000, 0x000000008c700000|  0%| F|  |TAMS 0x000000008c600000, 0x000000008c600000| Untracked 
| 145|0x000000008c700000, 0x000000008c700000, 0x000000008c800000|  0%| F|  |TAMS 0x000000008c700000, 0x000000008c700000| Untracked 
| 146|0x000000008c800000, 0x000000008c800000, 0x000000008c900000|  0%| F|  |TAMS 0x000000008c800000, 0x000000008c800000| Untracked 
| 147|0x000000008c900000, 0x000000008c900000, 0x000000008ca00000|  0%| F|  |TAMS 0x000000008c900000, 0x000000008c900000| Untracked 
| 148|0x000000008ca00000, 0x000000008ca00000, 0x000000008cb00000|  0%| F|  |TAMS 0x000000008ca00000, 0x000000008ca00000| Untracked 
| 149|0x000000008cb00000, 0x000000008cb00000, 0x000000008cc00000|  0%| F|  |TAMS 0x000000008cb00000, 0x000000008cb00000| Untracked 
| 150|0x000000008cc00000, 0x000000008cc00000, 0x000000008cd00000|  0%| F|  |TAMS 0x000000008cc00000, 0x000000008cc00000| Untracked 
| 151|0x000000008cd00000, 0x000000008cd00000, 0x000000008ce00000|  0%| F|  |TAMS 0x000000008cd00000, 0x000000008cd00000| Untracked 
| 152|0x000000008ce00000, 0x000000008ce00000, 0x000000008cf00000|  0%| F|  |TAMS 0x000000008ce00000, 0x000000008ce00000| Untracked 
| 153|0x000000008cf00000, 0x000000008cf00000, 0x000000008d000000|  0%| F|  |TAMS 0x000000008cf00000, 0x000000008cf00000| Untracked 
| 154|0x000000008d000000, 0x000000008d000000, 0x000000008d100000|  0%| F|  |TAMS 0x000000008d000000, 0x000000008d000000| Untracked 
| 155|0x000000008d100000, 0x000000008d100000, 0x000000008d200000|  0%| F|  |TAMS 0x000000008d100000, 0x000000008d100000| Untracked 
| 156|0x000000008d200000, 0x000000008d200000, 0x000000008d300000|  0%| F|  |TAMS 0x000000008d200000, 0x000000008d200000| Untracked 
| 157|0x000000008d300000, 0x000000008d300000, 0x000000008d400000|  0%| F|  |TAMS 0x000000008d300000, 0x000000008d300000| Untracked 
| 158|0x000000008d400000, 0x000000008d400000, 0x000000008d500000|  0%| F|  |TAMS 0x000000008d400000, 0x000000008d400000| Untracked 
| 159|0x000000008d500000, 0x000000008d500000, 0x000000008d600000|  0%| F|  |TAMS 0x000000008d500000, 0x000000008d500000| Untracked 
| 160|0x000000008d600000, 0x000000008d600000, 0x000000008d700000|  0%| F|  |TAMS 0x000000008d600000, 0x000000008d600000| Untracked 
| 161|0x000000008d700000, 0x000000008d700000, 0x000000008d800000|  0%| F|  |TAMS 0x000000008d700000, 0x000000008d700000| Untracked 
| 162|0x000000008d800000, 0x000000008d800000, 0x000000008d900000|  0%| F|  |TAMS 0x000000008d800000, 0x000000008d800000| Untracked 
| 163|0x000000008d900000, 0x000000008d900000, 0x000000008da00000|  0%| F|  |TAMS 0x000000008d900000, 0x000000008d900000| Untracked 
| 164|0x000000008da00000, 0x000000008da00000, 0x000000008db00000|  0%| F|  |TAMS 0x000000008da00000, 0x000000008da00000| Untracked 
| 165|0x000000008db00000, 0x000000008db00000, 0x000000008dc00000|  0%| F|  |TAMS 0x000000008db00000, 0x000000008db00000| Untracked 
| 166|0x000000008dc00000, 0x000000008dc00000, 0x000000008dd00000|  0%| F|  |TAMS 0x000000008dc00000, 0x000000008dc00000| Untracked 
| 167|0x000000008dd00000, 0x000000008dd00000, 0x000000008de00000|  0%| F|  |TAMS 0x000000008dd00000, 0x000000008dd00000| Untracked 
| 168|0x000000008de00000, 0x000000008de00000, 0x000000008df00000|  0%| F|  |TAMS 0x000000008de00000, 0x000000008de00000| Untracked 
| 169|0x000000008df00000, 0x000000008df00000, 0x000000008e000000|  0%| F|  |TAMS 0x000000008df00000, 0x000000008df00000| Untracked 
| 170|0x000000008e000000, 0x000000008e000000, 0x000000008e100000|  0%| F|  |TAMS 0x000000008e000000, 0x000000008e000000| Untracked 
| 171|0x000000008e100000, 0x000000008e100000, 0x000000008e200000|  0%| F|  |TAMS 0x000000008e100000, 0x000000008e100000| Untracked 
| 172|0x000000008e200000, 0x000000008e200000, 0x000000008e300000|  0%| F|  |TAMS 0x000000008e200000, 0x000000008e200000| Untracked 
| 173|0x000000008e300000, 0x000000008e300000, 0x000000008e400000|  0%| F|  |TAMS 0x000000008e300000, 0x000000008e300000| Untracked 
| 174|0x000000008e400000, 0x000000008e400000, 0x000000008e500000|  0%| F|  |TAMS 0x000000008e400000, 0x000000008e400000| Untracked 
| 175|0x000000008e500000, 0x000000008e500000, 0x000000008e600000|  0%| F|  |TAMS 0x000000008e500000, 0x000000008e500000| Untracked 
| 176|0x000000008e600000, 0x000000008e600000, 0x000000008e700000|  0%| F|  |TAMS 0x000000008e600000, 0x000000008e600000| Untracked 
| 177|0x000000008e700000, 0x000000008e700000, 0x000000008e800000|  0%| F|  |TAMS 0x000000008e700000, 0x000000008e700000| Untracked 
| 178|0x000000008e800000, 0x000000008e800000, 0x000000008e900000|  0%| F|  |TAMS 0x000000008e800000, 0x000000008e800000| Untracked 
| 179|0x000000008e900000, 0x000000008e900000, 0x000000008ea00000|  0%| F|  |TAMS 0x000000008e900000, 0x000000008e900000| Untracked 
| 180|0x000000008ea00000, 0x000000008ea00000, 0x000000008eb00000|  0%| F|  |TAMS 0x000000008ea00000, 0x000000008ea00000| Untracked 
| 181|0x000000008eb00000, 0x000000008eb00000, 0x000000008ec00000|  0%| F|  |TAMS 0x000000008eb00000, 0x000000008eb00000| Untracked 
| 182|0x000000008ec00000, 0x000000008ec00000, 0x000000008ed00000|  0%| F|  |TAMS 0x000000008ec00000, 0x000000008ec00000| Untracked 
| 183|0x000000008ed00000, 0x000000008ed00000, 0x000000008ee00000|  0%| F|  |TAMS 0x000000008ed00000, 0x000000008ed00000| Untracked 
| 184|0x000000008ee00000, 0x000000008ee00000, 0x000000008ef00000|  0%| F|  |TAMS 0x000000008ee00000, 0x000000008ee00000| Untracked 
| 185|0x000000008ef00000, 0x000000008ef00000, 0x000000008f000000|  0%| F|  |TAMS 0x000000008ef00000, 0x000000008ef00000| Untracked 
| 186|0x000000008f000000, 0x000000008f000000, 0x000000008f100000|  0%| F|  |TAMS 0x000000008f000000, 0x000000008f000000| Untracked 
| 187|0x000000008f100000, 0x000000008f100000, 0x000000008f200000|  0%| F|  |TAMS 0x000000008f100000, 0x000000008f100000| Untracked 
| 188|0x000000008f200000, 0x000000008f200000, 0x000000008f300000|  0%| F|  |TAMS 0x000000008f200000, 0x000000008f200000| Untracked 
| 189|0x000000008f300000, 0x000000008f300000, 0x000000008f400000|  0%| F|  |TAMS 0x000000008f300000, 0x000000008f300000| Untracked 
| 190|0x000000008f400000, 0x000000008f400000, 0x000000008f500000|  0%| F|  |TAMS 0x000000008f400000, 0x000000008f400000| Untracked 
| 191|0x000000008f500000, 0x000000008f500000, 0x000000008f600000|  0%| F|  |TAMS 0x000000008f500000, 0x000000008f500000| Untracked 
| 192|0x000000008f600000, 0x000000008f600000, 0x000000008f700000|  0%| F|  |TAMS 0x000000008f600000, 0x000000008f600000| Untracked 
| 193|0x000000008f700000, 0x000000008f700000, 0x000000008f800000|  0%| F|  |TAMS 0x000000008f700000, 0x000000008f700000| Untracked 
| 194|0x000000008f800000, 0x000000008f800000, 0x000000008f900000|  0%| F|  |TAMS 0x000000008f800000, 0x000000008f800000| Untracked 
| 195|0x000000008f900000, 0x000000008f900000, 0x000000008fa00000|  0%| F|  |TAMS 0x000000008f900000, 0x000000008f900000| Untracked 
| 196|0x000000008fa00000, 0x000000008fa00000, 0x000000008fb00000|  0%| F|  |TAMS 0x000000008fa00000, 0x000000008fa00000| Untracked 
| 197|0x000000008fb00000, 0x000000008fb00000, 0x000000008fc00000|  0%| F|  |TAMS 0x000000008fb00000, 0x000000008fb00000| Untracked 
| 198|0x000000008fc00000, 0x000000008fc00000, 0x000000008fd00000|  0%| F|  |TAMS 0x000000008fc00000, 0x000000008fc00000| Untracked 
| 199|0x000000008fd00000, 0x000000008fd00000, 0x000000008fe00000|  0%| F|  |TAMS 0x000000008fd00000, 0x000000008fd00000| Untracked 
| 200|0x000000008fe00000, 0x000000008fe00000, 0x000000008ff00000|  0%| F|  |TAMS 0x000000008fe00000, 0x000000008fe00000| Untracked 
| 201|0x000000008ff00000, 0x000000008ff00000, 0x0000000090000000|  0%| F|  |TAMS 0x000000008ff00000, 0x000000008ff00000| Untracked 
| 202|0x0000000090000000, 0x0000000090000000, 0x0000000090100000|  0%| F|  |TAMS 0x0000000090000000, 0x0000000090000000| Untracked 
| 203|0x0000000090100000, 0x0000000090100000, 0x0000000090200000|  0%| F|  |TAMS 0x0000000090100000, 0x0000000090100000| Untracked 
| 204|0x0000000090200000, 0x0000000090200000, 0x0000000090300000|  0%| F|  |TAMS 0x0000000090200000, 0x0000000090200000| Untracked 
| 205|0x0000000090300000, 0x0000000090300000, 0x0000000090400000|  0%| F|  |TAMS 0x0000000090300000, 0x0000000090300000| Untracked 
| 206|0x0000000090400000, 0x0000000090400000, 0x0000000090500000|  0%| F|  |TAMS 0x0000000090400000, 0x0000000090400000| Untracked 
| 207|0x0000000090500000, 0x0000000090500000, 0x0000000090600000|  0%| F|  |TAMS 0x0000000090500000, 0x0000000090500000| Untracked 
| 208|0x0000000090600000, 0x0000000090600000, 0x0000000090700000|  0%| F|  |TAMS 0x0000000090600000, 0x0000000090600000| Untracked 
| 209|0x0000000090700000, 0x0000000090700000, 0x0000000090800000|  0%| F|  |TAMS 0x0000000090700000, 0x0000000090700000| Untracked 
| 210|0x0000000090800000, 0x0000000090800000, 0x0000000090900000|  0%| F|  |TAMS 0x0000000090800000, 0x0000000090800000| Untracked 
| 211|0x0000000090900000, 0x0000000090900000, 0x0000000090a00000|  0%| F|  |TAMS 0x0000000090900000, 0x0000000090900000| Untracked 
| 212|0x0000000090a00000, 0x0000000090a00000, 0x0000000090b00000|  0%| F|  |TAMS 0x0000000090a00000, 0x0000000090a00000| Untracked 
| 213|0x0000000090b00000, 0x0000000090b00000, 0x0000000090c00000|  0%| F|  |TAMS 0x0000000090b00000, 0x0000000090b00000| Untracked 
| 214|0x0000000090c00000, 0x0000000090c00000, 0x0000000090d00000|  0%| F|  |TAMS 0x0000000090c00000, 0x0000000090c00000| Untracked 
| 215|0x0000000090d00000, 0x0000000090d00000, 0x0000000090e00000|  0%| F|  |TAMS 0x0000000090d00000, 0x0000000090d00000| Untracked 
| 216|0x0000000090e00000, 0x0000000090e00000, 0x0000000090f00000|  0%| F|  |TAMS 0x0000000090e00000, 0x0000000090e00000| Untracked 
| 217|0x0000000090f00000, 0x0000000090f00000, 0x0000000091000000|  0%| F|  |TAMS 0x0000000090f00000, 0x0000000090f00000| Untracked 
| 218|0x0000000091000000, 0x0000000091000000, 0x0000000091100000|  0%| F|  |TAMS 0x0000000091000000, 0x0000000091000000| Untracked 
| 219|0x0000000091100000, 0x0000000091100000, 0x0000000091200000|  0%| F|  |TAMS 0x0000000091100000, 0x0000000091100000| Untracked 
| 220|0x0000000091200000, 0x0000000091200000, 0x0000000091300000|  0%| F|  |TAMS 0x0000000091200000, 0x0000000091200000| Untracked 
| 221|0x0000000091300000, 0x00000000913b6e80, 0x0000000091400000| 71%| S|CS|TAMS 0x0000000091300000, 0x0000000091300000| Complete 
| 222|0x0000000091400000, 0x0000000091500000, 0x0000000091500000|100%| S|CS|TAMS 0x0000000091400000, 0x0000000091400000| Complete 
| 223|0x0000000091500000, 0x0000000091500000, 0x0000000091600000|  0%| F|  |TAMS 0x0000000091500000, 0x0000000091500000| Untracked 

Card table byte_map: [0x00000143cfe40000,0x00000143d0230000] _byte_map_base: 0x00000143cfa25000

Marking Bits (Prev, Next): (CMBitMap*) 0x00000143c5101460, (CMBitMap*) 0x00000143c5101420
 Prev Bits: [0x00000143d2550000, 0x00000143d4478000)
 Next Bits: [0x00000143d0620000, 0x00000143d2548000)

Polling page: 0x00000143c2ff0000

Metaspace:

Usage:
  Non-class:     88.79 MB used.
      Class:     14.80 MB used.
       Both:    103.59 MB used.

Virtual space:
  Non-class space:      128.00 MB reserved,      89.25 MB ( 70%) committed,  2 nodes.
      Class space:        1.00 GB reserved,      15.25 MB (  1%) committed,  1 nodes.
             Both:        1.12 GB reserved,     104.50 MB (  9%) committed. 

Chunk freelists:
   Non-Class:  6.17 MB
       Class:  752.00 KB
        Both:  6.91 MB

MaxMetaspaceSize: unlimited
CompressedClassSpaceSize: 1.00 GB
Initial GC threshold: 21.00 MB
Current GC threshold: 144.19 MB
CDS: on
MetaspaceReclaimPolicy: balanced
 - commit_granule_bytes: 65536.
 - commit_granule_words: 8192.
 - virtual_space_node_default_size: 8388608.
 - enlarge_chunks_in_place: 1.
 - new_chunks_are_fully_committed: 0.
 - uncommit_free_chunks: 1.
 - use_allocation_guard: 0.
 - handle_deallocations: 1.


Internal statistics:

num_allocs_failed_limit: 6.
num_arena_births: 1292.
num_arena_deaths: 0.
num_vsnodes_births: 3.
num_vsnodes_deaths: 0.
num_space_committed: 1672.
num_space_uncommitted: 0.
num_chunks_returned_to_freelist: 6.
num_chunks_taken_from_freelist: 5251.
num_chunk_merges: 6.
num_chunk_splits: 3793.
num_chunks_enlarged: 2892.
num_inconsistent_stats: 0.

CodeCache: size=49152Kb used=17743Kb max_used=18821Kb free=31408Kb
 bounds [0x00000143cc940000, 0x00000143cdbb0000, 0x00000143cf940000]
 total_blobs=10523 nmethods=9681 adapters=768
 compilation: enabled
              stopped_count=0, restarted_count=0
 full_count=0

Compilation events (20 events):
Event: 68.966 Thread 0x00000143d6f4f420 9673       1       javax.management.openmbean.SimpleType::equals (26 bytes)
Event: 68.970 Thread 0x00000143d6f4f420 nmethod 9673 0x00000143ccb83410 code [0x00000143ccb835c0, 0x00000143ccb83768]
Event: 68.970 Thread 0x00000143d6f4f420 9674       1       javax.management.openmbean.OpenType::isAssignableFrom (6 bytes)
Event: 68.982 Thread 0x00000143d6f4f420 nmethod 9674 0x00000143ccb83110 code [0x00000143ccb832a0, 0x00000143ccb83388]
Event: 68.988 Thread 0x00000143d6f4f420 9675       1       javax.management.openmbean.CompositeDataSupport::get (73 bytes)
Event: 69.007 Thread 0x00000143d6f4f420 nmethod 9675 0x00000143ccb82790 code [0x00000143ccb829e0, 0x00000143ccb82e98]
Event: 69.091 Thread 0x00000143d6f4f420 9676       1       java.io.ObjectInputStream::readHandle (141 bytes)
Event: 69.150 Thread 0x00000143d6f4f420 nmethod 9676 0x00000143ccb81510 code [0x00000143ccb817a0, 0x00000143ccb82208]
Event: 69.150 Thread 0x00000143d6f4f420 9677       1       java.io.ObjectInputStream$HandleTable::lookupObject (26 bytes)
Event: 69.150 Thread 0x00000143d6f4f420 nmethod 9677 0x00000143ccb81110 code [0x00000143ccb812c0, 0x00000143ccb81418]
Event: 70.622 Thread 0x00000143d6f4f420 9678       1       java.lang.Thread::<init> (249 bytes)
Event: 70.677 Thread 0x00000143d6f4f420 nmethod 9678 0x00000143ccb7fc10 code [0x00000143ccb7fea0, 0x00000143ccb80ae8]
Event: 70.840 Thread 0x00000143d6f4f420 9679       1       io.netty.channel.ChannelHandlerMask::isSkippable (20 bytes)
Event: 70.842 Thread 0x00000143d6f4f420 nmethod 9679 0x00000143ccb7f510 code [0x00000143ccb7f6e0, 0x00000143ccb7fa28]
Event: 70.842 Thread 0x00000143d6f4f420 9680       1       io.netty.channel.ChannelHandlerMask$2::<init> (20 bytes)
Event: 70.842 Thread 0x00000143d6f4f420 nmethod 9680 0x00000143ccb7f110 code [0x00000143ccb7f2a0, 0x00000143ccb7f478]
Event: 70.842 Thread 0x00000143d6f4f420 9681       1       io.netty.channel.ChannelHandlerMask$2::run (5 bytes)
Event: 70.843 Thread 0x00000143d6f4f420 nmethod 9681 0x00000143ccb7ee10 code [0x00000143ccb7efa0, 0x00000143ccb7f088]
Event: 70.843 Thread 0x00000143d6f4f420 9682   !   1       io.netty.channel.ChannelHandlerMask$2::run (78 bytes)
Event: 70.862 Thread 0x00000143d6f4f420 nmethod 9682 0x00000143ccb7dd10 code [0x00000143ccb7dfa0, 0x00000143ccb7e8d8]

GC Heap History (20 events):
Event: 19.044 GC heap after
{Heap after GC invocations=43 (full 0):
 garbage-first heap   total 104448K, used 51443K [0x0000000083600000, 0x0000000100000000)
  region size 1024K, 2 young (2048K), 2 survivors (2048K)
 Metaspace       used 87767K, committed 88448K, reserved 1179648K
  class space    used 12547K, committed 12864K, reserved 1048576K
}
Event: 19.719 GC heap before
{Heap before GC invocations=44 (full 0):
 garbage-first heap   total 104448K, used 84211K [0x0000000083600000, 0x0000000100000000)
  region size 1024K, 35 young (35840K), 2 survivors (2048K)
 Metaspace       used 89245K, committed 89920K, reserved 1179648K
  class space    used 12752K, committed 13056K, reserved 1048576K
}
Event: 19.725 GC heap after
{Heap after GC invocations=45 (full 0):
 garbage-first heap   total 104448K, used 54636K [0x0000000083600000, 0x0000000100000000)
  region size 1024K, 5 young (5120K), 5 survivors (5120K)
 Metaspace       used 89245K, committed 89920K, reserved 1179648K
  class space    used 12752K, committed 13056K, reserved 1048576K
}
Event: 19.729 GC heap before
{Heap before GC invocations=45 (full 0):
 garbage-first heap   total 104448K, used 54636K [0x0000000083600000, 0x0000000100000000)
  region size 1024K, 6 young (6144K), 5 survivors (5120K)
 Metaspace       used 89245K, committed 89920K, reserved 1179648K
  class space    used 12752K, committed 13056K, reserved 1048576K
}
Event: 19.733 GC heap after
{Heap after GC invocations=46 (full 0):
 garbage-first heap   total 104448K, used 54903K [0x0000000083600000, 0x0000000100000000)
  region size 1024K, 1 young (1024K), 1 survivors (1024K)
 Metaspace       used 89245K, committed 89920K, reserved 1179648K
  class space    used 12752K, committed 13056K, reserved 1048576K
}
Event: 19.783 GC heap before
{Heap before GC invocations=46 (full 0):
 garbage-first heap   total 104448K, used 85623K [0x0000000083600000, 0x0000000100000000)
  region size 1024K, 31 young (31744K), 1 survivors (1024K)
 Metaspace       used 89245K, committed 89920K, reserved 1179648K
  class space    used 12752K, committed 13056K, reserved 1048576K
}
Event: 19.787 GC heap after
{Heap after GC invocations=47 (full 0):
 garbage-first heap   total 104448K, used 61440K [0x0000000083600000, 0x0000000100000000)
  region size 1024K, 4 young (4096K), 4 survivors (4096K)
 Metaspace       used 89245K, committed 89920K, reserved 1179648K
  class space    used 12752K, committed 13056K, reserved 1048576K
}
Event: 19.836 GC heap before
{Heap before GC invocations=47 (full 0):
 garbage-first heap   total 104448K, used 82944K [0x0000000083600000, 0x0000000100000000)
  region size 1024K, 26 young (26624K), 4 survivors (4096K)
 Metaspace       used 89258K, committed 89920K, reserved 1179648K
  class space    used 12754K, committed 13056K, reserved 1048576K
}
Event: 19.843 GC heap after
{Heap after GC invocations=48 (full 0):
 garbage-first heap   total 229376K, used 68101K [0x0000000083600000, 0x0000000100000000)
  region size 1024K, 4 young (4096K), 4 survivors (4096K)
 Metaspace       used 89258K, committed 89920K, reserved 1179648K
  class space    used 12754K, committed 13056K, reserved 1048576K
}
Event: 20.065 GC heap before
{Heap before GC invocations=48 (full 0):
 garbage-first heap   total 229376K, used 168453K [0x0000000083600000, 0x0000000100000000)
  region size 1024K, 102 young (104448K), 4 survivors (4096K)
 Metaspace       used 89340K, committed 89984K, reserved 1179648K
  class space    used 12766K, committed 13056K, reserved 1048576K
}
Event: 20.072 GC heap after
{Heap after GC invocations=49 (full 0):
 garbage-first heap   total 229376K, used 75363K [0x0000000083600000, 0x0000000100000000)
  region size 1024K, 12 young (12288K), 12 survivors (12288K)
 Metaspace       used 89340K, committed 89984K, reserved 1179648K
  class space    used 12766K, committed 13056K, reserved 1048576K
}
Event: 20.273 GC heap before
{Heap before GC invocations=49 (full 0):
 garbage-first heap   total 229376K, used 174691K [0x0000000083600000, 0x0000000100000000)
  region size 1024K, 108 young (110592K), 12 survivors (12288K)
 Metaspace       used 89381K, committed 89984K, reserved 1179648K
  class space    used 12773K, committed 13056K, reserved 1048576K
}
Event: 20.284 GC heap after
{Heap after GC invocations=50 (full 0):
 garbage-first heap   total 229376K, used 81382K [0x0000000083600000, 0x0000000100000000)
  region size 1024K, 13 young (13312K), 13 survivors (13312K)
 Metaspace       used 89381K, committed 89984K, reserved 1179648K
  class space    used 12773K, committed 13056K, reserved 1048576K
}
Event: 21.864 GC heap before
{Heap before GC invocations=50 (full 0):
 garbage-first heap   total 229376K, used 177638K [0x0000000083600000, 0x0000000100000000)
  region size 1024K, 108 young (110592K), 13 survivors (13312K)
 Metaspace       used 90827K, committed 91520K, reserved 1179648K
  class space    used 13039K, committed 13376K, reserved 1048576K
}
Event: 21.871 GC heap after
{Heap after GC invocations=51 (full 0):
 garbage-first heap   total 229376K, used 76185K [0x0000000083600000, 0x0000000100000000)
  region size 1024K, 4 young (4096K), 4 survivors (4096K)
 Metaspace       used 90827K, committed 91520K, reserved 1179648K
  class space    used 13039K, committed 13376K, reserved 1048576K
}
Event: 24.059 GC heap before
{Heap before GC invocations=51 (full 0):
 garbage-first heap   total 229376K, used 177561K [0x0000000083600000, 0x0000000100000000)
  region size 1024K, 104 young (106496K), 4 survivors (4096K)
 Metaspace       used 96057K, committed 96832K, reserved 1179648K
  class space    used 13741K, committed 14144K, reserved 1048576K
}
Event: 24.071 GC heap after
{Heap after GC invocations=52 (full 0):
 garbage-first heap   total 229376K, used 81431K [0x0000000083600000, 0x0000000100000000)
  region size 1024K, 10 young (10240K), 10 survivors (10240K)
 Metaspace       used 96057K, committed 96832K, reserved 1179648K
  class space    used 13741K, committed 14144K, reserved 1048576K
}
Event: 63.951 GC heap before
{Heap before GC invocations=52 (full 0):
 garbage-first heap   total 229376K, used 180759K [0x0000000083600000, 0x0000000100000000)
  region size 1024K, 107 young (109568K), 10 survivors (10240K)
 Metaspace       used 106039K, committed 106880K, reserved 1179648K
  class space    used 15153K, committed 15552K, reserved 1048576K
}
Event: 68.861 GC heap after
{Heap after GC invocations=53 (full 0):
 garbage-first heap   total 229376K, used 86286K [0x0000000083600000, 0x0000000100000000)
  region size 1024K, 11 young (11264K), 11 survivors (11264K)
 Metaspace       used 106039K, committed 106880K, reserved 1179648K
  class space    used 15153K, committed 15552K, reserved 1048576K
}
Event: 73.144 GC heap before
{Heap before GC invocations=53 (full 0):
 garbage-first heap   total 229376K, used 87310K [0x0000000083600000, 0x0000000100000000)
  region size 1024K, 12 young (12288K), 11 survivors (11264K)
 Metaspace       used 106076K, committed 107008K, reserved 1179648K
  class space    used 15160K, committed 15616K, reserved 1048576K
}

Deoptimization events (16 events):
Event: 3.644 Thread 0x00000143dc2c0900 DEOPT PACKING pc=0x00000143cce8ae04 sp=0x0000003114cfca90
Event: 3.644 Thread 0x00000143dc2c0900 DEOPT UNPACKING pc=0x00000143cc9966e3 sp=0x0000003114cfbfc0 mode 0
Event: 5.205 Thread 0x00000143dc5204d0 DEOPT PACKING pc=0x00000143cced1681 sp=0x00000031152fef30
Event: 5.205 Thread 0x00000143dc5204d0 DEOPT UNPACKING pc=0x00000143cc9966e3 sp=0x00000031152fe3c8 mode 3
Event: 7.996 Thread 0x00000143dc2c0900 DEOPT PACKING pc=0x00000143cd26187c sp=0x0000003114cfe190
Event: 7.996 Thread 0x00000143dc2c0900 DEOPT UNPACKING pc=0x00000143cc9966e3 sp=0x0000003114cfd6b8 mode 0
Event: 9.282 Thread 0x00000143dc2c0900 DEOPT PACKING pc=0x00000143cd3840b5 sp=0x0000003114cfd360
Event: 9.282 Thread 0x00000143dc2c0900 DEOPT UNPACKING pc=0x00000143cc9966e3 sp=0x0000003114cfc908 mode 0
Event: 11.927 Thread 0x00000143dc2c0900 DEOPT PACKING pc=0x00000143ccf1b922 sp=0x0000003114cf9280
Event: 11.927 Thread 0x00000143dc2c0900 DEOPT UNPACKING pc=0x00000143cc9966e3 sp=0x0000003114cf8788 mode 3
Event: 11.929 Thread 0x00000143dc2c0900 DEOPT PACKING pc=0x00000143ccedc9a5 sp=0x0000003114cf9240
Event: 11.929 Thread 0x00000143dc2c0900 DEOPT UNPACKING pc=0x00000143cc9966e3 sp=0x0000003114cf8788 mode 3
Event: 13.304 Thread 0x00000143dc522330 DEOPT PACKING pc=0x00000143cce0eb97 sp=0x0000003115eff0c0
Event: 13.304 Thread 0x00000143dc522330 DEOPT UNPACKING pc=0x00000143cc9966e3 sp=0x0000003115efe518 mode 3
Event: 18.014 Thread 0x00000143dc2c0900 DEOPT PACKING pc=0x00000143ccf06124 sp=0x0000003114cfba00
Event: 18.014 Thread 0x00000143dc2c0900 DEOPT UNPACKING pc=0x00000143cc9966e3 sp=0x0000003114cfaf58 mode 0

Classes unloaded (0 events):
No events

Classes redefined (0 events):
No events

Internal exceptions (20 events):
Event: 25.719 Thread 0x00000143dc2c0900 Exception <a 'java/lang/NoSuchMethodError'{0x000000008fcd55c0}: 'java.lang.Object java.lang.invoke.DirectMethodHandle$Holder.invokeStatic(java.lang.Object, java.lang.Object, java.lang.Object, long, java.lang.Object)'> (0x000000008fcd55c0) 
thrown [s\open\src\hotspot\share\interpreter\linkResolver.cpp, line 759]
Event: 25.719 Thread 0x00000143dc2c0900 Exception <a 'java/lang/NoSuchMethodError'{0x000000008fcdcfa0}: 'java.lang.Object java.lang.invoke.DirectMethodHandle$Holder.newInvokeSpecial(java.lang.Object, java.lang.Object, java.lang.Object, long)'> (0x000000008fcdcfa0) 
thrown [s\open\src\hotspot\share\interpreter\linkResolver.cpp, line 759]
Event: 25.720 Thread 0x00000143dc2c0900 Exception <a 'java/lang/NoSuchMethodError'{0x000000008fce1540}: 'java.lang.Object java.lang.invoke.DirectMethodHandle$Holder.invokeSpecial(java.lang.Object, java.lang.Object, java.lang.Object, java.lang.Object, long)'> (0x000000008fce1540) 
thrown [s\open\src\hotspot\share\interpreter\linkResolver.cpp, line 759]
Event: 25.720 Thread 0x00000143dc2c0900 Exception <a 'java/lang/NoSuchMethodError'{0x000000008fce53b8}: 'java.lang.Object java.lang.invoke.Invokers$Holder.linkToTargetMethod(java.lang.Object, java.lang.Object, long, java.lang.Object)'> (0x000000008fce53b8) 
thrown [s\open\src\hotspot\share\interpreter\linkResolver.cpp, line 759]
Event: 26.060 Thread 0x00000143dc2c0900 Exception <a 'java/lang/UnsupportedClassVersionError'{0x000000008f5dcf70}: org/apache/dubbo/common/threadpool/support/loom/VirtualThreadPool has been compiled by a more recent version of the Java Runtime (class file version 65.0), this version of the Java Runtime only recognizes class file versions up to 61.0> (0x000000008f5dcf70) 
thrown [s\open\src\hotspot\share\classfile\classFileParser.cpp, line 4567]
Event: 26.217 Thread 0x00000143dc2c0900 Exception <a 'java/lang/NoSuchMethodError'{0x000000008ef9cc48}: 'void java.lang.invoke.DirectMethodHandle$Holder.invokeSpecial(java.lang.Object, java.lang.Object, int, int)'> (0x000000008ef9cc48) 
thrown [s\open\src\hotspot\share\interpreter\linkResolver.cpp, line 759]
Event: 26.217 Thread 0x00000143dc2c0900 Exception <a 'java/lang/NoSuchMethodError'{0x000000008efa3750}: 'java.lang.Object java.lang.invoke.DirectMethodHandle$Holder.newInvokeSpecial(java.lang.Object, java.lang.Object, int, int)'> (0x000000008efa3750) 
thrown [s\open\src\hotspot\share\interpreter\linkResolver.cpp, line 759]
Event: 26.443 Thread 0x00000143dc2c0900 Exception <a 'java/lang/NoSuchMethodError'{0x000000008e671a40}: 'java.lang.Object java.lang.invoke.DirectMethodHandle$Holder.newInvokeSpecial(java.lang.Object, java.lang.Object, java.lang.Object, java.lang.Object, int)'> (0x000000008e671a40) 
thrown [s\open\src\hotspot\share\interpreter\linkResolver.cpp, line 759]
Event: 26.443 Thread 0x00000143dc2c0900 Exception <a 'java/lang/NoSuchMethodError'{0x000000008e675c80}: 'java.lang.Object java.lang.invoke.DirectMethodHandle$Holder.invokeSpecial(java.lang.Object, java.lang.Object, java.lang.Object, java.lang.Object, java.lang.Object, int)'> (0x000000008e675c80) 
thrown [s\open\src\hotspot\share\interpreter\linkResolver.cpp, line 759]
Event: 26.445 Thread 0x00000143dc2c0900 Exception <a 'java/lang/NoSuchMethodError'{0x000000008e679768}: 'java.lang.Object java.lang.invoke.Invokers$Holder.linkToTargetMethod(java.lang.Object, java.lang.Object, java.lang.Object, int, java.lang.Object)'> (0x000000008e679768) 
thrown [s\open\src\hotspot\share\interpreter\linkResolver.cpp, line 759]
Event: 26.447 Thread 0x00000143dc2c0900 Exception <a 'java/lang/ClassNotFoundException'{0x000000008e6b6e78}: org/apache/dubbo/config/MethodConfigBeanInfo> (0x000000008e6b6e78) 
thrown [s\open\src\hotspot\share\classfile\systemDictionary.cpp, line 256]
Event: 26.447 Thread 0x00000143dc2c0900 Exception <a 'java/lang/ClassNotFoundException'{0x000000008e6c15a8}: org/apache/dubbo/config/MethodConfigCustomizer> (0x000000008e6c15a8) 
thrown [s\open\src\hotspot\share\classfile\systemDictionary.cpp, line 256]
Event: 26.472 Thread 0x00000143dc2c0900 Exception <a 'java/lang/ClassNotFoundException'{0x000000008e385478}: org/apache/dubbo/config/ArgumentConfigBeanInfo> (0x000000008e385478) 
thrown [s\open\src\hotspot\share\classfile\systemDictionary.cpp, line 256]
Event: 26.472 Thread 0x00000143dc2c0900 Exception <a 'java/lang/ClassNotFoundException'{0x000000008e38f5b0}: org/apache/dubbo/config/ArgumentConfigCustomizer> (0x000000008e38f5b0) 
thrown [s\open\src\hotspot\share\classfile\systemDictionary.cpp, line 256]
Event: 26.528 Thread 0x00000143dc2c0900 Exception <a 'java/lang/ClassNotFoundException'{0x000000008df13330}: org/apache/dubbo/config/ReferenceConfigBeanInfo> (0x000000008df13330) 
thrown [s\open\src\hotspot\share\classfile\systemDictionary.cpp, line 256]
Event: 26.530 Thread 0x00000143dc2c0900 Exception <a 'java/lang/ClassNotFoundException'{0x000000008df1d2e0}: org/apache/dubbo/config/ReferenceConfigBaseBeanInfo> (0x000000008df1d2e0) 
thrown [s\open\src\hotspot\share\classfile\systemDictionary.cpp, line 256]
Event: 26.531 Thread 0x00000143dc2c0900 Exception <a 'java/lang/ClassNotFoundException'{0x000000008df272c8}: org/apache/dubbo/config/ReferenceConfigBaseCustomizer> (0x000000008df272c8) 
thrown [s\open\src\hotspot\share\classfile\systemDictionary.cpp, line 256]
Event: 26.532 Thread 0x00000143dc2c0900 Exception <a 'java/lang/ClassNotFoundException'{0x000000008df5c2d0}: org/apache/dubbo/config/ReferenceConfigCustomizer> (0x000000008df5c2d0) 
thrown [s\open\src\hotspot\share\classfile\systemDictionary.cpp, line 256]
Event: 26.672 Thread 0x00000143dc2c0900 Exception <a 'java/lang/IncompatibleClassChangeError'{0x000000008d8b9758}: Found class java.lang.Object, but interface was expected> (0x000000008d8b9758) 
thrown [s\open\src\hotspot\share\interpreter\linkResolver.cpp, line 826]
Event: 27.462 Thread 0x00000143df1f1090 Exception <a 'java/lang/IncompatibleClassChangeError'{0x000000008c859a70}: Found class java.lang.Object, but interface was expected> (0x000000008c859a70) 
thrown [s\open\src\hotspot\share\interpreter\linkResolver.cpp, line 826]

VM Operations (20 events):
Event: 29.151 Executing VM operation: HandshakeAllThreads done
Event: 29.160 Executing VM operation: HandshakeAllThreads
Event: 29.161 Executing VM operation: HandshakeAllThreads done
Event: 29.332 Executing VM operation: HandshakeAllThreads
Event: 29.333 Executing VM operation: HandshakeAllThreads done
Event: 30.332 Executing VM operation: Cleanup
Event: 30.333 Executing VM operation: Cleanup done
Event: 34.360 Executing VM operation: Cleanup
Event: 34.360 Executing VM operation: Cleanup done
Event: 61.885 Executing VM operation: HandshakeAllThreads
Event: 61.885 Executing VM operation: HandshakeAllThreads done
Event: 62.892 Executing VM operation: Cleanup
Event: 62.905 Executing VM operation: Cleanup done
Event: 63.949 Executing VM operation: G1CollectForAllocation
Event: 68.874 Executing VM operation: G1CollectForAllocation done
Event: 69.874 Executing VM operation: Cleanup
Event: 70.045 Executing VM operation: Cleanup done
Event: 71.055 Executing VM operation: Cleanup
Event: 71.055 Executing VM operation: Cleanup done
Event: 73.144 Executing VM operation: G1CollectForAllocation

Events (20 events):
Event: 29.126 loading class javax/management/remote/rmi/RMIConnector$Util done
Event: 29.155 loading class jdk/internal/vm/annotation/ForceInline
Event: 29.156 loading class jdk/internal/vm/annotation/ForceInline done
Event: 29.271 Thread 0x00000143e44ea120 Thread exited: 0x00000143e44ea120
Event: 29.277 Thread 0x00000143e44eb050 Thread added: 0x00000143e44eb050
Event: 29.277 Thread 0x00000143e44e91f0 Thread added: 0x00000143e44e91f0
Event: 29.279 loading class java/util/concurrent/locks/ReentrantReadWriteLock$Sync$HoldCounter
Event: 29.279 loading class java/util/concurrent/locks/ReentrantReadWriteLock$Sync$HoldCounter done
Event: 29.283 Thread 0x00000143e44e91f0 Thread exited: 0x00000143e44e91f0
Event: 29.284 Thread 0x00000143e44eb050 Thread exited: 0x00000143e44eb050
Event: 29.288 Thread 0x00000143e44ea120 Thread added: 0x00000143e44ea120
Event: 29.289 Thread 0x00000143e44ea630 Thread added: 0x00000143e44ea630
Event: 29.296 loading class java/time/Instant$1
Event: 29.297 loading class java/time/Instant$1 done
Event: 29.336 Thread 0x00000143e44ea120 Thread exited: 0x00000143e44ea120
Event: 29.345 Thread 0x00000143e44ea630 Thread exited: 0x00000143e44ea630
Event: 30.174 Thread 0x00000143db2924c0 Thread exited: 0x00000143db2924c0
Event: 39.864 Thread 0x00000143d6f20000 Thread exited: 0x00000143d6f20000
Event: 70.625 Thread 0x00000143e44ea120 Thread added: 0x00000143e44ea120
Event: 70.882 Thread 0x00000143e44eab40 Thread added: 0x00000143e44eab40


Dynamic libraries:
0x00007ff628810000 - 0x00007ff628820000 	C:\Program Files\Java\jdk-17\bin\java.exe
0x00007ffe190a0000 - 0x00007ffe19305000 	C:\WINDOWS\SYSTEM32\ntdll.dll
0x00007ffe17ce0000 - 0x00007ffe17da9000 	C:\WINDOWS\System32\KERNEL32.DLL
0x00007ffe16610000 - 0x00007ffe169f8000 	C:\WINDOWS\System32\KERNELBASE.dll
0x00007ffe16400000 - 0x00007ffe1654b000 	C:\WINDOWS\System32\ucrtbase.dll
0x00007ffdf35b0000 - 0x00007ffdf35c9000 	C:\Program Files\Java\jdk-17\bin\jli.dll
0x00007ffe18630000 - 0x00007ffe186e3000 	C:\WINDOWS\System32\ADVAPI32.dll
0x00007ffe16e40000 - 0x00007ffe16ee9000 	C:\WINDOWS\System32\msvcrt.dll
0x00007ffe17890000 - 0x00007ffe17936000 	C:\WINDOWS\System32\sechost.dll
0x00007ffdf35d0000 - 0x00007ffdf35eb000 	C:\Program Files\Java\jdk-17\bin\VCRUNTIME140.dll
0x00007ffe17460000 - 0x00007ffe17575000 	C:\WINDOWS\System32\RPCRT4.dll
0x00007ffe186f0000 - 0x00007ffe188ba000 	C:\WINDOWS\System32\USER32.dll
0x00007ffe16a00000 - 0x00007ffe16a27000 	C:\WINDOWS\System32\win32u.dll
0x00007ffe17940000 - 0x00007ffe1796b000 	C:\WINDOWS\System32\GDI32.dll
0x00007ffe16a30000 - 0x00007ffe16b67000 	C:\WINDOWS\System32\gdi32full.dll
0x00007ffe16c10000 - 0x00007ffe16cb3000 	C:\WINDOWS\System32\msvcp_win.dll
0x00007ffdfd440000 - 0x00007ffdfd6da000 	C:\WINDOWS\WinSxS\amd64_microsoft.windows.common-controls_6595b64144ccf1df_6.0.26100.4202_none_3e0698d4e335f517\COMCTL32.dll
0x00007ffe01a50000 - 0x00007ffe01a5b000 	C:\WINDOWS\SYSTEM32\VERSION.dll
0x00007ffe17280000 - 0x00007ffe172b0000 	C:\WINDOWS\System32\IMM32.DLL
0x00007ffe12530000 - 0x00007ffe1253c000 	C:\Program Files\Java\jdk-17\bin\vcruntime140_1.dll
0x00007ffdef090000 - 0x00007ffdef11e000 	C:\Program Files\Java\jdk-17\bin\msvcp140.dll
0x00007ffde4f50000 - 0x00007ffde5b30000 	C:\Program Files\Java\jdk-17\bin\server\jvm.dll
0x00007ffe17970000 - 0x00007ffe17978000 	C:\WINDOWS\System32\PSAPI.DLL
0x00007ffdd2a20000 - 0x00007ffdd2a2a000 	C:\WINDOWS\SYSTEM32\WSOCK32.dll
0x00007ffe17810000 - 0x00007ffe17884000 	C:\WINDOWS\System32\WS2_32.dll
0x00007ffe13400000 - 0x00007ffe13435000 	C:\WINDOWS\SYSTEM32\WINMM.dll
0x00007ffe14fb0000 - 0x00007ffe14fcb000 	C:\WINDOWS\SYSTEM32\kernel.appcore.dll
0x00007ffe10170000 - 0x00007ffe1017a000 	C:\Program Files\Java\jdk-17\bin\jimage.dll
0x00007ffe131b0000 - 0x00007ffe133f1000 	C:\WINDOWS\SYSTEM32\DBGHELP.DLL
0x00007ffe16ef0000 - 0x00007ffe17275000 	C:\WINDOWS\System32\combase.dll
0x00007ffe172c0000 - 0x00007ffe173a1000 	C:\WINDOWS\System32\OLEAUT32.dll
0x00007ffe13560000 - 0x00007ffe13599000 	C:\WINDOWS\SYSTEM32\dbgcore.DLL
0x00007ffe16b70000 - 0x00007ffe16c09000 	C:\WINDOWS\System32\bcryptPrimitives.dll
0x00007ffdf3e30000 - 0x00007ffdf3e3e000 	C:\Program Files\Java\jdk-17\bin\instrument.dll
0x00007ffdf3580000 - 0x00007ffdf35a5000 	C:\Program Files\Java\jdk-17\bin\java.dll
0x00007ffde4e70000 - 0x00007ffde4f47000 	C:\Program Files\Java\jdk-17\bin\jsvml.dll
0x00007ffe17db0000 - 0x00007ffe184f2000 	C:\WINDOWS\System32\SHELL32.dll
0x00007ffe16280000 - 0x00007ffe163f4000 	C:\WINDOWS\System32\wintypes.dll
0x00007ffe13e20000 - 0x00007ffe14678000 	C:\WINDOWS\SYSTEM32\windows.storage.dll
0x00007ffe18530000 - 0x00007ffe18621000 	C:\WINDOWS\System32\SHCORE.dll
0x00007ffe17980000 - 0x00007ffe179ea000 	C:\WINDOWS\System32\shlwapi.dll
0x00007ffe16100000 - 0x00007ffe1612f000 	C:\WINDOWS\SYSTEM32\profapi.dll
0x00007ffdef070000 - 0x00007ffdef088000 	C:\Program Files\Java\jdk-17\bin\zip.dll
0x00007ffdf3240000 - 0x00007ffdf3259000 	C:\Program Files\Java\jdk-17\bin\net.dll
0x00007ffe0fe50000 - 0x00007ffe0ff6e000 	C:\WINDOWS\SYSTEM32\WINHTTP.dll
0x00007ffe15520000 - 0x00007ffe1558a000 	C:\WINDOWS\system32\mswsock.dll
0x00007ffdf0c20000 - 0x00007ffdf0c36000 	C:\Program Files\Java\jdk-17\bin\nio.dll
0x00007ffdef050000 - 0x00007ffdef06a000 	D:\progam\IntelliJ IDEA 2024.1\bin\breakgen64.dll
0x00007ffe14a70000 - 0x00007ffe14b97000 	C:\WINDOWS\SYSTEM32\DNSAPI.dll
0x00007ffe149d0000 - 0x00007ffe14a03000 	C:\WINDOWS\SYSTEM32\IPHLPAPI.DLL
0x00007ffe17b00000 - 0x00007ffe17b0a000 	C:\WINDOWS\System32\NSI.dll
0x00007ffe0f330000 - 0x00007ffe0f33b000 	C:\Windows\System32\rasadhlp.dll
0x00007ffe124a0000 - 0x00007ffe12526000 	C:\WINDOWS\System32\fwpuclnt.dll
0x00007ffdffd20000 - 0x00007ffdffd2a000 	C:\Program Files\Java\jdk-17\bin\management.dll
0x00007ffdf90a0000 - 0x00007ffdf90ab000 	C:\Program Files\Java\jdk-17\bin\management_ext.dll
0x00007ffe157d0000 - 0x00007ffe157eb000 	C:\WINDOWS\SYSTEM32\CRYPTSP.dll
0x00007ffe14f10000 - 0x00007ffe14f4a000 	C:\WINDOWS\system32\rsaenh.dll
0x00007ffe155c0000 - 0x00007ffe155eb000 	C:\WINDOWS\SYSTEM32\USERENV.dll
0x00007ffe160d0000 - 0x00007ffe160f6000 	C:\WINDOWS\SYSTEM32\bcrypt.dll
0x00007ffe157f0000 - 0x00007ffe157fc000 	C:\WINDOWS\SYSTEM32\CRYPTBASE.dll
0x00007ffe10480000 - 0x00007ffe1049f000 	C:\WINDOWS\SYSTEM32\dhcpcsvc6.DLL
0x00007ffe10360000 - 0x00007ffe10385000 	C:\WINDOWS\SYSTEM32\dhcpcsvc.DLL
0x00007ffdea5f0000 - 0x00007ffdea608000 	C:\WINDOWS\system32\napinsp.dll
0x00007ffdea5d0000 - 0x00007ffdea5e2000 	C:\WINDOWS\System32\winrnr.dll
0x00007ffde8ed0000 - 0x00007ffde8f00000 	C:\WINDOWS\system32\nlansp_c.dll
0x00007ffde8ea0000 - 0x00007ffde8ec0000 	C:\WINDOWS\system32\wshbth.dll
0x00007ffe12df0000 - 0x00007ffe12dfe000 	C:\WINDOWS\SYSTEM32\WINNSI.DLL
0x00007ffdf68e0000 - 0x00007ffdf68ee000 	C:\Program Files\Java\jdk-17\bin\sunmscapi.dll
0x00007ffe16cc0000 - 0x00007ffe16e37000 	C:\WINDOWS\System32\CRYPT32.dll
0x00007ffe15a80000 - 0x00007ffe15ab0000 	C:\WINDOWS\SYSTEM32\ncrypt.dll
0x00007ffe15a30000 - 0x00007ffe15a6f000 	C:\WINDOWS\SYSTEM32\NTASN1.dll
0x00007ffdf34d0000 - 0x00007ffdf34e0000 	C:\Program Files\Java\jdk-17\bin\verify.dll
0x00007ffe02e30000 - 0x00007ffe02e38000 	C:\WINDOWS\system32\wshunix.dll

dbghelp: loaded successfully - version: 4.0.5 - missing functions: none
symbol engine: initialized successfully - sym options: 0x614 - pdb path: .;C:\Program Files\Java\jdk-17\bin;C:\WINDOWS\SYSTEM32;C:\WINDOWS\WinSxS\amd64_microsoft.windows.common-controls_6595b64144ccf1df_6.0.26100.4202_none_3e0698d4e335f517;C:\Program Files\Java\jdk-17\bin\server;D:\progam\IntelliJ IDEA 2024.1\bin

VM Arguments:
jvm_args: -XX:TieredStopAtLevel=1 -Dspring.output.ansi.enabled=always -Dcom.sun.management.jmxremote -Dspring.jmx.enabled=true -Dspring.liveBeansView.mbeanDomain -Dspring.application.admin.enabled=true -Dmanagement.endpoints.jmx.exposure.include=* -javaagent:D:\progam\IntelliJ IDEA 2024.1\lib\idea_rt.jar=54224:D:\progam\IntelliJ IDEA 2024.1\bin -Dfile.encoding=UTF-8 
java_command: com.example.account_service.AccountServiceApplication
java_class_path (initial): D:\java-banking-phase2\backend\account-service\target\classes;C:\Users\25112\.m2\repository\org\springframework\boot\spring-boot-starter-actuator\3.3.11\spring-boot-starter-actuator-3.3.11.jar;C:\Users\25112\.m2\repository\org\springframework\boot\spring-boot-starter\3.3.11\spring-boot-starter-3.3.11.jar;C:\Users\25112\.m2\repository\org\springframework\boot\spring-boot-starter-logging\3.3.11\spring-boot-starter-logging-3.3.11.jar;C:\Users\25112\.m2\repository\ch\qos\logback\logback-classic\1.5.18\logback-classic-1.5.18.jar;C:\Users\25112\.m2\repository\ch\qos\logback\logback-core\1.5.18\logback-core-1.5.18.jar;C:\Users\25112\.m2\repository\org\apache\logging\log4j\log4j-to-slf4j\2.23.1\log4j-to-slf4j-2.23.1.jar;C:\Users\25112\.m2\repository\org\apache\logging\log4j\log4j-api\2.23.1\log4j-api-2.23.1.jar;C:\Users\25112\.m2\repository\org\slf4j\jul-to-slf4j\2.0.17\jul-to-slf4j-2.0.17.jar;C:\Users\25112\.m2\repository\jakarta\annotation\jakarta.annotation-api\2.1.1\jakarta.annotation-api-2.1.1.jar;C:\Users\25112\.m2\repository\org\yaml\snakeyaml\2.2\snakeyaml-2.2.jar;C:\Users\25112\.m2\repository\org\springframework\boot\spring-boot-actuator-autoconfigure\3.3.11\spring-boot-actuator-autoconfigure-3.3.11.jar;C:\Users\25112\.m2\repository\org\springframework\boot\spring-boot-actuator\3.3.11\spring-boot-actuator-3.3.11.jar;C:\Users\25112\.m2\repository\com\fasterxml\jackson\datatype\jackson-datatype-jsr310\2.17.3\jackson-datatype-jsr310-2.17.3.jar;C:\Users\25112\.m2\repository\io\micrometer\micrometer-observation\1.13.13\micrometer-observation-1.13.13.jar;C:\Users\25112\.m2\repository\io\micrometer\micrometer-commons\1.13.13\micrometer-commons-1.13.13.jar;C:\Users\25112\.m2\repository\io\micrometer\micrometer-jakarta9\1.13.13\micrometer-jakarta9-1.13.13.jar;C:\Users\25112\.m2\repository\io\micrometer\micrometer-core\1.13.13\micrometer-core-1.13.13.jar;C:\Users\25112\.m2\repository\org\hdrhistogram\HdrHistogram\2.2.2\HdrHistogram-2.2.2.jar;C:\U
Launcher Type: SUN_STANDARD

[Global flags]
     intx CICompilerCount                          = 4                                         {product} {ergonomic}
     uint ConcGCThreads                            = 2                                         {product} {ergonomic}
     uint G1ConcRefinementThreads                  = 8                                         {product} {ergonomic}
   size_t G1HeapRegionSize                         = 1048576                                   {product} {ergonomic}
    uintx GCDrainStackTargetSize                   = 64                                        {product} {ergonomic}
   size_t InitialHeapSize                          = 132120576                                 {product} {ergonomic}
     bool ManagementServer                         = true                                      {product} {command line}
   size_t MarkStackSize                            = 4194304                                   {product} {ergonomic}
   size_t MaxHeapSize                              = 2090860544                                {product} {ergonomic}
   size_t MaxNewSize                               = 1254096896                                {product} {ergonomic}
   size_t MinHeapDeltaBytes                        = 1048576                                   {product} {ergonomic}
   size_t MinHeapSize                              = 8388608                                   {product} {ergonomic}
    uintx NonProfiledCodeHeapSize                  = 0                                      {pd product} {ergonomic}
     bool ProfileInterpreter                       = false                                  {pd product} {command line}
    uintx ProfiledCodeHeapSize                     = 0                                      {pd product} {ergonomic}
   size_t SoftMaxHeapSize                          = 2090860544                             {manageable} {ergonomic}
     intx TieredStopAtLevel                        = 1                                         {product} {command line}
     bool UseCompressedClassPointers               = true                           {product lp64_product} {ergonomic}
     bool UseCompressedOops                        = true                           {product lp64_product} {ergonomic}
     bool UseG1GC                                  = true                                      {product} {ergonomic}
     bool UseLargePagesIndividualAllocation        = false                                  {pd product} {ergonomic}

Logging:
Log output configuration:
 #0: stdout all=warning uptime,level,tags
 #1: stderr all=off uptime,level,tags

Environment Variables:
JAVA_HOME=C:\Program Files\Java\jdk-17
PATH=C:\Program Files\Microsoft MPI\Bin\;C:\Program Files\Common Files\Oracle\Java\javapath;C:\WINDOWS\system32;C:\WINDOWS;C:\WINDOWS\System32\Wbem;C:\WINDOWS\System32\WindowsPowerShell\v1.0\;C:\WINDOWS\System32\OpenSSH\;C:\Program Files (x86)\Microsoft SQL Server\160\Tools\Binn\;C:\Program Files\Microsoft SQL Server\160\Tools\Binn\;C:\Program Files\Microsoft SQL Server\Client SDK\ODBC\170\Tools\Binn\;C:\Program Files\Microsoft SQL Server\160\DTS\Binn\;C:\Program Files (x86)\Microsoft SQL Server\160\DTS\Binn\;C:\Program Files\nodejs\;C:\Program Files (x86)\Windows Kits\10\Windows Performance Toolkit\;D:\progam\Git\cmd;C:\Program Files\Cloudflare\Cloudflare WARP\;C:\Program Files\Java\jdk-17\bin;D:\vault_1.19.2_windows_amd64;D:\util\temporal;D:\util\k6;D:\util\influxdb;D:\util\grafana-v11.6.1\bin;C:\Program Files\Docker\Docker\resources\bin;C:\Users\25112\Downloads\apache-maven-3.9.9\bin;;d:\progam\cursor\resources\app\bin;C:\Program Files\MySQL\MySQL Shell 8.0\bin\;C:\Users\25112\AppData\Local\Programs\Python\Python312\Scripts\;C:\Users\25112\AppData\Local\Programs\Python\Python312\;C:\Users\25112\AppData\Local\Programs\Python\Launcher\;C:\Users\25112\AppData\Local\Microsoft\WindowsApps;C:\Program Files\Java\jdk-17\bin;D:\progam\Microsoft VS Code\bin;C:\Users\25112\AppData\Roaming\npm;D:\progam\devc\Dev-Cpp\MinGW64\bin;C:\Users\25112\Downloads\mongodb-database-tools-windows-x86_64-100.11.0\mongodb-database-tools-windows-x86_64-100.11.0\bin;;D:\progam\IntelliJ IDEA 2024.1\bin;;D:\progam\cursor\resources\app\bin
USERNAME=khang
OS=Windows_NT
PROCESSOR_IDENTIFIER=Intel64 Family 6 Model 140 Stepping 1, GenuineIntel



---------------  S Y S T E M  ---------------

OS:
 Windows 11 , 64 bit Build 26100 (10.0.26100.4202)
OS uptime: 0 days 14:15 hours
Hyper-V role detected

CPU: total 8 (initial active 8) (4 cores per cpu, 2 threads per core) family 6 model 140 stepping 1 microcode 0xb6, cx8, cmov, fxsr, ht, mmx, 3dnowpref, sse, sse2, sse3, ssse3, sse4.1, sse4.2, popcnt, lzcnt, tsc, tscinvbit, avx, avx2, aes, erms, clmul, bmi1, bmi2, adx, avx512f, avx512dq, avx512cd, avx512bw, avx512vl, sha, fma, vzeroupper, avx512_vpopcntdq, avx512_vpclmulqdq, avx512_vaes, avx512_vnni, clflush, clflushopt, clwb, avx512_vbmi2, avx512_vbmi, hv

Memory: 4k page, system-wide physical 7975M (233M free)
TotalPageFile size 32551M (AvailPageFile size 81M)
current process WorkingSet (physical memory assigned to process): 137M, peak: 386M
current process commit charge ("private bytes"): 494M, peak: 673M

vm_info: Java HotSpot(TM) 64-Bit Server VM (17.0.12+8-LTS-286) for windows-amd64 JRE (17.0.12+8-LTS-286), built on Jun  5 2024 06:46:59 by "mach5one" with MS VC++ 17.6 (VS2022)

END.
