2025-07-03 00:00:13 [scheduling-1] DEBUG o.h.e.t.internal.TransactionImpl - On TransactionImpl creation, JpaCompliance#isJpaTransactionComplianceEnabled == false MDC:[traceId=, spanId=]
2025-07-03 00:00:13 [scheduling-1] DEBUG o.h.e.t.internal.TransactionImpl - begin MDC:[traceId=, spanId=]
2025-07-03 00:00:14 [scheduling-1] DEBUG org.hibernate.orm.sql.ast.create - Created new SQL alias : t1_0 MDC:[traceId=, spanId=]
2025-07-03 00:00:14 [scheduling-1] DEBUG org.hibernate.orm.sql.ast.create - Registration of TableGroup [StandardTableGroup(com.example.transaction_service.entity.Transaction(12))] with identifierForTableGroup [com.example.transaction_service.entity.Transaction] for NavigablePath [com.example.transaction_service.entity.Transaction]  MDC:[traceId=, spanId=]
2025-07-03 00:00:14 [scheduling-1] DEBUG o.h.q.s.sql.BaseSqmToSqlAstConverter - Determining mapping-model type for SqmParameter : org.hibernate.query.sqm.tree.expression.SqmJpaCriteriaParameterWrapper@5eae3a9a MDC:[traceId=, spanId=]
2025-07-03 00:00:14 [scheduling-1] DEBUG o.h.q.s.sql.BaseSqmToSqlAstConverter - Determining mapping-model type for SqmPath : SqmBasicValuedSimplePath(com.example.transaction_service.entity.Transaction(12).status)  MDC:[traceId=, spanId=]
2025-07-03 00:00:14 [scheduling-1] DEBUG o.h.q.s.sql.BaseSqmToSqlAstConverter - Determining mapping-model type for SqmParameter : org.hibernate.query.sqm.tree.expression.SqmJpaCriteriaParameterWrapper@316ffb26 MDC:[traceId=, spanId=]
2025-07-03 00:00:14 [scheduling-1] DEBUG o.h.q.s.sql.BaseSqmToSqlAstConverter - Determining mapping-model type for SqmPath : SqmBasicValuedSimplePath(com.example.transaction_service.entity.Transaction(12).timestamp)  MDC:[traceId=, spanId=]
2025-07-03 00:00:14 [scheduling-1] DEBUG org.hibernate.orm.results.graph.AST - DomainResult Graph:
 \-EntityResultImpl [com.example.transaction_service.entity.Transaction(12)]
 |  +-BasicFetch [com.example.transaction_service.entity.Transaction(12).amount]
 |  +-BasicFetch [com.example.transaction_service.entity.Transaction(12).bankType]
 |  +-BasicFetch [com.example.transaction_service.entity.Transaction(12).billCustomerCode]
 |  +-BasicFetch [com.example.transaction_service.entity.Transaction(12).billId]
 |  +-BasicFetch [com.example.transaction_service.entity.Transaction(12).billProviderCode]
 |  +-BasicFetch [com.example.transaction_service.entity.Transaction(12).billType]
 |  +-BasicFetch [com.example.transaction_service.entity.Transaction(12).createdAt]
 |  +-BasicFetch [com.example.transaction_service.entity.Transaction(12).createdBy]
 |  +-BasicFetch [com.example.transaction_service.entity.Transaction(12).currency]
 |  +-BasicFetch [com.example.transaction_service.entity.Transaction(12).description]
 |  +-BasicFetch [com.example.transaction_service.entity.Transaction(12).destinationBankCode]
 |  +-BasicFetch [com.example.transaction_service.entity.Transaction(12).destinationBankName]
 |  +-BasicFetch [com.example.transaction_service.entity.Transaction(12).failedReason]
 |  +-BasicFetch [com.example.transaction_service.entity.Transaction(12).fromAccountNumber]
 |  +-BasicFetch [com.example.transaction_service.entity.Transaction(12).providerTransactionId]
 |  +-BasicFetch [com.example.transaction_service.entity.Transaction(12).referenceCode]
 |  +-BasicFetch [com.example.transaction_service.entity.Transaction(12).status]
 |  +-BasicFetch [com.example.transaction_service.entity.Transaction(12).timestamp]
 |  +-BasicFetch [com.example.transaction_service.entity.Transaction(12).toAccountNumber]
 |  +-BasicFetch [com.example.transaction_service.entity.Transaction(12).type]
 |  +-BasicFetch [com.example.transaction_service.entity.Transaction(12).updatedAt]
 |  \-BasicFetch [com.example.transaction_service.entity.Transaction(12).updatedBy]
 MDC:[traceId=, spanId=]
2025-07-03 00:00:14 [scheduling-1] DEBUG org.hibernate.orm.sql.ast.tree - SQL AST Tree:
    SelectStatement {
      FromClause {
        StandardTableGroup (t1 : com.example.transaction_service.entity.Transaction(12)) {
          primaryTableReference : tbl_transaction as t1_0
        }
      }
    }
 MDC:[traceId=, spanId=]
2025-07-03 00:00:14 [scheduling-1] DEBUG org.hibernate.orm.sql.exec - Skipping reading Query result cache data: cache-enabled = false, cache-mode = NORMAL MDC:[traceId=, spanId=]
2025-07-03 00:00:14 [scheduling-1] DEBUG org.hibernate.orm.results - Initializer list:
	  com.example.transaction_service.entity.Transaction(12) -> EntityResultInitializer(com.example.transaction_service.entity.Transaction(12))@751966491 (SingleTableEntityPersister(com.example.transaction_service.entity.Transaction))
 MDC:[traceId=, spanId=]
2025-07-03 00:00:14 [scheduling-1] DEBUG org.hibernate.SQL - select t1_0.id,t1_0.amount,t1_0.bank_type,t1_0.bill_customer_code,t1_0.bill_id,t1_0.bill_provider_code,t1_0.bill_type,t1_0.created_at,t1_0.created_by,t1_0.currency,t1_0.description,t1_0.destination_bank_code,t1_0.destination_bank_name,t1_0.failed_reason,t1_0.from_account_number,t1_0.provider_transaction_id,t1_0.reference_code,t1_0.status,t1_0.timestamp,t1_0.to_account_number,t1_0.type,t1_0.updated_at,t1_0.updated_by from tbl_transaction t1_0 where t1_0.status=? and t1_0.timestamp<? MDC:[traceId=, spanId=]
2025-07-03 00:00:14 [scheduling-1] DEBUG o.h.e.t.internal.TransactionImpl - committing MDC:[traceId=, spanId=]
2025-07-03 00:01:13 [scheduling-1] DEBUG o.h.e.t.internal.TransactionImpl - On TransactionImpl creation, JpaCompliance#isJpaTransactionComplianceEnabled == false MDC:[traceId=, spanId=]
2025-07-03 00:01:13 [scheduling-1] DEBUG o.h.e.t.internal.TransactionImpl - begin MDC:[traceId=, spanId=]
2025-07-03 00:01:14 [scheduling-1] DEBUG org.hibernate.orm.sql.ast.create - Created new SQL alias : t1_0 MDC:[traceId=, spanId=]
2025-07-03 00:01:14 [scheduling-1] DEBUG org.hibernate.orm.sql.ast.create - Registration of TableGroup [StandardTableGroup(com.example.transaction_service.entity.Transaction(12))] with identifierForTableGroup [com.example.transaction_service.entity.Transaction] for NavigablePath [com.example.transaction_service.entity.Transaction]  MDC:[traceId=, spanId=]
2025-07-03 00:01:14 [scheduling-1] DEBUG o.h.q.s.sql.BaseSqmToSqlAstConverter - Determining mapping-model type for SqmParameter : org.hibernate.query.sqm.tree.expression.SqmJpaCriteriaParameterWrapper@73ae8c2f MDC:[traceId=, spanId=]
2025-07-03 00:01:14 [scheduling-1] DEBUG o.h.q.s.sql.BaseSqmToSqlAstConverter - Determining mapping-model type for SqmPath : SqmBasicValuedSimplePath(com.example.transaction_service.entity.Transaction(12).status)  MDC:[traceId=, spanId=]
2025-07-03 00:01:14 [scheduling-1] DEBUG o.h.q.s.sql.BaseSqmToSqlAstConverter - Determining mapping-model type for SqmParameter : org.hibernate.query.sqm.tree.expression.SqmJpaCriteriaParameterWrapper@3ae4339a MDC:[traceId=, spanId=]
2025-07-03 00:01:14 [scheduling-1] DEBUG o.h.q.s.sql.BaseSqmToSqlAstConverter - Determining mapping-model type for SqmPath : SqmBasicValuedSimplePath(com.example.transaction_service.entity.Transaction(12).timestamp)  MDC:[traceId=, spanId=]
2025-07-03 00:01:14 [scheduling-1] DEBUG org.hibernate.orm.results.graph.AST - DomainResult Graph:
 \-EntityResultImpl [com.example.transaction_service.entity.Transaction(12)]
 |  +-BasicFetch [com.example.transaction_service.entity.Transaction(12).amount]
 |  +-BasicFetch [com.example.transaction_service.entity.Transaction(12).bankType]
 |  +-BasicFetch [com.example.transaction_service.entity.Transaction(12).billCustomerCode]
 |  +-BasicFetch [com.example.transaction_service.entity.Transaction(12).billId]
 |  +-BasicFetch [com.example.transaction_service.entity.Transaction(12).billProviderCode]
 |  +-BasicFetch [com.example.transaction_service.entity.Transaction(12).billType]
 |  +-BasicFetch [com.example.transaction_service.entity.Transaction(12).createdAt]
 |  +-BasicFetch [com.example.transaction_service.entity.Transaction(12).createdBy]
 |  +-BasicFetch [com.example.transaction_service.entity.Transaction(12).currency]
 |  +-BasicFetch [com.example.transaction_service.entity.Transaction(12).description]
 |  +-BasicFetch [com.example.transaction_service.entity.Transaction(12).destinationBankCode]
 |  +-BasicFetch [com.example.transaction_service.entity.Transaction(12).destinationBankName]
 |  +-BasicFetch [com.example.transaction_service.entity.Transaction(12).failedReason]
 |  +-BasicFetch [com.example.transaction_service.entity.Transaction(12).fromAccountNumber]
 |  +-BasicFetch [com.example.transaction_service.entity.Transaction(12).providerTransactionId]
 |  +-BasicFetch [com.example.transaction_service.entity.Transaction(12).referenceCode]
 |  +-BasicFetch [com.example.transaction_service.entity.Transaction(12).status]
 |  +-BasicFetch [com.example.transaction_service.entity.Transaction(12).timestamp]
 |  +-BasicFetch [com.example.transaction_service.entity.Transaction(12).toAccountNumber]
 |  +-BasicFetch [com.example.transaction_service.entity.Transaction(12).type]
 |  +-BasicFetch [com.example.transaction_service.entity.Transaction(12).updatedAt]
 |  \-BasicFetch [com.example.transaction_service.entity.Transaction(12).updatedBy]
 MDC:[traceId=, spanId=]
2025-07-03 00:01:14 [scheduling-1] DEBUG org.hibernate.orm.sql.ast.tree - SQL AST Tree:
    SelectStatement {
      FromClause {
        StandardTableGroup (t1 : com.example.transaction_service.entity.Transaction(12)) {
          primaryTableReference : tbl_transaction as t1_0
        }
      }
    }
 MDC:[traceId=, spanId=]
2025-07-03 00:01:14 [scheduling-1] DEBUG org.hibernate.orm.sql.exec - Skipping reading Query result cache data: cache-enabled = false, cache-mode = NORMAL MDC:[traceId=, spanId=]
2025-07-03 00:01:14 [scheduling-1] DEBUG org.hibernate.orm.results - Initializer list:
	  com.example.transaction_service.entity.Transaction(12) -> EntityResultInitializer(com.example.transaction_service.entity.Transaction(12))@1733299341 (SingleTableEntityPersister(com.example.transaction_service.entity.Transaction))
 MDC:[traceId=, spanId=]
2025-07-03 00:01:14 [scheduling-1] DEBUG org.hibernate.SQL - select t1_0.id,t1_0.amount,t1_0.bank_type,t1_0.bill_customer_code,t1_0.bill_id,t1_0.bill_provider_code,t1_0.bill_type,t1_0.created_at,t1_0.created_by,t1_0.currency,t1_0.description,t1_0.destination_bank_code,t1_0.destination_bank_name,t1_0.failed_reason,t1_0.from_account_number,t1_0.provider_transaction_id,t1_0.reference_code,t1_0.status,t1_0.timestamp,t1_0.to_account_number,t1_0.type,t1_0.updated_at,t1_0.updated_by from tbl_transaction t1_0 where t1_0.status=? and t1_0.timestamp<? MDC:[traceId=, spanId=]
2025-07-03 00:01:14 [scheduling-1] DEBUG o.h.e.t.internal.TransactionImpl - committing MDC:[traceId=, spanId=]
