2025-07-02 13:57:32.476 INFO  [main] c.m.m.MasterServiceApplication [,] - Starting MasterServiceApplication using Java 17.0.11 with PID 23172 (C:\Study\java-banking-phase2\backend\master-service\target\classes started by Thiên Vỹ in C:\Study\java-banking-phase2)
2025-07-02 13:57:32.481 DEBUG [main] c.m.m.MasterServiceApplication [,] - Running with Spring Boot v3.2.0, Spring v6.1.1
2025-07-02 13:57:32.483 INFO  [main] c.m.m.MasterServiceApplication [,] - No active profile set, falling back to 1 default profile: "default"
2025-07-02 13:57:36.317 INFO  [main] o.s.b.w.e.tomcat.TomcatWebServer [,] - Tomcat initialized with port 8086 (http)
2025-07-02 13:57:36.336 INFO  [main] o.a.coyote.http11.Http11NioProtocol [,] - Initializing ProtocolHandler ["http-nio-8086"]
2025-07-02 13:57:36.342 INFO  [main] o.a.catalina.core.StandardService [,] - Starting service [Tomcat]
2025-07-02 13:57:36.343 INFO  [main] o.a.catalina.core.StandardEngine [,] - Starting Servlet engine: [Apache Tomcat/10.1.16]
2025-07-02 13:57:36.456 INFO  [main] o.a.c.c.C.[Tomcat].[localhost].[/] [,] - Initializing Spring embedded WebApplicationContext
2025-07-02 13:57:36.458 INFO  [main] o.s.b.w.s.c.ServletWebServerApplicationContext [,] - Root WebApplicationContext: initialization completed in 3870 ms
2025-07-02 13:57:40.508 INFO  [main] o.s.b.a.e.web.EndpointLinksResolver [,] - Exposing 23 endpoint(s) beneath base path '/actuator'
2025-07-02 13:57:41.442 INFO  [main] o.a.coyote.http11.Http11NioProtocol [,] - Starting ProtocolHandler ["http-nio-8086"]
2025-07-02 13:57:41.467 INFO  [main] o.s.b.w.e.tomcat.TomcatWebServer [,] - Tomcat started on port 8086 (http) with context path ''
2025-07-02 13:57:41.485 INFO  [main] c.m.m.MasterServiceApplication [,] - Started MasterServiceApplication in 10.237 seconds (process running for 11.385)
2025-07-02 13:57:50.697 INFO  [http-nio-8086-exec-1] o.a.c.c.C.[Tomcat].[localhost].[/] [,] - Initializing Spring DispatcherServlet 'dispatcherServlet'
2025-07-02 13:57:50.698 INFO  [http-nio-8086-exec-1] o.s.web.servlet.DispatcherServlet [,] - Initializing Servlet 'dispatcherServlet'
2025-07-02 13:57:50.701 INFO  [http-nio-8086-exec-1] o.s.web.servlet.DispatcherServlet [,] - Completed initialization in 3 ms
2025-07-02 13:57:50.775 WARN  [http-nio-8086-exec-1] o.s.w.s.h.HandlerMappingIntrospector [,] - Cache miss for REQUEST dispatch to '/api/master-service/registration' (previous null). Performing CorsConfiguration lookup. This is logged once only at WARN level, and every time at TRACE.
2025-07-02 13:57:51.323 WARN  [http-nio-8086-exec-1] o.s.w.s.h.HandlerMappingIntrospector [,] - Cache miss for REQUEST dispatch to '/api/master-service/registration' (previous null). Performing MatchableHandlerMapping lookup. This is logged once only at WARN level, and every time at TRACE.
2025-07-02 13:57:52.760 INFO  [http-nio-8086-exec-1] c.m.m.controller.MasterController [,] - Received Master card registration request: CardRegistrationRequest(accountNumber=97045201636021122, cifCode=9704520163602, cardType=MASTER, customerName=null)
2025-07-02 13:57:53.203 INFO  [http-nio-8086-exec-1] c.m.m.service.impl.MasterServiceImpl [,] - === RETRY ATTEMPT - Calling Master API for card registration: CardRegistrationRequest(accountNumber=97045201636021122, cifCode=9704520163602, cardType=MASTER, customerName=null) ===
2025-07-02 13:57:53.204 DEBUG [http-nio-8086-exec-1] c.m.m.service.impl.MasterServiceImpl [,] - Method called with @Retry annotation - attempt will be tracked by Resilience4j
2025-07-02 13:57:53.204 DEBUG [http-nio-8086-exec-1] c.m.m.service.impl.MasterServiceImpl [,] - Current thread: http-nio-8086-exec-1, Class: com.master.masterservice.service.impl.MasterServiceImpl
2025-07-02 13:57:53.684 ERROR [http-nio-8086-exec-1] c.m.m.service.impl.MasterServiceImpl [,] - Server error calling Master API for account: 97045201636021122. Status: 500 INTERNAL_SERVER_ERROR, Error: 500 Server Error: "{<EOL><EOL>  "timestamp": "2025-06-25T09:00:00.000+07:00",<EOL><EOL>  "status": 500,<EOL><EOL>  "error": "Internal Server Error",<EOL><EOL>  "message": "Something went wrong on the server.",<EOL><EOL>  "path": "/api/master/registration"<EOL><EOL>}" - WILL RETRY
2025-07-02 13:57:53.689 INFO  [http-nio-8086-exec-1] c.m.masterservice.config.RetryConfig [,] - === RETRY EVENT - Attempt #1 for: mastercard-registration ===
2025-07-02 13:57:54.205 INFO  [http-nio-8086-exec-1] c.m.m.service.impl.MasterServiceImpl [,] - === RETRY ATTEMPT - Calling Master API for card registration: CardRegistrationRequest(accountNumber=97045201636021122, cifCode=9704520163602, cardType=MASTER, customerName=null) ===
2025-07-02 13:57:54.206 DEBUG [http-nio-8086-exec-1] c.m.m.service.impl.MasterServiceImpl [,] - Method called with @Retry annotation - attempt will be tracked by Resilience4j
2025-07-02 13:57:54.207 DEBUG [http-nio-8086-exec-1] c.m.m.service.impl.MasterServiceImpl [,] - Current thread: http-nio-8086-exec-1, Class: com.master.masterservice.service.impl.MasterServiceImpl
2025-07-02 13:57:54.236 ERROR [http-nio-8086-exec-1] c.m.m.service.impl.MasterServiceImpl [,] - Server error calling Master API for account: 97045201636021122. Status: 500 INTERNAL_SERVER_ERROR, Error: 500 Server Error: "{<EOL><EOL>  "timestamp": "2025-06-25T09:00:00.000+07:00",<EOL><EOL>  "status": 500,<EOL><EOL>  "error": "Internal Server Error",<EOL><EOL>  "message": "Something went wrong on the server.",<EOL><EOL>  "path": "/api/master/registration"<EOL><EOL>}" - WILL RETRY
2025-07-02 13:57:54.236 INFO  [http-nio-8086-exec-1] c.m.masterservice.config.RetryConfig [,] - === RETRY EVENT - Attempt #2 for: mastercard-registration ===
2025-07-02 13:57:54.763 INFO  [http-nio-8086-exec-1] c.m.m.service.impl.MasterServiceImpl [,] - === RETRY ATTEMPT - Calling Master API for card registration: CardRegistrationRequest(accountNumber=97045201636021122, cifCode=9704520163602, cardType=MASTER, customerName=null) ===
2025-07-02 13:57:54.778 DEBUG [http-nio-8086-exec-1] c.m.m.service.impl.MasterServiceImpl [,] - Method called with @Retry annotation - attempt will be tracked by Resilience4j
2025-07-02 13:57:54.788 DEBUG [http-nio-8086-exec-1] c.m.m.service.impl.MasterServiceImpl [,] - Current thread: http-nio-8086-exec-1, Class: com.master.masterservice.service.impl.MasterServiceImpl
2025-07-02 13:57:54.879 ERROR [http-nio-8086-exec-1] c.m.m.service.impl.MasterServiceImpl [,] - Server error calling Master API for account: 97045201636021122. Status: 500 INTERNAL_SERVER_ERROR, Error: 500 Server Error: "{<EOL><EOL>  "timestamp": "2025-06-25T09:00:00.000+07:00",<EOL><EOL>  "status": 500,<EOL><EOL>  "error": "Internal Server Error",<EOL><EOL>  "message": "Something went wrong on the server.",<EOL><EOL>  "path": "/api/master/registration"<EOL><EOL>}" - WILL RETRY
2025-07-02 13:57:54.884 ERROR [http-nio-8086-exec-1] c.m.masterservice.config.RetryConfig [,] - === RETRY FAILED - After 3 attempts for: mastercard-registration, Last exception: 500 Server Error: "{<EOL><EOL>  "timestamp": "2025-06-25T09:00:00.000+07:00",<EOL><EOL>  "status": 500,<EOL><EOL>  "error": "Internal Server Error",<EOL><EOL>  "message": "Something went wrong on the server.",<EOL><EOL>  "path": "/api/master/registration"<EOL><EOL>}" ===
2025-07-02 13:57:54.885 ERROR [http-nio-8086-exec-1] c.m.m.service.impl.MasterServiceImpl [,] - === FALLBACK TRIGGERED === Master registration failed for account: 97045201636021122 after all retry attempts. Error type: InternalServerError, Message: 500 Server Error: "{<EOL><EOL>  "timestamp": "2025-06-25T09:00:00.000+07:00",<EOL><EOL>  "status": 500,<EOL><EOL>  "error": "Internal Server Error",<EOL><EOL>  "message": "Something went wrong on the server.",<EOL><EOL>  "path": "/api/master/registration"<EOL><EOL>}"
2025-07-02 13:57:54.888 ERROR [http-nio-8086-exec-1] c.m.m.service.impl.MasterServiceImpl [,] - Full exception trace:
org.springframework.web.client.HttpServerErrorException$InternalServerError: 500 Server Error: "{<EOL><EOL>  "timestamp": "2025-06-25T09:00:00.000+07:00",<EOL><EOL>  "status": 500,<EOL><EOL>  "error": "Internal Server Error",<EOL><EOL>  "message": "Something went wrong on the server.",<EOL><EOL>  "path": "/api/master/registration"<EOL><EOL>}"
	at org.springframework.web.client.HttpServerErrorException.create(HttpServerErrorException.java:102)
	at org.springframework.web.client.DefaultResponseErrorHandler.handleError(DefaultResponseErrorHandler.java:186)
	at org.springframework.web.client.DefaultResponseErrorHandler.handleError(DefaultResponseErrorHandler.java:137)
	at org.springframework.web.client.ResponseErrorHandler.handleError(ResponseErrorHandler.java:63)
	at org.springframework.web.client.RestTemplate.handleResponse(RestTemplate.java:932)
	at org.springframework.web.client.RestTemplate.doExecute(RestTemplate.java:881)
	at org.springframework.web.client.RestTemplate.execute(RestTemplate.java:781)
	at org.springframework.web.client.RestTemplate.postForEntity(RestTemplate.java:529)
	at com.master.masterservice.service.impl.MasterServiceImpl.registerCard(MasterServiceImpl.java:51)
	at java.base/jdk.internal.reflect.NativeMethodAccessorImpl.invoke0(Native Method)
	at java.base/jdk.internal.reflect.NativeMethodAccessorImpl.invoke(NativeMethodAccessorImpl.java:77)
	at java.base/jdk.internal.reflect.DelegatingMethodAccessorImpl.invoke(DelegatingMethodAccessorImpl.java:43)
	at java.base/java.lang.reflect.Method.invoke(Method.java:568)
	at org.springframework.aop.support.AopUtils.invokeJoinpointUsingReflection(AopUtils.java:352)
	at org.springframework.aop.framework.ReflectiveMethodInvocation.invokeJoinpoint(ReflectiveMethodInvocation.java:196)
	at org.springframework.aop.framework.ReflectiveMethodInvocation.proceed(ReflectiveMethodInvocation.java:163)
	at org.springframework.aop.framework.CglibAopProxy$CglibMethodInvocation.proceed(CglibAopProxy.java:765)
	at org.springframework.aop.aspectj.MethodInvocationProceedingJoinPoint.proceed(MethodInvocationProceedingJoinPoint.java:89)
	at io.github.resilience4j.retry.Retry.lambda$decorateCheckedSupplier$1(Retry.java:135)
	at io.github.resilience4j.retry.Retry.executeCheckedSupplier(Retry.java:350)
	at io.github.resilience4j.spring6.retry.configure.RetryAspect.handleDefaultJoinPoint(RetryAspect.java:175)
	at io.github.resilience4j.spring6.retry.configure.RetryAspect.proceed(RetryAspect.java:132)
	at io.github.resilience4j.spring6.retry.configure.RetryAspect.lambda$retryAroundAdvice$0(RetryAspect.java:116)
	at io.github.resilience4j.spring6.fallback.DefaultFallbackDecorator.lambda$decorate$0(DefaultFallbackDecorator.java:36)
	at io.github.resilience4j.spring6.fallback.FallbackExecutor.execute(FallbackExecutor.java:39)
	at io.github.resilience4j.spring6.retry.configure.RetryAspect.retryAroundAdvice(RetryAspect.java:117)
	at java.base/jdk.internal.reflect.NativeMethodAccessorImpl.invoke0(Native Method)
	at java.base/jdk.internal.reflect.NativeMethodAccessorImpl.invoke(NativeMethodAccessorImpl.java:77)
	at java.base/jdk.internal.reflect.DelegatingMethodAccessorImpl.invoke(DelegatingMethodAccessorImpl.java:43)
	at java.base/java.lang.reflect.Method.invoke(Method.java:568)
	at org.springframework.aop.aspectj.AbstractAspectJAdvice.invokeAdviceMethodWithGivenArgs(AbstractAspectJAdvice.java:637)
	at org.springframework.aop.aspectj.AbstractAspectJAdvice.invokeAdviceMethod(AbstractAspectJAdvice.java:627)
	at org.springframework.aop.aspectj.AspectJAroundAdvice.invoke(AspectJAroundAdvice.java:71)
	at org.springframework.aop.framework.ReflectiveMethodInvocation.proceed(ReflectiveMethodInvocation.java:173)
	at org.springframework.aop.framework.CglibAopProxy$CglibMethodInvocation.proceed(CglibAopProxy.java:765)
	at org.springframework.aop.interceptor.ExposeInvocationInterceptor.invoke(ExposeInvocationInterceptor.java:97)
	at org.springframework.aop.framework.ReflectiveMethodInvocation.proceed(ReflectiveMethodInvocation.java:184)
	at org.springframework.aop.framework.CglibAopProxy$CglibMethodInvocation.proceed(CglibAopProxy.java:765)
	at org.springframework.aop.framework.CglibAopProxy$DynamicAdvisedInterceptor.intercept(CglibAopProxy.java:717)
	at com.master.masterservice.service.impl.MasterServiceImpl$$SpringCGLIB$$0.registerCard(<generated>)
	at com.master.masterservice.controller.MasterController.registerCard(MasterController.java:25)
	at java.base/jdk.internal.reflect.NativeMethodAccessorImpl.invoke0(Native Method)
	at java.base/jdk.internal.reflect.NativeMethodAccessorImpl.invoke(NativeMethodAccessorImpl.java:77)
	at java.base/jdk.internal.reflect.DelegatingMethodAccessorImpl.invoke(DelegatingMethodAccessorImpl.java:43)
	at java.base/java.lang.reflect.Method.invoke(Method.java:568)
	at org.springframework.web.method.support.InvocableHandlerMethod.doInvoke(InvocableHandlerMethod.java:254)
	at org.springframework.web.method.support.InvocableHandlerMethod.invokeForRequest(InvocableHandlerMethod.java:182)
	at org.springframework.web.servlet.mvc.method.annotation.ServletInvocableHandlerMethod.invokeAndHandle(ServletInvocableHandlerMethod.java:118)
	at org.springframework.web.servlet.mvc.method.annotation.RequestMappingHandlerAdapter.invokeHandlerMethod(RequestMappingHandlerAdapter.java:917)
	at org.springframework.web.servlet.mvc.method.annotation.RequestMappingHandlerAdapter.handleInternal(RequestMappingHandlerAdapter.java:829)
	at org.springframework.web.servlet.mvc.method.AbstractHandlerMethodAdapter.handle(AbstractHandlerMethodAdapter.java:87)
	at org.springframework.web.servlet.DispatcherServlet.doDispatch(DispatcherServlet.java:1089)
	at org.springframework.web.servlet.DispatcherServlet.doService(DispatcherServlet.java:979)
	at org.springframework.web.servlet.FrameworkServlet.processRequest(FrameworkServlet.java:1014)
	at org.springframework.web.servlet.FrameworkServlet.doPost(FrameworkServlet.java:914)
	at jakarta.servlet.http.HttpServlet.service(HttpServlet.java:590)
	at org.springframework.web.servlet.FrameworkServlet.service(FrameworkServlet.java:885)
	at jakarta.servlet.http.HttpServlet.service(HttpServlet.java:658)
	at org.apache.catalina.core.ApplicationFilterChain.internalDoFilter(ApplicationFilterChain.java:205)
	at org.apache.catalina.core.ApplicationFilterChain.doFilter(ApplicationFilterChain.java:149)
	at org.apache.tomcat.websocket.server.WsFilter.doFilter(WsFilter.java:51)
	at org.apache.catalina.core.ApplicationFilterChain.internalDoFilter(ApplicationFilterChain.java:174)
	at org.apache.catalina.core.ApplicationFilterChain.doFilter(ApplicationFilterChain.java:149)
	at org.springframework.security.web.FilterChainProxy.lambda$doFilterInternal$3(FilterChainProxy.java:231)
	at org.springframework.security.web.ObservationFilterChainDecorator$FilterObservation$SimpleFilterObservation.lambda$wrap$1(ObservationFilterChainDecorator.java:479)
	at org.springframework.security.web.ObservationFilterChainDecorator$AroundFilterObservation$SimpleAroundFilterObservation.lambda$wrap$1(ObservationFilterChainDecorator.java:340)
	at org.springframework.security.web.ObservationFilterChainDecorator.lambda$wrapSecured$0(ObservationFilterChainDecorator.java:82)
	at org.springframework.security.web.ObservationFilterChainDecorator$VirtualFilterChain.doFilter(ObservationFilterChainDecorator.java:128)
	at org.springframework.security.web.access.intercept.AuthorizationFilter.doFilter(AuthorizationFilter.java:100)
	at org.springframework.security.web.ObservationFilterChainDecorator$ObservationFilter.wrapFilter(ObservationFilterChainDecorator.java:240)
	at org.springframework.security.web.ObservationFilterChainDecorator$ObservationFilter.doFilter(ObservationFilterChainDecorator.java:227)
	at org.springframework.security.web.ObservationFilterChainDecorator$VirtualFilterChain.doFilter(ObservationFilterChainDecorator.java:137)
	at org.springframework.security.web.access.ExceptionTranslationFilter.doFilter(ExceptionTranslationFilter.java:126)
	at org.springframework.security.web.access.ExceptionTranslationFilter.doFilter(ExceptionTranslationFilter.java:120)
	at org.springframework.security.web.ObservationFilterChainDecorator$ObservationFilter.wrapFilter(ObservationFilterChainDecorator.java:240)
	at org.springframework.security.web.ObservationFilterChainDecorator$ObservationFilter.doFilter(ObservationFilterChainDecorator.java:227)
	at org.springframework.security.web.ObservationFilterChainDecorator$VirtualFilterChain.doFilter(ObservationFilterChainDecorator.java:137)
	at org.springframework.security.web.session.SessionManagementFilter.doFilter(SessionManagementFilter.java:131)
	at org.springframework.security.web.session.SessionManagementFilter.doFilter(SessionManagementFilter.java:85)
	at org.springframework.security.web.ObservationFilterChainDecorator$ObservationFilter.wrapFilter(ObservationFilterChainDecorator.java:240)
	at org.springframework.security.web.ObservationFilterChainDecorator$ObservationFilter.doFilter(ObservationFilterChainDecorator.java:227)
	at org.springframework.security.web.ObservationFilterChainDecorator$VirtualFilterChain.doFilter(ObservationFilterChainDecorator.java:137)
	at org.springframework.security.web.authentication.AnonymousAuthenticationFilter.doFilter(AnonymousAuthenticationFilter.java:100)
	at org.springframework.security.web.ObservationFilterChainDecorator$ObservationFilter.wrapFilter(ObservationFilterChainDecorator.java:240)
	at org.springframework.security.web.ObservationFilterChainDecorator$ObservationFilter.doFilter(ObservationFilterChainDecorator.java:227)
	at org.springframework.security.web.ObservationFilterChainDecorator$VirtualFilterChain.doFilter(ObservationFilterChainDecorator.java:137)
	at org.springframework.security.web.servletapi.SecurityContextHolderAwareRequestFilter.doFilter(SecurityContextHolderAwareRequestFilter.java:179)
	at org.springframework.security.web.ObservationFilterChainDecorator$ObservationFilter.wrapFilter(ObservationFilterChainDecorator.java:240)
	at org.springframework.security.web.ObservationFilterChainDecorator$ObservationFilter.doFilter(ObservationFilterChainDecorator.java:227)
	at org.springframework.security.web.ObservationFilterChainDecorator$VirtualFilterChain.doFilter(ObservationFilterChainDecorator.java:137)
	at org.springframework.security.web.savedrequest.RequestCacheAwareFilter.doFilter(RequestCacheAwareFilter.java:63)
	at org.springframework.security.web.ObservationFilterChainDecorator$ObservationFilter.wrapFilter(ObservationFilterChainDecorator.java:240)
	at org.springframework.security.web.ObservationFilterChainDecorator$ObservationFilter.doFilter(ObservationFilterChainDecorator.java:227)
	at org.springframework.security.web.ObservationFilterChainDecorator$VirtualFilterChain.doFilter(ObservationFilterChainDecorator.java:137)
	at org.springframework.security.oauth2.server.resource.web.authentication.BearerTokenAuthenticationFilter.doFilterInternal(BearerTokenAuthenticationFilter.java:145)
	at org.springframework.web.filter.OncePerRequestFilter.doFilter(OncePerRequestFilter.java:116)
	at org.springframework.security.web.ObservationFilterChainDecorator$ObservationFilter.wrapFilter(ObservationFilterChainDecorator.java:240)
	at org.springframework.security.web.ObservationFilterChainDecorator$ObservationFilter.doFilter(ObservationFilterChainDecorator.java:227)
	at org.springframework.security.web.ObservationFilterChainDecorator$VirtualFilterChain.doFilter(ObservationFilterChainDecorator.java:137)
	at org.springframework.security.web.authentication.logout.LogoutFilter.doFilter(LogoutFilter.java:107)
	at org.springframework.security.web.authentication.logout.LogoutFilter.doFilter(LogoutFilter.java:93)
	at org.springframework.security.web.ObservationFilterChainDecorator$ObservationFilter.wrapFilter(ObservationFilterChainDecorator.java:240)
	at org.springframework.security.web.ObservationFilterChainDecorator$ObservationFilter.doFilter(ObservationFilterChainDecorator.java:227)
	at org.springframework.security.web.ObservationFilterChainDecorator$VirtualFilterChain.doFilter(ObservationFilterChainDecorator.java:137)
	at org.springframework.web.filter.CorsFilter.doFilterInternal(CorsFilter.java:91)
	at org.springframework.web.filter.OncePerRequestFilter.doFilter(OncePerRequestFilter.java:116)
	at org.springframework.security.web.ObservationFilterChainDecorator$ObservationFilter.wrapFilter(ObservationFilterChainDecorator.java:240)
	at org.springframework.security.web.ObservationFilterChainDecorator$ObservationFilter.doFilter(ObservationFilterChainDecorator.java:227)
	at org.springframework.security.web.ObservationFilterChainDecorator$VirtualFilterChain.doFilter(ObservationFilterChainDecorator.java:137)
	at org.springframework.security.web.header.HeaderWriterFilter.doHeadersAfter(HeaderWriterFilter.java:90)
	at org.springframework.security.web.header.HeaderWriterFilter.doFilterInternal(HeaderWriterFilter.java:75)
	at org.springframework.web.filter.OncePerRequestFilter.doFilter(OncePerRequestFilter.java:116)
	at org.springframework.security.web.ObservationFilterChainDecorator$ObservationFilter.wrapFilter(ObservationFilterChainDecorator.java:240)
	at org.springframework.security.web.ObservationFilterChainDecorator$ObservationFilter.doFilter(ObservationFilterChainDecorator.java:227)
	at org.springframework.security.web.ObservationFilterChainDecorator$VirtualFilterChain.doFilter(ObservationFilterChainDecorator.java:137)
	at org.springframework.security.web.context.SecurityContextHolderFilter.doFilter(SecurityContextHolderFilter.java:82)
	at org.springframework.security.web.context.SecurityContextHolderFilter.doFilter(SecurityContextHolderFilter.java:69)
	at org.springframework.security.web.ObservationFilterChainDecorator$ObservationFilter.wrapFilter(ObservationFilterChainDecorator.java:240)
	at org.springframework.security.web.ObservationFilterChainDecorator$ObservationFilter.doFilter(ObservationFilterChainDecorator.java:227)
	at org.springframework.security.web.ObservationFilterChainDecorator$VirtualFilterChain.doFilter(ObservationFilterChainDecorator.java:137)
	at org.springframework.security.web.context.request.async.WebAsyncManagerIntegrationFilter.doFilterInternal(WebAsyncManagerIntegrationFilter.java:62)
	at org.springframework.web.filter.OncePerRequestFilter.doFilter(OncePerRequestFilter.java:116)
	at org.springframework.security.web.ObservationFilterChainDecorator$ObservationFilter.wrapFilter(ObservationFilterChainDecorator.java:240)
	at org.springframework.security.web.ObservationFilterChainDecorator$ObservationFilter.doFilter(ObservationFilterChainDecorator.java:227)
	at org.springframework.security.web.ObservationFilterChainDecorator$VirtualFilterChain.doFilter(ObservationFilterChainDecorator.java:137)
	at org.springframework.security.web.session.DisableEncodeUrlFilter.doFilterInternal(DisableEncodeUrlFilter.java:42)
	at org.springframework.web.filter.OncePerRequestFilter.doFilter(OncePerRequestFilter.java:116)
	at org.springframework.security.web.ObservationFilterChainDecorator$ObservationFilter.wrapFilter(ObservationFilterChainDecorator.java:240)
	at org.springframework.security.web.ObservationFilterChainDecorator$AroundFilterObservation$SimpleAroundFilterObservation.lambda$wrap$0(ObservationFilterChainDecorator.java:323)
	at org.springframework.security.web.ObservationFilterChainDecorator$ObservationFilter.doFilter(ObservationFilterChainDecorator.java:224)
	at org.springframework.security.web.ObservationFilterChainDecorator$VirtualFilterChain.doFilter(ObservationFilterChainDecorator.java:137)
	at org.springframework.security.web.FilterChainProxy.doFilterInternal(FilterChainProxy.java:233)
	at org.springframework.security.web.FilterChainProxy.doFilter(FilterChainProxy.java:191)
	at org.springframework.web.filter.DelegatingFilterProxy.invokeDelegate(DelegatingFilterProxy.java:352)
	at org.springframework.web.filter.DelegatingFilterProxy.doFilter(DelegatingFilterProxy.java:268)
	at org.apache.catalina.core.ApplicationFilterChain.internalDoFilter(ApplicationFilterChain.java:174)
	at org.apache.catalina.core.ApplicationFilterChain.doFilter(ApplicationFilterChain.java:149)
	at org.springframework.web.filter.RequestContextFilter.doFilterInternal(RequestContextFilter.java:100)
	at org.springframework.web.filter.OncePerRequestFilter.doFilter(OncePerRequestFilter.java:116)
	at org.apache.catalina.core.ApplicationFilterChain.internalDoFilter(ApplicationFilterChain.java:174)
	at org.apache.catalina.core.ApplicationFilterChain.doFilter(ApplicationFilterChain.java:149)
	at org.springframework.web.filter.FormContentFilter.doFilterInternal(FormContentFilter.java:93)
	at org.springframework.web.filter.OncePerRequestFilter.doFilter(OncePerRequestFilter.java:116)
	at org.apache.catalina.core.ApplicationFilterChain.internalDoFilter(ApplicationFilterChain.java:174)
	at org.apache.catalina.core.ApplicationFilterChain.doFilter(ApplicationFilterChain.java:149)
	at org.springframework.web.filter.ServerHttpObservationFilter.doFilterInternal(ServerHttpObservationFilter.java:109)
	at org.springframework.web.filter.OncePerRequestFilter.doFilter(OncePerRequestFilter.java:116)
	at org.apache.catalina.core.ApplicationFilterChain.internalDoFilter(ApplicationFilterChain.java:174)
	at org.apache.catalina.core.ApplicationFilterChain.doFilter(ApplicationFilterChain.java:149)
	at org.springframework.web.filter.CharacterEncodingFilter.doFilterInternal(CharacterEncodingFilter.java:201)
	at org.springframework.web.filter.OncePerRequestFilter.doFilter(OncePerRequestFilter.java:116)
	at org.apache.catalina.core.ApplicationFilterChain.internalDoFilter(ApplicationFilterChain.java:174)
	at org.apache.catalina.core.ApplicationFilterChain.doFilter(ApplicationFilterChain.java:149)
	at org.apache.catalina.core.StandardWrapperValve.invoke(StandardWrapperValve.java:167)
	at org.apache.catalina.core.StandardContextValve.invoke(StandardContextValve.java:90)
	at org.apache.catalina.authenticator.AuthenticatorBase.invoke(AuthenticatorBase.java:482)
	at org.apache.catalina.core.StandardHostValve.invoke(StandardHostValve.java:115)
	at org.apache.catalina.valves.ErrorReportValve.invoke(ErrorReportValve.java:93)
	at org.apache.catalina.core.StandardEngineValve.invoke(StandardEngineValve.java:74)
	at org.apache.catalina.connector.CoyoteAdapter.service(CoyoteAdapter.java:340)
	at org.apache.coyote.http11.Http11Processor.service(Http11Processor.java:391)
	at org.apache.coyote.AbstractProcessorLight.process(AbstractProcessorLight.java:63)
	at org.apache.coyote.AbstractProtocol$ConnectionHandler.process(AbstractProtocol.java:896)
	at org.apache.tomcat.util.net.NioEndpoint$SocketProcessor.doRun(NioEndpoint.java:1744)
	at org.apache.tomcat.util.net.SocketProcessorBase.run(SocketProcessorBase.java:52)
	at org.apache.tomcat.util.threads.ThreadPoolExecutor.runWorker(ThreadPoolExecutor.java:1191)
	at org.apache.tomcat.util.threads.ThreadPoolExecutor$Worker.run(ThreadPoolExecutor.java:659)
	at org.apache.tomcat.util.threads.TaskThread$WrappingRunnable.run(TaskThread.java:61)
	at java.base/java.lang.Thread.run(Thread.java:842)
2025-07-02 14:00:04.302 INFO  [main] c.m.m.MasterServiceApplication [,] - Starting MasterServiceApplication using Java 17.0.11 with PID 30328 (C:\Study\java-banking-phase2\backend\master-service\target\classes started by Thiên Vỹ in C:\Study\java-banking-phase2)
2025-07-02 14:00:04.326 DEBUG [main] c.m.m.MasterServiceApplication [,] - Running with Spring Boot v3.2.0, Spring v6.1.1
2025-07-02 14:00:04.329 INFO  [main] c.m.m.MasterServiceApplication [,] - No active profile set, falling back to 1 default profile: "default"
2025-07-02 14:00:06.525 INFO  [main] o.s.b.w.e.tomcat.TomcatWebServer [,] - Tomcat initialized with port 8086 (http)
2025-07-02 14:00:06.545 INFO  [main] o.a.coyote.http11.Http11NioProtocol [,] - Initializing ProtocolHandler ["http-nio-8086"]
2025-07-02 14:00:06.550 INFO  [main] o.a.catalina.core.StandardService [,] - Starting service [Tomcat]
2025-07-02 14:00:06.552 INFO  [main] o.a.catalina.core.StandardEngine [,] - Starting Servlet engine: [Apache Tomcat/10.1.16]
2025-07-02 14:00:06.624 INFO  [main] o.a.c.c.C.[Tomcat].[localhost].[/] [,] - Initializing Spring embedded WebApplicationContext
2025-07-02 14:00:06.626 INFO  [main] o.s.b.w.s.c.ServletWebServerApplicationContext [,] - Root WebApplicationContext: initialization completed in 2223 ms
2025-07-02 14:00:08.380 INFO  [main] o.s.b.a.e.web.EndpointLinksResolver [,] - Exposing 23 endpoint(s) beneath base path '/actuator'
2025-07-02 14:00:09.172 INFO  [main] o.a.coyote.http11.Http11NioProtocol [,] - Starting ProtocolHandler ["http-nio-8086"]
2025-07-02 14:00:09.226 INFO  [main] o.s.b.w.e.tomcat.TomcatWebServer [,] - Tomcat started on port 8086 (http) with context path ''
2025-07-02 14:00:09.242 INFO  [main] c.m.m.MasterServiceApplication [,] - Started MasterServiceApplication in 5.502 seconds (process running for 9.553)
2025-07-02 14:00:17.011 INFO  [http-nio-8086-exec-2] o.a.c.c.C.[Tomcat].[localhost].[/] [3fdf71b22742a59f608a3b3fd8ed54b2,b3e1b27b41467709] - Initializing Spring DispatcherServlet 'dispatcherServlet'
2025-07-02 14:00:17.013 INFO  [http-nio-8086-exec-2] o.s.web.servlet.DispatcherServlet [3fdf71b22742a59f608a3b3fd8ed54b2,b3e1b27b41467709] - Initializing Servlet 'dispatcherServlet'
2025-07-02 14:00:17.020 INFO  [http-nio-8086-exec-2] o.s.web.servlet.DispatcherServlet [3fdf71b22742a59f608a3b3fd8ed54b2,b3e1b27b41467709] - Completed initialization in 6 ms
2025-07-02 14:00:17.204 WARN  [http-nio-8086-exec-2] o.s.w.s.h.HandlerMappingIntrospector [3fdf71b22742a59f608a3b3fd8ed54b2,b3e1b27b41467709] - Cache miss for REQUEST dispatch to '/api/master-service/registration' (previous null). Performing CorsConfiguration lookup. This is logged once only at WARN level, and every time at TRACE.
2025-07-02 14:00:17.931 WARN  [http-nio-8086-exec-2] o.s.w.s.h.HandlerMappingIntrospector [3fdf71b22742a59f608a3b3fd8ed54b2,b3e1b27b41467709] - Cache miss for REQUEST dispatch to '/api/master-service/registration' (previous null). Performing MatchableHandlerMapping lookup. This is logged once only at WARN level, and every time at TRACE.
2025-07-02 14:00:18.066 INFO  [http-nio-8086-exec-2] c.m.m.controller.MasterController [3fdf71b22742a59f608a3b3fd8ed54b2,b3e1b27b41467709] - Received Master card registration request: CardRegistrationRequest(accountNumber=97045201636021122, cifCode=9704520163602, cardType=MASTER, customerName=null)
2025-07-02 14:00:18.087 INFO  [http-nio-8086-exec-2] c.m.m.service.impl.MasterServiceImpl [3fdf71b22742a59f608a3b3fd8ed54b2,b3e1b27b41467709] - === RETRY ATTEMPT - Calling Master API for card registration: CardRegistrationRequest(accountNumber=97045201636021122, cifCode=9704520163602, cardType=MASTER, customerName=null) ===
2025-07-02 14:00:18.088 DEBUG [http-nio-8086-exec-2] c.m.m.service.impl.MasterServiceImpl [3fdf71b22742a59f608a3b3fd8ed54b2,b3e1b27b41467709] - Method called with @Retry annotation - attempt will be tracked by Resilience4j
2025-07-02 14:00:18.089 DEBUG [http-nio-8086-exec-2] c.m.m.service.impl.MasterServiceImpl [3fdf71b22742a59f608a3b3fd8ed54b2,b3e1b27b41467709] - Current thread: http-nio-8086-exec-2, Class: com.master.masterservice.service.impl.MasterServiceImpl
2025-07-02 14:00:18.157 ERROR [http-nio-8086-exec-2] c.m.m.service.impl.MasterServiceImpl [3fdf71b22742a59f608a3b3fd8ed54b2,b3e1b27b41467709] - Server error calling Master API for account: 97045201636021122. Status: 500 INTERNAL_SERVER_ERROR, Error: 500 Server Error: "{<EOL><EOL>  "timestamp": "2025-06-25T09:00:00.000+07:00",<EOL><EOL>  "status": 500,<EOL><EOL>  "error": "Internal Server Error",<EOL><EOL>  "message": "Something went wrong on the server.",<EOL><EOL>  "path": "/api/master/registration"<EOL><EOL>}" - WILL RETRY
2025-07-02 14:00:18.165 INFO  [http-nio-8086-exec-2] c.m.masterservice.config.RetryConfig [3fdf71b22742a59f608a3b3fd8ed54b2,b3e1b27b41467709] - === RETRY EVENT - Attempt #1 for: mastercard-registration ===
2025-07-02 14:00:18.677 INFO  [http-nio-8086-exec-2] c.m.m.service.impl.MasterServiceImpl [3fdf71b22742a59f608a3b3fd8ed54b2,b3e1b27b41467709] - === RETRY ATTEMPT - Calling Master API for card registration: CardRegistrationRequest(accountNumber=97045201636021122, cifCode=9704520163602, cardType=MASTER, customerName=null) ===
2025-07-02 14:00:18.678 DEBUG [http-nio-8086-exec-2] c.m.m.service.impl.MasterServiceImpl [3fdf71b22742a59f608a3b3fd8ed54b2,b3e1b27b41467709] - Method called with @Retry annotation - attempt will be tracked by Resilience4j
2025-07-02 14:00:18.678 DEBUG [http-nio-8086-exec-2] c.m.m.service.impl.MasterServiceImpl [3fdf71b22742a59f608a3b3fd8ed54b2,b3e1b27b41467709] - Current thread: http-nio-8086-exec-2, Class: com.master.masterservice.service.impl.MasterServiceImpl
2025-07-02 14:00:18.705 ERROR [http-nio-8086-exec-2] c.m.m.service.impl.MasterServiceImpl [3fdf71b22742a59f608a3b3fd8ed54b2,b3e1b27b41467709] - Server error calling Master API for account: 97045201636021122. Status: 500 INTERNAL_SERVER_ERROR, Error: 500 Server Error: "{<EOL><EOL>  "timestamp": "2025-06-25T09:00:00.000+07:00",<EOL><EOL>  "status": 500,<EOL><EOL>  "error": "Internal Server Error",<EOL><EOL>  "message": "Something went wrong on the server.",<EOL><EOL>  "path": "/api/master/registration"<EOL><EOL>}" - WILL RETRY
2025-07-02 14:00:18.705 INFO  [http-nio-8086-exec-2] c.m.masterservice.config.RetryConfig [3fdf71b22742a59f608a3b3fd8ed54b2,b3e1b27b41467709] - === RETRY EVENT - Attempt #2 for: mastercard-registration ===
2025-07-02 14:00:19.220 INFO  [http-nio-8086-exec-2] c.m.m.service.impl.MasterServiceImpl [3fdf71b22742a59f608a3b3fd8ed54b2,b3e1b27b41467709] - === RETRY ATTEMPT - Calling Master API for card registration: CardRegistrationRequest(accountNumber=97045201636021122, cifCode=9704520163602, cardType=MASTER, customerName=null) ===
2025-07-02 14:00:19.220 DEBUG [http-nio-8086-exec-2] c.m.m.service.impl.MasterServiceImpl [3fdf71b22742a59f608a3b3fd8ed54b2,b3e1b27b41467709] - Method called with @Retry annotation - attempt will be tracked by Resilience4j
2025-07-02 14:00:19.221 DEBUG [http-nio-8086-exec-2] c.m.m.service.impl.MasterServiceImpl [3fdf71b22742a59f608a3b3fd8ed54b2,b3e1b27b41467709] - Current thread: http-nio-8086-exec-2, Class: com.master.masterservice.service.impl.MasterServiceImpl
2025-07-02 14:00:19.268 ERROR [http-nio-8086-exec-2] c.m.m.service.impl.MasterServiceImpl [3fdf71b22742a59f608a3b3fd8ed54b2,b3e1b27b41467709] - Server error calling Master API for account: 97045201636021122. Status: 500 INTERNAL_SERVER_ERROR, Error: 500 Server Error: "{<EOL><EOL>  "timestamp": "2025-06-25T09:00:00.000+07:00",<EOL><EOL>  "status": 500,<EOL><EOL>  "error": "Internal Server Error",<EOL><EOL>  "message": "Something went wrong on the server.",<EOL><EOL>  "path": "/api/master/registration"<EOL><EOL>}" - WILL RETRY
2025-07-02 14:00:19.271 ERROR [http-nio-8086-exec-2] c.m.masterservice.config.RetryConfig [3fdf71b22742a59f608a3b3fd8ed54b2,b3e1b27b41467709] - === RETRY FAILED - After 3 attempts for: mastercard-registration, Last exception: 500 Server Error: "{<EOL><EOL>  "timestamp": "2025-06-25T09:00:00.000+07:00",<EOL><EOL>  "status": 500,<EOL><EOL>  "error": "Internal Server Error",<EOL><EOL>  "message": "Something went wrong on the server.",<EOL><EOL>  "path": "/api/master/registration"<EOL><EOL>}" ===
2025-07-02 14:00:19.272 ERROR [http-nio-8086-exec-2] c.m.m.service.impl.MasterServiceImpl [3fdf71b22742a59f608a3b3fd8ed54b2,b3e1b27b41467709] - === FALLBACK TRIGGERED === Master registration failed for account: 97045201636021122 after all retry attempts. Error type: InternalServerError, Message: 500 Server Error: "{<EOL><EOL>  "timestamp": "2025-06-25T09:00:00.000+07:00",<EOL><EOL>  "status": 500,<EOL><EOL>  "error": "Internal Server Error",<EOL><EOL>  "message": "Something went wrong on the server.",<EOL><EOL>  "path": "/api/master/registration"<EOL><EOL>}"
2025-07-02 14:00:19.272 ERROR [http-nio-8086-exec-2] c.m.m.service.impl.MasterServiceImpl [3fdf71b22742a59f608a3b3fd8ed54b2,b3e1b27b41467709] - Full exception trace:
org.springframework.web.client.HttpServerErrorException$InternalServerError: 500 Server Error: "{<EOL><EOL>  "timestamp": "2025-06-25T09:00:00.000+07:00",<EOL><EOL>  "status": 500,<EOL><EOL>  "error": "Internal Server Error",<EOL><EOL>  "message": "Something went wrong on the server.",<EOL><EOL>  "path": "/api/master/registration"<EOL><EOL>}"
	at org.springframework.web.client.HttpServerErrorException.create(HttpServerErrorException.java:102)
	at org.springframework.web.client.DefaultResponseErrorHandler.handleError(DefaultResponseErrorHandler.java:186)
	at org.springframework.web.client.DefaultResponseErrorHandler.handleError(DefaultResponseErrorHandler.java:137)
	at org.springframework.web.client.ResponseErrorHandler.handleError(ResponseErrorHandler.java:63)
	at org.springframework.web.client.RestTemplate.handleResponse(RestTemplate.java:932)
	at org.springframework.web.client.RestTemplate.doExecute(RestTemplate.java:881)
	at org.springframework.web.client.RestTemplate.execute(RestTemplate.java:781)
	at org.springframework.web.client.RestTemplate.postForEntity(RestTemplate.java:529)
	at com.master.masterservice.service.impl.MasterServiceImpl.registerCard(MasterServiceImpl.java:51)
	at java.base/jdk.internal.reflect.NativeMethodAccessorImpl.invoke0(Native Method)
	at java.base/jdk.internal.reflect.NativeMethodAccessorImpl.invoke(NativeMethodAccessorImpl.java:77)
	at java.base/jdk.internal.reflect.DelegatingMethodAccessorImpl.invoke(DelegatingMethodAccessorImpl.java:43)
	at java.base/java.lang.reflect.Method.invoke(Method.java:568)
	at org.springframework.aop.support.AopUtils.invokeJoinpointUsingReflection(AopUtils.java:352)
	at org.springframework.aop.framework.ReflectiveMethodInvocation.invokeJoinpoint(ReflectiveMethodInvocation.java:196)
	at org.springframework.aop.framework.ReflectiveMethodInvocation.proceed(ReflectiveMethodInvocation.java:163)
	at org.springframework.aop.framework.CglibAopProxy$CglibMethodInvocation.proceed(CglibAopProxy.java:765)
	at org.springframework.aop.aspectj.MethodInvocationProceedingJoinPoint.proceed(MethodInvocationProceedingJoinPoint.java:89)
	at io.github.resilience4j.retry.Retry.lambda$decorateCheckedSupplier$1(Retry.java:135)
	at io.github.resilience4j.retry.Retry.executeCheckedSupplier(Retry.java:350)
	at io.github.resilience4j.spring6.retry.configure.RetryAspect.handleDefaultJoinPoint(RetryAspect.java:175)
	at io.github.resilience4j.spring6.retry.configure.RetryAspect.proceed(RetryAspect.java:132)
	at io.github.resilience4j.spring6.retry.configure.RetryAspect.lambda$retryAroundAdvice$0(RetryAspect.java:116)
	at io.github.resilience4j.spring6.fallback.DefaultFallbackDecorator.lambda$decorate$0(DefaultFallbackDecorator.java:36)
	at io.github.resilience4j.spring6.fallback.FallbackExecutor.execute(FallbackExecutor.java:39)
	at io.github.resilience4j.spring6.retry.configure.RetryAspect.retryAroundAdvice(RetryAspect.java:117)
	at java.base/jdk.internal.reflect.NativeMethodAccessorImpl.invoke0(Native Method)
	at java.base/jdk.internal.reflect.NativeMethodAccessorImpl.invoke(NativeMethodAccessorImpl.java:77)
	at java.base/jdk.internal.reflect.DelegatingMethodAccessorImpl.invoke(DelegatingMethodAccessorImpl.java:43)
	at java.base/java.lang.reflect.Method.invoke(Method.java:568)
	at org.springframework.aop.aspectj.AbstractAspectJAdvice.invokeAdviceMethodWithGivenArgs(AbstractAspectJAdvice.java:637)
	at org.springframework.aop.aspectj.AbstractAspectJAdvice.invokeAdviceMethod(AbstractAspectJAdvice.java:627)
	at org.springframework.aop.aspectj.AspectJAroundAdvice.invoke(AspectJAroundAdvice.java:71)
	at org.springframework.aop.framework.ReflectiveMethodInvocation.proceed(ReflectiveMethodInvocation.java:173)
	at org.springframework.aop.framework.CglibAopProxy$CglibMethodInvocation.proceed(CglibAopProxy.java:765)
	at org.springframework.aop.interceptor.ExposeInvocationInterceptor.invoke(ExposeInvocationInterceptor.java:97)
	at org.springframework.aop.framework.ReflectiveMethodInvocation.proceed(ReflectiveMethodInvocation.java:184)
	at org.springframework.aop.framework.CglibAopProxy$CglibMethodInvocation.proceed(CglibAopProxy.java:765)
	at org.springframework.aop.framework.CglibAopProxy$DynamicAdvisedInterceptor.intercept(CglibAopProxy.java:717)
	at com.master.masterservice.service.impl.MasterServiceImpl$$SpringCGLIB$$0.registerCard(<generated>)
	at com.master.masterservice.controller.MasterController.registerCard(MasterController.java:25)
	at java.base/jdk.internal.reflect.NativeMethodAccessorImpl.invoke0(Native Method)
	at java.base/jdk.internal.reflect.NativeMethodAccessorImpl.invoke(NativeMethodAccessorImpl.java:77)
	at java.base/jdk.internal.reflect.DelegatingMethodAccessorImpl.invoke(DelegatingMethodAccessorImpl.java:43)
	at java.base/java.lang.reflect.Method.invoke(Method.java:568)
	at org.springframework.web.method.support.InvocableHandlerMethod.doInvoke(InvocableHandlerMethod.java:254)
	at org.springframework.web.method.support.InvocableHandlerMethod.invokeForRequest(InvocableHandlerMethod.java:182)
	at org.springframework.web.servlet.mvc.method.annotation.ServletInvocableHandlerMethod.invokeAndHandle(ServletInvocableHandlerMethod.java:118)
	at org.springframework.web.servlet.mvc.method.annotation.RequestMappingHandlerAdapter.invokeHandlerMethod(RequestMappingHandlerAdapter.java:917)
	at org.springframework.web.servlet.mvc.method.annotation.RequestMappingHandlerAdapter.handleInternal(RequestMappingHandlerAdapter.java:829)
	at org.springframework.web.servlet.mvc.method.AbstractHandlerMethodAdapter.handle(AbstractHandlerMethodAdapter.java:87)
	at org.springframework.web.servlet.DispatcherServlet.doDispatch(DispatcherServlet.java:1089)
	at org.springframework.web.servlet.DispatcherServlet.doService(DispatcherServlet.java:979)
	at org.springframework.web.servlet.FrameworkServlet.processRequest(FrameworkServlet.java:1014)
	at org.springframework.web.servlet.FrameworkServlet.doPost(FrameworkServlet.java:914)
	at jakarta.servlet.http.HttpServlet.service(HttpServlet.java:590)
	at org.springframework.web.servlet.FrameworkServlet.service(FrameworkServlet.java:885)
	at jakarta.servlet.http.HttpServlet.service(HttpServlet.java:658)
	at org.apache.catalina.core.ApplicationFilterChain.internalDoFilter(ApplicationFilterChain.java:205)
	at org.apache.catalina.core.ApplicationFilterChain.doFilter(ApplicationFilterChain.java:149)
	at org.apache.tomcat.websocket.server.WsFilter.doFilter(WsFilter.java:51)
	at org.apache.catalina.core.ApplicationFilterChain.internalDoFilter(ApplicationFilterChain.java:174)
	at org.apache.catalina.core.ApplicationFilterChain.doFilter(ApplicationFilterChain.java:149)
	at org.springframework.security.web.FilterChainProxy.lambda$doFilterInternal$3(FilterChainProxy.java:231)
	at org.springframework.security.web.ObservationFilterChainDecorator$FilterObservation$SimpleFilterObservation.lambda$wrap$1(ObservationFilterChainDecorator.java:479)
	at org.springframework.security.web.ObservationFilterChainDecorator$AroundFilterObservation$SimpleAroundFilterObservation.lambda$wrap$1(ObservationFilterChainDecorator.java:340)
	at org.springframework.security.web.ObservationFilterChainDecorator.lambda$wrapSecured$0(ObservationFilterChainDecorator.java:82)
	at org.springframework.security.web.ObservationFilterChainDecorator$VirtualFilterChain.doFilter(ObservationFilterChainDecorator.java:128)
	at org.springframework.security.web.access.intercept.AuthorizationFilter.doFilter(AuthorizationFilter.java:100)
	at org.springframework.security.web.ObservationFilterChainDecorator$ObservationFilter.wrapFilter(ObservationFilterChainDecorator.java:240)
	at org.springframework.security.web.ObservationFilterChainDecorator$ObservationFilter.doFilter(ObservationFilterChainDecorator.java:227)
	at org.springframework.security.web.ObservationFilterChainDecorator$VirtualFilterChain.doFilter(ObservationFilterChainDecorator.java:137)
	at org.springframework.security.web.access.ExceptionTranslationFilter.doFilter(ExceptionTranslationFilter.java:126)
	at org.springframework.security.web.access.ExceptionTranslationFilter.doFilter(ExceptionTranslationFilter.java:120)
	at org.springframework.security.web.ObservationFilterChainDecorator$ObservationFilter.wrapFilter(ObservationFilterChainDecorator.java:240)
	at org.springframework.security.web.ObservationFilterChainDecorator$ObservationFilter.doFilter(ObservationFilterChainDecorator.java:227)
	at org.springframework.security.web.ObservationFilterChainDecorator$VirtualFilterChain.doFilter(ObservationFilterChainDecorator.java:137)
	at org.springframework.security.web.session.SessionManagementFilter.doFilter(SessionManagementFilter.java:131)
	at org.springframework.security.web.session.SessionManagementFilter.doFilter(SessionManagementFilter.java:85)
	at org.springframework.security.web.ObservationFilterChainDecorator$ObservationFilter.wrapFilter(ObservationFilterChainDecorator.java:240)
	at org.springframework.security.web.ObservationFilterChainDecorator$ObservationFilter.doFilter(ObservationFilterChainDecorator.java:227)
	at org.springframework.security.web.ObservationFilterChainDecorator$VirtualFilterChain.doFilter(ObservationFilterChainDecorator.java:137)
	at org.springframework.security.web.authentication.AnonymousAuthenticationFilter.doFilter(AnonymousAuthenticationFilter.java:100)
	at org.springframework.security.web.ObservationFilterChainDecorator$ObservationFilter.wrapFilter(ObservationFilterChainDecorator.java:240)
	at org.springframework.security.web.ObservationFilterChainDecorator$ObservationFilter.doFilter(ObservationFilterChainDecorator.java:227)
	at org.springframework.security.web.ObservationFilterChainDecorator$VirtualFilterChain.doFilter(ObservationFilterChainDecorator.java:137)
	at org.springframework.security.web.servletapi.SecurityContextHolderAwareRequestFilter.doFilter(SecurityContextHolderAwareRequestFilter.java:179)
	at org.springframework.security.web.ObservationFilterChainDecorator$ObservationFilter.wrapFilter(ObservationFilterChainDecorator.java:240)
	at org.springframework.security.web.ObservationFilterChainDecorator$ObservationFilter.doFilter(ObservationFilterChainDecorator.java:227)
	at org.springframework.security.web.ObservationFilterChainDecorator$VirtualFilterChain.doFilter(ObservationFilterChainDecorator.java:137)
	at org.springframework.security.web.savedrequest.RequestCacheAwareFilter.doFilter(RequestCacheAwareFilter.java:63)
	at org.springframework.security.web.ObservationFilterChainDecorator$ObservationFilter.wrapFilter(ObservationFilterChainDecorator.java:240)
	at org.springframework.security.web.ObservationFilterChainDecorator$ObservationFilter.doFilter(ObservationFilterChainDecorator.java:227)
	at org.springframework.security.web.ObservationFilterChainDecorator$VirtualFilterChain.doFilter(ObservationFilterChainDecorator.java:137)
	at org.springframework.security.oauth2.server.resource.web.authentication.BearerTokenAuthenticationFilter.doFilterInternal(BearerTokenAuthenticationFilter.java:145)
	at org.springframework.web.filter.OncePerRequestFilter.doFilter(OncePerRequestFilter.java:116)
	at org.springframework.security.web.ObservationFilterChainDecorator$ObservationFilter.wrapFilter(ObservationFilterChainDecorator.java:240)
	at org.springframework.security.web.ObservationFilterChainDecorator$ObservationFilter.doFilter(ObservationFilterChainDecorator.java:227)
	at org.springframework.security.web.ObservationFilterChainDecorator$VirtualFilterChain.doFilter(ObservationFilterChainDecorator.java:137)
	at org.springframework.security.web.authentication.logout.LogoutFilter.doFilter(LogoutFilter.java:107)
	at org.springframework.security.web.authentication.logout.LogoutFilter.doFilter(LogoutFilter.java:93)
	at org.springframework.security.web.ObservationFilterChainDecorator$ObservationFilter.wrapFilter(ObservationFilterChainDecorator.java:240)
	at org.springframework.security.web.ObservationFilterChainDecorator$ObservationFilter.doFilter(ObservationFilterChainDecorator.java:227)
	at org.springframework.security.web.ObservationFilterChainDecorator$VirtualFilterChain.doFilter(ObservationFilterChainDecorator.java:137)
	at org.springframework.web.filter.CorsFilter.doFilterInternal(CorsFilter.java:91)
	at org.springframework.web.filter.OncePerRequestFilter.doFilter(OncePerRequestFilter.java:116)
	at org.springframework.security.web.ObservationFilterChainDecorator$ObservationFilter.wrapFilter(ObservationFilterChainDecorator.java:240)
	at org.springframework.security.web.ObservationFilterChainDecorator$ObservationFilter.doFilter(ObservationFilterChainDecorator.java:227)
	at org.springframework.security.web.ObservationFilterChainDecorator$VirtualFilterChain.doFilter(ObservationFilterChainDecorator.java:137)
	at org.springframework.security.web.header.HeaderWriterFilter.doHeadersAfter(HeaderWriterFilter.java:90)
	at org.springframework.security.web.header.HeaderWriterFilter.doFilterInternal(HeaderWriterFilter.java:75)
	at org.springframework.web.filter.OncePerRequestFilter.doFilter(OncePerRequestFilter.java:116)
	at org.springframework.security.web.ObservationFilterChainDecorator$ObservationFilter.wrapFilter(ObservationFilterChainDecorator.java:240)
	at org.springframework.security.web.ObservationFilterChainDecorator$ObservationFilter.doFilter(ObservationFilterChainDecorator.java:227)
	at org.springframework.security.web.ObservationFilterChainDecorator$VirtualFilterChain.doFilter(ObservationFilterChainDecorator.java:137)
	at org.springframework.security.web.context.SecurityContextHolderFilter.doFilter(SecurityContextHolderFilter.java:82)
	at org.springframework.security.web.context.SecurityContextHolderFilter.doFilter(SecurityContextHolderFilter.java:69)
	at org.springframework.security.web.ObservationFilterChainDecorator$ObservationFilter.wrapFilter(ObservationFilterChainDecorator.java:240)
	at org.springframework.security.web.ObservationFilterChainDecorator$ObservationFilter.doFilter(ObservationFilterChainDecorator.java:227)
	at org.springframework.security.web.ObservationFilterChainDecorator$VirtualFilterChain.doFilter(ObservationFilterChainDecorator.java:137)
	at org.springframework.security.web.context.request.async.WebAsyncManagerIntegrationFilter.doFilterInternal(WebAsyncManagerIntegrationFilter.java:62)
	at org.springframework.web.filter.OncePerRequestFilter.doFilter(OncePerRequestFilter.java:116)
	at org.springframework.security.web.ObservationFilterChainDecorator$ObservationFilter.wrapFilter(ObservationFilterChainDecorator.java:240)
	at org.springframework.security.web.ObservationFilterChainDecorator$ObservationFilter.doFilter(ObservationFilterChainDecorator.java:227)
	at org.springframework.security.web.ObservationFilterChainDecorator$VirtualFilterChain.doFilter(ObservationFilterChainDecorator.java:137)
	at org.springframework.security.web.session.DisableEncodeUrlFilter.doFilterInternal(DisableEncodeUrlFilter.java:42)
	at org.springframework.web.filter.OncePerRequestFilter.doFilter(OncePerRequestFilter.java:116)
	at org.springframework.security.web.ObservationFilterChainDecorator$ObservationFilter.wrapFilter(ObservationFilterChainDecorator.java:240)
	at org.springframework.security.web.ObservationFilterChainDecorator$AroundFilterObservation$SimpleAroundFilterObservation.lambda$wrap$0(ObservationFilterChainDecorator.java:323)
	at org.springframework.security.web.ObservationFilterChainDecorator$ObservationFilter.doFilter(ObservationFilterChainDecorator.java:224)
	at org.springframework.security.web.ObservationFilterChainDecorator$VirtualFilterChain.doFilter(ObservationFilterChainDecorator.java:137)
	at org.springframework.security.web.FilterChainProxy.doFilterInternal(FilterChainProxy.java:233)
	at org.springframework.security.web.FilterChainProxy.doFilter(FilterChainProxy.java:191)
	at org.springframework.web.filter.DelegatingFilterProxy.invokeDelegate(DelegatingFilterProxy.java:352)
	at org.springframework.web.filter.DelegatingFilterProxy.doFilter(DelegatingFilterProxy.java:268)
	at org.apache.catalina.core.ApplicationFilterChain.internalDoFilter(ApplicationFilterChain.java:174)
	at org.apache.catalina.core.ApplicationFilterChain.doFilter(ApplicationFilterChain.java:149)
	at org.springframework.web.filter.RequestContextFilter.doFilterInternal(RequestContextFilter.java:100)
	at org.springframework.web.filter.OncePerRequestFilter.doFilter(OncePerRequestFilter.java:116)
	at org.apache.catalina.core.ApplicationFilterChain.internalDoFilter(ApplicationFilterChain.java:174)
	at org.apache.catalina.core.ApplicationFilterChain.doFilter(ApplicationFilterChain.java:149)
	at org.springframework.web.filter.FormContentFilter.doFilterInternal(FormContentFilter.java:93)
	at org.springframework.web.filter.OncePerRequestFilter.doFilter(OncePerRequestFilter.java:116)
	at org.apache.catalina.core.ApplicationFilterChain.internalDoFilter(ApplicationFilterChain.java:174)
	at org.apache.catalina.core.ApplicationFilterChain.doFilter(ApplicationFilterChain.java:149)
	at org.springframework.web.servlet.v6_0.OpenTelemetryHandlerMappingFilter.doFilter(OpenTelemetryHandlerMappingFilter.java:78)
	at org.apache.catalina.core.ApplicationFilterChain.internalDoFilter(ApplicationFilterChain.java:174)
	at org.apache.catalina.core.ApplicationFilterChain.doFilter(ApplicationFilterChain.java:149)
	at org.springframework.web.filter.ServerHttpObservationFilter.doFilterInternal(ServerHttpObservationFilter.java:109)
	at org.springframework.web.filter.OncePerRequestFilter.doFilter(OncePerRequestFilter.java:116)
	at org.apache.catalina.core.ApplicationFilterChain.internalDoFilter(ApplicationFilterChain.java:174)
	at org.apache.catalina.core.ApplicationFilterChain.doFilter(ApplicationFilterChain.java:149)
	at org.springframework.web.filter.CharacterEncodingFilter.doFilterInternal(CharacterEncodingFilter.java:201)
	at org.springframework.web.filter.OncePerRequestFilter.doFilter(OncePerRequestFilter.java:116)
	at org.apache.catalina.core.ApplicationFilterChain.internalDoFilter(ApplicationFilterChain.java:174)
	at org.apache.catalina.core.ApplicationFilterChain.doFilter(ApplicationFilterChain.java:149)
	at org.apache.catalina.core.StandardWrapperValve.invoke(StandardWrapperValve.java:167)
	at org.apache.catalina.core.StandardContextValve.invoke(StandardContextValve.java:90)
	at org.apache.catalina.authenticator.AuthenticatorBase.invoke(AuthenticatorBase.java:482)
	at org.apache.catalina.core.StandardHostValve.invoke(StandardHostValve.java:115)
	at org.apache.catalina.valves.ErrorReportValve.invoke(ErrorReportValve.java:93)
	at org.apache.catalina.core.StandardEngineValve.invoke(StandardEngineValve.java:74)
	at org.apache.catalina.connector.CoyoteAdapter.service(CoyoteAdapter.java:340)
	at org.apache.coyote.http11.Http11Processor.service(Http11Processor.java:391)
	at org.apache.coyote.AbstractProcessorLight.process(AbstractProcessorLight.java:63)
	at org.apache.coyote.AbstractProtocol$ConnectionHandler.process(AbstractProtocol.java:896)
	at org.apache.tomcat.util.net.NioEndpoint$SocketProcessor.doRun(NioEndpoint.java:1744)
	at org.apache.tomcat.util.net.SocketProcessorBase.run(SocketProcessorBase.java:52)
	at org.apache.tomcat.util.threads.ThreadPoolExecutor.runWorker(ThreadPoolExecutor.java:1191)
	at org.apache.tomcat.util.threads.ThreadPoolExecutor$Worker.run(ThreadPoolExecutor.java:659)
	at org.apache.tomcat.util.threads.TaskThread$WrappingRunnable.run(TaskThread.java:61)
	at java.base/java.lang.Thread.run(Thread.java:842)
