2025-07-04 14:51:20.382 INFO  [main] c.m.m.MasterServiceApplication [,] - Starting MasterServiceApplication using Java 17.0.11 with PID 27588 (C:\Study\java-banking-phase2\backend\master-service\target\classes started by Thiên Vỹ in C:\Study\java-banking-phase2)
2025-07-04 14:51:20.467 DEBUG [main] c.m.m.MasterServiceApplication [,] - Running with Spring Boot v3.2.0, Spring v6.1.1
2025-07-04 14:51:20.471 INFO  [main] c.m.m.MasterServiceApplication [,] - No active profile set, falling back to 1 default profile: "default"
2025-07-04 14:51:34.122 INFO  [main] c.m.m.MasterServiceApplication [,] - Started MasterServiceApplication in 16.733 seconds (process running for 24.937)
2025-07-04 17:18:52.699 DEBUG [http-nio-8086-exec-1] o.s.web.client.RestTemplate [767957f8d4e9f84fa24b20bf194ed2ea,f1c507c2a3bd4516] - HTTP GET http://localhost:8180/realms/myrealm/.well-known/openid-configuration
2025-07-04 17:18:52.739 DEBUG [http-nio-8086-exec-1] o.s.web.client.RestTemplate [767957f8d4e9f84fa24b20bf194ed2ea,f1c507c2a3bd4516] - Accept=[application/json, application/*+json]
2025-07-04 17:18:52.843 DEBUG [http-nio-8086-exec-1] o.s.web.client.RestTemplate [767957f8d4e9f84fa24b20bf194ed2ea,f1c507c2a3bd4516] - Response 200 OK
2025-07-04 17:18:52.846 DEBUG [http-nio-8086-exec-1] o.s.web.client.RestTemplate [767957f8d4e9f84fa24b20bf194ed2ea,f1c507c2a3bd4516] - Reading to [java.util.Map<java.lang.String, java.lang.Object>]
2025-07-04 17:18:53.164 DEBUG [http-nio-8086-exec-1] o.s.web.client.RestTemplate [767957f8d4e9f84fa24b20bf194ed2ea,f1c507c2a3bd4516] - HTTP GET http://localhost:8180/realms/myrealm/protocol/openid-connect/certs
2025-07-04 17:18:53.173 DEBUG [http-nio-8086-exec-1] o.s.web.client.RestTemplate [767957f8d4e9f84fa24b20bf194ed2ea,f1c507c2a3bd4516] - Accept=[text/plain, application/json, application/*+json, */*]
2025-07-04 17:18:53.200 DEBUG [http-nio-8086-exec-1] o.s.web.client.RestTemplate [767957f8d4e9f84fa24b20bf194ed2ea,f1c507c2a3bd4516] - Response 200 OK
2025-07-04 17:18:53.201 DEBUG [http-nio-8086-exec-1] o.s.web.client.RestTemplate [767957f8d4e9f84fa24b20bf194ed2ea,f1c507c2a3bd4516] - Reading to [java.lang.String] as "application/json;charset=UTF-8"
2025-07-04 17:18:53.896 INFO  [http-nio-8086-exec-1] c.m.m.controller.MasterController [767957f8d4e9f84fa24b20bf194ed2ea,f1c507c2a3bd4516] - Received Master card registration request: CardRegistrationRequest(accountNumber=97045271637061899, cifCode=9704527163706, cardType=MASTER, customerName=null)
2025-07-04 17:18:53.955 INFO  [http-nio-8086-exec-1] c.m.m.service.impl.MasterServiceImpl [767957f8d4e9f84fa24b20bf194ed2ea,f1c507c2a3bd4516] - === RETRY ATTEMPT - Calling Master API for card registration: CardRegistrationRequest(accountNumber=97045271637061899, cifCode=9704527163706, cardType=MASTER, customerName=null) ===
2025-07-04 17:18:53.956 DEBUG [http-nio-8086-exec-1] c.m.m.service.impl.MasterServiceImpl [767957f8d4e9f84fa24b20bf194ed2ea,f1c507c2a3bd4516] - Method called with @Retry annotation - attempt will be tracked by Resilience4j
2025-07-04 17:18:53.957 DEBUG [http-nio-8086-exec-1] c.m.m.service.impl.MasterServiceImpl [767957f8d4e9f84fa24b20bf194ed2ea,f1c507c2a3bd4516] - Current thread: http-nio-8086-exec-1, Class: com.master.masterservice.service.impl.MasterServiceImpl
2025-07-04 17:18:53.969 DEBUG [http-nio-8086-exec-1] o.s.web.client.RestTemplate [767957f8d4e9f84fa24b20bf194ed2ea,f1c507c2a3bd4516] - HTTP POST http://localhost:8091/api/master/registration
2025-07-04 17:18:53.987 DEBUG [http-nio-8086-exec-1] o.s.web.client.RestTemplate [767957f8d4e9f84fa24b20bf194ed2ea,f1c507c2a3bd4516] - Accept=[application/json, application/*+json]
2025-07-04 17:18:54.048 DEBUG [http-nio-8086-exec-1] o.s.web.client.RestTemplate [767957f8d4e9f84fa24b20bf194ed2ea,f1c507c2a3bd4516] - Writing [CardRegistrationRequest(accountNumber=97045271637061899, cifCode=9704527163706, cardType=MASTER, customerName=null)] as "application/json"
2025-07-04 17:18:55.083 DEBUG [http-nio-8086-exec-1] o.s.web.client.RestTemplate [767957f8d4e9f84fa24b20bf194ed2ea,f1c507c2a3bd4516] - Response 500 INTERNAL_SERVER_ERROR
2025-07-04 17:18:55.092 ERROR [http-nio-8086-exec-1] c.m.m.service.impl.MasterServiceImpl [767957f8d4e9f84fa24b20bf194ed2ea,f1c507c2a3bd4516] - Server error calling Master API for account: 97045271637061899. Status: 500 INTERNAL_SERVER_ERROR, Error: 500 Server Error: "{<EOL><EOL>  "timestamp": "2025-06-25T09:00:00.000+07:00",<EOL><EOL>  "status": 500,<EOL><EOL>  "error": "Internal Server Error",<EOL><EOL>  "message": "Something went wrong on the server.",<EOL><EOL>  "path": "/api/master/registration"<EOL><EOL>}" - WILL RETRY
2025-07-04 17:18:55.101 INFO  [http-nio-8086-exec-1] c.m.masterservice.config.RetryConfig [767957f8d4e9f84fa24b20bf194ed2ea,f1c507c2a3bd4516] - === RETRY EVENT - Attempt #1 for: mastercard-registration ===
2025-07-04 17:18:55.608 INFO  [http-nio-8086-exec-1] c.m.m.service.impl.MasterServiceImpl [767957f8d4e9f84fa24b20bf194ed2ea,f1c507c2a3bd4516] - === RETRY ATTEMPT - Calling Master API for card registration: CardRegistrationRequest(accountNumber=97045271637061899, cifCode=9704527163706, cardType=MASTER, customerName=null) ===
2025-07-04 17:18:55.613 DEBUG [http-nio-8086-exec-1] c.m.m.service.impl.MasterServiceImpl [767957f8d4e9f84fa24b20bf194ed2ea,f1c507c2a3bd4516] - Method called with @Retry annotation - attempt will be tracked by Resilience4j
2025-07-04 17:18:55.613 DEBUG [http-nio-8086-exec-1] c.m.m.service.impl.MasterServiceImpl [767957f8d4e9f84fa24b20bf194ed2ea,f1c507c2a3bd4516] - Current thread: http-nio-8086-exec-1, Class: com.master.masterservice.service.impl.MasterServiceImpl
2025-07-04 17:18:55.615 DEBUG [http-nio-8086-exec-1] o.s.web.client.RestTemplate [767957f8d4e9f84fa24b20bf194ed2ea,f1c507c2a3bd4516] - HTTP POST http://localhost:8091/api/master/registration
2025-07-04 17:18:55.617 DEBUG [http-nio-8086-exec-1] o.s.web.client.RestTemplate [767957f8d4e9f84fa24b20bf194ed2ea,f1c507c2a3bd4516] - Accept=[application/json, application/*+json]
2025-07-04 17:18:55.618 DEBUG [http-nio-8086-exec-1] o.s.web.client.RestTemplate [767957f8d4e9f84fa24b20bf194ed2ea,f1c507c2a3bd4516] - Writing [CardRegistrationRequest(accountNumber=97045271637061899, cifCode=9704527163706, cardType=MASTER, customerName=null)] as "application/json"
2025-07-04 17:18:55.655 DEBUG [http-nio-8086-exec-1] o.s.web.client.RestTemplate [767957f8d4e9f84fa24b20bf194ed2ea,f1c507c2a3bd4516] - Response 500 INTERNAL_SERVER_ERROR
2025-07-04 17:18:55.660 ERROR [http-nio-8086-exec-1] c.m.m.service.impl.MasterServiceImpl [767957f8d4e9f84fa24b20bf194ed2ea,f1c507c2a3bd4516] - Server error calling Master API for account: 97045271637061899. Status: 500 INTERNAL_SERVER_ERROR, Error: 500 Server Error: "{<EOL><EOL>  "timestamp": "2025-06-25T09:00:00.000+07:00",<EOL><EOL>  "status": 500,<EOL><EOL>  "error": "Internal Server Error",<EOL><EOL>  "message": "Something went wrong on the server.",<EOL><EOL>  "path": "/api/master/registration"<EOL><EOL>}" - WILL RETRY
2025-07-04 17:18:55.661 INFO  [http-nio-8086-exec-1] c.m.masterservice.config.RetryConfig [767957f8d4e9f84fa24b20bf194ed2ea,f1c507c2a3bd4516] - === RETRY EVENT - Attempt #2 for: mastercard-registration ===
2025-07-04 17:18:56.162 INFO  [http-nio-8086-exec-1] c.m.m.service.impl.MasterServiceImpl [767957f8d4e9f84fa24b20bf194ed2ea,f1c507c2a3bd4516] - === RETRY ATTEMPT - Calling Master API for card registration: CardRegistrationRequest(accountNumber=97045271637061899, cifCode=9704527163706, cardType=MASTER, customerName=null) ===
2025-07-04 17:18:56.163 DEBUG [http-nio-8086-exec-1] c.m.m.service.impl.MasterServiceImpl [767957f8d4e9f84fa24b20bf194ed2ea,f1c507c2a3bd4516] - Method called with @Retry annotation - attempt will be tracked by Resilience4j
2025-07-04 17:18:56.163 DEBUG [http-nio-8086-exec-1] c.m.m.service.impl.MasterServiceImpl [767957f8d4e9f84fa24b20bf194ed2ea,f1c507c2a3bd4516] - Current thread: http-nio-8086-exec-1, Class: com.master.masterservice.service.impl.MasterServiceImpl
2025-07-04 17:18:56.164 DEBUG [http-nio-8086-exec-1] o.s.web.client.RestTemplate [767957f8d4e9f84fa24b20bf194ed2ea,f1c507c2a3bd4516] - HTTP POST http://localhost:8091/api/master/registration
2025-07-04 17:18:56.164 DEBUG [http-nio-8086-exec-1] o.s.web.client.RestTemplate [767957f8d4e9f84fa24b20bf194ed2ea,f1c507c2a3bd4516] - Accept=[application/json, application/*+json]
2025-07-04 17:18:56.165 DEBUG [http-nio-8086-exec-1] o.s.web.client.RestTemplate [767957f8d4e9f84fa24b20bf194ed2ea,f1c507c2a3bd4516] - Writing [CardRegistrationRequest(accountNumber=97045271637061899, cifCode=9704527163706, cardType=MASTER, customerName=null)] as "application/json"
2025-07-04 17:18:56.198 DEBUG [http-nio-8086-exec-1] o.s.web.client.RestTemplate [767957f8d4e9f84fa24b20bf194ed2ea,f1c507c2a3bd4516] - Response 500 INTERNAL_SERVER_ERROR
2025-07-04 17:18:56.203 ERROR [http-nio-8086-exec-1] c.m.m.service.impl.MasterServiceImpl [767957f8d4e9f84fa24b20bf194ed2ea,f1c507c2a3bd4516] - Server error calling Master API for account: 97045271637061899. Status: 500 INTERNAL_SERVER_ERROR, Error: 500 Server Error: "{<EOL><EOL>  "timestamp": "2025-06-25T09:00:00.000+07:00",<EOL><EOL>  "status": 500,<EOL><EOL>  "error": "Internal Server Error",<EOL><EOL>  "message": "Something went wrong on the server.",<EOL><EOL>  "path": "/api/master/registration"<EOL><EOL>}" - WILL RETRY
2025-07-04 17:18:56.207 ERROR [http-nio-8086-exec-1] c.m.masterservice.config.RetryConfig [767957f8d4e9f84fa24b20bf194ed2ea,f1c507c2a3bd4516] - === RETRY FAILED - After 3 attempts for: mastercard-registration, Last exception: 500 Server Error: "{<EOL><EOL>  "timestamp": "2025-06-25T09:00:00.000+07:00",<EOL><EOL>  "status": 500,<EOL><EOL>  "error": "Internal Server Error",<EOL><EOL>  "message": "Something went wrong on the server.",<EOL><EOL>  "path": "/api/master/registration"<EOL><EOL>}" ===
2025-07-04 17:18:56.207 ERROR [http-nio-8086-exec-1] c.m.m.service.impl.MasterServiceImpl [767957f8d4e9f84fa24b20bf194ed2ea,f1c507c2a3bd4516] - === FALLBACK TRIGGERED === Master registration failed for account: 97045271637061899 after all retry attempts. Error type: InternalServerError, Message: 500 Server Error: "{<EOL><EOL>  "timestamp": "2025-06-25T09:00:00.000+07:00",<EOL><EOL>  "status": 500,<EOL><EOL>  "error": "Internal Server Error",<EOL><EOL>  "message": "Something went wrong on the server.",<EOL><EOL>  "path": "/api/master/registration"<EOL><EOL>}"
2025-07-04 17:18:56.207 ERROR [http-nio-8086-exec-1] c.m.m.service.impl.MasterServiceImpl [767957f8d4e9f84fa24b20bf194ed2ea,f1c507c2a3bd4516] - Full exception trace:
org.springframework.web.client.HttpServerErrorException$InternalServerError: 500 Server Error: "{<EOL><EOL>  "timestamp": "2025-06-25T09:00:00.000+07:00",<EOL><EOL>  "status": 500,<EOL><EOL>  "error": "Internal Server Error",<EOL><EOL>  "message": "Something went wrong on the server.",<EOL><EOL>  "path": "/api/master/registration"<EOL><EOL>}"
	at org.springframework.web.client.HttpServerErrorException.create(HttpServerErrorException.java:102)
	at org.springframework.web.client.DefaultResponseErrorHandler.handleError(DefaultResponseErrorHandler.java:186)
	at org.springframework.web.client.DefaultResponseErrorHandler.handleError(DefaultResponseErrorHandler.java:137)
	at org.springframework.web.client.ResponseErrorHandler.handleError(ResponseErrorHandler.java:63)
	at org.springframework.web.client.RestTemplate.handleResponse(RestTemplate.java:932)
	at org.springframework.web.client.RestTemplate.doExecute(RestTemplate.java:881)
	at org.springframework.web.client.RestTemplate.execute(RestTemplate.java:781)
	at org.springframework.web.client.RestTemplate.postForEntity(RestTemplate.java:529)
	at com.master.masterservice.service.impl.MasterServiceImpl.registerCard(MasterServiceImpl.java:51)
	at java.base/jdk.internal.reflect.NativeMethodAccessorImpl.invoke0(Native Method)
	at java.base/jdk.internal.reflect.NativeMethodAccessorImpl.invoke(NativeMethodAccessorImpl.java:77)
	at java.base/jdk.internal.reflect.DelegatingMethodAccessorImpl.invoke(DelegatingMethodAccessorImpl.java:43)
	at java.base/java.lang.reflect.Method.invoke(Method.java:568)
	at org.springframework.aop.support.AopUtils.invokeJoinpointUsingReflection(AopUtils.java:352)
	at org.springframework.aop.framework.ReflectiveMethodInvocation.invokeJoinpoint(ReflectiveMethodInvocation.java:196)
	at org.springframework.aop.framework.ReflectiveMethodInvocation.proceed(ReflectiveMethodInvocation.java:163)
	at org.springframework.aop.framework.CglibAopProxy$CglibMethodInvocation.proceed(CglibAopProxy.java:765)
	at org.springframework.aop.aspectj.MethodInvocationProceedingJoinPoint.proceed(MethodInvocationProceedingJoinPoint.java:89)
	at io.github.resilience4j.retry.Retry.lambda$decorateCheckedSupplier$1(Retry.java:135)
	at io.github.resilience4j.retry.Retry.executeCheckedSupplier(Retry.java:350)
	at io.github.resilience4j.spring6.retry.configure.RetryAspect.handleDefaultJoinPoint(RetryAspect.java:175)
	at io.github.resilience4j.spring6.retry.configure.RetryAspect.proceed(RetryAspect.java:132)
	at io.github.resilience4j.spring6.retry.configure.RetryAspect.lambda$retryAroundAdvice$0(RetryAspect.java:116)
	at io.github.resilience4j.spring6.fallback.DefaultFallbackDecorator.lambda$decorate$0(DefaultFallbackDecorator.java:36)
	at io.github.resilience4j.spring6.fallback.FallbackExecutor.execute(FallbackExecutor.java:39)
	at io.github.resilience4j.spring6.retry.configure.RetryAspect.retryAroundAdvice(RetryAspect.java:117)
	at java.base/jdk.internal.reflect.NativeMethodAccessorImpl.invoke0(Native Method)
	at java.base/jdk.internal.reflect.NativeMethodAccessorImpl.invoke(NativeMethodAccessorImpl.java:77)
	at java.base/jdk.internal.reflect.DelegatingMethodAccessorImpl.invoke(DelegatingMethodAccessorImpl.java:43)
	at java.base/java.lang.reflect.Method.invoke(Method.java:568)
	at org.springframework.aop.aspectj.AbstractAspectJAdvice.invokeAdviceMethodWithGivenArgs(AbstractAspectJAdvice.java:637)
	at org.springframework.aop.aspectj.AbstractAspectJAdvice.invokeAdviceMethod(AbstractAspectJAdvice.java:627)
	at org.springframework.aop.aspectj.AspectJAroundAdvice.invoke(AspectJAroundAdvice.java:71)
	at org.springframework.aop.framework.ReflectiveMethodInvocation.proceed(ReflectiveMethodInvocation.java:173)
	at org.springframework.aop.framework.CglibAopProxy$CglibMethodInvocation.proceed(CglibAopProxy.java:765)
	at org.springframework.aop.interceptor.ExposeInvocationInterceptor.invoke(ExposeInvocationInterceptor.java:97)
	at org.springframework.aop.framework.ReflectiveMethodInvocation.proceed(ReflectiveMethodInvocation.java:184)
	at org.springframework.aop.framework.CglibAopProxy$CglibMethodInvocation.proceed(CglibAopProxy.java:765)
	at org.springframework.aop.framework.CglibAopProxy$DynamicAdvisedInterceptor.intercept(CglibAopProxy.java:717)
	at com.master.masterservice.service.impl.MasterServiceImpl$$SpringCGLIB$$0.registerCard(<generated>)
	at com.master.masterservice.controller.MasterController.registerCard(MasterController.java:25)
	at java.base/jdk.internal.reflect.NativeMethodAccessorImpl.invoke0(Native Method)
	at java.base/jdk.internal.reflect.NativeMethodAccessorImpl.invoke(NativeMethodAccessorImpl.java:77)
	at java.base/jdk.internal.reflect.DelegatingMethodAccessorImpl.invoke(DelegatingMethodAccessorImpl.java:43)
	at java.base/java.lang.reflect.Method.invoke(Method.java:568)
	at org.springframework.web.method.support.InvocableHandlerMethod.doInvoke(InvocableHandlerMethod.java:254)
	at org.springframework.web.method.support.InvocableHandlerMethod.invokeForRequest(InvocableHandlerMethod.java:182)
	at org.springframework.web.servlet.mvc.method.annotation.ServletInvocableHandlerMethod.invokeAndHandle(ServletInvocableHandlerMethod.java:118)
	at org.springframework.web.servlet.mvc.method.annotation.RequestMappingHandlerAdapter.invokeHandlerMethod(RequestMappingHandlerAdapter.java:917)
	at org.springframework.web.servlet.mvc.method.annotation.RequestMappingHandlerAdapter.handleInternal(RequestMappingHandlerAdapter.java:829)
	at org.springframework.web.servlet.mvc.method.AbstractHandlerMethodAdapter.handle(AbstractHandlerMethodAdapter.java:87)
	at org.springframework.web.servlet.DispatcherServlet.doDispatch(DispatcherServlet.java:1089)
	at org.springframework.web.servlet.DispatcherServlet.doService(DispatcherServlet.java:979)
	at org.springframework.web.servlet.FrameworkServlet.processRequest(FrameworkServlet.java:1014)
	at org.springframework.web.servlet.FrameworkServlet.doPost(FrameworkServlet.java:914)
	at jakarta.servlet.http.HttpServlet.service(HttpServlet.java:590)
	at org.springframework.web.servlet.FrameworkServlet.service(FrameworkServlet.java:885)
	at jakarta.servlet.http.HttpServlet.service(HttpServlet.java:658)
	at org.apache.catalina.core.ApplicationFilterChain.internalDoFilter(ApplicationFilterChain.java:205)
	at org.apache.catalina.core.ApplicationFilterChain.doFilter(ApplicationFilterChain.java:149)
	at org.apache.tomcat.websocket.server.WsFilter.doFilter(WsFilter.java:51)
	at org.apache.catalina.core.ApplicationFilterChain.internalDoFilter(ApplicationFilterChain.java:174)
	at org.apache.catalina.core.ApplicationFilterChain.doFilter(ApplicationFilterChain.java:149)
	at org.springframework.security.web.FilterChainProxy.lambda$doFilterInternal$3(FilterChainProxy.java:231)
	at org.springframework.security.web.ObservationFilterChainDecorator$FilterObservation$SimpleFilterObservation.lambda$wrap$1(ObservationFilterChainDecorator.java:479)
	at org.springframework.security.web.ObservationFilterChainDecorator$AroundFilterObservation$SimpleAroundFilterObservation.lambda$wrap$1(ObservationFilterChainDecorator.java:340)
	at org.springframework.security.web.ObservationFilterChainDecorator.lambda$wrapSecured$0(ObservationFilterChainDecorator.java:82)
	at org.springframework.security.web.ObservationFilterChainDecorator$VirtualFilterChain.doFilter(ObservationFilterChainDecorator.java:128)
	at org.springframework.security.web.access.intercept.AuthorizationFilter.doFilter(AuthorizationFilter.java:100)
	at org.springframework.security.web.ObservationFilterChainDecorator$ObservationFilter.wrapFilter(ObservationFilterChainDecorator.java:240)
	at org.springframework.security.web.ObservationFilterChainDecorator$ObservationFilter.doFilter(ObservationFilterChainDecorator.java:227)
	at org.springframework.security.web.ObservationFilterChainDecorator$VirtualFilterChain.doFilter(ObservationFilterChainDecorator.java:137)
	at org.springframework.security.web.access.ExceptionTranslationFilter.doFilter(ExceptionTranslationFilter.java:126)
	at org.springframework.security.web.access.ExceptionTranslationFilter.doFilter(ExceptionTranslationFilter.java:120)
	at org.springframework.security.web.ObservationFilterChainDecorator$ObservationFilter.wrapFilter(ObservationFilterChainDecorator.java:240)
	at org.springframework.security.web.ObservationFilterChainDecorator$ObservationFilter.doFilter(ObservationFilterChainDecorator.java:227)
	at org.springframework.security.web.ObservationFilterChainDecorator$VirtualFilterChain.doFilter(ObservationFilterChainDecorator.java:137)
	at org.springframework.security.web.session.SessionManagementFilter.doFilter(SessionManagementFilter.java:131)
	at org.springframework.security.web.session.SessionManagementFilter.doFilter(SessionManagementFilter.java:85)
	at org.springframework.security.web.ObservationFilterChainDecorator$ObservationFilter.wrapFilter(ObservationFilterChainDecorator.java:240)
	at org.springframework.security.web.ObservationFilterChainDecorator$ObservationFilter.doFilter(ObservationFilterChainDecorator.java:227)
	at org.springframework.security.web.ObservationFilterChainDecorator$VirtualFilterChain.doFilter(ObservationFilterChainDecorator.java:137)
	at org.springframework.security.web.authentication.AnonymousAuthenticationFilter.doFilter(AnonymousAuthenticationFilter.java:100)
	at org.springframework.security.web.ObservationFilterChainDecorator$ObservationFilter.wrapFilter(ObservationFilterChainDecorator.java:240)
	at org.springframework.security.web.ObservationFilterChainDecorator$ObservationFilter.doFilter(ObservationFilterChainDecorator.java:227)
	at org.springframework.security.web.ObservationFilterChainDecorator$VirtualFilterChain.doFilter(ObservationFilterChainDecorator.java:137)
	at org.springframework.security.web.servletapi.SecurityContextHolderAwareRequestFilter.doFilter(SecurityContextHolderAwareRequestFilter.java:179)
	at org.springframework.security.web.ObservationFilterChainDecorator$ObservationFilter.wrapFilter(ObservationFilterChainDecorator.java:240)
	at org.springframework.security.web.ObservationFilterChainDecorator$ObservationFilter.doFilter(ObservationFilterChainDecorator.java:227)
	at org.springframework.security.web.ObservationFilterChainDecorator$VirtualFilterChain.doFilter(ObservationFilterChainDecorator.java:137)
	at org.springframework.security.web.savedrequest.RequestCacheAwareFilter.doFilter(RequestCacheAwareFilter.java:63)
	at org.springframework.security.web.ObservationFilterChainDecorator$ObservationFilter.wrapFilter(ObservationFilterChainDecorator.java:240)
	at org.springframework.security.web.ObservationFilterChainDecorator$ObservationFilter.doFilter(ObservationFilterChainDecorator.java:227)
	at org.springframework.security.web.ObservationFilterChainDecorator$VirtualFilterChain.doFilter(ObservationFilterChainDecorator.java:137)
	at org.springframework.security.oauth2.server.resource.web.authentication.BearerTokenAuthenticationFilter.doFilterInternal(BearerTokenAuthenticationFilter.java:145)
	at org.springframework.web.filter.OncePerRequestFilter.doFilter(OncePerRequestFilter.java:116)
	at org.springframework.security.web.ObservationFilterChainDecorator$ObservationFilter.wrapFilter(ObservationFilterChainDecorator.java:240)
	at org.springframework.security.web.ObservationFilterChainDecorator$ObservationFilter.doFilter(ObservationFilterChainDecorator.java:227)
	at org.springframework.security.web.ObservationFilterChainDecorator$VirtualFilterChain.doFilter(ObservationFilterChainDecorator.java:137)
	at org.springframework.security.web.authentication.logout.LogoutFilter.doFilter(LogoutFilter.java:107)
	at org.springframework.security.web.authentication.logout.LogoutFilter.doFilter(LogoutFilter.java:93)
	at org.springframework.security.web.ObservationFilterChainDecorator$ObservationFilter.wrapFilter(ObservationFilterChainDecorator.java:240)
	at org.springframework.security.web.ObservationFilterChainDecorator$ObservationFilter.doFilter(ObservationFilterChainDecorator.java:227)
	at org.springframework.security.web.ObservationFilterChainDecorator$VirtualFilterChain.doFilter(ObservationFilterChainDecorator.java:137)
	at org.springframework.web.filter.CorsFilter.doFilterInternal(CorsFilter.java:91)
	at org.springframework.web.filter.OncePerRequestFilter.doFilter(OncePerRequestFilter.java:116)
	at org.springframework.security.web.ObservationFilterChainDecorator$ObservationFilter.wrapFilter(ObservationFilterChainDecorator.java:240)
	at org.springframework.security.web.ObservationFilterChainDecorator$ObservationFilter.doFilter(ObservationFilterChainDecorator.java:227)
	at org.springframework.security.web.ObservationFilterChainDecorator$VirtualFilterChain.doFilter(ObservationFilterChainDecorator.java:137)
	at org.springframework.security.web.header.HeaderWriterFilter.doHeadersAfter(HeaderWriterFilter.java:90)
	at org.springframework.security.web.header.HeaderWriterFilter.doFilterInternal(HeaderWriterFilter.java:75)
	at org.springframework.web.filter.OncePerRequestFilter.doFilter(OncePerRequestFilter.java:116)
	at org.springframework.security.web.ObservationFilterChainDecorator$ObservationFilter.wrapFilter(ObservationFilterChainDecorator.java:240)
	at org.springframework.security.web.ObservationFilterChainDecorator$ObservationFilter.doFilter(ObservationFilterChainDecorator.java:227)
	at org.springframework.security.web.ObservationFilterChainDecorator$VirtualFilterChain.doFilter(ObservationFilterChainDecorator.java:137)
	at org.springframework.security.web.context.SecurityContextHolderFilter.doFilter(SecurityContextHolderFilter.java:82)
	at org.springframework.security.web.context.SecurityContextHolderFilter.doFilter(SecurityContextHolderFilter.java:69)
	at org.springframework.security.web.ObservationFilterChainDecorator$ObservationFilter.wrapFilter(ObservationFilterChainDecorator.java:240)
	at org.springframework.security.web.ObservationFilterChainDecorator$ObservationFilter.doFilter(ObservationFilterChainDecorator.java:227)
	at org.springframework.security.web.ObservationFilterChainDecorator$VirtualFilterChain.doFilter(ObservationFilterChainDecorator.java:137)
	at org.springframework.security.web.context.request.async.WebAsyncManagerIntegrationFilter.doFilterInternal(WebAsyncManagerIntegrationFilter.java:62)
	at org.springframework.web.filter.OncePerRequestFilter.doFilter(OncePerRequestFilter.java:116)
	at org.springframework.security.web.ObservationFilterChainDecorator$ObservationFilter.wrapFilter(ObservationFilterChainDecorator.java:240)
	at org.springframework.security.web.ObservationFilterChainDecorator$ObservationFilter.doFilter(ObservationFilterChainDecorator.java:227)
	at org.springframework.security.web.ObservationFilterChainDecorator$VirtualFilterChain.doFilter(ObservationFilterChainDecorator.java:137)
	at org.springframework.security.web.session.DisableEncodeUrlFilter.doFilterInternal(DisableEncodeUrlFilter.java:42)
	at org.springframework.web.filter.OncePerRequestFilter.doFilter(OncePerRequestFilter.java:116)
	at org.springframework.security.web.ObservationFilterChainDecorator$ObservationFilter.wrapFilter(ObservationFilterChainDecorator.java:240)
	at org.springframework.security.web.ObservationFilterChainDecorator$AroundFilterObservation$SimpleAroundFilterObservation.lambda$wrap$0(ObservationFilterChainDecorator.java:323)
	at org.springframework.security.web.ObservationFilterChainDecorator$ObservationFilter.doFilter(ObservationFilterChainDecorator.java:224)
	at org.springframework.security.web.ObservationFilterChainDecorator$VirtualFilterChain.doFilter(ObservationFilterChainDecorator.java:137)
	at org.springframework.security.web.FilterChainProxy.doFilterInternal(FilterChainProxy.java:233)
	at org.springframework.security.web.FilterChainProxy.doFilter(FilterChainProxy.java:191)
	at org.springframework.web.filter.DelegatingFilterProxy.invokeDelegate(DelegatingFilterProxy.java:352)
	at org.springframework.web.filter.DelegatingFilterProxy.doFilter(DelegatingFilterProxy.java:268)
	at org.apache.catalina.core.ApplicationFilterChain.internalDoFilter(ApplicationFilterChain.java:174)
	at org.apache.catalina.core.ApplicationFilterChain.doFilter(ApplicationFilterChain.java:149)
	at org.springframework.web.filter.RequestContextFilter.doFilterInternal(RequestContextFilter.java:100)
	at org.springframework.web.filter.OncePerRequestFilter.doFilter(OncePerRequestFilter.java:116)
	at org.apache.catalina.core.ApplicationFilterChain.internalDoFilter(ApplicationFilterChain.java:174)
	at org.apache.catalina.core.ApplicationFilterChain.doFilter(ApplicationFilterChain.java:149)
	at org.springframework.web.filter.FormContentFilter.doFilterInternal(FormContentFilter.java:93)
	at org.springframework.web.filter.OncePerRequestFilter.doFilter(OncePerRequestFilter.java:116)
	at org.apache.catalina.core.ApplicationFilterChain.internalDoFilter(ApplicationFilterChain.java:174)
	at org.apache.catalina.core.ApplicationFilterChain.doFilter(ApplicationFilterChain.java:149)
	at org.springframework.web.servlet.v6_0.OpenTelemetryHandlerMappingFilter.doFilter(OpenTelemetryHandlerMappingFilter.java:78)
	at org.apache.catalina.core.ApplicationFilterChain.internalDoFilter(ApplicationFilterChain.java:174)
	at org.apache.catalina.core.ApplicationFilterChain.doFilter(ApplicationFilterChain.java:149)
	at org.springframework.web.filter.ServerHttpObservationFilter.doFilterInternal(ServerHttpObservationFilter.java:109)
	at org.springframework.web.filter.OncePerRequestFilter.doFilter(OncePerRequestFilter.java:116)
	at org.apache.catalina.core.ApplicationFilterChain.internalDoFilter(ApplicationFilterChain.java:174)
	at org.apache.catalina.core.ApplicationFilterChain.doFilter(ApplicationFilterChain.java:149)
	at org.springframework.web.filter.CharacterEncodingFilter.doFilterInternal(CharacterEncodingFilter.java:201)
	at org.springframework.web.filter.OncePerRequestFilter.doFilter(OncePerRequestFilter.java:116)
	at org.apache.catalina.core.ApplicationFilterChain.internalDoFilter(ApplicationFilterChain.java:174)
	at org.apache.catalina.core.ApplicationFilterChain.doFilter(ApplicationFilterChain.java:149)
	at org.apache.catalina.core.StandardWrapperValve.invoke(StandardWrapperValve.java:167)
	at org.apache.catalina.core.StandardContextValve.invoke(StandardContextValve.java:90)
	at org.apache.catalina.authenticator.AuthenticatorBase.invoke(AuthenticatorBase.java:482)
	at org.apache.catalina.core.StandardHostValve.invoke(StandardHostValve.java:115)
	at org.apache.catalina.valves.ErrorReportValve.invoke(ErrorReportValve.java:93)
	at org.apache.catalina.core.StandardEngineValve.invoke(StandardEngineValve.java:74)
	at org.apache.catalina.connector.CoyoteAdapter.service(CoyoteAdapter.java:340)
	at org.apache.coyote.http11.Http11Processor.service(Http11Processor.java:391)
	at org.apache.coyote.AbstractProcessorLight.process(AbstractProcessorLight.java:63)
	at org.apache.coyote.AbstractProtocol$ConnectionHandler.process(AbstractProtocol.java:896)
	at org.apache.tomcat.util.net.NioEndpoint$SocketProcessor.doRun(NioEndpoint.java:1744)
	at org.apache.tomcat.util.net.SocketProcessorBase.run(SocketProcessorBase.java:52)
	at org.apache.tomcat.util.threads.ThreadPoolExecutor.runWorker(ThreadPoolExecutor.java:1191)
	at org.apache.tomcat.util.threads.ThreadPoolExecutor$Worker.run(ThreadPoolExecutor.java:659)
	at org.apache.tomcat.util.threads.TaskThread$WrappingRunnable.run(TaskThread.java:61)
	at java.base/java.lang.Thread.run(Thread.java:842)
2025-07-04 17:19:44.327 INFO  [http-nio-8086-exec-2] c.m.m.controller.MasterController [9cead68d9a75ffd5e0a3cc7dbc10c032,33e6ed0b4457987e] - Received Master card registration request: CardRegistrationRequest(accountNumber=97045271637061899, cifCode=9704527163706, cardType=MASTER, customerName=null)
2025-07-04 17:19:44.330 INFO  [http-nio-8086-exec-2] c.m.m.service.impl.MasterServiceImpl [9cead68d9a75ffd5e0a3cc7dbc10c032,33e6ed0b4457987e] - === RETRY ATTEMPT - Calling Master API for card registration: CardRegistrationRequest(accountNumber=97045271637061899, cifCode=9704527163706, cardType=MASTER, customerName=null) ===
2025-07-04 17:19:44.331 DEBUG [http-nio-8086-exec-2] c.m.m.service.impl.MasterServiceImpl [9cead68d9a75ffd5e0a3cc7dbc10c032,33e6ed0b4457987e] - Method called with @Retry annotation - attempt will be tracked by Resilience4j
2025-07-04 17:19:44.331 DEBUG [http-nio-8086-exec-2] c.m.m.service.impl.MasterServiceImpl [9cead68d9a75ffd5e0a3cc7dbc10c032,33e6ed0b4457987e] - Current thread: http-nio-8086-exec-2, Class: com.master.masterservice.service.impl.MasterServiceImpl
2025-07-04 17:19:44.333 DEBUG [http-nio-8086-exec-2] o.s.web.client.RestTemplate [9cead68d9a75ffd5e0a3cc7dbc10c032,33e6ed0b4457987e] - HTTP POST http://localhost:8091/api/master/registration
2025-07-04 17:19:44.334 DEBUG [http-nio-8086-exec-2] o.s.web.client.RestTemplate [9cead68d9a75ffd5e0a3cc7dbc10c032,33e6ed0b4457987e] - Accept=[application/json, application/*+json]
2025-07-04 17:19:44.335 DEBUG [http-nio-8086-exec-2] o.s.web.client.RestTemplate [9cead68d9a75ffd5e0a3cc7dbc10c032,33e6ed0b4457987e] - Writing [CardRegistrationRequest(accountNumber=97045271637061899, cifCode=9704527163706, cardType=MASTER, customerName=null)] as "application/json"
2025-07-04 17:19:44.359 DEBUG [http-nio-8086-exec-2] o.s.web.client.RestTemplate [9cead68d9a75ffd5e0a3cc7dbc10c032,33e6ed0b4457987e] - Response 500 INTERNAL_SERVER_ERROR
2025-07-04 17:19:44.361 ERROR [http-nio-8086-exec-2] c.m.m.service.impl.MasterServiceImpl [9cead68d9a75ffd5e0a3cc7dbc10c032,33e6ed0b4457987e] - Server error calling Master API for account: 97045271637061899. Status: 500 INTERNAL_SERVER_ERROR, Error: 500 Server Error: "{<EOL><EOL>  "timestamp": "2025-06-25T09:00:00.000+07:00",<EOL><EOL>  "status": 500,<EOL><EOL>  "error": "Internal Server Error",<EOL><EOL>  "message": "Something went wrong on the server.",<EOL><EOL>  "path": "/api/master/registration"<EOL><EOL>}" - WILL RETRY
2025-07-04 17:19:44.363 INFO  [http-nio-8086-exec-2] c.m.masterservice.config.RetryConfig [9cead68d9a75ffd5e0a3cc7dbc10c032,33e6ed0b4457987e] - === RETRY EVENT - Attempt #1 for: mastercard-registration ===
2025-07-04 17:19:44.874 INFO  [http-nio-8086-exec-2] c.m.m.service.impl.MasterServiceImpl [9cead68d9a75ffd5e0a3cc7dbc10c032,33e6ed0b4457987e] - === RETRY ATTEMPT - Calling Master API for card registration: CardRegistrationRequest(accountNumber=97045271637061899, cifCode=9704527163706, cardType=MASTER, customerName=null) ===
2025-07-04 17:19:44.875 DEBUG [http-nio-8086-exec-2] c.m.m.service.impl.MasterServiceImpl [9cead68d9a75ffd5e0a3cc7dbc10c032,33e6ed0b4457987e] - Method called with @Retry annotation - attempt will be tracked by Resilience4j
2025-07-04 17:19:44.876 DEBUG [http-nio-8086-exec-2] c.m.m.service.impl.MasterServiceImpl [9cead68d9a75ffd5e0a3cc7dbc10c032,33e6ed0b4457987e] - Current thread: http-nio-8086-exec-2, Class: com.master.masterservice.service.impl.MasterServiceImpl
2025-07-04 17:19:44.878 DEBUG [http-nio-8086-exec-2] o.s.web.client.RestTemplate [9cead68d9a75ffd5e0a3cc7dbc10c032,33e6ed0b4457987e] - HTTP POST http://localhost:8091/api/master/registration
2025-07-04 17:19:44.878 DEBUG [http-nio-8086-exec-2] o.s.web.client.RestTemplate [9cead68d9a75ffd5e0a3cc7dbc10c032,33e6ed0b4457987e] - Accept=[application/json, application/*+json]
2025-07-04 17:19:44.878 DEBUG [http-nio-8086-exec-2] o.s.web.client.RestTemplate [9cead68d9a75ffd5e0a3cc7dbc10c032,33e6ed0b4457987e] - Writing [CardRegistrationRequest(accountNumber=97045271637061899, cifCode=9704527163706, cardType=MASTER, customerName=null)] as "application/json"
2025-07-04 17:19:44.903 DEBUG [http-nio-8086-exec-2] o.s.web.client.RestTemplate [9cead68d9a75ffd5e0a3cc7dbc10c032,33e6ed0b4457987e] - Response 500 INTERNAL_SERVER_ERROR
2025-07-04 17:19:44.904 ERROR [http-nio-8086-exec-2] c.m.m.service.impl.MasterServiceImpl [9cead68d9a75ffd5e0a3cc7dbc10c032,33e6ed0b4457987e] - Server error calling Master API for account: 97045271637061899. Status: 500 INTERNAL_SERVER_ERROR, Error: 500 Server Error: "{<EOL><EOL>  "timestamp": "2025-06-25T09:00:00.000+07:00",<EOL><EOL>  "status": 500,<EOL><EOL>  "error": "Internal Server Error",<EOL><EOL>  "message": "Something went wrong on the server.",<EOL><EOL>  "path": "/api/master/registration"<EOL><EOL>}" - WILL RETRY
2025-07-04 17:19:44.904 INFO  [http-nio-8086-exec-2] c.m.masterservice.config.RetryConfig [9cead68d9a75ffd5e0a3cc7dbc10c032,33e6ed0b4457987e] - === RETRY EVENT - Attempt #2 for: mastercard-registration ===
2025-07-04 17:19:45.418 INFO  [http-nio-8086-exec-2] c.m.m.service.impl.MasterServiceImpl [9cead68d9a75ffd5e0a3cc7dbc10c032,33e6ed0b4457987e] - === RETRY ATTEMPT - Calling Master API for card registration: CardRegistrationRequest(accountNumber=97045271637061899, cifCode=9704527163706, cardType=MASTER, customerName=null) ===
2025-07-04 17:19:45.419 DEBUG [http-nio-8086-exec-2] c.m.m.service.impl.MasterServiceImpl [9cead68d9a75ffd5e0a3cc7dbc10c032,33e6ed0b4457987e] - Method called with @Retry annotation - attempt will be tracked by Resilience4j
2025-07-04 17:19:45.419 DEBUG [http-nio-8086-exec-2] c.m.m.service.impl.MasterServiceImpl [9cead68d9a75ffd5e0a3cc7dbc10c032,33e6ed0b4457987e] - Current thread: http-nio-8086-exec-2, Class: com.master.masterservice.service.impl.MasterServiceImpl
2025-07-04 17:19:45.421 DEBUG [http-nio-8086-exec-2] o.s.web.client.RestTemplate [9cead68d9a75ffd5e0a3cc7dbc10c032,33e6ed0b4457987e] - HTTP POST http://localhost:8091/api/master/registration
2025-07-04 17:19:45.423 DEBUG [http-nio-8086-exec-2] o.s.web.client.RestTemplate [9cead68d9a75ffd5e0a3cc7dbc10c032,33e6ed0b4457987e] - Accept=[application/json, application/*+json]
2025-07-04 17:19:45.423 DEBUG [http-nio-8086-exec-2] o.s.web.client.RestTemplate [9cead68d9a75ffd5e0a3cc7dbc10c032,33e6ed0b4457987e] - Writing [CardRegistrationRequest(accountNumber=97045271637061899, cifCode=9704527163706, cardType=MASTER, customerName=null)] as "application/json"
2025-07-04 17:19:45.441 DEBUG [http-nio-8086-exec-2] o.s.web.client.RestTemplate [9cead68d9a75ffd5e0a3cc7dbc10c032,33e6ed0b4457987e] - Response 500 INTERNAL_SERVER_ERROR
2025-07-04 17:19:45.444 ERROR [http-nio-8086-exec-2] c.m.m.service.impl.MasterServiceImpl [9cead68d9a75ffd5e0a3cc7dbc10c032,33e6ed0b4457987e] - Server error calling Master API for account: 97045271637061899. Status: 500 INTERNAL_SERVER_ERROR, Error: 500 Server Error: "{<EOL><EOL>  "timestamp": "2025-06-25T09:00:00.000+07:00",<EOL><EOL>  "status": 500,<EOL><EOL>  "error": "Internal Server Error",<EOL><EOL>  "message": "Something went wrong on the server.",<EOL><EOL>  "path": "/api/master/registration"<EOL><EOL>}" - WILL RETRY
2025-07-04 17:19:45.444 ERROR [http-nio-8086-exec-2] c.m.masterservice.config.RetryConfig [9cead68d9a75ffd5e0a3cc7dbc10c032,33e6ed0b4457987e] - === RETRY FAILED - After 3 attempts for: mastercard-registration, Last exception: 500 Server Error: "{<EOL><EOL>  "timestamp": "2025-06-25T09:00:00.000+07:00",<EOL><EOL>  "status": 500,<EOL><EOL>  "error": "Internal Server Error",<EOL><EOL>  "message": "Something went wrong on the server.",<EOL><EOL>  "path": "/api/master/registration"<EOL><EOL>}" ===
2025-07-04 17:19:45.446 ERROR [http-nio-8086-exec-2] c.m.m.service.impl.MasterServiceImpl [9cead68d9a75ffd5e0a3cc7dbc10c032,33e6ed0b4457987e] - === FALLBACK TRIGGERED === Master registration failed for account: 97045271637061899 after all retry attempts. Error type: InternalServerError, Message: 500 Server Error: "{<EOL><EOL>  "timestamp": "2025-06-25T09:00:00.000+07:00",<EOL><EOL>  "status": 500,<EOL><EOL>  "error": "Internal Server Error",<EOL><EOL>  "message": "Something went wrong on the server.",<EOL><EOL>  "path": "/api/master/registration"<EOL><EOL>}"
2025-07-04 17:19:45.446 ERROR [http-nio-8086-exec-2] c.m.m.service.impl.MasterServiceImpl [9cead68d9a75ffd5e0a3cc7dbc10c032,33e6ed0b4457987e] - Full exception trace:
org.springframework.web.client.HttpServerErrorException$InternalServerError: 500 Server Error: "{<EOL><EOL>  "timestamp": "2025-06-25T09:00:00.000+07:00",<EOL><EOL>  "status": 500,<EOL><EOL>  "error": "Internal Server Error",<EOL><EOL>  "message": "Something went wrong on the server.",<EOL><EOL>  "path": "/api/master/registration"<EOL><EOL>}"
	at org.springframework.web.client.HttpServerErrorException.create(HttpServerErrorException.java:102)
	at org.springframework.web.client.DefaultResponseErrorHandler.handleError(DefaultResponseErrorHandler.java:186)
	at org.springframework.web.client.DefaultResponseErrorHandler.handleError(DefaultResponseErrorHandler.java:137)
	at org.springframework.web.client.ResponseErrorHandler.handleError(ResponseErrorHandler.java:63)
	at org.springframework.web.client.RestTemplate.handleResponse(RestTemplate.java:932)
	at org.springframework.web.client.RestTemplate.doExecute(RestTemplate.java:881)
	at org.springframework.web.client.RestTemplate.execute(RestTemplate.java:781)
	at org.springframework.web.client.RestTemplate.postForEntity(RestTemplate.java:529)
	at com.master.masterservice.service.impl.MasterServiceImpl.registerCard(MasterServiceImpl.java:51)
	at java.base/jdk.internal.reflect.NativeMethodAccessorImpl.invoke0(Native Method)
	at java.base/jdk.internal.reflect.NativeMethodAccessorImpl.invoke(NativeMethodAccessorImpl.java:77)
	at java.base/jdk.internal.reflect.DelegatingMethodAccessorImpl.invoke(DelegatingMethodAccessorImpl.java:43)
	at java.base/java.lang.reflect.Method.invoke(Method.java:568)
	at org.springframework.aop.support.AopUtils.invokeJoinpointUsingReflection(AopUtils.java:352)
	at org.springframework.aop.framework.ReflectiveMethodInvocation.invokeJoinpoint(ReflectiveMethodInvocation.java:196)
	at org.springframework.aop.framework.ReflectiveMethodInvocation.proceed(ReflectiveMethodInvocation.java:163)
	at org.springframework.aop.framework.CglibAopProxy$CglibMethodInvocation.proceed(CglibAopProxy.java:765)
	at org.springframework.aop.aspectj.MethodInvocationProceedingJoinPoint.proceed(MethodInvocationProceedingJoinPoint.java:89)
	at io.github.resilience4j.retry.Retry.lambda$decorateCheckedSupplier$1(Retry.java:135)
	at io.github.resilience4j.retry.Retry.executeCheckedSupplier(Retry.java:350)
	at io.github.resilience4j.spring6.retry.configure.RetryAspect.handleDefaultJoinPoint(RetryAspect.java:175)
	at io.github.resilience4j.spring6.retry.configure.RetryAspect.proceed(RetryAspect.java:132)
	at io.github.resilience4j.spring6.retry.configure.RetryAspect.lambda$retryAroundAdvice$0(RetryAspect.java:116)
	at io.github.resilience4j.spring6.fallback.DefaultFallbackDecorator.lambda$decorate$0(DefaultFallbackDecorator.java:36)
	at io.github.resilience4j.spring6.fallback.FallbackExecutor.execute(FallbackExecutor.java:39)
	at io.github.resilience4j.spring6.retry.configure.RetryAspect.retryAroundAdvice(RetryAspect.java:117)
	at java.base/jdk.internal.reflect.NativeMethodAccessorImpl.invoke0(Native Method)
	at java.base/jdk.internal.reflect.NativeMethodAccessorImpl.invoke(NativeMethodAccessorImpl.java:77)
	at java.base/jdk.internal.reflect.DelegatingMethodAccessorImpl.invoke(DelegatingMethodAccessorImpl.java:43)
	at java.base/java.lang.reflect.Method.invoke(Method.java:568)
	at org.springframework.aop.aspectj.AbstractAspectJAdvice.invokeAdviceMethodWithGivenArgs(AbstractAspectJAdvice.java:637)
	at org.springframework.aop.aspectj.AbstractAspectJAdvice.invokeAdviceMethod(AbstractAspectJAdvice.java:627)
	at org.springframework.aop.aspectj.AspectJAroundAdvice.invoke(AspectJAroundAdvice.java:71)
	at org.springframework.aop.framework.ReflectiveMethodInvocation.proceed(ReflectiveMethodInvocation.java:173)
	at org.springframework.aop.framework.CglibAopProxy$CglibMethodInvocation.proceed(CglibAopProxy.java:765)
	at org.springframework.aop.interceptor.ExposeInvocationInterceptor.invoke(ExposeInvocationInterceptor.java:97)
	at org.springframework.aop.framework.ReflectiveMethodInvocation.proceed(ReflectiveMethodInvocation.java:184)
	at org.springframework.aop.framework.CglibAopProxy$CglibMethodInvocation.proceed(CglibAopProxy.java:765)
	at org.springframework.aop.framework.CglibAopProxy$DynamicAdvisedInterceptor.intercept(CglibAopProxy.java:717)
	at com.master.masterservice.service.impl.MasterServiceImpl$$SpringCGLIB$$0.registerCard(<generated>)
	at com.master.masterservice.controller.MasterController.registerCard(MasterController.java:25)
	at java.base/jdk.internal.reflect.NativeMethodAccessorImpl.invoke0(Native Method)
	at java.base/jdk.internal.reflect.NativeMethodAccessorImpl.invoke(NativeMethodAccessorImpl.java:77)
	at java.base/jdk.internal.reflect.DelegatingMethodAccessorImpl.invoke(DelegatingMethodAccessorImpl.java:43)
	at java.base/java.lang.reflect.Method.invoke(Method.java:568)
	at org.springframework.web.method.support.InvocableHandlerMethod.doInvoke(InvocableHandlerMethod.java:254)
	at org.springframework.web.method.support.InvocableHandlerMethod.invokeForRequest(InvocableHandlerMethod.java:182)
	at org.springframework.web.servlet.mvc.method.annotation.ServletInvocableHandlerMethod.invokeAndHandle(ServletInvocableHandlerMethod.java:118)
	at org.springframework.web.servlet.mvc.method.annotation.RequestMappingHandlerAdapter.invokeHandlerMethod(RequestMappingHandlerAdapter.java:917)
	at org.springframework.web.servlet.mvc.method.annotation.RequestMappingHandlerAdapter.handleInternal(RequestMappingHandlerAdapter.java:829)
	at org.springframework.web.servlet.mvc.method.AbstractHandlerMethodAdapter.handle(AbstractHandlerMethodAdapter.java:87)
	at org.springframework.web.servlet.DispatcherServlet.doDispatch(DispatcherServlet.java:1089)
	at org.springframework.web.servlet.DispatcherServlet.doService(DispatcherServlet.java:979)
	at org.springframework.web.servlet.FrameworkServlet.processRequest(FrameworkServlet.java:1014)
	at org.springframework.web.servlet.FrameworkServlet.doPost(FrameworkServlet.java:914)
	at jakarta.servlet.http.HttpServlet.service(HttpServlet.java:590)
	at org.springframework.web.servlet.FrameworkServlet.service(FrameworkServlet.java:885)
	at jakarta.servlet.http.HttpServlet.service(HttpServlet.java:658)
	at org.apache.catalina.core.ApplicationFilterChain.internalDoFilter(ApplicationFilterChain.java:205)
	at org.apache.catalina.core.ApplicationFilterChain.doFilter(ApplicationFilterChain.java:149)
	at org.apache.tomcat.websocket.server.WsFilter.doFilter(WsFilter.java:51)
	at org.apache.catalina.core.ApplicationFilterChain.internalDoFilter(ApplicationFilterChain.java:174)
	at org.apache.catalina.core.ApplicationFilterChain.doFilter(ApplicationFilterChain.java:149)
	at org.springframework.security.web.FilterChainProxy.lambda$doFilterInternal$3(FilterChainProxy.java:231)
	at org.springframework.security.web.ObservationFilterChainDecorator$FilterObservation$SimpleFilterObservation.lambda$wrap$1(ObservationFilterChainDecorator.java:479)
	at org.springframework.security.web.ObservationFilterChainDecorator$AroundFilterObservation$SimpleAroundFilterObservation.lambda$wrap$1(ObservationFilterChainDecorator.java:340)
	at org.springframework.security.web.ObservationFilterChainDecorator.lambda$wrapSecured$0(ObservationFilterChainDecorator.java:82)
	at org.springframework.security.web.ObservationFilterChainDecorator$VirtualFilterChain.doFilter(ObservationFilterChainDecorator.java:128)
	at org.springframework.security.web.access.intercept.AuthorizationFilter.doFilter(AuthorizationFilter.java:100)
	at org.springframework.security.web.ObservationFilterChainDecorator$ObservationFilter.wrapFilter(ObservationFilterChainDecorator.java:240)
	at org.springframework.security.web.ObservationFilterChainDecorator$ObservationFilter.doFilter(ObservationFilterChainDecorator.java:227)
	at org.springframework.security.web.ObservationFilterChainDecorator$VirtualFilterChain.doFilter(ObservationFilterChainDecorator.java:137)
	at org.springframework.security.web.access.ExceptionTranslationFilter.doFilter(ExceptionTranslationFilter.java:126)
	at org.springframework.security.web.access.ExceptionTranslationFilter.doFilter(ExceptionTranslationFilter.java:120)
	at org.springframework.security.web.ObservationFilterChainDecorator$ObservationFilter.wrapFilter(ObservationFilterChainDecorator.java:240)
	at org.springframework.security.web.ObservationFilterChainDecorator$ObservationFilter.doFilter(ObservationFilterChainDecorator.java:227)
	at org.springframework.security.web.ObservationFilterChainDecorator$VirtualFilterChain.doFilter(ObservationFilterChainDecorator.java:137)
	at org.springframework.security.web.session.SessionManagementFilter.doFilter(SessionManagementFilter.java:131)
	at org.springframework.security.web.session.SessionManagementFilter.doFilter(SessionManagementFilter.java:85)
	at org.springframework.security.web.ObservationFilterChainDecorator$ObservationFilter.wrapFilter(ObservationFilterChainDecorator.java:240)
	at org.springframework.security.web.ObservationFilterChainDecorator$ObservationFilter.doFilter(ObservationFilterChainDecorator.java:227)
	at org.springframework.security.web.ObservationFilterChainDecorator$VirtualFilterChain.doFilter(ObservationFilterChainDecorator.java:137)
	at org.springframework.security.web.authentication.AnonymousAuthenticationFilter.doFilter(AnonymousAuthenticationFilter.java:100)
	at org.springframework.security.web.ObservationFilterChainDecorator$ObservationFilter.wrapFilter(ObservationFilterChainDecorator.java:240)
	at org.springframework.security.web.ObservationFilterChainDecorator$ObservationFilter.doFilter(ObservationFilterChainDecorator.java:227)
	at org.springframework.security.web.ObservationFilterChainDecorator$VirtualFilterChain.doFilter(ObservationFilterChainDecorator.java:137)
	at org.springframework.security.web.servletapi.SecurityContextHolderAwareRequestFilter.doFilter(SecurityContextHolderAwareRequestFilter.java:179)
	at org.springframework.security.web.ObservationFilterChainDecorator$ObservationFilter.wrapFilter(ObservationFilterChainDecorator.java:240)
	at org.springframework.security.web.ObservationFilterChainDecorator$ObservationFilter.doFilter(ObservationFilterChainDecorator.java:227)
	at org.springframework.security.web.ObservationFilterChainDecorator$VirtualFilterChain.doFilter(ObservationFilterChainDecorator.java:137)
	at org.springframework.security.web.savedrequest.RequestCacheAwareFilter.doFilter(RequestCacheAwareFilter.java:63)
	at org.springframework.security.web.ObservationFilterChainDecorator$ObservationFilter.wrapFilter(ObservationFilterChainDecorator.java:240)
	at org.springframework.security.web.ObservationFilterChainDecorator$ObservationFilter.doFilter(ObservationFilterChainDecorator.java:227)
	at org.springframework.security.web.ObservationFilterChainDecorator$VirtualFilterChain.doFilter(ObservationFilterChainDecorator.java:137)
	at org.springframework.security.oauth2.server.resource.web.authentication.BearerTokenAuthenticationFilter.doFilterInternal(BearerTokenAuthenticationFilter.java:145)
	at org.springframework.web.filter.OncePerRequestFilter.doFilter(OncePerRequestFilter.java:116)
	at org.springframework.security.web.ObservationFilterChainDecorator$ObservationFilter.wrapFilter(ObservationFilterChainDecorator.java:240)
	at org.springframework.security.web.ObservationFilterChainDecorator$ObservationFilter.doFilter(ObservationFilterChainDecorator.java:227)
	at org.springframework.security.web.ObservationFilterChainDecorator$VirtualFilterChain.doFilter(ObservationFilterChainDecorator.java:137)
	at org.springframework.security.web.authentication.logout.LogoutFilter.doFilter(LogoutFilter.java:107)
	at org.springframework.security.web.authentication.logout.LogoutFilter.doFilter(LogoutFilter.java:93)
	at org.springframework.security.web.ObservationFilterChainDecorator$ObservationFilter.wrapFilter(ObservationFilterChainDecorator.java:240)
	at org.springframework.security.web.ObservationFilterChainDecorator$ObservationFilter.doFilter(ObservationFilterChainDecorator.java:227)
	at org.springframework.security.web.ObservationFilterChainDecorator$VirtualFilterChain.doFilter(ObservationFilterChainDecorator.java:137)
	at org.springframework.web.filter.CorsFilter.doFilterInternal(CorsFilter.java:91)
	at org.springframework.web.filter.OncePerRequestFilter.doFilter(OncePerRequestFilter.java:116)
	at org.springframework.security.web.ObservationFilterChainDecorator$ObservationFilter.wrapFilter(ObservationFilterChainDecorator.java:240)
	at org.springframework.security.web.ObservationFilterChainDecorator$ObservationFilter.doFilter(ObservationFilterChainDecorator.java:227)
	at org.springframework.security.web.ObservationFilterChainDecorator$VirtualFilterChain.doFilter(ObservationFilterChainDecorator.java:137)
	at org.springframework.security.web.header.HeaderWriterFilter.doHeadersAfter(HeaderWriterFilter.java:90)
	at org.springframework.security.web.header.HeaderWriterFilter.doFilterInternal(HeaderWriterFilter.java:75)
	at org.springframework.web.filter.OncePerRequestFilter.doFilter(OncePerRequestFilter.java:116)
	at org.springframework.security.web.ObservationFilterChainDecorator$ObservationFilter.wrapFilter(ObservationFilterChainDecorator.java:240)
	at org.springframework.security.web.ObservationFilterChainDecorator$ObservationFilter.doFilter(ObservationFilterChainDecorator.java:227)
	at org.springframework.security.web.ObservationFilterChainDecorator$VirtualFilterChain.doFilter(ObservationFilterChainDecorator.java:137)
	at org.springframework.security.web.context.SecurityContextHolderFilter.doFilter(SecurityContextHolderFilter.java:82)
	at org.springframework.security.web.context.SecurityContextHolderFilter.doFilter(SecurityContextHolderFilter.java:69)
	at org.springframework.security.web.ObservationFilterChainDecorator$ObservationFilter.wrapFilter(ObservationFilterChainDecorator.java:240)
	at org.springframework.security.web.ObservationFilterChainDecorator$ObservationFilter.doFilter(ObservationFilterChainDecorator.java:227)
	at org.springframework.security.web.ObservationFilterChainDecorator$VirtualFilterChain.doFilter(ObservationFilterChainDecorator.java:137)
	at org.springframework.security.web.context.request.async.WebAsyncManagerIntegrationFilter.doFilterInternal(WebAsyncManagerIntegrationFilter.java:62)
	at org.springframework.web.filter.OncePerRequestFilter.doFilter(OncePerRequestFilter.java:116)
	at org.springframework.security.web.ObservationFilterChainDecorator$ObservationFilter.wrapFilter(ObservationFilterChainDecorator.java:240)
	at org.springframework.security.web.ObservationFilterChainDecorator$ObservationFilter.doFilter(ObservationFilterChainDecorator.java:227)
	at org.springframework.security.web.ObservationFilterChainDecorator$VirtualFilterChain.doFilter(ObservationFilterChainDecorator.java:137)
	at org.springframework.security.web.session.DisableEncodeUrlFilter.doFilterInternal(DisableEncodeUrlFilter.java:42)
	at org.springframework.web.filter.OncePerRequestFilter.doFilter(OncePerRequestFilter.java:116)
	at org.springframework.security.web.ObservationFilterChainDecorator$ObservationFilter.wrapFilter(ObservationFilterChainDecorator.java:240)
	at org.springframework.security.web.ObservationFilterChainDecorator$AroundFilterObservation$SimpleAroundFilterObservation.lambda$wrap$0(ObservationFilterChainDecorator.java:323)
	at org.springframework.security.web.ObservationFilterChainDecorator$ObservationFilter.doFilter(ObservationFilterChainDecorator.java:224)
	at org.springframework.security.web.ObservationFilterChainDecorator$VirtualFilterChain.doFilter(ObservationFilterChainDecorator.java:137)
	at org.springframework.security.web.FilterChainProxy.doFilterInternal(FilterChainProxy.java:233)
	at org.springframework.security.web.FilterChainProxy.doFilter(FilterChainProxy.java:191)
	at org.springframework.web.filter.DelegatingFilterProxy.invokeDelegate(DelegatingFilterProxy.java:352)
	at org.springframework.web.filter.DelegatingFilterProxy.doFilter(DelegatingFilterProxy.java:268)
	at org.apache.catalina.core.ApplicationFilterChain.internalDoFilter(ApplicationFilterChain.java:174)
	at org.apache.catalina.core.ApplicationFilterChain.doFilter(ApplicationFilterChain.java:149)
	at org.springframework.web.filter.RequestContextFilter.doFilterInternal(RequestContextFilter.java:100)
	at org.springframework.web.filter.OncePerRequestFilter.doFilter(OncePerRequestFilter.java:116)
	at org.apache.catalina.core.ApplicationFilterChain.internalDoFilter(ApplicationFilterChain.java:174)
	at org.apache.catalina.core.ApplicationFilterChain.doFilter(ApplicationFilterChain.java:149)
	at org.springframework.web.filter.FormContentFilter.doFilterInternal(FormContentFilter.java:93)
	at org.springframework.web.filter.OncePerRequestFilter.doFilter(OncePerRequestFilter.java:116)
	at org.apache.catalina.core.ApplicationFilterChain.internalDoFilter(ApplicationFilterChain.java:174)
	at org.apache.catalina.core.ApplicationFilterChain.doFilter(ApplicationFilterChain.java:149)
	at org.springframework.web.servlet.v6_0.OpenTelemetryHandlerMappingFilter.doFilter(OpenTelemetryHandlerMappingFilter.java:78)
	at org.apache.catalina.core.ApplicationFilterChain.internalDoFilter(ApplicationFilterChain.java:174)
	at org.apache.catalina.core.ApplicationFilterChain.doFilter(ApplicationFilterChain.java:149)
	at org.springframework.web.filter.ServerHttpObservationFilter.doFilterInternal(ServerHttpObservationFilter.java:109)
	at org.springframework.web.filter.OncePerRequestFilter.doFilter(OncePerRequestFilter.java:116)
	at org.apache.catalina.core.ApplicationFilterChain.internalDoFilter(ApplicationFilterChain.java:174)
	at org.apache.catalina.core.ApplicationFilterChain.doFilter(ApplicationFilterChain.java:149)
	at org.springframework.web.filter.CharacterEncodingFilter.doFilterInternal(CharacterEncodingFilter.java:201)
	at org.springframework.web.filter.OncePerRequestFilter.doFilter(OncePerRequestFilter.java:116)
	at org.apache.catalina.core.ApplicationFilterChain.internalDoFilter(ApplicationFilterChain.java:174)
	at org.apache.catalina.core.ApplicationFilterChain.doFilter(ApplicationFilterChain.java:149)
	at org.apache.catalina.core.StandardWrapperValve.invoke(StandardWrapperValve.java:167)
	at org.apache.catalina.core.StandardContextValve.invoke(StandardContextValve.java:90)
	at org.apache.catalina.authenticator.AuthenticatorBase.invoke(AuthenticatorBase.java:482)
	at org.apache.catalina.core.StandardHostValve.invoke(StandardHostValve.java:115)
	at org.apache.catalina.valves.ErrorReportValve.invoke(ErrorReportValve.java:93)
	at org.apache.catalina.core.StandardEngineValve.invoke(StandardEngineValve.java:74)
	at org.apache.catalina.connector.CoyoteAdapter.service(CoyoteAdapter.java:340)
	at org.apache.coyote.http11.Http11Processor.service(Http11Processor.java:391)
	at org.apache.coyote.AbstractProcessorLight.process(AbstractProcessorLight.java:63)
	at org.apache.coyote.AbstractProtocol$ConnectionHandler.process(AbstractProtocol.java:896)
	at org.apache.tomcat.util.net.NioEndpoint$SocketProcessor.doRun(NioEndpoint.java:1744)
	at org.apache.tomcat.util.net.SocketProcessorBase.run(SocketProcessorBase.java:52)
	at org.apache.tomcat.util.threads.ThreadPoolExecutor.runWorker(ThreadPoolExecutor.java:1191)
	at org.apache.tomcat.util.threads.ThreadPoolExecutor$Worker.run(ThreadPoolExecutor.java:659)
	at org.apache.tomcat.util.threads.TaskThread$WrappingRunnable.run(TaskThread.java:61)
	at java.base/java.lang.Thread.run(Thread.java:842)
