2025-07-02 14:04:03 [restartedMain] DEBUG o.s.s.c.a.a.c.AuthenticationConfiguration$DefaultPasswordEncoderAuthenticationManagerBuilder - No authenticationProviders and no parentAuthenticationManager defined. Returning null. MDC:[traceId=, spanId=]
2025-07-02 14:04:05 [restartedMain] DEBUG o.s.s.web.DefaultSecurityFilterChain - Will secure any request with filters: DisableEncodeUrlFilter, WebAsyncManagerIntegrationFilter, SecurityContextHolderFilter, HeaderWriterFilter, LogoutFilter, ApiKeyFilter, BearerTokenAuthenticationFilter, RequestCacheAwareFilter, SecurityContextHolderAwareRequestFilter, AnonymousAuthenticationFilter, SessionManagementFilter, ExceptionTranslationFilter, AuthorizationFilter MDC:[traceId=, spanId=]
2025-07-02 14:06:54 [restartedMain] DEBUG o.s.s.c.a.a.c.AuthenticationConfiguration$DefaultPasswordEncoderAuthenticationManagerBuilder - No authenticationProviders and no parentAuthenticationManager defined. Returning null. MDC:[traceId=, spanId=]
2025-07-02 14:06:56 [restartedMain] DEBUG o.s.s.web.DefaultSecurityFilterChain - Will secure any request with filters: DisableEncodeUrlFilter, WebAsyncManagerIntegrationFilter, SecurityContextHolderFilter, HeaderWriterFilter, LogoutFilter, ApiKeyFilter, BearerTokenAuthenticationFilter, RequestCacheAwareFilter, SecurityContextHolderAwareRequestFilter, AnonymousAuthenticationFilter, SessionManagementFilter, ExceptionTranslationFilter, AuthorizationFilter MDC:[traceId=, spanId=]
2025-07-02 14:08:40 [restartedMain] DEBUG o.s.s.c.a.a.c.AuthenticationConfiguration$DefaultPasswordEncoderAuthenticationManagerBuilder - No authenticationProviders and no parentAuthenticationManager defined. Returning null. MDC:[traceId=, spanId=]
2025-07-02 14:08:42 [restartedMain] DEBUG o.s.s.web.DefaultSecurityFilterChain - Will secure any request with filters: DisableEncodeUrlFilter, WebAsyncManagerIntegrationFilter, SecurityContextHolderFilter, HeaderWriterFilter, LogoutFilter, ApiKeyFilter, BearerTokenAuthenticationFilter, RequestCacheAwareFilter, SecurityContextHolderAwareRequestFilter, AnonymousAuthenticationFilter, SessionManagementFilter, ExceptionTranslationFilter, AuthorizationFilter MDC:[traceId=, spanId=]
2025-07-02 14:09:33 [http-nio-8082-exec-1] DEBUG o.s.security.web.FilterChainProxy - Securing GET /getAllPaymentAccount MDC:[traceId=, spanId=]
2025-07-02 14:09:33 [http-nio-8082-exec-1] DEBUG o.s.security.web.FilterChainProxy - Securing GET /error MDC:[traceId=, spanId=]
2025-07-02 14:09:33 [http-nio-8082-exec-1] DEBUG o.s.s.w.a.AnonymousAuthenticationFilter - Set SecurityContextHolder to anonymous SecurityContext MDC:[traceId=, spanId=]
2025-07-02 14:10:47 [restartedMain] DEBUG o.s.s.c.a.a.c.AuthenticationConfiguration$DefaultPasswordEncoderAuthenticationManagerBuilder - No authenticationProviders and no parentAuthenticationManager defined. Returning null. MDC:[traceId=, spanId=]
2025-07-02 14:10:49 [restartedMain] DEBUG o.s.s.web.DefaultSecurityFilterChain - Will secure any request with filters: DisableEncodeUrlFilter, WebAsyncManagerIntegrationFilter, SecurityContextHolderFilter, HeaderWriterFilter, LogoutFilter, ApiKeyFilter, BearerTokenAuthenticationFilter, RequestCacheAwareFilter, SecurityContextHolderAwareRequestFilter, AnonymousAuthenticationFilter, SessionManagementFilter, ExceptionTranslationFilter, AuthorizationFilter MDC:[traceId=, spanId=]
2025-07-02 14:11:09 [http-nio-8082-exec-2] DEBUG o.s.security.web.FilterChainProxy - Securing GET /getAllPaymentAccount MDC:[traceId=, spanId=]
2025-07-02 14:11:11 [http-nio-8082-exec-2] DEBUG o.s.s.o.s.r.a.JwtAuthenticationProvider - Authenticated token MDC:[traceId=, spanId=]
2025-07-02 14:11:11 [http-nio-8082-exec-2] DEBUG o.s.s.o.s.r.w.a.BearerTokenAuthenticationFilter - Set SecurityContextHolder to JwtAuthenticationToken [Principal=org.springframework.security.oauth2.jwt.Jwt@dd59dc33, Credentials=[PROTECTED], Authenticated=true, Details=WebAuthenticationDetails [RemoteIpAddress=127.0.0.1, SessionId=null], Granted Authorities=[ROLE_default-roles-myrealm, ROLE_offline_access, ROLE_CUSTOMER, ROLE_uma_authorization]] MDC:[traceId=, spanId=]
2025-07-02 14:11:11 [http-nio-8082-exec-2] DEBUG o.s.security.web.FilterChainProxy - Secured GET /getAllPaymentAccount MDC:[traceId=, spanId=]
2025-07-02 14:17:01 [restartedMain] DEBUG o.s.s.c.a.a.c.AuthenticationConfiguration$DefaultPasswordEncoderAuthenticationManagerBuilder - No authenticationProviders and no parentAuthenticationManager defined. Returning null. MDC:[traceId=, spanId=]
2025-07-02 14:17:02 [restartedMain] DEBUG o.s.s.web.DefaultSecurityFilterChain - Will secure any request with filters: DisableEncodeUrlFilter, WebAsyncManagerIntegrationFilter, SecurityContextHolderFilter, HeaderWriterFilter, LogoutFilter, ApiKeyFilter, BearerTokenAuthenticationFilter, RequestCacheAwareFilter, SecurityContextHolderAwareRequestFilter, AnonymousAuthenticationFilter, SessionManagementFilter, ExceptionTranslationFilter, AuthorizationFilter MDC:[traceId=, spanId=]
2025-07-02 14:19:29 [restartedMain] DEBUG o.s.s.c.a.a.c.AuthenticationConfiguration$DefaultPasswordEncoderAuthenticationManagerBuilder - No authenticationProviders and no parentAuthenticationManager defined. Returning null. MDC:[traceId=, spanId=]
2025-07-02 14:19:32 [restartedMain] DEBUG o.s.s.web.DefaultSecurityFilterChain - Will secure any request with filters: DisableEncodeUrlFilter, WebAsyncManagerIntegrationFilter, SecurityContextHolderFilter, HeaderWriterFilter, LogoutFilter, ApiKeyFilter, BearerTokenAuthenticationFilter, RequestCacheAwareFilter, SecurityContextHolderAwareRequestFilter, AnonymousAuthenticationFilter, SessionManagementFilter, ExceptionTranslationFilter, AuthorizationFilter MDC:[traceId=, spanId=]
2025-07-02 14:22:35 [http-nio-8082-exec-1] DEBUG o.s.security.web.FilterChainProxy - Securing GET /getAllPaymentAccount MDC:[traceId=, spanId=]
2025-07-02 14:22:35 [http-nio-8082-exec-1] DEBUG o.s.s.o.s.r.a.JwtAuthenticationProvider - Authenticated token MDC:[traceId=, spanId=]
2025-07-02 14:22:35 [http-nio-8082-exec-1] DEBUG o.s.s.o.s.r.w.a.BearerTokenAuthenticationFilter - Set SecurityContextHolder to JwtAuthenticationToken [Principal=org.springframework.security.oauth2.jwt.Jwt@2aa6fb2a, Credentials=[PROTECTED], Authenticated=true, Details=WebAuthenticationDetails [RemoteIpAddress=127.0.0.1, SessionId=null], Granted Authorities=[ROLE_default-roles-myrealm, ROLE_offline_access, ROLE_CUSTOMER, ROLE_uma_authorization]] MDC:[traceId=, spanId=]
2025-07-02 14:22:35 [http-nio-8082-exec-1] DEBUG o.s.security.web.FilterChainProxy - Secured GET /getAllPaymentAccount MDC:[traceId=, spanId=]
2025-07-02 14:22:36 [http-nio-8082-exec-1] DEBUG o.s.security.web.FilterChainProxy - Securing GET /error MDC:[traceId=, spanId=]
2025-07-02 14:22:36 [http-nio-8082-exec-1] DEBUG o.s.security.web.FilterChainProxy - Secured GET /error MDC:[traceId=, spanId=]
2025-07-02 14:22:40 [http-nio-8082-exec-2] DEBUG o.s.security.web.FilterChainProxy - Securing GET /getAllPaymentAccount MDC:[traceId=, spanId=]
2025-07-02 14:22:40 [http-nio-8082-exec-2] DEBUG o.s.s.o.s.r.a.JwtAuthenticationProvider - Authenticated token MDC:[traceId=, spanId=]
2025-07-02 14:22:40 [http-nio-8082-exec-4] DEBUG o.s.security.web.FilterChainProxy - Securing GET /get-all-term MDC:[traceId=, spanId=]
2025-07-02 14:22:40 [http-nio-8082-exec-2] DEBUG o.s.s.o.s.r.w.a.BearerTokenAuthenticationFilter - Set SecurityContextHolder to JwtAuthenticationToken [Principal=org.springframework.security.oauth2.jwt.Jwt@2aa6fb2a, Credentials=[PROTECTED], Authenticated=true, Details=WebAuthenticationDetails [RemoteIpAddress=127.0.0.1, SessionId=null], Granted Authorities=[ROLE_default-roles-myrealm, ROLE_offline_access, ROLE_CUSTOMER, ROLE_uma_authorization]] MDC:[traceId=, spanId=]
2025-07-02 14:22:40 [http-nio-8082-exec-2] DEBUG o.s.security.web.FilterChainProxy - Secured GET /getAllPaymentAccount MDC:[traceId=, spanId=]
2025-07-02 14:22:40 [http-nio-8082-exec-4] DEBUG o.s.s.o.s.r.a.JwtAuthenticationProvider - Authenticated token MDC:[traceId=, spanId=]
2025-07-02 14:22:40 [http-nio-8082-exec-4] DEBUG o.s.s.o.s.r.w.a.BearerTokenAuthenticationFilter - Set SecurityContextHolder to JwtAuthenticationToken [Principal=org.springframework.security.oauth2.jwt.Jwt@2aa6fb2a, Credentials=[PROTECTED], Authenticated=true, Details=WebAuthenticationDetails [RemoteIpAddress=127.0.0.1, SessionId=null], Granted Authorities=[ROLE_default-roles-myrealm, ROLE_offline_access, ROLE_CUSTOMER, ROLE_uma_authorization]] MDC:[traceId=, spanId=]
2025-07-02 14:22:40 [http-nio-8082-exec-4] DEBUG o.s.security.web.FilterChainProxy - Secured GET /get-all-term MDC:[traceId=, spanId=]
2025-07-02 14:22:40 [http-nio-8082-exec-2] DEBUG o.s.security.web.FilterChainProxy - Securing GET /error MDC:[traceId=, spanId=]
2025-07-02 14:22:40 [http-nio-8082-exec-2] DEBUG o.s.security.web.FilterChainProxy - Secured GET /error MDC:[traceId=, spanId=]
2025-07-02 14:22:40 [http-nio-8082-exec-3] DEBUG o.s.security.web.FilterChainProxy - Securing GET /getAllCreditAccount MDC:[traceId=, spanId=]
2025-07-02 14:22:40 [http-nio-8082-exec-3] DEBUG o.s.s.o.s.r.a.JwtAuthenticationProvider - Authenticated token MDC:[traceId=, spanId=]
2025-07-02 14:22:40 [http-nio-8082-exec-3] DEBUG o.s.s.o.s.r.w.a.BearerTokenAuthenticationFilter - Set SecurityContextHolder to JwtAuthenticationToken [Principal=org.springframework.security.oauth2.jwt.Jwt@2aa6fb2a, Credentials=[PROTECTED], Authenticated=true, Details=WebAuthenticationDetails [RemoteIpAddress=127.0.0.1, SessionId=null], Granted Authorities=[ROLE_default-roles-myrealm, ROLE_offline_access, ROLE_CUSTOMER, ROLE_uma_authorization]] MDC:[traceId=, spanId=]
2025-07-02 14:22:40 [http-nio-8082-exec-3] DEBUG o.s.security.web.FilterChainProxy - Secured GET /getAllCreditAccount MDC:[traceId=, spanId=]
2025-07-02 14:24:39 [http-nio-8082-exec-6] DEBUG o.s.security.web.FilterChainProxy - Securing GET /get-customer/970452999999999 MDC:[traceId=, spanId=]
2025-07-02 14:24:39 [http-nio-8082-exec-6] DEBUG o.s.s.o.s.r.a.JwtAuthenticationProvider - Authenticated token MDC:[traceId=, spanId=]
2025-07-02 14:24:39 [http-nio-8082-exec-6] DEBUG o.s.s.o.s.r.w.a.BearerTokenAuthenticationFilter - Set SecurityContextHolder to JwtAuthenticationToken [Principal=org.springframework.security.oauth2.jwt.Jwt@2aa6fb2a, Credentials=[PROTECTED], Authenticated=true, Details=WebAuthenticationDetails [RemoteIpAddress=127.0.0.1, SessionId=null], Granted Authorities=[ROLE_default-roles-myrealm, ROLE_offline_access, ROLE_CUSTOMER, ROLE_uma_authorization]] MDC:[traceId=, spanId=]
2025-07-02 14:24:39 [http-nio-8082-exec-6] DEBUG o.s.security.web.FilterChainProxy - Secured GET /get-customer/970452999999999 MDC:[traceId=, spanId=]
2025-07-02 14:24:40 [http-nio-8082-exec-7] DEBUG o.s.security.web.FilterChainProxy - Securing GET /getAllPaymentAccount MDC:[traceId=, spanId=]
2025-07-02 14:24:40 [http-nio-8082-exec-7] DEBUG o.s.s.o.s.r.a.JwtAuthenticationProvider - Authenticated token MDC:[traceId=, spanId=]
2025-07-02 14:24:40 [http-nio-8082-exec-7] DEBUG o.s.s.o.s.r.w.a.BearerTokenAuthenticationFilter - Set SecurityContextHolder to JwtAuthenticationToken [Principal=org.springframework.security.oauth2.jwt.Jwt@2aa6fb2a, Credentials=[PROTECTED], Authenticated=true, Details=WebAuthenticationDetails [RemoteIpAddress=127.0.0.1, SessionId=null], Granted Authorities=[ROLE_default-roles-myrealm, ROLE_offline_access, ROLE_CUSTOMER, ROLE_uma_authorization]] MDC:[traceId=, spanId=]
2025-07-02 14:24:40 [http-nio-8082-exec-7] DEBUG o.s.security.web.FilterChainProxy - Secured GET /getAllPaymentAccount MDC:[traceId=, spanId=]
2025-07-02 14:24:40 [http-nio-8082-exec-7] DEBUG o.s.security.web.FilterChainProxy - Securing GET /error MDC:[traceId=, spanId=]
2025-07-02 14:24:40 [http-nio-8082-exec-7] DEBUG o.s.security.web.FilterChainProxy - Secured GET /error MDC:[traceId=, spanId=]
2025-07-02 14:30:02 [restartedMain] DEBUG o.s.s.c.a.a.c.AuthenticationConfiguration$DefaultPasswordEncoderAuthenticationManagerBuilder - No authenticationProviders and no parentAuthenticationManager defined. Returning null. MDC:[traceId=, spanId=]
2025-07-02 14:30:04 [restartedMain] DEBUG o.s.s.web.DefaultSecurityFilterChain - Will secure any request with filters: DisableEncodeUrlFilter, WebAsyncManagerIntegrationFilter, SecurityContextHolderFilter, HeaderWriterFilter, LogoutFilter, ApiKeyFilter, BearerTokenAuthenticationFilter, RequestCacheAwareFilter, SecurityContextHolderAwareRequestFilter, AnonymousAuthenticationFilter, SessionManagementFilter, ExceptionTranslationFilter, AuthorizationFilter MDC:[traceId=, spanId=]
2025-07-02 14:30:45 [http-nio-8082-exec-1] DEBUG o.s.security.web.FilterChainProxy - Securing GET /getAllPaymentAccount MDC:[traceId=, spanId=]
2025-07-02 14:30:45 [http-nio-8082-exec-1] DEBUG o.s.s.o.s.r.a.JwtAuthenticationProvider - Authenticated token MDC:[traceId=, spanId=]
2025-07-02 14:30:45 [http-nio-8082-exec-1] DEBUG o.s.s.o.s.r.w.a.BearerTokenAuthenticationFilter - Set SecurityContextHolder to JwtAuthenticationToken [Principal=org.springframework.security.oauth2.jwt.Jwt@2aa6fb2a, Credentials=[PROTECTED], Authenticated=true, Details=WebAuthenticationDetails [RemoteIpAddress=127.0.0.1, SessionId=null], Granted Authorities=[ROLE_default-roles-myrealm, ROLE_offline_access, ROLE_CUSTOMER, ROLE_uma_authorization]] MDC:[traceId=, spanId=]
2025-07-02 14:30:46 [http-nio-8082-exec-1] DEBUG o.s.security.web.FilterChainProxy - Secured GET /getAllPaymentAccount MDC:[traceId=, spanId=]
2025-07-02 14:30:59 [http-nio-8082-exec-4] DEBUG o.s.security.web.FilterChainProxy - Securing GET /getAllCreditAccount MDC:[traceId=, spanId=]
2025-07-02 14:30:59 [http-nio-8082-exec-4] DEBUG o.s.s.o.s.r.a.JwtAuthenticationProvider - Authenticated token MDC:[traceId=, spanId=]
2025-07-02 14:30:59 [http-nio-8082-exec-4] DEBUG o.s.s.o.s.r.w.a.BearerTokenAuthenticationFilter - Set SecurityContextHolder to JwtAuthenticationToken [Principal=org.springframework.security.oauth2.jwt.Jwt@2aa6fb2a, Credentials=[PROTECTED], Authenticated=true, Details=WebAuthenticationDetails [RemoteIpAddress=127.0.0.1, SessionId=null], Granted Authorities=[ROLE_default-roles-myrealm, ROLE_offline_access, ROLE_CUSTOMER, ROLE_uma_authorization]] MDC:[traceId=, spanId=]
2025-07-02 14:30:59 [http-nio-8082-exec-4] DEBUG o.s.security.web.FilterChainProxy - Secured GET /getAllCreditAccount MDC:[traceId=, spanId=]
2025-07-02 14:37:21 [http-nio-8082-exec-5] DEBUG o.s.security.web.FilterChainProxy - Securing GET /get-customer/27072000 MDC:[traceId=, spanId=]
2025-07-02 14:37:21 [http-nio-8082-exec-2] DEBUG o.s.security.web.FilterChainProxy - Securing GET /get-customer/12345678 MDC:[traceId=, spanId=]
2025-07-02 14:37:21 [http-nio-8082-exec-5] DEBUG o.s.s.o.s.r.a.JwtAuthenticationProvider - Authenticated token MDC:[traceId=, spanId=]
2025-07-02 14:37:21 [http-nio-8082-exec-2] DEBUG o.s.s.o.s.r.a.JwtAuthenticationProvider - Authenticated token MDC:[traceId=, spanId=]
2025-07-02 14:37:21 [http-nio-8082-exec-5] DEBUG o.s.s.o.s.r.w.a.BearerTokenAuthenticationFilter - Set SecurityContextHolder to JwtAuthenticationToken [Principal=org.springframework.security.oauth2.jwt.Jwt@2aa6fb2a, Credentials=[PROTECTED], Authenticated=true, Details=WebAuthenticationDetails [RemoteIpAddress=127.0.0.1, SessionId=null], Granted Authorities=[ROLE_default-roles-myrealm, ROLE_offline_access, ROLE_CUSTOMER, ROLE_uma_authorization]] MDC:[traceId=, spanId=]
2025-07-02 14:37:21 [http-nio-8082-exec-5] DEBUG o.s.security.web.FilterChainProxy - Secured GET /get-customer/27072000 MDC:[traceId=, spanId=]
2025-07-02 14:37:21 [http-nio-8082-exec-2] DEBUG o.s.s.o.s.r.w.a.BearerTokenAuthenticationFilter - Set SecurityContextHolder to JwtAuthenticationToken [Principal=org.springframework.security.oauth2.jwt.Jwt@2aa6fb2a, Credentials=[PROTECTED], Authenticated=true, Details=WebAuthenticationDetails [RemoteIpAddress=127.0.0.1, SessionId=null], Granted Authorities=[ROLE_default-roles-myrealm, ROLE_offline_access, ROLE_CUSTOMER, ROLE_uma_authorization]] MDC:[traceId=, spanId=]
2025-07-02 14:37:21 [http-nio-8082-exec-2] DEBUG o.s.security.web.FilterChainProxy - Secured GET /get-customer/12345678 MDC:[traceId=, spanId=]
2025-07-02 14:38:26 [http-nio-8082-exec-8] DEBUG o.s.security.web.FilterChainProxy - Securing GET /get-customer/12345678 MDC:[traceId=, spanId=]
2025-07-02 14:38:26 [http-nio-8082-exec-9] DEBUG o.s.security.web.FilterChainProxy - Securing GET /get-customer/970452999999999 MDC:[traceId=, spanId=]
2025-07-02 14:38:26 [http-nio-8082-exec-8] DEBUG o.s.s.o.s.r.a.JwtAuthenticationProvider - Authenticated token MDC:[traceId=, spanId=]
2025-07-02 14:38:26 [http-nio-8082-exec-9] DEBUG o.s.s.o.s.r.a.JwtAuthenticationProvider - Authenticated token MDC:[traceId=, spanId=]
2025-07-02 14:38:26 [http-nio-8082-exec-8] DEBUG o.s.s.o.s.r.w.a.BearerTokenAuthenticationFilter - Set SecurityContextHolder to JwtAuthenticationToken [Principal=org.springframework.security.oauth2.jwt.Jwt@b46b46ed, Credentials=[PROTECTED], Authenticated=true, Details=WebAuthenticationDetails [RemoteIpAddress=127.0.0.1, SessionId=null], Granted Authorities=[ROLE_default-roles-myrealm, ROLE_offline_access, ROLE_CUSTOMER, ROLE_ADMIN, ROLE_uma_authorization]] MDC:[traceId=, spanId=]
2025-07-02 14:38:26 [http-nio-8082-exec-9] DEBUG o.s.s.o.s.r.w.a.BearerTokenAuthenticationFilter - Set SecurityContextHolder to JwtAuthenticationToken [Principal=org.springframework.security.oauth2.jwt.Jwt@b46b46ed, Credentials=[PROTECTED], Authenticated=true, Details=WebAuthenticationDetails [RemoteIpAddress=127.0.0.1, SessionId=null], Granted Authorities=[ROLE_default-roles-myrealm, ROLE_offline_access, ROLE_CUSTOMER, ROLE_ADMIN, ROLE_uma_authorization]] MDC:[traceId=, spanId=]
2025-07-02 14:38:26 [http-nio-8082-exec-9] DEBUG o.s.security.web.FilterChainProxy - Secured GET /get-customer/970452999999999 MDC:[traceId=, spanId=]
2025-07-02 14:38:26 [http-nio-8082-exec-8] DEBUG o.s.security.web.FilterChainProxy - Secured GET /get-customer/12345678 MDC:[traceId=, spanId=]
2025-07-02 14:38:29 [http-nio-8082-exec-7] DEBUG o.s.security.web.FilterChainProxy - Securing GET /get-customer/12345678 MDC:[traceId=, spanId=]
2025-07-02 14:38:29 [http-nio-8082-exec-7] DEBUG o.s.s.o.s.r.a.JwtAuthenticationProvider - Authenticated token MDC:[traceId=, spanId=]
2025-07-02 14:38:29 [http-nio-8082-exec-7] DEBUG o.s.s.o.s.r.w.a.BearerTokenAuthenticationFilter - Set SecurityContextHolder to JwtAuthenticationToken [Principal=org.springframework.security.oauth2.jwt.Jwt@b46b46ed, Credentials=[PROTECTED], Authenticated=true, Details=WebAuthenticationDetails [RemoteIpAddress=127.0.0.1, SessionId=null], Granted Authorities=[ROLE_default-roles-myrealm, ROLE_offline_access, ROLE_CUSTOMER, ROLE_ADMIN, ROLE_uma_authorization]] MDC:[traceId=, spanId=]
2025-07-02 14:38:29 [http-nio-8082-exec-7] DEBUG o.s.security.web.FilterChainProxy - Secured GET /get-customer/12345678 MDC:[traceId=, spanId=]
2025-07-02 14:38:29 [http-nio-8082-exec-1] DEBUG o.s.security.web.FilterChainProxy - Securing GET /get-customer/970452999999999 MDC:[traceId=, spanId=]
2025-07-02 14:38:29 [http-nio-8082-exec-1] DEBUG o.s.s.o.s.r.a.JwtAuthenticationProvider - Authenticated token MDC:[traceId=, spanId=]
2025-07-02 14:38:29 [http-nio-8082-exec-1] DEBUG o.s.s.o.s.r.w.a.BearerTokenAuthenticationFilter - Set SecurityContextHolder to JwtAuthenticationToken [Principal=org.springframework.security.oauth2.jwt.Jwt@b46b46ed, Credentials=[PROTECTED], Authenticated=true, Details=WebAuthenticationDetails [RemoteIpAddress=127.0.0.1, SessionId=null], Granted Authorities=[ROLE_default-roles-myrealm, ROLE_offline_access, ROLE_CUSTOMER, ROLE_ADMIN, ROLE_uma_authorization]] MDC:[traceId=, spanId=]
2025-07-02 14:38:29 [http-nio-8082-exec-1] DEBUG o.s.security.web.FilterChainProxy - Secured GET /get-customer/970452999999999 MDC:[traceId=, spanId=]
2025-07-02 14:38:31 [http-nio-8082-exec-6] DEBUG o.s.security.web.FilterChainProxy - Securing GET /get-customer/12345678 MDC:[traceId=, spanId=]
2025-07-02 14:38:31 [http-nio-8082-exec-4] DEBUG o.s.security.web.FilterChainProxy - Securing GET /get-customer/970452999999999 MDC:[traceId=, spanId=]
2025-07-02 14:38:31 [http-nio-8082-exec-6] DEBUG o.s.s.o.s.r.a.JwtAuthenticationProvider - Authenticated token MDC:[traceId=, spanId=]
2025-07-02 14:38:31 [http-nio-8082-exec-6] DEBUG o.s.s.o.s.r.w.a.BearerTokenAuthenticationFilter - Set SecurityContextHolder to JwtAuthenticationToken [Principal=org.springframework.security.oauth2.jwt.Jwt@b46b46ed, Credentials=[PROTECTED], Authenticated=true, Details=WebAuthenticationDetails [RemoteIpAddress=127.0.0.1, SessionId=null], Granted Authorities=[ROLE_default-roles-myrealm, ROLE_offline_access, ROLE_CUSTOMER, ROLE_ADMIN, ROLE_uma_authorization]] MDC:[traceId=, spanId=]
2025-07-02 14:38:31 [http-nio-8082-exec-4] DEBUG o.s.s.o.s.r.a.JwtAuthenticationProvider - Authenticated token MDC:[traceId=, spanId=]
2025-07-02 14:38:31 [http-nio-8082-exec-6] DEBUG o.s.security.web.FilterChainProxy - Secured GET /get-customer/12345678 MDC:[traceId=, spanId=]
2025-07-02 14:38:31 [http-nio-8082-exec-4] DEBUG o.s.s.o.s.r.w.a.BearerTokenAuthenticationFilter - Set SecurityContextHolder to JwtAuthenticationToken [Principal=org.springframework.security.oauth2.jwt.Jwt@b46b46ed, Credentials=[PROTECTED], Authenticated=true, Details=WebAuthenticationDetails [RemoteIpAddress=127.0.0.1, SessionId=null], Granted Authorities=[ROLE_default-roles-myrealm, ROLE_offline_access, ROLE_CUSTOMER, ROLE_ADMIN, ROLE_uma_authorization]] MDC:[traceId=, spanId=]
2025-07-02 14:38:31 [http-nio-8082-exec-4] DEBUG o.s.security.web.FilterChainProxy - Secured GET /get-customer/970452999999999 MDC:[traceId=, spanId=]
2025-07-02 14:39:09 [http-nio-8082-exec-2] DEBUG o.s.security.web.FilterChainProxy - Securing GET /get-customer/12345678 MDC:[traceId=, spanId=]
2025-07-02 14:39:09 [http-nio-8082-exec-5] DEBUG o.s.security.web.FilterChainProxy - Securing GET /get-customer/87654321 MDC:[traceId=, spanId=]
2025-07-02 14:39:09 [http-nio-8082-exec-2] DEBUG o.s.s.o.s.r.a.JwtAuthenticationProvider - Authenticated token MDC:[traceId=, spanId=]
2025-07-02 14:39:09 [http-nio-8082-exec-2] DEBUG o.s.s.o.s.r.w.a.BearerTokenAuthenticationFilter - Set SecurityContextHolder to JwtAuthenticationToken [Principal=org.springframework.security.oauth2.jwt.Jwt@b46b46ed, Credentials=[PROTECTED], Authenticated=true, Details=WebAuthenticationDetails [RemoteIpAddress=127.0.0.1, SessionId=null], Granted Authorities=[ROLE_default-roles-myrealm, ROLE_offline_access, ROLE_CUSTOMER, ROLE_ADMIN, ROLE_uma_authorization]] MDC:[traceId=, spanId=]
2025-07-02 14:39:09 [http-nio-8082-exec-2] DEBUG o.s.security.web.FilterChainProxy - Secured GET /get-customer/12345678 MDC:[traceId=, spanId=]
2025-07-02 14:39:09 [http-nio-8082-exec-5] DEBUG o.s.s.o.s.r.a.JwtAuthenticationProvider - Authenticated token MDC:[traceId=, spanId=]
2025-07-02 14:39:09 [http-nio-8082-exec-5] DEBUG o.s.s.o.s.r.w.a.BearerTokenAuthenticationFilter - Set SecurityContextHolder to JwtAuthenticationToken [Principal=org.springframework.security.oauth2.jwt.Jwt@b46b46ed, Credentials=[PROTECTED], Authenticated=true, Details=WebAuthenticationDetails [RemoteIpAddress=127.0.0.1, SessionId=null], Granted Authorities=[ROLE_default-roles-myrealm, ROLE_offline_access, ROLE_CUSTOMER, ROLE_ADMIN, ROLE_uma_authorization]] MDC:[traceId=, spanId=]
2025-07-02 14:39:09 [http-nio-8082-exec-5] DEBUG o.s.security.web.FilterChainProxy - Secured GET /get-customer/87654321 MDC:[traceId=, spanId=]
2025-07-02 14:45:33 [http-nio-8082-exec-8] DEBUG o.s.security.web.FilterChainProxy - Securing GET /get-customer/12345678 MDC:[traceId=, spanId=]
2025-07-02 14:45:33 [http-nio-8082-exec-8] DEBUG o.s.s.o.s.r.a.JwtAuthenticationProvider - Authenticated token MDC:[traceId=, spanId=]
2025-07-02 14:45:33 [http-nio-8082-exec-8] DEBUG o.s.s.o.s.r.w.a.BearerTokenAuthenticationFilter - Set SecurityContextHolder to JwtAuthenticationToken [Principal=org.springframework.security.oauth2.jwt.Jwt@2aa6fb2a, Credentials=[PROTECTED], Authenticated=true, Details=WebAuthenticationDetails [RemoteIpAddress=127.0.0.1, SessionId=null], Granted Authorities=[ROLE_default-roles-myrealm, ROLE_offline_access, ROLE_CUSTOMER, ROLE_uma_authorization]] MDC:[traceId=, spanId=]
2025-07-02 14:45:33 [http-nio-8082-exec-8] DEBUG o.s.security.web.FilterChainProxy - Secured GET /get-customer/12345678 MDC:[traceId=, spanId=]
2025-07-02 14:54:32 [restartedMain] DEBUG o.s.s.c.a.a.c.AuthenticationConfiguration$DefaultPasswordEncoderAuthenticationManagerBuilder - No authenticationProviders and no parentAuthenticationManager defined. Returning null. MDC:[traceId=, spanId=]
2025-07-02 14:54:34 [restartedMain] DEBUG o.s.s.web.DefaultSecurityFilterChain - Will secure any request with filters: DisableEncodeUrlFilter, WebAsyncManagerIntegrationFilter, SecurityContextHolderFilter, HeaderWriterFilter, LogoutFilter, ApiKeyFilter, BearerTokenAuthenticationFilter, RequestCacheAwareFilter, SecurityContextHolderAwareRequestFilter, AnonymousAuthenticationFilter, SessionManagementFilter, ExceptionTranslationFilter, AuthorizationFilter MDC:[traceId=, spanId=]
2025-07-02 15:18:36 [restartedMain] DEBUG o.s.s.c.a.a.c.AuthenticationConfiguration$DefaultPasswordEncoderAuthenticationManagerBuilder - No authenticationProviders and no parentAuthenticationManager defined. Returning null. MDC:[traceId=, spanId=]
2025-07-02 15:18:39 [restartedMain] DEBUG o.s.s.web.DefaultSecurityFilterChain - Will secure any request with filters: DisableEncodeUrlFilter, WebAsyncManagerIntegrationFilter, SecurityContextHolderFilter, HeaderWriterFilter, LogoutFilter, ApiKeyFilter, BearerTokenAuthenticationFilter, RequestCacheAwareFilter, SecurityContextHolderAwareRequestFilter, AnonymousAuthenticationFilter, SessionManagementFilter, ExceptionTranslationFilter, AuthorizationFilter MDC:[traceId=, spanId=]
2025-07-02 15:18:52 [restartedMain] DEBUG o.s.s.c.a.a.c.AuthenticationConfiguration$DefaultPasswordEncoderAuthenticationManagerBuilder - No authenticationProviders and no parentAuthenticationManager defined. Returning null. MDC:[traceId=, spanId=]
2025-07-02 15:18:55 [restartedMain] DEBUG o.s.s.web.DefaultSecurityFilterChain - Will secure any request with filters: DisableEncodeUrlFilter, WebAsyncManagerIntegrationFilter, SecurityContextHolderFilter, HeaderWriterFilter, LogoutFilter, ApiKeyFilter, BearerTokenAuthenticationFilter, RequestCacheAwareFilter, SecurityContextHolderAwareRequestFilter, AnonymousAuthenticationFilter, SessionManagementFilter, ExceptionTranslationFilter, AuthorizationFilter MDC:[traceId=, spanId=]
2025-07-02 15:21:58 [restartedMain] DEBUG o.s.s.c.a.a.c.AuthenticationConfiguration$DefaultPasswordEncoderAuthenticationManagerBuilder - No authenticationProviders and no parentAuthenticationManager defined. Returning null. MDC:[traceId=, spanId=]
2025-07-02 15:21:59 [restartedMain] DEBUG o.s.s.web.DefaultSecurityFilterChain - Will secure any request with filters: DisableEncodeUrlFilter, WebAsyncManagerIntegrationFilter, SecurityContextHolderFilter, HeaderWriterFilter, LogoutFilter, ApiKeyFilter, BearerTokenAuthenticationFilter, RequestCacheAwareFilter, SecurityContextHolderAwareRequestFilter, AnonymousAuthenticationFilter, SessionManagementFilter, ExceptionTranslationFilter, AuthorizationFilter MDC:[traceId=, spanId=]
2025-07-02 15:27:43 [restartedMain] DEBUG o.s.s.c.a.a.c.AuthenticationConfiguration$DefaultPasswordEncoderAuthenticationManagerBuilder - No authenticationProviders and no parentAuthenticationManager defined. Returning null. MDC:[traceId=, spanId=]
2025-07-02 15:27:44 [restartedMain] DEBUG o.s.s.web.DefaultSecurityFilterChain - Will secure any request with filters: DisableEncodeUrlFilter, WebAsyncManagerIntegrationFilter, SecurityContextHolderFilter, HeaderWriterFilter, LogoutFilter, ApiKeyFilter, BearerTokenAuthenticationFilter, RequestCacheAwareFilter, SecurityContextHolderAwareRequestFilter, AnonymousAuthenticationFilter, SessionManagementFilter, ExceptionTranslationFilter, AuthorizationFilter MDC:[traceId=, spanId=]
2025-07-02 15:28:19 [restartedMain] DEBUG o.s.s.c.a.a.c.AuthenticationConfiguration$DefaultPasswordEncoderAuthenticationManagerBuilder - No authenticationProviders and no parentAuthenticationManager defined. Returning null. MDC:[traceId=, spanId=]
2025-07-02 15:28:20 [restartedMain] DEBUG o.s.s.web.DefaultSecurityFilterChain - Will secure any request with filters: DisableEncodeUrlFilter, WebAsyncManagerIntegrationFilter, SecurityContextHolderFilter, HeaderWriterFilter, LogoutFilter, ApiKeyFilter, BearerTokenAuthenticationFilter, RequestCacheAwareFilter, SecurityContextHolderAwareRequestFilter, AnonymousAuthenticationFilter, SessionManagementFilter, ExceptionTranslationFilter, AuthorizationFilter MDC:[traceId=, spanId=]
