2025-06-16 15:24:43 [restartedMain] DEBUG o.s.s.c.a.a.c.AuthenticationConfiguration$DefaultPasswordEncoderAuthenticationManagerBuilder - No authenticationProviders and no parentAuthenticationManager defined. Returning null. MDC:[traceId=, spanId=]
2025-06-16 15:24:45 [restartedMain] DEBUG o.s.s.web.DefaultSecurityFilterChain - Will secure any request with filters: DisableEncodeUrlFilter, WebAsyncManagerIntegrationFilter, SecurityContextHolderFilter, HeaderWriterFilter, LogoutFilter, BearerTokenAuthenticationFilter, RequestCacheAwareFilter, SecurityContextHolderAwareRequestFilter, AnonymousAuthenticationFilter, SessionManagementFilter, ExceptionTranslationFilter, AuthorizationFilter MDC:[traceId=, spanId=]
2025-06-16 15:35:47 [restartedMain] DEBUG o.s.s.c.a.a.c.AuthenticationConfiguration$DefaultPasswordEncoderAuthenticationManagerBuilder - No authenticationProviders and no parentAuthenticationManager defined. Returning null. MDC:[traceId=, spanId=]
2025-06-16 15:35:48 [restartedMain] DEBUG o.s.s.web.DefaultSecurityFilterChain - Will secure any request with filters: DisableEncodeUrlFilter, WebAsyncManagerIntegrationFilter, SecurityContextHolderFilter, HeaderWriterFilter, LogoutFilter, BearerTokenAuthenticationFilter, RequestCacheAwareFilter, SecurityContextHolderAwareRequestFilter, AnonymousAuthenticationFilter, SessionManagementFilter, ExceptionTranslationFilter, AuthorizationFilter MDC:[traceId=, spanId=]
2025-06-16 15:52:54 [restartedMain] DEBUG o.s.s.c.a.a.c.AuthenticationConfiguration$DefaultPasswordEncoderAuthenticationManagerBuilder - No authenticationProviders and no parentAuthenticationManager defined. Returning null. MDC:[traceId=, spanId=]
2025-06-16 15:52:55 [restartedMain] DEBUG o.s.s.web.DefaultSecurityFilterChain - Will secure any request with filters: DisableEncodeUrlFilter, WebAsyncManagerIntegrationFilter, SecurityContextHolderFilter, HeaderWriterFilter, LogoutFilter, BearerTokenAuthenticationFilter, RequestCacheAwareFilter, SecurityContextHolderAwareRequestFilter, AnonymousAuthenticationFilter, SessionManagementFilter, ExceptionTranslationFilter, AuthorizationFilter MDC:[traceId=, spanId=]
2025-06-16 15:54:44 [restartedMain] DEBUG o.s.s.c.a.a.c.AuthenticationConfiguration$DefaultPasswordEncoderAuthenticationManagerBuilder - No authenticationProviders and no parentAuthenticationManager defined. Returning null. MDC:[traceId=, spanId=]
2025-06-16 15:54:46 [restartedMain] DEBUG o.s.s.web.DefaultSecurityFilterChain - Will secure any request with filters: DisableEncodeUrlFilter, WebAsyncManagerIntegrationFilter, SecurityContextHolderFilter, HeaderWriterFilter, LogoutFilter, BearerTokenAuthenticationFilter, RequestCacheAwareFilter, SecurityContextHolderAwareRequestFilter, AnonymousAuthenticationFilter, SessionManagementFilter, ExceptionTranslationFilter, AuthorizationFilter MDC:[traceId=, spanId=]
2025-06-16 15:56:14 [restartedMain] DEBUG o.s.s.c.a.a.c.AuthenticationConfiguration$DefaultPasswordEncoderAuthenticationManagerBuilder - No authenticationProviders and no parentAuthenticationManager defined. Returning null. MDC:[traceId=, spanId=]
2025-06-16 15:56:16 [restartedMain] DEBUG o.s.s.web.DefaultSecurityFilterChain - Will secure any request with filters: DisableEncodeUrlFilter, WebAsyncManagerIntegrationFilter, SecurityContextHolderFilter, HeaderWriterFilter, LogoutFilter, BearerTokenAuthenticationFilter, RequestCacheAwareFilter, SecurityContextHolderAwareRequestFilter, AnonymousAuthenticationFilter, SessionManagementFilter, ExceptionTranslationFilter, AuthorizationFilter MDC:[traceId=, spanId=]
2025-06-16 16:42:37 [restartedMain] DEBUG o.s.s.c.a.a.c.AuthenticationConfiguration$DefaultPasswordEncoderAuthenticationManagerBuilder - No authenticationProviders and no parentAuthenticationManager defined. Returning null. MDC:[traceId=, spanId=]
2025-06-16 16:42:39 [restartedMain] DEBUG o.s.s.web.DefaultSecurityFilterChain - Will secure any request with filters: DisableEncodeUrlFilter, WebAsyncManagerIntegrationFilter, SecurityContextHolderFilter, HeaderWriterFilter, LogoutFilter, BearerTokenAuthenticationFilter, RequestCacheAwareFilter, SecurityContextHolderAwareRequestFilter, AnonymousAuthenticationFilter, SessionManagementFilter, ExceptionTranslationFilter, AuthorizationFilter MDC:[traceId=, spanId=]
2025-06-16 16:45:40 [restartedMain] DEBUG o.s.s.c.a.a.c.AuthenticationConfiguration$DefaultPasswordEncoderAuthenticationManagerBuilder - No authenticationProviders and no parentAuthenticationManager defined. Returning null. MDC:[traceId=, spanId=]
2025-06-16 16:45:41 [restartedMain] DEBUG o.s.s.web.DefaultSecurityFilterChain - Will secure any request with filters: DisableEncodeUrlFilter, WebAsyncManagerIntegrationFilter, SecurityContextHolderFilter, HeaderWriterFilter, LogoutFilter, BearerTokenAuthenticationFilter, RequestCacheAwareFilter, SecurityContextHolderAwareRequestFilter, AnonymousAuthenticationFilter, SessionManagementFilter, ExceptionTranslationFilter, AuthorizationFilter MDC:[traceId=, spanId=]
2025-06-16 16:45:51 [http-nio-8082-exec-1] DEBUG o.s.security.web.FilterChainProxy - Securing POST /create-payment-request/9704520163602 MDC:[traceId=, spanId=]
2025-06-16 16:45:51 [http-nio-8082-exec-1] DEBUG o.s.s.o.s.r.a.JwtAuthenticationProvider - Authenticated token MDC:[traceId=, spanId=]
2025-06-16 16:45:51 [http-nio-8082-exec-1] DEBUG o.s.s.o.s.r.w.a.BearerTokenAuthenticationFilter - Set SecurityContextHolder to JwtAuthenticationToken [Principal=org.springframework.security.oauth2.jwt.Jwt@63fb0832, Credentials=[PROTECTED], Authenticated=true, Details=WebAuthenticationDetails [RemoteIpAddress=127.0.0.1, SessionId=null], Granted Authorities=[ROLE_default-roles-myrealm, ROLE_offline_access, ROLE_CUSTOMER, ROLE_uma_authorization]] MDC:[traceId=, spanId=]
2025-06-16 16:45:51 [http-nio-8082-exec-1] DEBUG o.s.security.web.FilterChainProxy - Secured POST /create-payment-request/9704520163602 MDC:[traceId=, spanId=]
2025-06-16 16:45:52 [http-nio-8082-exec-1] DEBUG o.s.security.web.FilterChainProxy - Securing POST /error MDC:[traceId=, spanId=]
2025-06-16 16:45:52 [http-nio-8082-exec-1] DEBUG o.s.security.web.FilterChainProxy - Secured POST /error MDC:[traceId=, spanId=]
2025-06-16 16:53:52 [restartedMain] DEBUG o.s.s.c.a.a.c.AuthenticationConfiguration$DefaultPasswordEncoderAuthenticationManagerBuilder - No authenticationProviders and no parentAuthenticationManager defined. Returning null. MDC:[traceId=, spanId=]
2025-06-16 16:53:53 [restartedMain] DEBUG o.s.s.web.DefaultSecurityFilterChain - Will secure any request with filters: DisableEncodeUrlFilter, WebAsyncManagerIntegrationFilter, SecurityContextHolderFilter, HeaderWriterFilter, LogoutFilter, BearerTokenAuthenticationFilter, RequestCacheAwareFilter, SecurityContextHolderAwareRequestFilter, AnonymousAuthenticationFilter, SessionManagementFilter, ExceptionTranslationFilter, AuthorizationFilter MDC:[traceId=, spanId=]
2025-06-16 16:56:35 [restartedMain] DEBUG o.s.s.c.a.a.c.AuthenticationConfiguration$DefaultPasswordEncoderAuthenticationManagerBuilder - No authenticationProviders and no parentAuthenticationManager defined. Returning null. MDC:[traceId=, spanId=]
2025-06-16 16:56:36 [restartedMain] DEBUG o.s.s.web.DefaultSecurityFilterChain - Will secure any request with filters: DisableEncodeUrlFilter, WebAsyncManagerIntegrationFilter, SecurityContextHolderFilter, HeaderWriterFilter, LogoutFilter, BearerTokenAuthenticationFilter, RequestCacheAwareFilter, SecurityContextHolderAwareRequestFilter, AnonymousAuthenticationFilter, SessionManagementFilter, ExceptionTranslationFilter, AuthorizationFilter MDC:[traceId=, spanId=]
2025-06-16 16:56:46 [http-nio-8082-exec-1] DEBUG o.s.security.web.FilterChainProxy - Securing POST /create-payment-request/9704520163602 MDC:[traceId=, spanId=]
2025-06-16 16:56:48 [http-nio-8082-exec-1] DEBUG o.s.s.o.s.r.a.JwtAuthenticationProvider - Authenticated token MDC:[traceId=, spanId=]
2025-06-16 16:56:48 [http-nio-8082-exec-1] DEBUG o.s.s.o.s.r.w.a.BearerTokenAuthenticationFilter - Set SecurityContextHolder to JwtAuthenticationToken [Principal=org.springframework.security.oauth2.jwt.Jwt@63fb0832, Credentials=[PROTECTED], Authenticated=true, Details=WebAuthenticationDetails [RemoteIpAddress=127.0.0.1, SessionId=null], Granted Authorities=[ROLE_default-roles-myrealm, ROLE_offline_access, ROLE_CUSTOMER, ROLE_uma_authorization]] MDC:[traceId=, spanId=]
2025-06-16 16:56:48 [http-nio-8082-exec-1] DEBUG o.s.security.web.FilterChainProxy - Secured POST /create-payment-request/9704520163602 MDC:[traceId=, spanId=]
2025-06-18 15:58:17 [restartedMain] DEBUG o.s.s.c.a.a.c.AuthenticationConfiguration$DefaultPasswordEncoderAuthenticationManagerBuilder - No authenticationProviders and no parentAuthenticationManager defined. Returning null. MDC:[traceId=, spanId=]
2025-06-18 15:58:19 [restartedMain] DEBUG o.s.s.web.DefaultSecurityFilterChain - Will secure any request with filters: DisableEncodeUrlFilter, WebAsyncManagerIntegrationFilter, SecurityContextHolderFilter, HeaderWriterFilter, LogoutFilter, BearerTokenAuthenticationFilter, RequestCacheAwareFilter, SecurityContextHolderAwareRequestFilter, AnonymousAuthenticationFilter, SessionManagementFilter, ExceptionTranslationFilter, AuthorizationFilter MDC:[traceId=, spanId=]
2025-06-18 16:22:34 [restartedMain] DEBUG o.s.s.c.a.a.c.AuthenticationConfiguration$DefaultPasswordEncoderAuthenticationManagerBuilder - No authenticationProviders and no parentAuthenticationManager defined. Returning null. MDC:[traceId=, spanId=]
2025-06-18 16:22:36 [restartedMain] DEBUG o.s.s.web.DefaultSecurityFilterChain - Will secure any request with filters: DisableEncodeUrlFilter, WebAsyncManagerIntegrationFilter, SecurityContextHolderFilter, HeaderWriterFilter, LogoutFilter, BearerTokenAuthenticationFilter, RequestCacheAwareFilter, SecurityContextHolderAwareRequestFilter, AnonymousAuthenticationFilter, SessionManagementFilter, ExceptionTranslationFilter, AuthorizationFilter MDC:[traceId=, spanId=]
2025-06-18 16:42:02 [restartedMain] DEBUG o.s.s.c.a.a.c.AuthenticationConfiguration$DefaultPasswordEncoderAuthenticationManagerBuilder - No authenticationProviders and no parentAuthenticationManager defined. Returning null. MDC:[traceId=, spanId=]
2025-06-18 16:42:04 [restartedMain] DEBUG o.s.s.web.DefaultSecurityFilterChain - Will secure any request with filters: DisableEncodeUrlFilter, WebAsyncManagerIntegrationFilter, SecurityContextHolderFilter, HeaderWriterFilter, LogoutFilter, BearerTokenAuthenticationFilter, RequestCacheAwareFilter, SecurityContextHolderAwareRequestFilter, AnonymousAuthenticationFilter, SessionManagementFilter, ExceptionTranslationFilter, AuthorizationFilter MDC:[traceId=, spanId=]
2025-06-18 16:43:07 [restartedMain] DEBUG o.s.s.c.a.a.c.AuthenticationConfiguration$DefaultPasswordEncoderAuthenticationManagerBuilder - No authenticationProviders and no parentAuthenticationManager defined. Returning null. MDC:[traceId=, spanId=]
2025-06-18 16:43:08 [restartedMain] DEBUG o.s.s.web.DefaultSecurityFilterChain - Will secure any request with filters: DisableEncodeUrlFilter, WebAsyncManagerIntegrationFilter, SecurityContextHolderFilter, HeaderWriterFilter, LogoutFilter, BearerTokenAuthenticationFilter, RequestCacheAwareFilter, SecurityContextHolderAwareRequestFilter, AnonymousAuthenticationFilter, SessionManagementFilter, ExceptionTranslationFilter, AuthorizationFilter MDC:[traceId=, spanId=]
2025-06-23 13:52:58 [restartedMain] DEBUG o.s.s.c.a.a.c.AuthenticationConfiguration$DefaultPasswordEncoderAuthenticationManagerBuilder - No authenticationProviders and no parentAuthenticationManager defined. Returning null. MDC:[traceId=, spanId=]
2025-06-23 13:52:59 [restartedMain] DEBUG o.s.s.web.DefaultSecurityFilterChain - Will secure any request with filters: DisableEncodeUrlFilter, WebAsyncManagerIntegrationFilter, SecurityContextHolderFilter, HeaderWriterFilter, LogoutFilter, ApiKeyFilter, BearerTokenAuthenticationFilter, RequestCacheAwareFilter, SecurityContextHolderAwareRequestFilter, AnonymousAuthenticationFilter, SessionManagementFilter, ExceptionTranslationFilter, AuthorizationFilter MDC:[traceId=, spanId=]
2025-06-23 13:58:11 [restartedMain] DEBUG o.s.s.c.a.a.c.AuthenticationConfiguration$DefaultPasswordEncoderAuthenticationManagerBuilder - No authenticationProviders and no parentAuthenticationManager defined. Returning null. MDC:[traceId=, spanId=]
2025-06-23 13:58:12 [restartedMain] DEBUG o.s.s.web.DefaultSecurityFilterChain - Will secure any request with filters: DisableEncodeUrlFilter, WebAsyncManagerIntegrationFilter, SecurityContextHolderFilter, HeaderWriterFilter, LogoutFilter, ApiKeyFilter, BearerTokenAuthenticationFilter, RequestCacheAwareFilter, SecurityContextHolderAwareRequestFilter, AnonymousAuthenticationFilter, SessionManagementFilter, ExceptionTranslationFilter, AuthorizationFilter MDC:[traceId=, spanId=]
2025-06-23 13:59:25 [http-nio-8082-exec-1] DEBUG o.s.security.web.FilterChainProxy - Securing GET /getAllPaymentAccount MDC:[traceId=, spanId=]
2025-06-23 13:59:26 [http-nio-8082-exec-1] DEBUG o.s.s.o.s.r.a.JwtAuthenticationProvider - Authenticated token MDC:[traceId=, spanId=]
2025-06-23 13:59:26 [http-nio-8082-exec-1] DEBUG o.s.s.o.s.r.w.a.BearerTokenAuthenticationFilter - Set SecurityContextHolder to JwtAuthenticationToken [Principal=org.springframework.security.oauth2.jwt.Jwt@67375855, Credentials=[PROTECTED], Authenticated=true, Details=WebAuthenticationDetails [RemoteIpAddress=127.0.0.1, SessionId=null], Granted Authorities=[ROLE_default-roles-myrealm, ROLE_offline_access, ROLE_CUSTOMER, ROLE_uma_authorization]] MDC:[traceId=, spanId=]
2025-06-23 13:59:26 [http-nio-8082-exec-1] DEBUG o.s.security.web.FilterChainProxy - Secured GET /getAllPaymentAccount MDC:[traceId=, spanId=]
2025-06-23 13:59:32 [http-nio-8082-exec-1] DEBUG o.s.security.web.FilterChainProxy - Securing GET /error MDC:[traceId=, spanId=]
2025-06-23 13:59:32 [http-nio-8082-exec-1] DEBUG o.s.security.web.FilterChainProxy - Secured GET /error MDC:[traceId=, spanId=]
2025-06-23 14:00:11 [http-nio-8082-exec-2] DEBUG o.s.security.web.FilterChainProxy - Securing GET /getAllPaymentAccount MDC:[traceId=, spanId=]
2025-06-23 14:00:11 [http-nio-8082-exec-2] DEBUG o.s.s.w.a.AnonymousAuthenticationFilter - Set SecurityContextHolder to anonymous SecurityContext MDC:[traceId=, spanId=]
2025-06-23 14:04:16 [http-nio-8082-exec-5] DEBUG o.s.security.web.FilterChainProxy - Securing GET /getAllPaymentAccount MDC:[traceId=, spanId=]
2025-06-23 14:04:16 [http-nio-8082-exec-5] DEBUG o.s.s.o.s.r.a.JwtAuthenticationProvider - Authenticated token MDC:[traceId=, spanId=]
2025-06-23 14:04:16 [http-nio-8082-exec-5] DEBUG o.s.s.o.s.r.w.a.BearerTokenAuthenticationFilter - Set SecurityContextHolder to JwtAuthenticationToken [Principal=org.springframework.security.oauth2.jwt.Jwt@67375855, Credentials=[PROTECTED], Authenticated=true, Details=WebAuthenticationDetails [RemoteIpAddress=127.0.0.1, SessionId=null], Granted Authorities=[ROLE_default-roles-myrealm, ROLE_offline_access, ROLE_CUSTOMER, ROLE_uma_authorization]] MDC:[traceId=, spanId=]
2025-06-23 14:04:16 [http-nio-8082-exec-5] DEBUG o.s.security.web.FilterChainProxy - Secured GET /getAllPaymentAccount MDC:[traceId=, spanId=]
2025-06-23 14:04:23 [http-nio-8082-exec-6] DEBUG o.s.security.web.FilterChainProxy - Securing GET /get-customer/87654321 MDC:[traceId=, spanId=]
2025-06-23 14:04:23 [http-nio-8082-exec-6] DEBUG o.s.s.o.s.r.a.JwtAuthenticationProvider - Authenticated token MDC:[traceId=, spanId=]
2025-06-23 14:04:23 [http-nio-8082-exec-6] DEBUG o.s.s.o.s.r.w.a.BearerTokenAuthenticationFilter - Set SecurityContextHolder to JwtAuthenticationToken [Principal=org.springframework.security.oauth2.jwt.Jwt@67375855, Credentials=[PROTECTED], Authenticated=true, Details=WebAuthenticationDetails [RemoteIpAddress=127.0.0.1, SessionId=null], Granted Authorities=[ROLE_default-roles-myrealm, ROLE_offline_access, ROLE_CUSTOMER, ROLE_uma_authorization]] MDC:[traceId=, spanId=]
2025-06-23 14:04:23 [http-nio-8082-exec-6] DEBUG o.s.security.web.FilterChainProxy - Secured GET /get-customer/87654321 MDC:[traceId=, spanId=]
2025-06-23 14:05:07 [http-nio-8082-exec-7] DEBUG o.s.security.web.FilterChainProxy - Securing GET /getAllPaymentAccount MDC:[traceId=, spanId=]
2025-06-23 14:05:07 [http-nio-8082-exec-7] DEBUG o.s.s.o.s.r.a.JwtAuthenticationProvider - Authenticated token MDC:[traceId=, spanId=]
2025-06-23 14:05:08 [http-nio-8082-exec-7] DEBUG o.s.s.o.s.r.w.a.BearerTokenAuthenticationFilter - Set SecurityContextHolder to JwtAuthenticationToken [Principal=org.springframework.security.oauth2.jwt.Jwt@67375855, Credentials=[PROTECTED], Authenticated=true, Details=WebAuthenticationDetails [RemoteIpAddress=127.0.0.1, SessionId=null], Granted Authorities=[ROLE_default-roles-myrealm, ROLE_offline_access, ROLE_CUSTOMER, ROLE_uma_authorization]] MDC:[traceId=, spanId=]
2025-06-23 14:05:08 [http-nio-8082-exec-7] DEBUG o.s.security.web.FilterChainProxy - Secured GET /getAllPaymentAccount MDC:[traceId=, spanId=]
2025-06-23 14:05:44 [http-nio-8082-exec-8] DEBUG o.s.security.web.FilterChainProxy - Securing GET /getAllPaymentAccount MDC:[traceId=, spanId=]
2025-06-23 14:05:44 [http-nio-8082-exec-8] DEBUG o.s.s.o.s.r.a.JwtAuthenticationProvider - Authenticated token MDC:[traceId=, spanId=]
2025-06-23 14:05:44 [http-nio-8082-exec-8] DEBUG o.s.s.o.s.r.w.a.BearerTokenAuthenticationFilter - Set SecurityContextHolder to JwtAuthenticationToken [Principal=org.springframework.security.oauth2.jwt.Jwt@67375855, Credentials=[PROTECTED], Authenticated=true, Details=WebAuthenticationDetails [RemoteIpAddress=127.0.0.1, SessionId=null], Granted Authorities=[ROLE_default-roles-myrealm, ROLE_offline_access, ROLE_CUSTOMER, ROLE_uma_authorization]] MDC:[traceId=, spanId=]
2025-06-23 14:05:44 [http-nio-8082-exec-8] DEBUG o.s.security.web.FilterChainProxy - Secured GET /getAllPaymentAccount MDC:[traceId=, spanId=]
2025-06-23 14:06:03 [http-nio-8082-exec-9] DEBUG o.s.security.web.FilterChainProxy - Securing GET /getAllPaymentAccount MDC:[traceId=, spanId=]
2025-06-23 14:06:03 [http-nio-8082-exec-9] DEBUG o.s.s.o.s.r.a.JwtAuthenticationProvider - Authenticated token MDC:[traceId=, spanId=]
2025-06-23 14:06:03 [http-nio-8082-exec-9] DEBUG o.s.s.o.s.r.w.a.BearerTokenAuthenticationFilter - Set SecurityContextHolder to JwtAuthenticationToken [Principal=org.springframework.security.oauth2.jwt.Jwt@67375855, Credentials=[PROTECTED], Authenticated=true, Details=WebAuthenticationDetails [RemoteIpAddress=127.0.0.1, SessionId=null], Granted Authorities=[ROLE_default-roles-myrealm, ROLE_offline_access, ROLE_CUSTOMER, ROLE_uma_authorization]] MDC:[traceId=, spanId=]
2025-06-23 14:06:03 [http-nio-8082-exec-9] DEBUG o.s.security.web.FilterChainProxy - Secured GET /getAllPaymentAccount MDC:[traceId=, spanId=]
2025-06-23 14:07:04 [http-nio-8082-exec-10] DEBUG o.s.security.web.FilterChainProxy - Securing GET /getAllPaymentAccount MDC:[traceId=, spanId=]
2025-06-23 14:07:05 [http-nio-8082-exec-10] DEBUG o.s.s.o.s.r.a.JwtAuthenticationProvider - Authenticated token MDC:[traceId=, spanId=]
2025-06-23 14:07:05 [http-nio-8082-exec-10] DEBUG o.s.s.o.s.r.w.a.BearerTokenAuthenticationFilter - Set SecurityContextHolder to JwtAuthenticationToken [Principal=org.springframework.security.oauth2.jwt.Jwt@67375855, Credentials=[PROTECTED], Authenticated=true, Details=WebAuthenticationDetails [RemoteIpAddress=127.0.0.1, SessionId=null], Granted Authorities=[ROLE_default-roles-myrealm, ROLE_offline_access, ROLE_CUSTOMER, ROLE_uma_authorization]] MDC:[traceId=, spanId=]
2025-06-23 14:07:05 [http-nio-8082-exec-10] DEBUG o.s.security.web.FilterChainProxy - Secured GET /getAllPaymentAccount MDC:[traceId=, spanId=]
2025-06-23 14:07:35 [http-nio-8082-exec-1] DEBUG o.s.security.web.FilterChainProxy - Securing GET /getAllPaymentAccount MDC:[traceId=, spanId=]
2025-06-23 14:07:35 [http-nio-8082-exec-1] DEBUG o.s.s.o.s.r.a.JwtAuthenticationProvider - Authenticated token MDC:[traceId=, spanId=]
2025-06-23 14:07:35 [http-nio-8082-exec-1] DEBUG o.s.s.o.s.r.w.a.BearerTokenAuthenticationFilter - Set SecurityContextHolder to JwtAuthenticationToken [Principal=org.springframework.security.oauth2.jwt.Jwt@67375855, Credentials=[PROTECTED], Authenticated=true, Details=WebAuthenticationDetails [RemoteIpAddress=127.0.0.1, SessionId=null], Granted Authorities=[ROLE_default-roles-myrealm, ROLE_offline_access, ROLE_CUSTOMER, ROLE_uma_authorization]] MDC:[traceId=, spanId=]
2025-06-23 14:07:35 [http-nio-8082-exec-1] DEBUG o.s.security.web.FilterChainProxy - Secured GET /getAllPaymentAccount MDC:[traceId=, spanId=]
2025-06-23 14:51:21 [restartedMain] DEBUG o.s.s.c.a.a.c.AuthenticationConfiguration$DefaultPasswordEncoderAuthenticationManagerBuilder - No authenticationProviders and no parentAuthenticationManager defined. Returning null. MDC:[traceId=, spanId=]
2025-06-23 14:51:24 [restartedMain] DEBUG o.s.s.web.DefaultSecurityFilterChain - Will secure any request with filters: DisableEncodeUrlFilter, WebAsyncManagerIntegrationFilter, SecurityContextHolderFilter, HeaderWriterFilter, LogoutFilter, ApiKeyFilter, BearerTokenAuthenticationFilter, RequestCacheAwareFilter, SecurityContextHolderAwareRequestFilter, AnonymousAuthenticationFilter, SessionManagementFilter, ExceptionTranslationFilter, AuthorizationFilter MDC:[traceId=, spanId=]
2025-06-23 15:00:41 [http-nio-8082-exec-2] DEBUG o.s.security.web.FilterChainProxy - Securing GET /getAllPaymentAccount MDC:[traceId=, spanId=]
2025-06-23 15:00:41 [http-nio-8082-exec-1] DEBUG o.s.security.web.FilterChainProxy - Securing GET /get-all-term MDC:[traceId=, spanId=]
2025-06-23 15:00:41 [http-nio-8082-exec-1] DEBUG o.s.s.o.s.r.a.JwtAuthenticationProvider - Authenticated token MDC:[traceId=, spanId=]
2025-06-23 15:00:41 [http-nio-8082-exec-2] DEBUG o.s.s.o.s.r.a.JwtAuthenticationProvider - Authenticated token MDC:[traceId=, spanId=]
2025-06-23 15:00:41 [http-nio-8082-exec-2] DEBUG o.s.s.o.s.r.w.a.BearerTokenAuthenticationFilter - Set SecurityContextHolder to JwtAuthenticationToken [Principal=org.springframework.security.oauth2.jwt.Jwt@5c9346be, Credentials=[PROTECTED], Authenticated=true, Details=WebAuthenticationDetails [RemoteIpAddress=127.0.0.1, SessionId=null], Granted Authorities=[ROLE_default-roles-myrealm, ROLE_offline_access, ROLE_CUSTOMER, ROLE_uma_authorization]] MDC:[traceId=, spanId=]
2025-06-23 15:00:41 [http-nio-8082-exec-1] DEBUG o.s.s.o.s.r.w.a.BearerTokenAuthenticationFilter - Set SecurityContextHolder to JwtAuthenticationToken [Principal=org.springframework.security.oauth2.jwt.Jwt@5c9346be, Credentials=[PROTECTED], Authenticated=true, Details=WebAuthenticationDetails [RemoteIpAddress=127.0.0.1, SessionId=null], Granted Authorities=[ROLE_default-roles-myrealm, ROLE_offline_access, ROLE_CUSTOMER, ROLE_uma_authorization]] MDC:[traceId=, spanId=]
2025-06-23 15:00:41 [http-nio-8082-exec-2] DEBUG o.s.security.web.FilterChainProxy - Secured GET /getAllPaymentAccount MDC:[traceId=, spanId=]
2025-06-23 15:00:41 [http-nio-8082-exec-1] DEBUG o.s.security.web.FilterChainProxy - Secured GET /get-all-term MDC:[traceId=, spanId=]
2025-06-23 15:00:43 [http-nio-8082-exec-3] DEBUG o.s.security.web.FilterChainProxy - Securing GET /get-all-term MDC:[traceId=, spanId=]
2025-06-23 15:00:43 [http-nio-8082-exec-3] DEBUG o.s.s.o.s.r.a.JwtAuthenticationProvider - Authenticated token MDC:[traceId=, spanId=]
2025-06-23 15:00:43 [http-nio-8082-exec-3] DEBUG o.s.s.o.s.r.w.a.BearerTokenAuthenticationFilter - Set SecurityContextHolder to JwtAuthenticationToken [Principal=org.springframework.security.oauth2.jwt.Jwt@5c9346be, Credentials=[PROTECTED], Authenticated=true, Details=WebAuthenticationDetails [RemoteIpAddress=127.0.0.1, SessionId=null], Granted Authorities=[ROLE_default-roles-myrealm, ROLE_offline_access, ROLE_CUSTOMER, ROLE_uma_authorization]] MDC:[traceId=, spanId=]
2025-06-23 15:00:43 [http-nio-8082-exec-3] DEBUG o.s.security.web.FilterChainProxy - Secured GET /get-all-term MDC:[traceId=, spanId=]
2025-06-23 15:00:44 [http-nio-8082-exec-4] DEBUG o.s.security.web.FilterChainProxy - Securing GET /getAllCreditAccount MDC:[traceId=, spanId=]
2025-06-23 15:00:44 [http-nio-8082-exec-4] DEBUG o.s.s.o.s.r.a.JwtAuthenticationProvider - Authenticated token MDC:[traceId=, spanId=]
2025-06-23 15:00:44 [http-nio-8082-exec-4] DEBUG o.s.s.o.s.r.w.a.BearerTokenAuthenticationFilter - Set SecurityContextHolder to JwtAuthenticationToken [Principal=org.springframework.security.oauth2.jwt.Jwt@5c9346be, Credentials=[PROTECTED], Authenticated=true, Details=WebAuthenticationDetails [RemoteIpAddress=127.0.0.1, SessionId=null], Granted Authorities=[ROLE_default-roles-myrealm, ROLE_offline_access, ROLE_CUSTOMER, ROLE_uma_authorization]] MDC:[traceId=, spanId=]
2025-06-23 15:00:44 [http-nio-8082-exec-4] DEBUG o.s.security.web.FilterChainProxy - Secured GET /getAllCreditAccount MDC:[traceId=, spanId=]
2025-06-23 15:00:44 [http-nio-8082-exec-4] DEBUG o.s.security.web.FilterChainProxy - Securing GET /error MDC:[traceId=, spanId=]
2025-06-23 15:00:44 [http-nio-8082-exec-4] DEBUG o.s.security.web.FilterChainProxy - Secured GET /error MDC:[traceId=, spanId=]
2025-06-23 15:00:46 [http-nio-8082-exec-5] DEBUG o.s.security.web.FilterChainProxy - Securing GET /getAllPaymentAccount MDC:[traceId=, spanId=]
2025-06-23 15:00:46 [http-nio-8082-exec-5] DEBUG o.s.s.o.s.r.a.JwtAuthenticationProvider - Authenticated token MDC:[traceId=, spanId=]
2025-06-23 15:00:46 [http-nio-8082-exec-5] DEBUG o.s.s.o.s.r.w.a.BearerTokenAuthenticationFilter - Set SecurityContextHolder to JwtAuthenticationToken [Principal=org.springframework.security.oauth2.jwt.Jwt@5c9346be, Credentials=[PROTECTED], Authenticated=true, Details=WebAuthenticationDetails [RemoteIpAddress=127.0.0.1, SessionId=null], Granted Authorities=[ROLE_default-roles-myrealm, ROLE_offline_access, ROLE_CUSTOMER, ROLE_uma_authorization]] MDC:[traceId=, spanId=]
2025-06-23 15:00:46 [http-nio-8082-exec-5] DEBUG o.s.security.web.FilterChainProxy - Secured GET /getAllPaymentAccount MDC:[traceId=, spanId=]
2025-06-23 15:00:46 [http-nio-8082-exec-6] DEBUG o.s.security.web.FilterChainProxy - Securing GET /getAllSavingAccount MDC:[traceId=, spanId=]
2025-06-23 15:00:46 [http-nio-8082-exec-6] DEBUG o.s.s.o.s.r.a.JwtAuthenticationProvider - Authenticated token MDC:[traceId=, spanId=]
2025-06-23 15:00:46 [http-nio-8082-exec-6] DEBUG o.s.s.o.s.r.w.a.BearerTokenAuthenticationFilter - Set SecurityContextHolder to JwtAuthenticationToken [Principal=org.springframework.security.oauth2.jwt.Jwt@5c9346be, Credentials=[PROTECTED], Authenticated=true, Details=WebAuthenticationDetails [RemoteIpAddress=127.0.0.1, SessionId=null], Granted Authorities=[ROLE_default-roles-myrealm, ROLE_offline_access, ROLE_CUSTOMER, ROLE_uma_authorization]] MDC:[traceId=, spanId=]
2025-06-23 15:00:46 [http-nio-8082-exec-6] DEBUG o.s.security.web.FilterChainProxy - Secured GET /getAllSavingAccount MDC:[traceId=, spanId=]
2025-06-23 15:00:46 [http-nio-8082-exec-7] DEBUG o.s.security.web.FilterChainProxy - Securing GET /getAllPaymentAccount MDC:[traceId=, spanId=]
2025-06-23 15:00:46 [http-nio-8082-exec-7] DEBUG o.s.s.o.s.r.a.JwtAuthenticationProvider - Authenticated token MDC:[traceId=, spanId=]
2025-06-23 15:00:46 [http-nio-8082-exec-7] DEBUG o.s.s.o.s.r.w.a.BearerTokenAuthenticationFilter - Set SecurityContextHolder to JwtAuthenticationToken [Principal=org.springframework.security.oauth2.jwt.Jwt@5c9346be, Credentials=[PROTECTED], Authenticated=true, Details=WebAuthenticationDetails [RemoteIpAddress=127.0.0.1, SessionId=null], Granted Authorities=[ROLE_default-roles-myrealm, ROLE_offline_access, ROLE_CUSTOMER, ROLE_uma_authorization]] MDC:[traceId=, spanId=]
2025-06-23 15:00:46 [http-nio-8082-exec-7] DEBUG o.s.security.web.FilterChainProxy - Secured GET /getAllPaymentAccount MDC:[traceId=, spanId=]
2025-06-23 15:00:46 [http-nio-8082-exec-8] DEBUG o.s.security.web.FilterChainProxy - Securing GET /getAllSavingAccount MDC:[traceId=, spanId=]
2025-06-23 15:00:46 [http-nio-8082-exec-8] DEBUG o.s.s.o.s.r.a.JwtAuthenticationProvider - Authenticated token MDC:[traceId=, spanId=]
2025-06-23 15:00:46 [http-nio-8082-exec-8] DEBUG o.s.s.o.s.r.w.a.BearerTokenAuthenticationFilter - Set SecurityContextHolder to JwtAuthenticationToken [Principal=org.springframework.security.oauth2.jwt.Jwt@5c9346be, Credentials=[PROTECTED], Authenticated=true, Details=WebAuthenticationDetails [RemoteIpAddress=127.0.0.1, SessionId=null], Granted Authorities=[ROLE_default-roles-myrealm, ROLE_offline_access, ROLE_CUSTOMER, ROLE_uma_authorization]] MDC:[traceId=, spanId=]
2025-06-23 15:00:46 [http-nio-8082-exec-8] DEBUG o.s.security.web.FilterChainProxy - Secured GET /getAllSavingAccount MDC:[traceId=, spanId=]
2025-06-23 15:00:48 [http-nio-8082-exec-9] DEBUG o.s.security.web.FilterChainProxy - Securing GET /getAllCreditAccount MDC:[traceId=, spanId=]
2025-06-23 15:00:48 [http-nio-8082-exec-9] DEBUG o.s.s.o.s.r.a.JwtAuthenticationProvider - Authenticated token MDC:[traceId=, spanId=]
2025-06-23 15:00:48 [http-nio-8082-exec-9] DEBUG o.s.s.o.s.r.w.a.BearerTokenAuthenticationFilter - Set SecurityContextHolder to JwtAuthenticationToken [Principal=org.springframework.security.oauth2.jwt.Jwt@5c9346be, Credentials=[PROTECTED], Authenticated=true, Details=WebAuthenticationDetails [RemoteIpAddress=127.0.0.1, SessionId=null], Granted Authorities=[ROLE_default-roles-myrealm, ROLE_offline_access, ROLE_CUSTOMER, ROLE_uma_authorization]] MDC:[traceId=, spanId=]
2025-06-23 15:00:48 [http-nio-8082-exec-9] DEBUG o.s.security.web.FilterChainProxy - Secured GET /getAllCreditAccount MDC:[traceId=, spanId=]
2025-06-23 15:00:48 [http-nio-8082-exec-9] DEBUG o.s.security.web.FilterChainProxy - Securing GET /error MDC:[traceId=, spanId=]
2025-06-23 15:00:48 [http-nio-8082-exec-9] DEBUG o.s.security.web.FilterChainProxy - Secured GET /error MDC:[traceId=, spanId=]
2025-06-23 15:00:48 [http-nio-8082-exec-10] DEBUG o.s.security.web.FilterChainProxy - Securing GET /getAllPaymentAccount MDC:[traceId=, spanId=]
2025-06-23 15:00:48 [http-nio-8082-exec-10] DEBUG o.s.s.o.s.r.a.JwtAuthenticationProvider - Authenticated token MDC:[traceId=, spanId=]
2025-06-23 15:00:48 [http-nio-8082-exec-10] DEBUG o.s.s.o.s.r.w.a.BearerTokenAuthenticationFilter - Set SecurityContextHolder to JwtAuthenticationToken [Principal=org.springframework.security.oauth2.jwt.Jwt@5c9346be, Credentials=[PROTECTED], Authenticated=true, Details=WebAuthenticationDetails [RemoteIpAddress=127.0.0.1, SessionId=null], Granted Authorities=[ROLE_default-roles-myrealm, ROLE_offline_access, ROLE_CUSTOMER, ROLE_uma_authorization]] MDC:[traceId=, spanId=]
2025-06-23 15:00:48 [http-nio-8082-exec-10] DEBUG o.s.security.web.FilterChainProxy - Secured GET /getAllPaymentAccount MDC:[traceId=, spanId=]
2025-06-23 15:00:49 [http-nio-8082-exec-1] DEBUG o.s.security.web.FilterChainProxy - Securing GET /getAllCreditAccount MDC:[traceId=, spanId=]
2025-06-23 15:00:49 [http-nio-8082-exec-1] DEBUG o.s.s.o.s.r.a.JwtAuthenticationProvider - Authenticated token MDC:[traceId=, spanId=]
2025-06-23 15:00:49 [http-nio-8082-exec-1] DEBUG o.s.s.o.s.r.w.a.BearerTokenAuthenticationFilter - Set SecurityContextHolder to JwtAuthenticationToken [Principal=org.springframework.security.oauth2.jwt.Jwt@5c9346be, Credentials=[PROTECTED], Authenticated=true, Details=WebAuthenticationDetails [RemoteIpAddress=127.0.0.1, SessionId=null], Granted Authorities=[ROLE_default-roles-myrealm, ROLE_offline_access, ROLE_CUSTOMER, ROLE_uma_authorization]] MDC:[traceId=, spanId=]
2025-06-23 15:00:49 [http-nio-8082-exec-1] DEBUG o.s.security.web.FilterChainProxy - Secured GET /getAllCreditAccount MDC:[traceId=, spanId=]
2025-06-23 15:00:49 [http-nio-8082-exec-1] DEBUG o.s.security.web.FilterChainProxy - Securing GET /error MDC:[traceId=, spanId=]
2025-06-23 15:00:49 [http-nio-8082-exec-1] DEBUG o.s.security.web.FilterChainProxy - Secured GET /error MDC:[traceId=, spanId=]
2025-06-23 15:00:52 [http-nio-8082-exec-3] DEBUG o.s.security.web.FilterChainProxy - Securing GET /getAllPaymentAccount MDC:[traceId=, spanId=]
2025-06-23 15:00:52 [http-nio-8082-exec-3] DEBUG o.s.s.o.s.r.a.JwtAuthenticationProvider - Authenticated token MDC:[traceId=, spanId=]
2025-06-23 15:00:52 [http-nio-8082-exec-3] DEBUG o.s.s.o.s.r.w.a.BearerTokenAuthenticationFilter - Set SecurityContextHolder to JwtAuthenticationToken [Principal=org.springframework.security.oauth2.jwt.Jwt@5c9346be, Credentials=[PROTECTED], Authenticated=true, Details=WebAuthenticationDetails [RemoteIpAddress=127.0.0.1, SessionId=null], Granted Authorities=[ROLE_default-roles-myrealm, ROLE_offline_access, ROLE_CUSTOMER, ROLE_uma_authorization]] MDC:[traceId=, spanId=]
2025-06-23 15:00:52 [http-nio-8082-exec-3] DEBUG o.s.security.web.FilterChainProxy - Secured GET /getAllPaymentAccount MDC:[traceId=, spanId=]
2025-06-23 15:01:12 [http-nio-8082-exec-4] DEBUG o.s.security.web.FilterChainProxy - Securing GET /getAllPaymentAccount MDC:[traceId=, spanId=]
2025-06-23 15:01:12 [http-nio-8082-exec-2] DEBUG o.s.security.web.FilterChainProxy - Securing GET /get-all-term MDC:[traceId=, spanId=]
2025-06-23 15:01:12 [http-nio-8082-exec-4] DEBUG o.s.s.o.s.r.a.JwtAuthenticationProvider - Authenticated token MDC:[traceId=, spanId=]
2025-06-23 15:01:12 [http-nio-8082-exec-2] DEBUG o.s.s.o.s.r.a.JwtAuthenticationProvider - Authenticated token MDC:[traceId=, spanId=]
2025-06-23 15:01:12 [http-nio-8082-exec-4] DEBUG o.s.s.o.s.r.w.a.BearerTokenAuthenticationFilter - Set SecurityContextHolder to JwtAuthenticationToken [Principal=org.springframework.security.oauth2.jwt.Jwt@9154d98b, Credentials=[PROTECTED], Authenticated=true, Details=WebAuthenticationDetails [RemoteIpAddress=127.0.0.1, SessionId=null], Granted Authorities=[ROLE_default-roles-myrealm, ROLE_offline_access, ROLE_CUSTOMER, ROLE_ADMIN, ROLE_uma_authorization]] MDC:[traceId=, spanId=]
2025-06-23 15:01:12 [http-nio-8082-exec-2] DEBUG o.s.s.o.s.r.w.a.BearerTokenAuthenticationFilter - Set SecurityContextHolder to JwtAuthenticationToken [Principal=org.springframework.security.oauth2.jwt.Jwt@9154d98b, Credentials=[PROTECTED], Authenticated=true, Details=WebAuthenticationDetails [RemoteIpAddress=127.0.0.1, SessionId=null], Granted Authorities=[ROLE_default-roles-myrealm, ROLE_offline_access, ROLE_CUSTOMER, ROLE_ADMIN, ROLE_uma_authorization]] MDC:[traceId=, spanId=]
2025-06-23 15:01:12 [http-nio-8082-exec-2] DEBUG o.s.security.web.FilterChainProxy - Secured GET /get-all-term MDC:[traceId=, spanId=]
2025-06-23 15:01:12 [http-nio-8082-exec-4] DEBUG o.s.security.web.FilterChainProxy - Secured GET /getAllPaymentAccount MDC:[traceId=, spanId=]
2025-06-23 15:01:12 [http-nio-8082-exec-6] DEBUG o.s.security.web.FilterChainProxy - Securing GET /getAllSavingAccount MDC:[traceId=, spanId=]
2025-06-23 15:01:12 [http-nio-8082-exec-6] DEBUG o.s.s.o.s.r.a.JwtAuthenticationProvider - Authenticated token MDC:[traceId=, spanId=]
2025-06-23 15:01:12 [http-nio-8082-exec-6] DEBUG o.s.s.o.s.r.w.a.BearerTokenAuthenticationFilter - Set SecurityContextHolder to JwtAuthenticationToken [Principal=org.springframework.security.oauth2.jwt.Jwt@9154d98b, Credentials=[PROTECTED], Authenticated=true, Details=WebAuthenticationDetails [RemoteIpAddress=127.0.0.1, SessionId=null], Granted Authorities=[ROLE_default-roles-myrealm, ROLE_offline_access, ROLE_CUSTOMER, ROLE_ADMIN, ROLE_uma_authorization]] MDC:[traceId=, spanId=]
2025-06-23 15:01:12 [http-nio-8082-exec-6] DEBUG o.s.security.web.FilterChainProxy - Secured GET /getAllSavingAccount MDC:[traceId=, spanId=]
2025-06-23 15:01:13 [http-nio-8082-exec-5] DEBUG o.s.security.web.FilterChainProxy - Securing GET /getAllCreditAccount MDC:[traceId=, spanId=]
2025-06-23 15:01:13 [http-nio-8082-exec-5] DEBUG o.s.s.o.s.r.a.JwtAuthenticationProvider - Authenticated token MDC:[traceId=, spanId=]
2025-06-23 15:01:13 [http-nio-8082-exec-5] DEBUG o.s.s.o.s.r.w.a.BearerTokenAuthenticationFilter - Set SecurityContextHolder to JwtAuthenticationToken [Principal=org.springframework.security.oauth2.jwt.Jwt@9154d98b, Credentials=[PROTECTED], Authenticated=true, Details=WebAuthenticationDetails [RemoteIpAddress=127.0.0.1, SessionId=null], Granted Authorities=[ROLE_default-roles-myrealm, ROLE_offline_access, ROLE_CUSTOMER, ROLE_ADMIN, ROLE_uma_authorization]] MDC:[traceId=, spanId=]
2025-06-23 15:01:13 [http-nio-8082-exec-5] DEBUG o.s.security.web.FilterChainProxy - Secured GET /getAllCreditAccount MDC:[traceId=, spanId=]
2025-06-23 15:01:13 [http-nio-8082-exec-5] DEBUG o.s.security.web.FilterChainProxy - Securing GET /error MDC:[traceId=, spanId=]
2025-06-23 15:01:13 [http-nio-8082-exec-5] DEBUG o.s.security.web.FilterChainProxy - Secured GET /error MDC:[traceId=, spanId=]
2025-06-23 15:01:21 [http-nio-8082-exec-7] DEBUG o.s.security.web.FilterChainProxy - Securing GET /getAllCreditAccount MDC:[traceId=, spanId=]
2025-06-23 15:01:21 [http-nio-8082-exec-7] DEBUG o.s.s.o.s.r.a.JwtAuthenticationProvider - Authenticated token MDC:[traceId=, spanId=]
2025-06-23 15:01:21 [http-nio-8082-exec-7] DEBUG o.s.s.o.s.r.w.a.BearerTokenAuthenticationFilter - Set SecurityContextHolder to JwtAuthenticationToken [Principal=org.springframework.security.oauth2.jwt.Jwt@9154d98b, Credentials=[PROTECTED], Authenticated=true, Details=WebAuthenticationDetails [RemoteIpAddress=127.0.0.1, SessionId=null], Granted Authorities=[ROLE_default-roles-myrealm, ROLE_offline_access, ROLE_CUSTOMER, ROLE_ADMIN, ROLE_uma_authorization]] MDC:[traceId=, spanId=]
2025-06-23 15:01:21 [http-nio-8082-exec-7] DEBUG o.s.security.web.FilterChainProxy - Secured GET /getAllCreditAccount MDC:[traceId=, spanId=]
2025-06-23 15:01:21 [http-nio-8082-exec-7] DEBUG o.s.security.web.FilterChainProxy - Securing GET /error MDC:[traceId=, spanId=]
2025-06-23 15:01:21 [http-nio-8082-exec-7] DEBUG o.s.security.web.FilterChainProxy - Secured GET /error MDC:[traceId=, spanId=]
2025-06-23 15:01:22 [http-nio-8082-exec-9] DEBUG o.s.security.web.FilterChainProxy - Securing GET /getAllPaymentAccount MDC:[traceId=, spanId=]
2025-06-23 15:01:22 [http-nio-8082-exec-8] DEBUG o.s.security.web.FilterChainProxy - Securing GET /get-all-term MDC:[traceId=, spanId=]
2025-06-23 15:01:22 [http-nio-8082-exec-9] DEBUG o.s.s.o.s.r.a.JwtAuthenticationProvider - Authenticated token MDC:[traceId=, spanId=]
2025-06-23 15:01:22 [http-nio-8082-exec-8] DEBUG o.s.s.o.s.r.a.JwtAuthenticationProvider - Authenticated token MDC:[traceId=, spanId=]
2025-06-23 15:01:22 [http-nio-8082-exec-8] DEBUG o.s.s.o.s.r.w.a.BearerTokenAuthenticationFilter - Set SecurityContextHolder to JwtAuthenticationToken [Principal=org.springframework.security.oauth2.jwt.Jwt@9154d98b, Credentials=[PROTECTED], Authenticated=true, Details=WebAuthenticationDetails [RemoteIpAddress=127.0.0.1, SessionId=null], Granted Authorities=[ROLE_default-roles-myrealm, ROLE_offline_access, ROLE_CUSTOMER, ROLE_ADMIN, ROLE_uma_authorization]] MDC:[traceId=, spanId=]
2025-06-23 15:01:22 [http-nio-8082-exec-9] DEBUG o.s.s.o.s.r.w.a.BearerTokenAuthenticationFilter - Set SecurityContextHolder to JwtAuthenticationToken [Principal=org.springframework.security.oauth2.jwt.Jwt@9154d98b, Credentials=[PROTECTED], Authenticated=true, Details=WebAuthenticationDetails [RemoteIpAddress=127.0.0.1, SessionId=null], Granted Authorities=[ROLE_default-roles-myrealm, ROLE_offline_access, ROLE_CUSTOMER, ROLE_ADMIN, ROLE_uma_authorization]] MDC:[traceId=, spanId=]
2025-06-23 15:01:22 [http-nio-8082-exec-9] DEBUG o.s.security.web.FilterChainProxy - Secured GET /getAllPaymentAccount MDC:[traceId=, spanId=]
2025-06-23 15:01:22 [http-nio-8082-exec-8] DEBUG o.s.security.web.FilterChainProxy - Secured GET /get-all-term MDC:[traceId=, spanId=]
2025-06-23 15:01:22 [http-nio-8082-exec-10] DEBUG o.s.security.web.FilterChainProxy - Securing GET /getAllSavingAccount MDC:[traceId=, spanId=]
2025-06-23 15:01:22 [http-nio-8082-exec-10] DEBUG o.s.s.o.s.r.a.JwtAuthenticationProvider - Authenticated token MDC:[traceId=, spanId=]
2025-06-23 15:01:22 [http-nio-8082-exec-10] DEBUG o.s.s.o.s.r.w.a.BearerTokenAuthenticationFilter - Set SecurityContextHolder to JwtAuthenticationToken [Principal=org.springframework.security.oauth2.jwt.Jwt@9154d98b, Credentials=[PROTECTED], Authenticated=true, Details=WebAuthenticationDetails [RemoteIpAddress=127.0.0.1, SessionId=null], Granted Authorities=[ROLE_default-roles-myrealm, ROLE_offline_access, ROLE_CUSTOMER, ROLE_ADMIN, ROLE_uma_authorization]] MDC:[traceId=, spanId=]
2025-06-23 15:01:22 [http-nio-8082-exec-10] DEBUG o.s.security.web.FilterChainProxy - Secured GET /getAllSavingAccount MDC:[traceId=, spanId=]
2025-06-23 15:01:23 [http-nio-8082-exec-1] DEBUG o.s.security.web.FilterChainProxy - Securing GET /getAllPaymentAccount MDC:[traceId=, spanId=]
2025-06-23 15:01:23 [http-nio-8082-exec-1] DEBUG o.s.s.o.s.r.a.JwtAuthenticationProvider - Authenticated token MDC:[traceId=, spanId=]
2025-06-23 15:01:23 [http-nio-8082-exec-1] DEBUG o.s.s.o.s.r.w.a.BearerTokenAuthenticationFilter - Set SecurityContextHolder to JwtAuthenticationToken [Principal=org.springframework.security.oauth2.jwt.Jwt@9154d98b, Credentials=[PROTECTED], Authenticated=true, Details=WebAuthenticationDetails [RemoteIpAddress=127.0.0.1, SessionId=null], Granted Authorities=[ROLE_default-roles-myrealm, ROLE_offline_access, ROLE_CUSTOMER, ROLE_ADMIN, ROLE_uma_authorization]] MDC:[traceId=, spanId=]
2025-06-23 15:01:23 [http-nio-8082-exec-1] DEBUG o.s.security.web.FilterChainProxy - Secured GET /getAllPaymentAccount MDC:[traceId=, spanId=]
2025-06-23 15:01:24 [http-nio-8082-exec-3] DEBUG o.s.security.web.FilterChainProxy - Securing GET /get-all-term MDC:[traceId=, spanId=]
2025-06-23 15:01:24 [http-nio-8082-exec-3] DEBUG o.s.s.o.s.r.a.JwtAuthenticationProvider - Authenticated token MDC:[traceId=, spanId=]
2025-06-23 15:01:24 [http-nio-8082-exec-3] DEBUG o.s.s.o.s.r.w.a.BearerTokenAuthenticationFilter - Set SecurityContextHolder to JwtAuthenticationToken [Principal=org.springframework.security.oauth2.jwt.Jwt@9154d98b, Credentials=[PROTECTED], Authenticated=true, Details=WebAuthenticationDetails [RemoteIpAddress=127.0.0.1, SessionId=null], Granted Authorities=[ROLE_default-roles-myrealm, ROLE_offline_access, ROLE_CUSTOMER, ROLE_ADMIN, ROLE_uma_authorization]] MDC:[traceId=, spanId=]
2025-06-23 15:01:24 [http-nio-8082-exec-3] DEBUG o.s.security.web.FilterChainProxy - Secured GET /get-all-term MDC:[traceId=, spanId=]
2025-06-23 15:01:24 [http-nio-8082-exec-2] DEBUG o.s.security.web.FilterChainProxy - Securing GET /getAllPaymentAccount MDC:[traceId=, spanId=]
2025-06-23 15:01:24 [http-nio-8082-exec-2] DEBUG o.s.s.o.s.r.a.JwtAuthenticationProvider - Authenticated token MDC:[traceId=, spanId=]
2025-06-23 15:01:24 [http-nio-8082-exec-2] DEBUG o.s.s.o.s.r.w.a.BearerTokenAuthenticationFilter - Set SecurityContextHolder to JwtAuthenticationToken [Principal=org.springframework.security.oauth2.jwt.Jwt@9154d98b, Credentials=[PROTECTED], Authenticated=true, Details=WebAuthenticationDetails [RemoteIpAddress=127.0.0.1, SessionId=null], Granted Authorities=[ROLE_default-roles-myrealm, ROLE_offline_access, ROLE_CUSTOMER, ROLE_ADMIN, ROLE_uma_authorization]] MDC:[traceId=, spanId=]
2025-06-23 15:01:24 [http-nio-8082-exec-2] DEBUG o.s.security.web.FilterChainProxy - Secured GET /getAllPaymentAccount MDC:[traceId=, spanId=]
2025-06-23 15:01:24 [http-nio-8082-exec-4] DEBUG o.s.security.web.FilterChainProxy - Securing GET /getAllSavingAccount MDC:[traceId=, spanId=]
2025-06-23 15:01:24 [http-nio-8082-exec-4] DEBUG o.s.s.o.s.r.a.JwtAuthenticationProvider - Authenticated token MDC:[traceId=, spanId=]
2025-06-23 15:01:24 [http-nio-8082-exec-4] DEBUG o.s.s.o.s.r.w.a.BearerTokenAuthenticationFilter - Set SecurityContextHolder to JwtAuthenticationToken [Principal=org.springframework.security.oauth2.jwt.Jwt@9154d98b, Credentials=[PROTECTED], Authenticated=true, Details=WebAuthenticationDetails [RemoteIpAddress=127.0.0.1, SessionId=null], Granted Authorities=[ROLE_default-roles-myrealm, ROLE_offline_access, ROLE_CUSTOMER, ROLE_ADMIN, ROLE_uma_authorization]] MDC:[traceId=, spanId=]
2025-06-23 15:01:24 [http-nio-8082-exec-4] DEBUG o.s.security.web.FilterChainProxy - Secured GET /getAllSavingAccount MDC:[traceId=, spanId=]
2025-06-23 15:01:27 [http-nio-8082-exec-6] DEBUG o.s.security.web.FilterChainProxy - Securing GET /getAllPaymentAccount MDC:[traceId=, spanId=]
2025-06-23 15:01:27 [http-nio-8082-exec-6] DEBUG o.s.s.o.s.r.a.JwtAuthenticationProvider - Authenticated token MDC:[traceId=, spanId=]
2025-06-23 15:01:27 [http-nio-8082-exec-6] DEBUG o.s.s.o.s.r.w.a.BearerTokenAuthenticationFilter - Set SecurityContextHolder to JwtAuthenticationToken [Principal=org.springframework.security.oauth2.jwt.Jwt@9154d98b, Credentials=[PROTECTED], Authenticated=true, Details=WebAuthenticationDetails [RemoteIpAddress=127.0.0.1, SessionId=null], Granted Authorities=[ROLE_default-roles-myrealm, ROLE_offline_access, ROLE_CUSTOMER, ROLE_ADMIN, ROLE_uma_authorization]] MDC:[traceId=, spanId=]
2025-06-23 15:01:27 [http-nio-8082-exec-6] DEBUG o.s.security.web.FilterChainProxy - Secured GET /getAllPaymentAccount MDC:[traceId=, spanId=]
2025-06-23 15:01:32 [http-nio-8082-exec-5] DEBUG o.s.security.web.FilterChainProxy - Securing GET /getAllPaymentAccount MDC:[traceId=, spanId=]
2025-06-23 15:01:32 [http-nio-8082-exec-5] DEBUG o.s.s.o.s.r.a.JwtAuthenticationProvider - Authenticated token MDC:[traceId=, spanId=]
2025-06-23 15:01:32 [http-nio-8082-exec-5] DEBUG o.s.s.o.s.r.w.a.BearerTokenAuthenticationFilter - Set SecurityContextHolder to JwtAuthenticationToken [Principal=org.springframework.security.oauth2.jwt.Jwt@5c9346be, Credentials=[PROTECTED], Authenticated=true, Details=WebAuthenticationDetails [RemoteIpAddress=127.0.0.1, SessionId=null], Granted Authorities=[ROLE_default-roles-myrealm, ROLE_offline_access, ROLE_CUSTOMER, ROLE_uma_authorization]] MDC:[traceId=, spanId=]
2025-06-23 15:01:33 [http-nio-8082-exec-5] DEBUG o.s.security.web.FilterChainProxy - Secured GET /getAllPaymentAccount MDC:[traceId=, spanId=]
2025-06-23 15:01:40 [http-nio-8082-exec-7] DEBUG o.s.security.web.FilterChainProxy - Securing GET /getAllPaymentAccount MDC:[traceId=, spanId=]
2025-06-23 15:01:40 [http-nio-8082-exec-7] DEBUG o.s.s.o.s.r.a.JwtAuthenticationProvider - Authenticated token MDC:[traceId=, spanId=]
2025-06-23 15:01:40 [http-nio-8082-exec-7] DEBUG o.s.s.o.s.r.w.a.BearerTokenAuthenticationFilter - Set SecurityContextHolder to JwtAuthenticationToken [Principal=org.springframework.security.oauth2.jwt.Jwt@5c9346be, Credentials=[PROTECTED], Authenticated=true, Details=WebAuthenticationDetails [RemoteIpAddress=127.0.0.1, SessionId=null], Granted Authorities=[ROLE_default-roles-myrealm, ROLE_offline_access, ROLE_CUSTOMER, ROLE_uma_authorization]] MDC:[traceId=, spanId=]
2025-06-23 15:01:40 [http-nio-8082-exec-7] DEBUG o.s.security.web.FilterChainProxy - Secured GET /getAllPaymentAccount MDC:[traceId=, spanId=]
2025-06-23 15:21:45 [restartedMain] DEBUG o.s.s.c.a.a.c.AuthenticationConfiguration$DefaultPasswordEncoderAuthenticationManagerBuilder - No authenticationProviders and no parentAuthenticationManager defined. Returning null. MDC:[traceId=, spanId=]
2025-06-23 15:21:46 [restartedMain] DEBUG o.s.s.web.DefaultSecurityFilterChain - Will secure any request with filters: DisableEncodeUrlFilter, WebAsyncManagerIntegrationFilter, SecurityContextHolderFilter, HeaderWriterFilter, LogoutFilter, ApiKeyFilter, BearerTokenAuthenticationFilter, RequestCacheAwareFilter, SecurityContextHolderAwareRequestFilter, AnonymousAuthenticationFilter, SessionManagementFilter, ExceptionTranslationFilter, AuthorizationFilter MDC:[traceId=, spanId=]
2025-06-23 15:23:28 [restartedMain] DEBUG o.s.s.c.a.a.c.AuthenticationConfiguration$DefaultPasswordEncoderAuthenticationManagerBuilder - No authenticationProviders and no parentAuthenticationManager defined. Returning null. MDC:[traceId=, spanId=]
2025-06-23 15:23:30 [restartedMain] DEBUG o.s.s.web.DefaultSecurityFilterChain - Will secure any request with filters: DisableEncodeUrlFilter, WebAsyncManagerIntegrationFilter, SecurityContextHolderFilter, HeaderWriterFilter, LogoutFilter, ApiKeyFilter, BearerTokenAuthenticationFilter, RequestCacheAwareFilter, SecurityContextHolderAwareRequestFilter, AnonymousAuthenticationFilter, SessionManagementFilter, ExceptionTranslationFilter, AuthorizationFilter MDC:[traceId=, spanId=]
2025-06-23 15:25:07 [restartedMain] DEBUG o.s.s.c.a.a.c.AuthenticationConfiguration$DefaultPasswordEncoderAuthenticationManagerBuilder - No authenticationProviders and no parentAuthenticationManager defined. Returning null. MDC:[traceId=, spanId=]
2025-06-23 15:25:09 [restartedMain] DEBUG o.s.s.web.DefaultSecurityFilterChain - Will secure any request with filters: DisableEncodeUrlFilter, WebAsyncManagerIntegrationFilter, SecurityContextHolderFilter, HeaderWriterFilter, LogoutFilter, ApiKeyFilter, BearerTokenAuthenticationFilter, RequestCacheAwareFilter, SecurityContextHolderAwareRequestFilter, AnonymousAuthenticationFilter, SessionManagementFilter, ExceptionTranslationFilter, AuthorizationFilter MDC:[traceId=, spanId=]
2025-06-23 15:26:00 [http-nio-8082-exec-2] DEBUG o.s.security.web.FilterChainProxy - Securing GET /getAllPaymentAccount MDC:[traceId=, spanId=]
2025-06-23 15:26:01 [http-nio-8082-exec-2] DEBUG o.s.s.o.s.r.a.JwtAuthenticationProvider - Authenticated token MDC:[traceId=, spanId=]
2025-06-23 15:26:01 [http-nio-8082-exec-2] DEBUG o.s.s.o.s.r.w.a.BearerTokenAuthenticationFilter - Set SecurityContextHolder to JwtAuthenticationToken [Principal=org.springframework.security.oauth2.jwt.Jwt@51de8708, Credentials=[PROTECTED], Authenticated=true, Details=WebAuthenticationDetails [RemoteIpAddress=127.0.0.1, SessionId=null], Granted Authorities=[ROLE_default-roles-myrealm, ROLE_offline_access, ROLE_CUSTOMER, ROLE_uma_authorization]] MDC:[traceId=, spanId=]
2025-06-23 15:26:01 [http-nio-8082-exec-2] DEBUG o.s.security.web.FilterChainProxy - Secured GET /getAllPaymentAccount MDC:[traceId=, spanId=]
2025-06-23 15:26:20 [http-nio-8082-exec-1] DEBUG o.s.security.web.FilterChainProxy - Securing GET /get-all-term MDC:[traceId=, spanId=]
2025-06-23 15:26:20 [http-nio-8082-exec-1] DEBUG o.s.s.o.s.r.a.JwtAuthenticationProvider - Authenticated token MDC:[traceId=, spanId=]
2025-06-23 15:26:20 [http-nio-8082-exec-1] DEBUG o.s.s.o.s.r.w.a.BearerTokenAuthenticationFilter - Set SecurityContextHolder to JwtAuthenticationToken [Principal=org.springframework.security.oauth2.jwt.Jwt@51de8708, Credentials=[PROTECTED], Authenticated=true, Details=WebAuthenticationDetails [RemoteIpAddress=127.0.0.1, SessionId=null], Granted Authorities=[ROLE_default-roles-myrealm, ROLE_offline_access, ROLE_CUSTOMER, ROLE_uma_authorization]] MDC:[traceId=, spanId=]
2025-06-23 15:26:20 [http-nio-8082-exec-1] DEBUG o.s.security.web.FilterChainProxy - Secured GET /get-all-term MDC:[traceId=, spanId=]
2025-06-23 15:26:20 [http-nio-8082-exec-5] DEBUG o.s.security.web.FilterChainProxy - Securing GET /getAllPaymentAccount MDC:[traceId=, spanId=]
2025-06-23 15:26:20 [http-nio-8082-exec-5] DEBUG o.s.s.o.s.r.a.JwtAuthenticationProvider - Authenticated token MDC:[traceId=, spanId=]
2025-06-23 15:26:20 [http-nio-8082-exec-5] DEBUG o.s.s.o.s.r.w.a.BearerTokenAuthenticationFilter - Set SecurityContextHolder to JwtAuthenticationToken [Principal=org.springframework.security.oauth2.jwt.Jwt@51de8708, Credentials=[PROTECTED], Authenticated=true, Details=WebAuthenticationDetails [RemoteIpAddress=127.0.0.1, SessionId=null], Granted Authorities=[ROLE_default-roles-myrealm, ROLE_offline_access, ROLE_CUSTOMER, ROLE_uma_authorization]] MDC:[traceId=, spanId=]
2025-06-23 15:26:20 [http-nio-8082-exec-5] DEBUG o.s.security.web.FilterChainProxy - Secured GET /getAllPaymentAccount MDC:[traceId=, spanId=]
2025-06-23 15:26:20 [http-nio-8082-exec-6] DEBUG o.s.security.web.FilterChainProxy - Securing GET /getAllSavingAccount MDC:[traceId=, spanId=]
2025-06-23 15:26:20 [http-nio-8082-exec-6] DEBUG o.s.s.o.s.r.a.JwtAuthenticationProvider - Authenticated token MDC:[traceId=, spanId=]
2025-06-23 15:26:20 [http-nio-8082-exec-6] DEBUG o.s.s.o.s.r.w.a.BearerTokenAuthenticationFilter - Set SecurityContextHolder to JwtAuthenticationToken [Principal=org.springframework.security.oauth2.jwt.Jwt@51de8708, Credentials=[PROTECTED], Authenticated=true, Details=WebAuthenticationDetails [RemoteIpAddress=127.0.0.1, SessionId=null], Granted Authorities=[ROLE_default-roles-myrealm, ROLE_offline_access, ROLE_CUSTOMER, ROLE_uma_authorization]] MDC:[traceId=, spanId=]
2025-06-23 15:26:20 [http-nio-8082-exec-6] DEBUG o.s.security.web.FilterChainProxy - Secured GET /getAllSavingAccount MDC:[traceId=, spanId=]
2025-06-23 15:26:21 [http-nio-8082-exec-4] DEBUG o.s.security.web.FilterChainProxy - Securing GET /getAllPaymentAccount MDC:[traceId=, spanId=]
2025-06-23 15:26:21 [http-nio-8082-exec-4] DEBUG o.s.s.o.s.r.a.JwtAuthenticationProvider - Authenticated token MDC:[traceId=, spanId=]
2025-06-23 15:26:21 [http-nio-8082-exec-4] DEBUG o.s.s.o.s.r.w.a.BearerTokenAuthenticationFilter - Set SecurityContextHolder to JwtAuthenticationToken [Principal=org.springframework.security.oauth2.jwt.Jwt@51de8708, Credentials=[PROTECTED], Authenticated=true, Details=WebAuthenticationDetails [RemoteIpAddress=127.0.0.1, SessionId=null], Granted Authorities=[ROLE_default-roles-myrealm, ROLE_offline_access, ROLE_CUSTOMER, ROLE_uma_authorization]] MDC:[traceId=, spanId=]
2025-06-23 15:26:21 [http-nio-8082-exec-4] DEBUG o.s.security.web.FilterChainProxy - Secured GET /getAllPaymentAccount MDC:[traceId=, spanId=]
2025-06-23 15:26:22 [http-nio-8082-exec-7] DEBUG o.s.security.web.FilterChainProxy - Securing GET /getAccountPaymentByID/12345678 MDC:[traceId=, spanId=]
2025-06-23 15:26:22 [http-nio-8082-exec-7] DEBUG o.s.s.o.s.r.a.JwtAuthenticationProvider - Authenticated token MDC:[traceId=, spanId=]
2025-06-23 15:26:22 [http-nio-8082-exec-7] DEBUG o.s.s.o.s.r.w.a.BearerTokenAuthenticationFilter - Set SecurityContextHolder to JwtAuthenticationToken [Principal=org.springframework.security.oauth2.jwt.Jwt@51de8708, Credentials=[PROTECTED], Authenticated=true, Details=WebAuthenticationDetails [RemoteIpAddress=127.0.0.1, SessionId=null], Granted Authorities=[ROLE_default-roles-myrealm, ROLE_offline_access, ROLE_CUSTOMER, ROLE_uma_authorization]] MDC:[traceId=, spanId=]
2025-06-23 15:26:22 [http-nio-8082-exec-7] DEBUG o.s.security.web.FilterChainProxy - Secured GET /getAccountPaymentByID/12345678 MDC:[traceId=, spanId=]
2025-06-23 15:29:17 [http-nio-8082-exec-9] DEBUG o.s.security.web.FilterChainProxy - Securing GET /getAccountPaymentByID/12345678 MDC:[traceId=, spanId=]
2025-06-23 15:29:17 [http-nio-8082-exec-9] DEBUG o.s.s.o.s.r.a.JwtAuthenticationProvider - Authenticated token MDC:[traceId=, spanId=]
2025-06-23 15:29:17 [http-nio-8082-exec-9] DEBUG o.s.s.o.s.r.w.a.BearerTokenAuthenticationFilter - Set SecurityContextHolder to JwtAuthenticationToken [Principal=org.springframework.security.oauth2.jwt.Jwt@51de8708, Credentials=[PROTECTED], Authenticated=true, Details=WebAuthenticationDetails [RemoteIpAddress=127.0.0.1, SessionId=null], Granted Authorities=[ROLE_default-roles-myrealm, ROLE_offline_access, ROLE_CUSTOMER, ROLE_uma_authorization]] MDC:[traceId=, spanId=]
2025-06-23 15:29:17 [http-nio-8082-exec-9] DEBUG o.s.security.web.FilterChainProxy - Secured GET /getAccountPaymentByID/12345678 MDC:[traceId=, spanId=]
2025-06-23 15:29:29 [http-nio-8082-exec-10] DEBUG o.s.security.web.FilterChainProxy - Securing GET /getAccountPaymentByID/12345678 MDC:[traceId=, spanId=]
2025-06-23 15:29:29 [http-nio-8082-exec-10] DEBUG o.s.s.o.s.r.a.JwtAuthenticationProvider - Authenticated token MDC:[traceId=, spanId=]
2025-06-23 15:29:29 [http-nio-8082-exec-10] DEBUG o.s.s.o.s.r.w.a.BearerTokenAuthenticationFilter - Set SecurityContextHolder to JwtAuthenticationToken [Principal=org.springframework.security.oauth2.jwt.Jwt@51de8708, Credentials=[PROTECTED], Authenticated=true, Details=WebAuthenticationDetails [RemoteIpAddress=127.0.0.1, SessionId=null], Granted Authorities=[ROLE_default-roles-myrealm, ROLE_offline_access, ROLE_CUSTOMER, ROLE_uma_authorization]] MDC:[traceId=, spanId=]
2025-06-23 15:29:29 [http-nio-8082-exec-10] DEBUG o.s.security.web.FilterChainProxy - Secured GET /getAccountPaymentByID/12345678 MDC:[traceId=, spanId=]
2025-06-23 15:29:36 [http-nio-8082-exec-2] DEBUG o.s.security.web.FilterChainProxy - Securing GET /getAccountPaymentByID/12345678 MDC:[traceId=, spanId=]
2025-06-23 15:29:36 [http-nio-8082-exec-2] DEBUG o.s.s.o.s.r.a.JwtAuthenticationProvider - Authenticated token MDC:[traceId=, spanId=]
2025-06-23 15:29:36 [http-nio-8082-exec-2] DEBUG o.s.s.o.s.r.w.a.BearerTokenAuthenticationFilter - Set SecurityContextHolder to JwtAuthenticationToken [Principal=org.springframework.security.oauth2.jwt.Jwt@51de8708, Credentials=[PROTECTED], Authenticated=true, Details=WebAuthenticationDetails [RemoteIpAddress=127.0.0.1, SessionId=null], Granted Authorities=[ROLE_default-roles-myrealm, ROLE_offline_access, ROLE_CUSTOMER, ROLE_uma_authorization]] MDC:[traceId=, spanId=]
2025-06-23 15:29:36 [http-nio-8082-exec-2] DEBUG o.s.security.web.FilterChainProxy - Secured GET /getAccountPaymentByID/12345678 MDC:[traceId=, spanId=]
2025-06-23 15:29:44 [http-nio-8082-exec-1] DEBUG o.s.security.web.FilterChainProxy - Securing GET /getAccountPaymentByID/12345678 MDC:[traceId=, spanId=]
2025-06-23 15:29:44 [http-nio-8082-exec-1] DEBUG o.s.s.o.s.r.a.JwtAuthenticationProvider - Authenticated token MDC:[traceId=, spanId=]
2025-06-23 15:29:44 [http-nio-8082-exec-1] DEBUG o.s.s.o.s.r.w.a.BearerTokenAuthenticationFilter - Set SecurityContextHolder to JwtAuthenticationToken [Principal=org.springframework.security.oauth2.jwt.Jwt@51de8708, Credentials=[PROTECTED], Authenticated=true, Details=WebAuthenticationDetails [RemoteIpAddress=127.0.0.1, SessionId=null], Granted Authorities=[ROLE_default-roles-myrealm, ROLE_offline_access, ROLE_CUSTOMER, ROLE_uma_authorization]] MDC:[traceId=, spanId=]
2025-06-23 15:29:44 [http-nio-8082-exec-1] DEBUG o.s.security.web.FilterChainProxy - Secured GET /getAccountPaymentByID/12345678 MDC:[traceId=, spanId=]
2025-06-23 15:31:48 [http-nio-8082-exec-6] DEBUG o.s.security.web.FilterChainProxy - Securing GET /getAccountPaymentByID/12345678 MDC:[traceId=, spanId=]
2025-06-23 15:31:49 [http-nio-8082-exec-6] DEBUG o.s.s.o.s.r.a.JwtAuthenticationProvider - Authenticated token MDC:[traceId=, spanId=]
2025-06-23 15:31:49 [http-nio-8082-exec-6] DEBUG o.s.s.o.s.r.w.a.BearerTokenAuthenticationFilter - Set SecurityContextHolder to JwtAuthenticationToken [Principal=org.springframework.security.oauth2.jwt.Jwt@51de8708, Credentials=[PROTECTED], Authenticated=true, Details=WebAuthenticationDetails [RemoteIpAddress=127.0.0.1, SessionId=null], Granted Authorities=[ROLE_default-roles-myrealm, ROLE_offline_access, ROLE_CUSTOMER, ROLE_uma_authorization]] MDC:[traceId=, spanId=]
2025-06-23 15:31:49 [http-nio-8082-exec-6] DEBUG o.s.security.web.FilterChainProxy - Secured GET /getAccountPaymentByID/12345678 MDC:[traceId=, spanId=]
2025-06-23 15:42:46 [restartedMain] DEBUG o.s.s.c.a.a.c.AuthenticationConfiguration$DefaultPasswordEncoderAuthenticationManagerBuilder - No authenticationProviders and no parentAuthenticationManager defined. Returning null. MDC:[traceId=, spanId=]
2025-06-23 15:42:49 [restartedMain] DEBUG o.s.s.web.DefaultSecurityFilterChain - Will secure any request with filters: DisableEncodeUrlFilter, WebAsyncManagerIntegrationFilter, SecurityContextHolderFilter, HeaderWriterFilter, LogoutFilter, ApiKeyFilter, BearerTokenAuthenticationFilter, RequestCacheAwareFilter, SecurityContextHolderAwareRequestFilter, AnonymousAuthenticationFilter, SessionManagementFilter, ExceptionTranslationFilter, AuthorizationFilter MDC:[traceId=, spanId=]
2025-06-23 15:44:22 [restartedMain] DEBUG o.s.s.c.a.a.c.AuthenticationConfiguration$DefaultPasswordEncoderAuthenticationManagerBuilder - No authenticationProviders and no parentAuthenticationManager defined. Returning null. MDC:[traceId=, spanId=]
2025-06-23 15:44:24 [restartedMain] DEBUG o.s.s.web.DefaultSecurityFilterChain - Will secure any request with filters: DisableEncodeUrlFilter, WebAsyncManagerIntegrationFilter, SecurityContextHolderFilter, HeaderWriterFilter, LogoutFilter, ApiKeyFilter, BearerTokenAuthenticationFilter, RequestCacheAwareFilter, SecurityContextHolderAwareRequestFilter, AnonymousAuthenticationFilter, SessionManagementFilter, ExceptionTranslationFilter, AuthorizationFilter MDC:[traceId=, spanId=]
2025-06-23 15:44:45 [http-nio-8082-exec-1] DEBUG o.s.security.web.FilterChainProxy - Securing GET /getAccountPaymentByID/12345678 MDC:[traceId=, spanId=]
2025-06-23 15:44:46 [http-nio-8082-exec-1] DEBUG o.s.s.o.s.r.a.JwtAuthenticationProvider - Authenticated token MDC:[traceId=, spanId=]
2025-06-23 15:44:46 [http-nio-8082-exec-1] DEBUG o.s.s.o.s.r.w.a.BearerTokenAuthenticationFilter - Set SecurityContextHolder to JwtAuthenticationToken [Principal=org.springframework.security.oauth2.jwt.Jwt@51de8708, Credentials=[PROTECTED], Authenticated=true, Details=WebAuthenticationDetails [RemoteIpAddress=127.0.0.1, SessionId=null], Granted Authorities=[ROLE_default-roles-myrealm, ROLE_offline_access, ROLE_CUSTOMER, ROLE_uma_authorization]] MDC:[traceId=, spanId=]
2025-06-23 15:44:46 [http-nio-8082-exec-1] DEBUG o.s.security.web.FilterChainProxy - Secured GET /getAccountPaymentByID/12345678 MDC:[traceId=, spanId=]
2025-06-23 15:50:33 [restartedMain] DEBUG o.s.s.c.a.a.c.AuthenticationConfiguration$DefaultPasswordEncoderAuthenticationManagerBuilder - No authenticationProviders and no parentAuthenticationManager defined. Returning null. MDC:[traceId=, spanId=]
2025-06-23 15:50:36 [restartedMain] DEBUG o.s.s.web.DefaultSecurityFilterChain - Will secure any request with filters: DisableEncodeUrlFilter, WebAsyncManagerIntegrationFilter, SecurityContextHolderFilter, HeaderWriterFilter, LogoutFilter, ApiKeyFilter, BearerTokenAuthenticationFilter, RequestCacheAwareFilter, SecurityContextHolderAwareRequestFilter, AnonymousAuthenticationFilter, SessionManagementFilter, ExceptionTranslationFilter, AuthorizationFilter MDC:[traceId=, spanId=]
2025-06-23 15:51:28 [http-nio-8082-exec-2] DEBUG o.s.security.web.FilterChainProxy - Securing GET /getAccountPaymentByID/12345678 MDC:[traceId=, spanId=]
2025-06-23 15:51:29 [http-nio-8082-exec-2] DEBUG o.s.s.o.s.r.a.JwtAuthenticationProvider - Authenticated token MDC:[traceId=, spanId=]
2025-06-23 15:51:29 [http-nio-8082-exec-2] DEBUG o.s.s.o.s.r.w.a.BearerTokenAuthenticationFilter - Set SecurityContextHolder to JwtAuthenticationToken [Principal=org.springframework.security.oauth2.jwt.Jwt@51de8708, Credentials=[PROTECTED], Authenticated=true, Details=WebAuthenticationDetails [RemoteIpAddress=127.0.0.1, SessionId=null], Granted Authorities=[ROLE_default-roles-myrealm, ROLE_offline_access, ROLE_CUSTOMER, ROLE_uma_authorization]] MDC:[traceId=, spanId=]
2025-06-23 15:51:29 [http-nio-8082-exec-2] DEBUG o.s.security.web.FilterChainProxy - Secured GET /getAccountPaymentByID/12345678 MDC:[traceId=, spanId=]
2025-06-23 15:51:39 [http-nio-8082-exec-4] DEBUG o.s.security.web.FilterChainProxy - Securing GET /getAllCreditAccount MDC:[traceId=, spanId=]
2025-06-23 15:51:39 [http-nio-8082-exec-4] DEBUG o.s.s.o.s.r.a.JwtAuthenticationProvider - Authenticated token MDC:[traceId=, spanId=]
2025-06-23 15:51:39 [http-nio-8082-exec-4] DEBUG o.s.s.o.s.r.w.a.BearerTokenAuthenticationFilter - Set SecurityContextHolder to JwtAuthenticationToken [Principal=org.springframework.security.oauth2.jwt.Jwt@51de8708, Credentials=[PROTECTED], Authenticated=true, Details=WebAuthenticationDetails [RemoteIpAddress=127.0.0.1, SessionId=null], Granted Authorities=[ROLE_default-roles-myrealm, ROLE_offline_access, ROLE_CUSTOMER, ROLE_uma_authorization]] MDC:[traceId=, spanId=]
2025-06-23 15:51:39 [http-nio-8082-exec-4] DEBUG o.s.security.web.FilterChainProxy - Secured GET /getAllCreditAccount MDC:[traceId=, spanId=]
2025-06-23 15:51:39 [http-nio-8082-exec-4] DEBUG o.s.security.web.FilterChainProxy - Securing GET /error MDC:[traceId=, spanId=]
2025-06-23 15:51:39 [http-nio-8082-exec-4] DEBUG o.s.security.web.FilterChainProxy - Secured GET /error MDC:[traceId=, spanId=]
2025-06-23 15:51:40 [http-nio-8082-exec-5] DEBUG o.s.security.web.FilterChainProxy - Securing GET /getAllPaymentAccount MDC:[traceId=, spanId=]
2025-06-23 15:51:40 [http-nio-8082-exec-5] DEBUG o.s.s.o.s.r.a.JwtAuthenticationProvider - Authenticated token MDC:[traceId=, spanId=]
2025-06-23 15:51:40 [http-nio-8082-exec-5] DEBUG o.s.s.o.s.r.w.a.BearerTokenAuthenticationFilter - Set SecurityContextHolder to JwtAuthenticationToken [Principal=org.springframework.security.oauth2.jwt.Jwt@51de8708, Credentials=[PROTECTED], Authenticated=true, Details=WebAuthenticationDetails [RemoteIpAddress=127.0.0.1, SessionId=null], Granted Authorities=[ROLE_default-roles-myrealm, ROLE_offline_access, ROLE_CUSTOMER, ROLE_uma_authorization]] MDC:[traceId=, spanId=]
2025-06-23 15:51:40 [http-nio-8082-exec-5] DEBUG o.s.security.web.FilterChainProxy - Secured GET /getAllPaymentAccount MDC:[traceId=, spanId=]
2025-06-23 15:51:53 [http-nio-8082-exec-7] DEBUG o.s.security.web.FilterChainProxy - Securing GET /getAllPaymentAccount MDC:[traceId=, spanId=]
2025-06-23 15:51:53 [http-nio-8082-exec-7] DEBUG o.s.s.o.s.r.a.JwtAuthenticationProvider - Authenticated token MDC:[traceId=, spanId=]
2025-06-23 15:51:53 [http-nio-8082-exec-7] DEBUG o.s.s.o.s.r.w.a.BearerTokenAuthenticationFilter - Set SecurityContextHolder to JwtAuthenticationToken [Principal=org.springframework.security.oauth2.jwt.Jwt@51de8708, Credentials=[PROTECTED], Authenticated=true, Details=WebAuthenticationDetails [RemoteIpAddress=127.0.0.1, SessionId=null], Granted Authorities=[ROLE_default-roles-myrealm, ROLE_offline_access, ROLE_CUSTOMER, ROLE_uma_authorization]] MDC:[traceId=, spanId=]
2025-06-23 15:51:53 [http-nio-8082-exec-7] DEBUG o.s.security.web.FilterChainProxy - Secured GET /getAllPaymentAccount MDC:[traceId=, spanId=]
2025-06-23 15:51:55 [http-nio-8082-exec-1] DEBUG o.s.security.web.FilterChainProxy - Securing GET /get-customer/87654321 MDC:[traceId=, spanId=]
2025-06-23 15:51:55 [http-nio-8082-exec-1] DEBUG o.s.s.o.s.r.a.JwtAuthenticationProvider - Authenticated token MDC:[traceId=, spanId=]
2025-06-23 15:51:55 [http-nio-8082-exec-1] DEBUG o.s.s.o.s.r.w.a.BearerTokenAuthenticationFilter - Set SecurityContextHolder to JwtAuthenticationToken [Principal=org.springframework.security.oauth2.jwt.Jwt@51de8708, Credentials=[PROTECTED], Authenticated=true, Details=WebAuthenticationDetails [RemoteIpAddress=127.0.0.1, SessionId=null], Granted Authorities=[ROLE_default-roles-myrealm, ROLE_offline_access, ROLE_CUSTOMER, ROLE_uma_authorization]] MDC:[traceId=, spanId=]
2025-06-23 15:51:55 [http-nio-8082-exec-1] DEBUG o.s.security.web.FilterChainProxy - Secured GET /get-customer/87654321 MDC:[traceId=, spanId=]
2025-06-23 15:53:03 [http-nio-8082-exec-10] DEBUG o.s.security.web.FilterChainProxy - Securing GET /getAllPaymentAccount MDC:[traceId=, spanId=]
2025-06-23 15:53:03 [http-nio-8082-exec-10] DEBUG o.s.s.o.s.r.a.JwtAuthenticationProvider - Authenticated token MDC:[traceId=, spanId=]
2025-06-23 15:53:03 [http-nio-8082-exec-10] DEBUG o.s.s.o.s.r.w.a.BearerTokenAuthenticationFilter - Set SecurityContextHolder to JwtAuthenticationToken [Principal=org.springframework.security.oauth2.jwt.Jwt@51de8708, Credentials=[PROTECTED], Authenticated=true, Details=WebAuthenticationDetails [RemoteIpAddress=127.0.0.1, SessionId=null], Granted Authorities=[ROLE_default-roles-myrealm, ROLE_offline_access, ROLE_CUSTOMER, ROLE_uma_authorization]] MDC:[traceId=, spanId=]
2025-06-23 15:53:03 [http-nio-8082-exec-10] DEBUG o.s.security.web.FilterChainProxy - Secured GET /getAllPaymentAccount MDC:[traceId=, spanId=]
2025-06-23 15:53:30 [http-nio-8082-exec-3] DEBUG o.s.security.web.FilterChainProxy - Securing GET /getAllPaymentAccount MDC:[traceId=, spanId=]
2025-06-23 15:53:31 [http-nio-8082-exec-3] DEBUG o.s.s.o.s.r.a.JwtAuthenticationProvider - Authenticated token MDC:[traceId=, spanId=]
2025-06-23 15:53:31 [http-nio-8082-exec-3] DEBUG o.s.s.o.s.r.w.a.BearerTokenAuthenticationFilter - Set SecurityContextHolder to JwtAuthenticationToken [Principal=org.springframework.security.oauth2.jwt.Jwt@51de8708, Credentials=[PROTECTED], Authenticated=true, Details=WebAuthenticationDetails [RemoteIpAddress=127.0.0.1, SessionId=null], Granted Authorities=[ROLE_default-roles-myrealm, ROLE_offline_access, ROLE_CUSTOMER, ROLE_uma_authorization]] MDC:[traceId=, spanId=]
2025-06-23 15:53:31 [http-nio-8082-exec-3] DEBUG o.s.security.web.FilterChainProxy - Secured GET /getAllPaymentAccount MDC:[traceId=, spanId=]
2025-06-23 15:53:50 [http-nio-8082-exec-6] DEBUG o.s.security.web.FilterChainProxy - Securing GET /getAllPaymentAccount MDC:[traceId=, spanId=]
2025-06-23 15:53:50 [http-nio-8082-exec-6] DEBUG o.s.s.o.s.r.a.JwtAuthenticationProvider - Authenticated token MDC:[traceId=, spanId=]
2025-06-23 15:53:50 [http-nio-8082-exec-6] DEBUG o.s.s.o.s.r.w.a.BearerTokenAuthenticationFilter - Set SecurityContextHolder to JwtAuthenticationToken [Principal=org.springframework.security.oauth2.jwt.Jwt@51de8708, Credentials=[PROTECTED], Authenticated=true, Details=WebAuthenticationDetails [RemoteIpAddress=127.0.0.1, SessionId=null], Granted Authorities=[ROLE_default-roles-myrealm, ROLE_offline_access, ROLE_CUSTOMER, ROLE_uma_authorization]] MDC:[traceId=, spanId=]
2025-06-23 15:53:50 [http-nio-8082-exec-6] DEBUG o.s.security.web.FilterChainProxy - Secured GET /getAllPaymentAccount MDC:[traceId=, spanId=]
2025-06-23 15:54:11 [http-nio-8082-exec-9] DEBUG o.s.security.web.FilterChainProxy - Securing GET /getAllPaymentAccount MDC:[traceId=, spanId=]
2025-06-23 15:54:11 [http-nio-8082-exec-9] DEBUG o.s.s.o.s.r.a.JwtAuthenticationProvider - Authenticated token MDC:[traceId=, spanId=]
2025-06-23 15:54:11 [http-nio-8082-exec-9] DEBUG o.s.s.o.s.r.w.a.BearerTokenAuthenticationFilter - Set SecurityContextHolder to JwtAuthenticationToken [Principal=org.springframework.security.oauth2.jwt.Jwt@51de8708, Credentials=[PROTECTED], Authenticated=true, Details=WebAuthenticationDetails [RemoteIpAddress=127.0.0.1, SessionId=null], Granted Authorities=[ROLE_default-roles-myrealm, ROLE_offline_access, ROLE_CUSTOMER, ROLE_uma_authorization]] MDC:[traceId=, spanId=]
2025-06-23 15:54:11 [http-nio-8082-exec-9] DEBUG o.s.security.web.FilterChainProxy - Secured GET /getAllPaymentAccount MDC:[traceId=, spanId=]
2025-06-23 15:54:14 [http-nio-8082-exec-2] DEBUG o.s.security.web.FilterChainProxy - Securing GET /getAllPaymentAccount MDC:[traceId=, spanId=]
2025-06-23 15:54:14 [http-nio-8082-exec-2] DEBUG o.s.s.o.s.r.a.JwtAuthenticationProvider - Authenticated token MDC:[traceId=, spanId=]
2025-06-23 15:54:14 [http-nio-8082-exec-2] DEBUG o.s.s.o.s.r.w.a.BearerTokenAuthenticationFilter - Set SecurityContextHolder to JwtAuthenticationToken [Principal=org.springframework.security.oauth2.jwt.Jwt@51de8708, Credentials=[PROTECTED], Authenticated=true, Details=WebAuthenticationDetails [RemoteIpAddress=127.0.0.1, SessionId=null], Granted Authorities=[ROLE_default-roles-myrealm, ROLE_offline_access, ROLE_CUSTOMER, ROLE_uma_authorization]] MDC:[traceId=, spanId=]
2025-06-23 15:54:14 [http-nio-8082-exec-2] DEBUG o.s.security.web.FilterChainProxy - Secured GET /getAllPaymentAccount MDC:[traceId=, spanId=]
2025-06-23 15:58:23 [http-nio-8082-exec-5] DEBUG o.s.security.web.FilterChainProxy - Securing GET /getAllCreditAccount MDC:[traceId=, spanId=]
2025-06-23 15:58:23 [http-nio-8082-exec-5] DEBUG o.s.s.o.s.r.a.JwtAuthenticationProvider - Authenticated token MDC:[traceId=, spanId=]
2025-06-23 15:58:23 [http-nio-8082-exec-5] DEBUG o.s.s.o.s.r.w.a.BearerTokenAuthenticationFilter - Set SecurityContextHolder to JwtAuthenticationToken [Principal=org.springframework.security.oauth2.jwt.Jwt@349c588c, Credentials=[PROTECTED], Authenticated=true, Details=WebAuthenticationDetails [RemoteIpAddress=127.0.0.1, SessionId=null], Granted Authorities=[ROLE_default-roles-myrealm, ROLE_offline_access, ROLE_CUSTOMER, ROLE_uma_authorization]] MDC:[traceId=, spanId=]
2025-06-23 15:58:23 [http-nio-8082-exec-5] DEBUG o.s.security.web.FilterChainProxy - Secured GET /getAllCreditAccount MDC:[traceId=, spanId=]
2025-06-23 15:58:23 [http-nio-8082-exec-5] DEBUG o.s.security.web.FilterChainProxy - Securing GET /error MDC:[traceId=, spanId=]
2025-06-23 15:58:23 [http-nio-8082-exec-5] DEBUG o.s.security.web.FilterChainProxy - Secured GET /error MDC:[traceId=, spanId=]
2025-06-23 15:58:24 [http-nio-8082-exec-7] DEBUG o.s.security.web.FilterChainProxy - Securing GET /getAllPaymentAccount MDC:[traceId=, spanId=]
2025-06-23 15:58:24 [http-nio-8082-exec-7] DEBUG o.s.s.o.s.r.a.JwtAuthenticationProvider - Authenticated token MDC:[traceId=, spanId=]
2025-06-23 15:58:24 [http-nio-8082-exec-7] DEBUG o.s.s.o.s.r.w.a.BearerTokenAuthenticationFilter - Set SecurityContextHolder to JwtAuthenticationToken [Principal=org.springframework.security.oauth2.jwt.Jwt@349c588c, Credentials=[PROTECTED], Authenticated=true, Details=WebAuthenticationDetails [RemoteIpAddress=127.0.0.1, SessionId=null], Granted Authorities=[ROLE_default-roles-myrealm, ROLE_offline_access, ROLE_CUSTOMER, ROLE_uma_authorization]] MDC:[traceId=, spanId=]
2025-06-23 15:58:24 [http-nio-8082-exec-7] DEBUG o.s.security.web.FilterChainProxy - Secured GET /getAllPaymentAccount MDC:[traceId=, spanId=]
2025-06-23 16:00:01 [http-nio-8082-exec-8] DEBUG o.s.security.web.FilterChainProxy - Securing GET /getAllPaymentAccount MDC:[traceId=, spanId=]
2025-06-23 16:00:01 [http-nio-8082-exec-8] DEBUG o.s.s.o.s.r.a.JwtAuthenticationProvider - Authenticated token MDC:[traceId=, spanId=]
2025-06-23 16:00:01 [http-nio-8082-exec-8] DEBUG o.s.s.o.s.r.w.a.BearerTokenAuthenticationFilter - Set SecurityContextHolder to JwtAuthenticationToken [Principal=org.springframework.security.oauth2.jwt.Jwt@349c588c, Credentials=[PROTECTED], Authenticated=true, Details=WebAuthenticationDetails [RemoteIpAddress=127.0.0.1, SessionId=null], Granted Authorities=[ROLE_default-roles-myrealm, ROLE_offline_access, ROLE_CUSTOMER, ROLE_uma_authorization]] MDC:[traceId=, spanId=]
2025-06-23 16:00:01 [http-nio-8082-exec-8] DEBUG o.s.security.web.FilterChainProxy - Secured GET /getAllPaymentAccount MDC:[traceId=, spanId=]
2025-06-23 16:02:32 [http-nio-8082-exec-3] DEBUG o.s.security.web.FilterChainProxy - Securing GET /getAllPaymentAccount MDC:[traceId=, spanId=]
2025-06-23 16:02:33 [http-nio-8082-exec-3] DEBUG o.s.s.o.s.r.a.JwtAuthenticationProvider - Authenticated token MDC:[traceId=, spanId=]
2025-06-23 16:02:33 [http-nio-8082-exec-3] DEBUG o.s.s.o.s.r.w.a.BearerTokenAuthenticationFilter - Set SecurityContextHolder to JwtAuthenticationToken [Principal=org.springframework.security.oauth2.jwt.Jwt@ca46543e, Credentials=[PROTECTED], Authenticated=true, Details=WebAuthenticationDetails [RemoteIpAddress=127.0.0.1, SessionId=null], Granted Authorities=[ROLE_default-roles-myrealm, ROLE_offline_access, ROLE_CUSTOMER, ROLE_uma_authorization]] MDC:[traceId=, spanId=]
2025-06-23 16:02:33 [http-nio-8082-exec-3] DEBUG o.s.security.web.FilterChainProxy - Secured GET /getAllPaymentAccount MDC:[traceId=, spanId=]
2025-06-23 16:03:01 [http-nio-8082-exec-6] DEBUG o.s.security.web.FilterChainProxy - Securing GET /getAllPaymentAccount MDC:[traceId=, spanId=]
2025-06-23 16:03:01 [http-nio-8082-exec-6] DEBUG o.s.s.o.s.r.a.JwtAuthenticationProvider - Authenticated token MDC:[traceId=, spanId=]
2025-06-23 16:03:01 [http-nio-8082-exec-6] DEBUG o.s.s.o.s.r.w.a.BearerTokenAuthenticationFilter - Set SecurityContextHolder to JwtAuthenticationToken [Principal=org.springframework.security.oauth2.jwt.Jwt@ca46543e, Credentials=[PROTECTED], Authenticated=true, Details=WebAuthenticationDetails [RemoteIpAddress=127.0.0.1, SessionId=null], Granted Authorities=[ROLE_default-roles-myrealm, ROLE_offline_access, ROLE_CUSTOMER, ROLE_uma_authorization]] MDC:[traceId=, spanId=]
2025-06-23 16:03:01 [http-nio-8082-exec-6] DEBUG o.s.security.web.FilterChainProxy - Secured GET /getAllPaymentAccount MDC:[traceId=, spanId=]
2025-06-23 16:03:02 [http-nio-8082-exec-9] DEBUG o.s.security.web.FilterChainProxy - Securing GET /getAllPaymentAccount MDC:[traceId=, spanId=]
2025-06-23 16:03:02 [http-nio-8082-exec-2] DEBUG o.s.security.web.FilterChainProxy - Securing GET /get-all-term MDC:[traceId=, spanId=]
2025-06-23 16:03:02 [http-nio-8082-exec-2] DEBUG o.s.s.o.s.r.a.JwtAuthenticationProvider - Authenticated token MDC:[traceId=, spanId=]
2025-06-23 16:03:02 [http-nio-8082-exec-2] DEBUG o.s.s.o.s.r.w.a.BearerTokenAuthenticationFilter - Set SecurityContextHolder to JwtAuthenticationToken [Principal=org.springframework.security.oauth2.jwt.Jwt@ca46543e, Credentials=[PROTECTED], Authenticated=true, Details=WebAuthenticationDetails [RemoteIpAddress=127.0.0.1, SessionId=null], Granted Authorities=[ROLE_default-roles-myrealm, ROLE_offline_access, ROLE_CUSTOMER, ROLE_uma_authorization]] MDC:[traceId=, spanId=]
2025-06-23 16:03:02 [http-nio-8082-exec-2] DEBUG o.s.security.web.FilterChainProxy - Secured GET /get-all-term MDC:[traceId=, spanId=]
2025-06-23 16:03:02 [http-nio-8082-exec-9] DEBUG o.s.s.o.s.r.a.JwtAuthenticationProvider - Authenticated token MDC:[traceId=, spanId=]
2025-06-23 16:03:03 [http-nio-8082-exec-9] DEBUG o.s.s.o.s.r.w.a.BearerTokenAuthenticationFilter - Set SecurityContextHolder to JwtAuthenticationToken [Principal=org.springframework.security.oauth2.jwt.Jwt@ca46543e, Credentials=[PROTECTED], Authenticated=true, Details=WebAuthenticationDetails [RemoteIpAddress=127.0.0.1, SessionId=null], Granted Authorities=[ROLE_default-roles-myrealm, ROLE_offline_access, ROLE_CUSTOMER, ROLE_uma_authorization]] MDC:[traceId=, spanId=]
2025-06-23 16:03:03 [http-nio-8082-exec-9] DEBUG o.s.security.web.FilterChainProxy - Secured GET /getAllPaymentAccount MDC:[traceId=, spanId=]
2025-06-23 16:03:03 [http-nio-8082-exec-4] DEBUG o.s.security.web.FilterChainProxy - Securing GET /getAllSavingAccount MDC:[traceId=, spanId=]
2025-06-23 16:03:03 [http-nio-8082-exec-4] DEBUG o.s.s.o.s.r.a.JwtAuthenticationProvider - Authenticated token MDC:[traceId=, spanId=]
2025-06-23 16:03:03 [http-nio-8082-exec-4] DEBUG o.s.s.o.s.r.w.a.BearerTokenAuthenticationFilter - Set SecurityContextHolder to JwtAuthenticationToken [Principal=org.springframework.security.oauth2.jwt.Jwt@ca46543e, Credentials=[PROTECTED], Authenticated=true, Details=WebAuthenticationDetails [RemoteIpAddress=127.0.0.1, SessionId=null], Granted Authorities=[ROLE_default-roles-myrealm, ROLE_offline_access, ROLE_CUSTOMER, ROLE_uma_authorization]] MDC:[traceId=, spanId=]
2025-06-23 16:03:03 [http-nio-8082-exec-4] DEBUG o.s.security.web.FilterChainProxy - Secured GET /getAllSavingAccount MDC:[traceId=, spanId=]
2025-06-23 16:03:03 [http-nio-8082-exec-5] DEBUG o.s.security.web.FilterChainProxy - Securing GET /getAllPaymentAccount MDC:[traceId=, spanId=]
2025-06-23 16:03:03 [http-nio-8082-exec-5] DEBUG o.s.s.o.s.r.a.JwtAuthenticationProvider - Authenticated token MDC:[traceId=, spanId=]
2025-06-23 16:03:03 [http-nio-8082-exec-5] DEBUG o.s.s.o.s.r.w.a.BearerTokenAuthenticationFilter - Set SecurityContextHolder to JwtAuthenticationToken [Principal=org.springframework.security.oauth2.jwt.Jwt@ca46543e, Credentials=[PROTECTED], Authenticated=true, Details=WebAuthenticationDetails [RemoteIpAddress=127.0.0.1, SessionId=null], Granted Authorities=[ROLE_default-roles-myrealm, ROLE_offline_access, ROLE_CUSTOMER, ROLE_uma_authorization]] MDC:[traceId=, spanId=]
2025-06-23 16:03:03 [http-nio-8082-exec-5] DEBUG o.s.security.web.FilterChainProxy - Secured GET /getAllPaymentAccount MDC:[traceId=, spanId=]
2025-06-23 16:03:04 [http-nio-8082-exec-7] DEBUG o.s.security.web.FilterChainProxy - Securing GET /getAllPaymentAccount MDC:[traceId=, spanId=]
2025-06-23 16:03:04 [http-nio-8082-exec-1] DEBUG o.s.security.web.FilterChainProxy - Securing GET /get-all-term MDC:[traceId=, spanId=]
2025-06-23 16:03:04 [http-nio-8082-exec-7] DEBUG o.s.s.o.s.r.a.JwtAuthenticationProvider - Authenticated token MDC:[traceId=, spanId=]
2025-06-23 16:03:04 [http-nio-8082-exec-7] DEBUG o.s.s.o.s.r.w.a.BearerTokenAuthenticationFilter - Set SecurityContextHolder to JwtAuthenticationToken [Principal=org.springframework.security.oauth2.jwt.Jwt@ca46543e, Credentials=[PROTECTED], Authenticated=true, Details=WebAuthenticationDetails [RemoteIpAddress=127.0.0.1, SessionId=null], Granted Authorities=[ROLE_default-roles-myrealm, ROLE_offline_access, ROLE_CUSTOMER, ROLE_uma_authorization]] MDC:[traceId=, spanId=]
2025-06-23 16:03:04 [http-nio-8082-exec-7] DEBUG o.s.security.web.FilterChainProxy - Secured GET /getAllPaymentAccount MDC:[traceId=, spanId=]
2025-06-23 16:03:04 [http-nio-8082-exec-1] DEBUG o.s.s.o.s.r.a.JwtAuthenticationProvider - Authenticated token MDC:[traceId=, spanId=]
2025-06-23 16:03:04 [http-nio-8082-exec-1] DEBUG o.s.s.o.s.r.w.a.BearerTokenAuthenticationFilter - Set SecurityContextHolder to JwtAuthenticationToken [Principal=org.springframework.security.oauth2.jwt.Jwt@ca46543e, Credentials=[PROTECTED], Authenticated=true, Details=WebAuthenticationDetails [RemoteIpAddress=127.0.0.1, SessionId=null], Granted Authorities=[ROLE_default-roles-myrealm, ROLE_offline_access, ROLE_CUSTOMER, ROLE_uma_authorization]] MDC:[traceId=, spanId=]
2025-06-23 16:03:04 [http-nio-8082-exec-1] DEBUG o.s.security.web.FilterChainProxy - Secured GET /get-all-term MDC:[traceId=, spanId=]
2025-06-23 16:03:04 [http-nio-8082-exec-8] DEBUG o.s.security.web.FilterChainProxy - Securing GET /getAllSavingAccount MDC:[traceId=, spanId=]
2025-06-23 16:03:04 [http-nio-8082-exec-8] DEBUG o.s.s.o.s.r.a.JwtAuthenticationProvider - Authenticated token MDC:[traceId=, spanId=]
2025-06-23 16:03:04 [http-nio-8082-exec-8] DEBUG o.s.s.o.s.r.w.a.BearerTokenAuthenticationFilter - Set SecurityContextHolder to JwtAuthenticationToken [Principal=org.springframework.security.oauth2.jwt.Jwt@ca46543e, Credentials=[PROTECTED], Authenticated=true, Details=WebAuthenticationDetails [RemoteIpAddress=127.0.0.1, SessionId=null], Granted Authorities=[ROLE_default-roles-myrealm, ROLE_offline_access, ROLE_CUSTOMER, ROLE_uma_authorization]] MDC:[traceId=, spanId=]
2025-06-23 16:03:04 [http-nio-8082-exec-8] DEBUG o.s.security.web.FilterChainProxy - Secured GET /getAllSavingAccount MDC:[traceId=, spanId=]
2025-06-23 16:03:48 [http-nio-8082-exec-10] DEBUG o.s.security.web.FilterChainProxy - Securing GET /getAllPaymentAccount MDC:[traceId=, spanId=]
2025-06-23 16:03:48 [http-nio-8082-exec-10] DEBUG o.s.s.o.s.r.a.JwtAuthenticationProvider - Authenticated token MDC:[traceId=, spanId=]
2025-06-23 16:03:48 [http-nio-8082-exec-10] DEBUG o.s.s.o.s.r.w.a.BearerTokenAuthenticationFilter - Set SecurityContextHolder to JwtAuthenticationToken [Principal=org.springframework.security.oauth2.jwt.Jwt@ca46543e, Credentials=[PROTECTED], Authenticated=true, Details=WebAuthenticationDetails [RemoteIpAddress=127.0.0.1, SessionId=null], Granted Authorities=[ROLE_default-roles-myrealm, ROLE_offline_access, ROLE_CUSTOMER, ROLE_uma_authorization]] MDC:[traceId=, spanId=]
2025-06-23 16:03:48 [http-nio-8082-exec-10] DEBUG o.s.security.web.FilterChainProxy - Secured GET /getAllPaymentAccount MDC:[traceId=, spanId=]
2025-06-23 16:05:52 [http-nio-8082-exec-4] DEBUG o.s.security.web.FilterChainProxy - Securing GET /getAllPaymentAccount MDC:[traceId=, spanId=]
2025-06-23 16:05:52 [http-nio-8082-exec-4] DEBUG o.s.s.o.s.r.a.JwtAuthenticationProvider - Authenticated token MDC:[traceId=, spanId=]
2025-06-23 16:05:52 [http-nio-8082-exec-4] DEBUG o.s.s.o.s.r.w.a.BearerTokenAuthenticationFilter - Set SecurityContextHolder to JwtAuthenticationToken [Principal=org.springframework.security.oauth2.jwt.Jwt@ca46543e, Credentials=[PROTECTED], Authenticated=true, Details=WebAuthenticationDetails [RemoteIpAddress=127.0.0.1, SessionId=null], Granted Authorities=[ROLE_default-roles-myrealm, ROLE_offline_access, ROLE_CUSTOMER, ROLE_uma_authorization]] MDC:[traceId=, spanId=]
2025-06-23 16:05:52 [http-nio-8082-exec-4] DEBUG o.s.security.web.FilterChainProxy - Secured GET /getAllPaymentAccount MDC:[traceId=, spanId=]
2025-06-23 16:06:40 [http-nio-8082-exec-5] DEBUG o.s.security.web.FilterChainProxy - Securing GET /get-customer/12345678 MDC:[traceId=, spanId=]
2025-06-23 16:06:40 [http-nio-8082-exec-2] DEBUG o.s.security.web.FilterChainProxy - Securing GET /get-customer/970452999999999 MDC:[traceId=, spanId=]
2025-06-23 16:06:40 [http-nio-8082-exec-2] DEBUG o.s.s.o.s.r.a.JwtAuthenticationProvider - Authenticated token MDC:[traceId=, spanId=]
2025-06-23 16:06:40 [http-nio-8082-exec-5] DEBUG o.s.s.o.s.r.a.JwtAuthenticationProvider - Authenticated token MDC:[traceId=, spanId=]
2025-06-23 16:06:40 [http-nio-8082-exec-2] DEBUG o.s.s.o.s.r.w.a.BearerTokenAuthenticationFilter - Set SecurityContextHolder to JwtAuthenticationToken [Principal=org.springframework.security.oauth2.jwt.Jwt@ca46543e, Credentials=[PROTECTED], Authenticated=true, Details=WebAuthenticationDetails [RemoteIpAddress=127.0.0.1, SessionId=null], Granted Authorities=[ROLE_default-roles-myrealm, ROLE_offline_access, ROLE_CUSTOMER, ROLE_uma_authorization]] MDC:[traceId=, spanId=]
2025-06-23 16:06:40 [http-nio-8082-exec-5] DEBUG o.s.s.o.s.r.w.a.BearerTokenAuthenticationFilter - Set SecurityContextHolder to JwtAuthenticationToken [Principal=org.springframework.security.oauth2.jwt.Jwt@ca46543e, Credentials=[PROTECTED], Authenticated=true, Details=WebAuthenticationDetails [RemoteIpAddress=127.0.0.1, SessionId=null], Granted Authorities=[ROLE_default-roles-myrealm, ROLE_offline_access, ROLE_CUSTOMER, ROLE_uma_authorization]] MDC:[traceId=, spanId=]
2025-06-23 16:06:40 [http-nio-8082-exec-5] DEBUG o.s.security.web.FilterChainProxy - Secured GET /get-customer/12345678 MDC:[traceId=, spanId=]
2025-06-23 16:06:40 [http-nio-8082-exec-2] DEBUG o.s.security.web.FilterChainProxy - Secured GET /get-customer/970452999999999 MDC:[traceId=, spanId=]
2025-06-23 16:06:42 [http-nio-8082-exec-1] DEBUG o.s.security.web.FilterChainProxy - Securing GET /getAllPaymentAccount MDC:[traceId=, spanId=]
2025-06-23 16:06:42 [http-nio-8082-exec-1] DEBUG o.s.s.o.s.r.a.JwtAuthenticationProvider - Authenticated token MDC:[traceId=, spanId=]
2025-06-23 16:06:42 [http-nio-8082-exec-1] DEBUG o.s.s.o.s.r.w.a.BearerTokenAuthenticationFilter - Set SecurityContextHolder to JwtAuthenticationToken [Principal=org.springframework.security.oauth2.jwt.Jwt@ca46543e, Credentials=[PROTECTED], Authenticated=true, Details=WebAuthenticationDetails [RemoteIpAddress=127.0.0.1, SessionId=null], Granted Authorities=[ROLE_default-roles-myrealm, ROLE_offline_access, ROLE_CUSTOMER, ROLE_uma_authorization]] MDC:[traceId=, spanId=]
2025-06-23 16:06:42 [http-nio-8082-exec-1] DEBUG o.s.security.web.FilterChainProxy - Secured GET /getAllPaymentAccount MDC:[traceId=, spanId=]
2025-06-23 16:07:03 [http-nio-8082-exec-7] DEBUG o.s.security.web.FilterChainProxy - Securing GET /get-customer/12345678 MDC:[traceId=, spanId=]
2025-06-23 16:07:03 [http-nio-8082-exec-8] DEBUG o.s.security.web.FilterChainProxy - Securing GET /get-customer/970452999999999 MDC:[traceId=, spanId=]
2025-06-23 16:07:03 [http-nio-8082-exec-7] DEBUG o.s.s.o.s.r.a.JwtAuthenticationProvider - Authenticated token MDC:[traceId=, spanId=]
2025-06-23 16:07:03 [http-nio-8082-exec-7] DEBUG o.s.s.o.s.r.w.a.BearerTokenAuthenticationFilter - Set SecurityContextHolder to JwtAuthenticationToken [Principal=org.springframework.security.oauth2.jwt.Jwt@ca46543e, Credentials=[PROTECTED], Authenticated=true, Details=WebAuthenticationDetails [RemoteIpAddress=127.0.0.1, SessionId=null], Granted Authorities=[ROLE_default-roles-myrealm, ROLE_offline_access, ROLE_CUSTOMER, ROLE_uma_authorization]] MDC:[traceId=, spanId=]
2025-06-23 16:07:03 [http-nio-8082-exec-7] DEBUG o.s.security.web.FilterChainProxy - Secured GET /get-customer/12345678 MDC:[traceId=, spanId=]
2025-06-23 16:07:03 [http-nio-8082-exec-8] DEBUG o.s.s.o.s.r.a.JwtAuthenticationProvider - Authenticated token MDC:[traceId=, spanId=]
2025-06-23 16:07:03 [http-nio-8082-exec-8] DEBUG o.s.s.o.s.r.w.a.BearerTokenAuthenticationFilter - Set SecurityContextHolder to JwtAuthenticationToken [Principal=org.springframework.security.oauth2.jwt.Jwt@ca46543e, Credentials=[PROTECTED], Authenticated=true, Details=WebAuthenticationDetails [RemoteIpAddress=127.0.0.1, SessionId=null], Granted Authorities=[ROLE_default-roles-myrealm, ROLE_offline_access, ROLE_CUSTOMER, ROLE_uma_authorization]] MDC:[traceId=, spanId=]
2025-06-23 16:07:03 [http-nio-8082-exec-8] DEBUG o.s.security.web.FilterChainProxy - Secured GET /get-customer/970452999999999 MDC:[traceId=, spanId=]
2025-06-23 16:07:04 [http-nio-8082-exec-10] DEBUG o.s.security.web.FilterChainProxy - Securing GET /getAllPaymentAccount MDC:[traceId=, spanId=]
2025-06-23 16:07:04 [http-nio-8082-exec-10] DEBUG o.s.s.o.s.r.a.JwtAuthenticationProvider - Authenticated token MDC:[traceId=, spanId=]
2025-06-23 16:07:04 [http-nio-8082-exec-10] DEBUG o.s.s.o.s.r.w.a.BearerTokenAuthenticationFilter - Set SecurityContextHolder to JwtAuthenticationToken [Principal=org.springframework.security.oauth2.jwt.Jwt@ca46543e, Credentials=[PROTECTED], Authenticated=true, Details=WebAuthenticationDetails [RemoteIpAddress=127.0.0.1, SessionId=null], Granted Authorities=[ROLE_default-roles-myrealm, ROLE_offline_access, ROLE_CUSTOMER, ROLE_uma_authorization]] MDC:[traceId=, spanId=]
2025-06-23 16:07:04 [http-nio-8082-exec-10] DEBUG o.s.security.web.FilterChainProxy - Secured GET /getAllPaymentAccount MDC:[traceId=, spanId=]
2025-06-23 16:07:08 [http-nio-8082-exec-3] DEBUG o.s.security.web.FilterChainProxy - Securing GET /getAllPaymentAccount MDC:[traceId=, spanId=]
2025-06-23 16:07:08 [http-nio-8082-exec-3] DEBUG o.s.s.o.s.r.a.JwtAuthenticationProvider - Authenticated token MDC:[traceId=, spanId=]
2025-06-23 16:07:08 [http-nio-8082-exec-3] DEBUG o.s.s.o.s.r.w.a.BearerTokenAuthenticationFilter - Set SecurityContextHolder to JwtAuthenticationToken [Principal=org.springframework.security.oauth2.jwt.Jwt@ca46543e, Credentials=[PROTECTED], Authenticated=true, Details=WebAuthenticationDetails [RemoteIpAddress=127.0.0.1, SessionId=null], Granted Authorities=[ROLE_default-roles-myrealm, ROLE_offline_access, ROLE_CUSTOMER, ROLE_uma_authorization]] MDC:[traceId=, spanId=]
2025-06-23 16:07:08 [http-nio-8082-exec-3] DEBUG o.s.security.web.FilterChainProxy - Secured GET /getAllPaymentAccount MDC:[traceId=, spanId=]
2025-06-23 16:07:11 [http-nio-8082-exec-6] DEBUG o.s.security.web.FilterChainProxy - Securing GET /getAccountPaymentByID/12345678 MDC:[traceId=, spanId=]
2025-06-23 16:07:11 [http-nio-8082-exec-6] DEBUG o.s.s.o.s.r.a.JwtAuthenticationProvider - Authenticated token MDC:[traceId=, spanId=]
2025-06-23 16:07:11 [http-nio-8082-exec-6] DEBUG o.s.s.o.s.r.w.a.BearerTokenAuthenticationFilter - Set SecurityContextHolder to JwtAuthenticationToken [Principal=org.springframework.security.oauth2.jwt.Jwt@ca46543e, Credentials=[PROTECTED], Authenticated=true, Details=WebAuthenticationDetails [RemoteIpAddress=127.0.0.1, SessionId=null], Granted Authorities=[ROLE_default-roles-myrealm, ROLE_offline_access, ROLE_CUSTOMER, ROLE_uma_authorization]] MDC:[traceId=, spanId=]
2025-06-23 16:07:11 [http-nio-8082-exec-6] DEBUG o.s.security.web.FilterChainProxy - Secured GET /getAccountPaymentByID/12345678 MDC:[traceId=, spanId=]
2025-06-23 16:07:27 [http-nio-8082-exec-9] DEBUG o.s.security.web.FilterChainProxy - Securing GET /getAllPaymentAccount MDC:[traceId=, spanId=]
2025-06-23 16:07:27 [http-nio-8082-exec-4] DEBUG o.s.security.web.FilterChainProxy - Securing GET /get-all-term MDC:[traceId=, spanId=]
2025-06-23 16:07:27 [http-nio-8082-exec-9] DEBUG o.s.s.o.s.r.a.JwtAuthenticationProvider - Authenticated token MDC:[traceId=, spanId=]
2025-06-23 16:07:27 [http-nio-8082-exec-9] DEBUG o.s.s.o.s.r.w.a.BearerTokenAuthenticationFilter - Set SecurityContextHolder to JwtAuthenticationToken [Principal=org.springframework.security.oauth2.jwt.Jwt@ca46543e, Credentials=[PROTECTED], Authenticated=true, Details=WebAuthenticationDetails [RemoteIpAddress=127.0.0.1, SessionId=null], Granted Authorities=[ROLE_default-roles-myrealm, ROLE_offline_access, ROLE_CUSTOMER, ROLE_uma_authorization]] MDC:[traceId=, spanId=]
2025-06-23 16:07:27 [http-nio-8082-exec-4] DEBUG o.s.s.o.s.r.a.JwtAuthenticationProvider - Authenticated token MDC:[traceId=, spanId=]
2025-06-23 16:07:27 [http-nio-8082-exec-4] DEBUG o.s.s.o.s.r.w.a.BearerTokenAuthenticationFilter - Set SecurityContextHolder to JwtAuthenticationToken [Principal=org.springframework.security.oauth2.jwt.Jwt@ca46543e, Credentials=[PROTECTED], Authenticated=true, Details=WebAuthenticationDetails [RemoteIpAddress=127.0.0.1, SessionId=null], Granted Authorities=[ROLE_default-roles-myrealm, ROLE_offline_access, ROLE_CUSTOMER, ROLE_uma_authorization]] MDC:[traceId=, spanId=]
2025-06-23 16:07:27 [http-nio-8082-exec-9] DEBUG o.s.security.web.FilterChainProxy - Secured GET /getAllPaymentAccount MDC:[traceId=, spanId=]
2025-06-23 16:07:27 [http-nio-8082-exec-4] DEBUG o.s.security.web.FilterChainProxy - Secured GET /get-all-term MDC:[traceId=, spanId=]
2025-06-23 16:07:27 [http-nio-8082-exec-5] DEBUG o.s.security.web.FilterChainProxy - Securing GET /getAllSavingAccount MDC:[traceId=, spanId=]
2025-06-23 16:07:27 [http-nio-8082-exec-5] DEBUG o.s.s.o.s.r.a.JwtAuthenticationProvider - Authenticated token MDC:[traceId=, spanId=]
2025-06-23 16:07:27 [http-nio-8082-exec-5] DEBUG o.s.s.o.s.r.w.a.BearerTokenAuthenticationFilter - Set SecurityContextHolder to JwtAuthenticationToken [Principal=org.springframework.security.oauth2.jwt.Jwt@ca46543e, Credentials=[PROTECTED], Authenticated=true, Details=WebAuthenticationDetails [RemoteIpAddress=127.0.0.1, SessionId=null], Granted Authorities=[ROLE_default-roles-myrealm, ROLE_offline_access, ROLE_CUSTOMER, ROLE_uma_authorization]] MDC:[traceId=, spanId=]
2025-06-23 16:07:27 [http-nio-8082-exec-5] DEBUG o.s.security.web.FilterChainProxy - Secured GET /getAllSavingAccount MDC:[traceId=, spanId=]
2025-06-23 16:08:02 [http-nio-8082-exec-2] DEBUG o.s.security.web.FilterChainProxy - Securing GET /getAllCreditAccount MDC:[traceId=, spanId=]
2025-06-23 16:08:02 [http-nio-8082-exec-2] DEBUG o.s.s.o.s.r.a.JwtAuthenticationProvider - Authenticated token MDC:[traceId=, spanId=]
2025-06-23 16:08:02 [http-nio-8082-exec-2] DEBUG o.s.s.o.s.r.w.a.BearerTokenAuthenticationFilter - Set SecurityContextHolder to JwtAuthenticationToken [Principal=org.springframework.security.oauth2.jwt.Jwt@ca46543e, Credentials=[PROTECTED], Authenticated=true, Details=WebAuthenticationDetails [RemoteIpAddress=127.0.0.1, SessionId=null], Granted Authorities=[ROLE_default-roles-myrealm, ROLE_offline_access, ROLE_CUSTOMER, ROLE_uma_authorization]] MDC:[traceId=, spanId=]
2025-06-23 16:08:02 [http-nio-8082-exec-2] DEBUG o.s.security.web.FilterChainProxy - Secured GET /getAllCreditAccount MDC:[traceId=, spanId=]
2025-06-23 16:08:02 [http-nio-8082-exec-2] DEBUG o.s.security.web.FilterChainProxy - Securing GET /error MDC:[traceId=, spanId=]
2025-06-23 16:08:02 [http-nio-8082-exec-2] DEBUG o.s.security.web.FilterChainProxy - Secured GET /error MDC:[traceId=, spanId=]
2025-06-23 16:08:05 [http-nio-8082-exec-1] DEBUG o.s.security.web.FilterChainProxy - Securing GET /getAllPaymentAccount MDC:[traceId=, spanId=]
2025-06-23 16:08:05 [http-nio-8082-exec-1] DEBUG o.s.s.o.s.r.a.JwtAuthenticationProvider - Authenticated token MDC:[traceId=, spanId=]
2025-06-23 16:08:05 [http-nio-8082-exec-1] DEBUG o.s.s.o.s.r.w.a.BearerTokenAuthenticationFilter - Set SecurityContextHolder to JwtAuthenticationToken [Principal=org.springframework.security.oauth2.jwt.Jwt@ca46543e, Credentials=[PROTECTED], Authenticated=true, Details=WebAuthenticationDetails [RemoteIpAddress=127.0.0.1, SessionId=null], Granted Authorities=[ROLE_default-roles-myrealm, ROLE_offline_access, ROLE_CUSTOMER, ROLE_uma_authorization]] MDC:[traceId=, spanId=]
2025-06-23 16:08:05 [http-nio-8082-exec-1] DEBUG o.s.security.web.FilterChainProxy - Secured GET /getAllPaymentAccount MDC:[traceId=, spanId=]
