2025-07-04 00:02:05 INFO  [http-nio-8080-exec-1] ACCESS_LOG [,] - ACCESS_LOG - RequestId: 4a339d05-f472-4583-bfe4-bc56ec94780e, IP: 0:0:0:0:0:0:0:1, Method: GET, URL: /api/customers/status, Status: 200, Duration: 1174 ms
2025-07-04 00:12:43 INFO  [http-nio-8080-exec-4] ACCESS_LOG [,] - ACCESS_LOG - RequestId: 775b32ed-e24e-4778-80a1-17091e276632, IP: 0:0:0:0:0:0:0:1, Method: GET, URL: /api/customers/status, Status: 200, Duration: 4031 ms
2025-07-04 00:12:43 INFO  [http-nio-8080-exec-2] ACCESS_LOG [,] - ACCESS_LOG - RequestId: 742c7657-d321-4479-a4f2-26c1ce4a6049, IP: 0:0:0:0:0:0:0:1, Method: GET, URL: /api/customers/status, Status: 200, Duration: 71 ms
2025-07-04 00:12:58 INFO  [http-nio-8080-exec-6] ACCESS_LOG [,] - ACCESS_LOG - RequestId: 77653cad-f40c-4365-b482-5b49b5552ffc, IP: 0:0:0:0:0:0:0:1, Method: GET, URL: /api/customers/status, Status: 200, Duration: 19 ms
2025-07-04 00:13:00 INFO  [http-nio-8080-exec-5] ACCESS_LOG [,] - [getCustomerGrowth] GET_CUSTOMER_GROWTH_START - RequestId: 0bf795c2-73ff-4fee-ae8b-28a34eb62bcd, StartDate: 2025-06-03, EndDate: 2025-07-03
2025-07-04 00:13:00 INFO  [http-nio-8080-exec-8] ACCESS_LOG [,] - [getKycStatistics] GET_KYC_STATISTICS_START - RequestId: 0531a891-0b70-48bd-b66f-8c56e51cbc62, StartDate: 2025-06-03, EndDate: 2025-07-03
2025-07-04 00:13:00 INFO  [http-nio-8080-exec-5] ACCESS_LOG [,] - [getCustomerGrowth] CUSTOMER_GROWTH_RETRIEVED - RequestId: 0bf795c2-73ff-4fee-ae8b-28a34eb62bcd, NewCustomers: 2, PreviousPeriod: 7, GrowthRate: -71.42857142857143%
2025-07-04 00:13:00 INFO  [http-nio-8080-exec-8] ACCESS_LOG [,] - [getKycStatistics] KYC_STATISTICS_RETRIEVED - RequestId: 0531a891-0b70-48bd-b66f-8c56e51cbc62, Total: 0, Successful: 0, Failed: 0, Pending: 0
2025-07-04 00:13:00 INFO  [http-nio-8080-exec-5] ACCESS_LOG [,] - ACCESS_LOG - RequestId: 6c1fe603-e9ab-43fd-9619-06f2d762a86f, IP: 0:0:0:0:0:0:0:1, Method: GET, URL: /api/customers/growth?startDate=2025-06-03&endDate=2025-07-03, Status: 200, Duration: 1292 ms
2025-07-04 00:13:00 INFO  [http-nio-8080-exec-8] ACCESS_LOG [,] - ACCESS_LOG - RequestId: 77945b64-802c-4116-b129-d295b4efeebf, IP: 0:0:0:0:0:0:0:1, Method: GET, URL: /api/customers/kyc/statistics?startDate=2025-06-03&endDate=2025-07-03, Status: 200, Duration: 1277 ms
2025-07-04 00:17:07 INFO  [http-nio-8080-exec-10] ACCESS_LOG [,] - ACCESS_LOG - RequestId: d4a51909-d5a9-4b8b-adc4-7abc7e613754, IP: 0:0:0:0:0:0:0:1, Method: GET, URL: /api/customers/status, Status: 200, Duration: 806 ms
2025-07-04 00:17:08 INFO  [http-nio-8080-exec-1] ACCESS_LOG [,] - [getKycStatistics] GET_KYC_STATISTICS_START - RequestId: a1e55954-fd92-4b00-98a0-704281b1216e, StartDate: 2025-06-03, EndDate: 2025-07-03
2025-07-04 00:17:08 INFO  [http-nio-8080-exec-3] ACCESS_LOG [,] - [getCustomerGrowth] GET_CUSTOMER_GROWTH_START - RequestId: 68afbad5-50a1-4cdd-9856-e97529f5ef5f, StartDate: 2025-06-03, EndDate: 2025-07-03
2025-07-04 00:17:08 INFO  [http-nio-8080-exec-3] ACCESS_LOG [,] - [getCustomerGrowth] CUSTOMER_GROWTH_RETRIEVED - RequestId: 68afbad5-50a1-4cdd-9856-e97529f5ef5f, NewCustomers: 2, PreviousPeriod: 7, GrowthRate: -71.42857142857143%
2025-07-04 00:17:08 INFO  [http-nio-8080-exec-3] ACCESS_LOG [,] - ACCESS_LOG - RequestId: d7621842-130d-4b86-821b-819d122223b8, IP: 0:0:0:0:0:0:0:1, Method: GET, URL: /api/customers/growth?startDate=2025-06-03&endDate=2025-07-03, Status: 200, Duration: 438 ms
2025-07-04 00:17:08 INFO  [http-nio-8080-exec-1] ACCESS_LOG [,] - [getKycStatistics] KYC_STATISTICS_RETRIEVED - RequestId: a1e55954-fd92-4b00-98a0-704281b1216e, Total: 0, Successful: 0, Failed: 0, Pending: 0
2025-07-04 00:17:08 INFO  [http-nio-8080-exec-1] ACCESS_LOG [,] - ACCESS_LOG - RequestId: 3e388bb4-7e4e-439b-9d47-419e271e0f8e, IP: 0:0:0:0:0:0:0:1, Method: GET, URL: /api/customers/kyc/statistics?startDate=2025-06-03&endDate=2025-07-03, Status: 200, Duration: 479 ms
2025-07-04 00:17:41 INFO  [http-nio-8080-exec-2] ACCESS_LOG [,] - [getKycStatistics] GET_KYC_STATISTICS_START - RequestId: 3f13d14e-2e52-4859-b6f6-589f1964b048, StartDate: 2025-06-03, EndDate: 2025-07-03
2025-07-04 00:17:41 INFO  [http-nio-8080-exec-4] ACCESS_LOG [,] - [getCustomerGrowth] GET_CUSTOMER_GROWTH_START - RequestId: 8f87e9f7-4dc7-4872-b690-7de678f41288, StartDate: 2025-06-03, EndDate: 2025-07-03
2025-07-04 00:17:41 INFO  [http-nio-8080-exec-4] ACCESS_LOG [,] - [getCustomerGrowth] CUSTOMER_GROWTH_RETRIEVED - RequestId: 8f87e9f7-4dc7-4872-b690-7de678f41288, NewCustomers: 2, PreviousPeriod: 7, GrowthRate: -71.42857142857143%
2025-07-04 00:17:41 INFO  [http-nio-8080-exec-2] ACCESS_LOG [,] - [getKycStatistics] KYC_STATISTICS_RETRIEVED - RequestId: 3f13d14e-2e52-4859-b6f6-589f1964b048, Total: 0, Successful: 0, Failed: 0, Pending: 0
2025-07-04 00:17:41 INFO  [http-nio-8080-exec-4] ACCESS_LOG [,] - ACCESS_LOG - RequestId: 86209c8b-b3d5-4b69-9718-7ee16ef13475, IP: 0:0:0:0:0:0:0:1, Method: GET, URL: /api/customers/growth?startDate=2025-06-03&endDate=2025-07-03, Status: 200, Duration: 504 ms
2025-07-04 00:17:41 INFO  [http-nio-8080-exec-6] ACCESS_LOG [,] - ACCESS_LOG - RequestId: df263405-20ca-4fea-a062-7f39adc4d696, IP: 0:0:0:0:0:0:0:1, Method: GET, URL: /api/customers/status, Status: 200, Duration: 504 ms
2025-07-04 00:17:41 INFO  [http-nio-8080-exec-2] ACCESS_LOG [,] - ACCESS_LOG - RequestId: 426a785f-d28d-4701-b3d2-6eb027f13763, IP: 0:0:0:0:0:0:0:1, Method: GET, URL: /api/customers/kyc/statistics?startDate=2025-06-03&endDate=2025-07-03, Status: 200, Duration: 504 ms
2025-07-04 00:37:18 INFO  [http-nio-8080-exec-3] ACCESS_LOG [,] - ACCESS_LOG - RequestId: 02e7ffb2-879b-4116-a0df-abb7d02d7868, IP: 0:0:0:0:0:0:0:1, Method: GET, URL: /api/customers/status, Status: 200, Duration: 240 ms
2025-07-04 00:37:18 INFO  [http-nio-8080-exec-1] ACCESS_LOG [,] - ACCESS_LOG - RequestId: 599848c2-5d20-4c5a-b0f0-b6ec23797f41, IP: 0:0:0:0:0:0:0:1, Method: GET, URL: /api/customers/status, Status: 200, Duration: 623 ms
2025-07-04 00:37:18 INFO  [http-nio-8080-exec-2] ACCESS_LOG [,] - ACCESS_LOG - RequestId: c3290bff-1c55-40a1-8e46-6524de8e1b44, IP: 0:0:0:0:0:0:0:1, Method: GET, URL: /api/customers/status, Status: 200, Duration: 623 ms
2025-07-04 00:42:45 INFO  [http-nio-8080-exec-7] ACCESS_LOG [,] - ACCESS_LOG - RequestId: fbba8430-0cee-4347-94f8-3dc7898ee4db, IP: 0:0:0:0:0:0:0:1, Method: GET, URL: /api/customers/status, Status: 200, Duration: 464 ms
2025-07-04 00:42:48 INFO  [http-nio-8080-exec-8] ACCESS_LOG [,] - ACCESS_LOG - RequestId: 421f0b2b-31ea-4555-8865-80a4915fe575, IP: 0:0:0:0:0:0:0:1, Method: GET, URL: /api/customers/status, Status: 200, Duration: 19 ms
2025-07-04 00:43:00 INFO  [http-nio-8080-exec-9] ACCESS_LOG [,] - [getKycStatistics] GET_KYC_STATISTICS_START - RequestId: c7e479c1-5a66-4ad4-af71-80328915c890, StartDate: 2025-06-03, EndDate: 2025-07-03
2025-07-04 00:43:00 INFO  [http-nio-8080-exec-10] ACCESS_LOG [,] - [getCustomerGrowth] GET_CUSTOMER_GROWTH_START - RequestId: 0d64ecec-5428-4e37-97ad-499578fe4123, StartDate: 2025-06-03, EndDate: 2025-07-03
2025-07-04 00:43:00 INFO  [http-nio-8080-exec-10] ACCESS_LOG [,] - [getCustomerGrowth] CUSTOMER_GROWTH_RETRIEVED - RequestId: 0d64ecec-5428-4e37-97ad-499578fe4123, NewCustomers: 2, PreviousPeriod: 7, GrowthRate: -71.42857142857143%
2025-07-04 00:43:00 INFO  [http-nio-8080-exec-9] ACCESS_LOG [,] - [getKycStatistics] KYC_STATISTICS_RETRIEVED - RequestId: c7e479c1-5a66-4ad4-af71-80328915c890, Total: 0, Successful: 0, Failed: 0, Pending: 0
2025-07-04 00:43:00 INFO  [http-nio-8080-exec-9] ACCESS_LOG [,] - ACCESS_LOG - RequestId: d5a37732-464a-4753-a21d-d74c5d4a344d, IP: 0:0:0:0:0:0:0:1, Method: GET, URL: /api/customers/kyc/statistics?startDate=2025-06-03&endDate=2025-07-03, Status: 200, Duration: 912 ms
2025-07-04 00:43:00 INFO  [http-nio-8080-exec-10] ACCESS_LOG [,] - ACCESS_LOG - RequestId: 7ff2ce10-8bc3-46c3-bc98-3ba3680d6877, IP: 0:0:0:0:0:0:0:1, Method: GET, URL: /api/customers/growth?startDate=2025-06-03&endDate=2025-07-03, Status: 200, Duration: 912 ms
2025-07-04 00:44:28 INFO  [http-nio-8080-exec-1] ACCESS_LOG [,] - ACCESS_LOG - RequestId: cbda11d4-80b8-45ae-b19a-5bbad5be755e, IP: 0:0:0:0:0:0:0:1, Method: GET, URL: /api/customers/status, Status: 200, Duration: 413 ms
2025-07-04 00:44:28 INFO  [http-nio-8080-exec-4] ACCESS_LOG [,] - [getKycStatistics] GET_KYC_STATISTICS_START - RequestId: e7db5db8-7e3d-460b-9e7c-35acd71712f4, StartDate: 2025-06-03, EndDate: 2025-07-03
2025-07-04 00:44:28 INFO  [http-nio-8080-exec-6] ACCESS_LOG [,] - [getCustomerGrowth] GET_CUSTOMER_GROWTH_START - RequestId: 8687e20c-3900-4719-8762-0ebfa52e22e9, StartDate: 2025-06-03, EndDate: 2025-07-03
2025-07-04 00:44:28 INFO  [http-nio-8080-exec-6] ACCESS_LOG [,] - [getCustomerGrowth] CUSTOMER_GROWTH_RETRIEVED - RequestId: 8687e20c-3900-4719-8762-0ebfa52e22e9, NewCustomers: 2, PreviousPeriod: 7, GrowthRate: -71.42857142857143%
2025-07-04 00:44:28 INFO  [http-nio-8080-exec-4] ACCESS_LOG [,] - [getKycStatistics] KYC_STATISTICS_RETRIEVED - RequestId: e7db5db8-7e3d-460b-9e7c-35acd71712f4, Total: 0, Successful: 0, Failed: 0, Pending: 0
2025-07-04 00:44:28 INFO  [http-nio-8080-exec-6] ACCESS_LOG [,] - ACCESS_LOG - RequestId: fec4a506-fd2f-46dd-a2fc-44f75df25121, IP: 0:0:0:0:0:0:0:1, Method: GET, URL: /api/customers/growth?startDate=2025-06-03&endDate=2025-07-03, Status: 200, Duration: 80 ms
2025-07-04 00:44:28 INFO  [http-nio-8080-exec-4] ACCESS_LOG [,] - ACCESS_LOG - RequestId: 0ec4d04d-c3fa-4119-aabd-c2faa8a145ea, IP: 0:0:0:0:0:0:0:1, Method: GET, URL: /api/customers/kyc/statistics?startDate=2025-06-03&endDate=2025-07-03, Status: 200, Duration: 96 ms
2025-07-04 00:47:32 INFO  [http-nio-8080-exec-8] ACCESS_LOG [,] - ACCESS_LOG - RequestId: e43f69b9-e04e-4259-96a3-608fc655647b, IP: 0:0:0:0:0:0:0:1, Method: GET, URL: /api/customers/status, Status: 200, Duration: 873 ms
2025-07-04 00:48:03 INFO  [http-nio-8080-exec-9] ACCESS_LOG [,] - ACCESS_LOG - RequestId: 2680ef5a-c374-4fc1-ac8d-df20c84c5848, IP: 0:0:0:0:0:0:0:1, Method: GET, URL: /api/customers/status, Status: 200, Duration: 590 ms
2025-07-04 00:52:01 INFO  [http-nio-8080-exec-2] ACCESS_LOG [,] - ACCESS_LOG - RequestId: e5d5b9bd-75ad-4eba-87aa-2e5b268aaa44, IP: 0:0:0:0:0:0:0:1, Method: GET, URL: /api/customers/status, Status: 200, Duration: 696 ms
2025-07-04 00:58:50 INFO  [http-nio-8080-exec-1] ACCESS_LOG [,] - ACCESS_LOG - RequestId: 69f598b7-4533-42d9-b190-c6059829956e, IP: 0:0:0:0:0:0:0:1, Method: GET, URL: /api/customers/status, Status: 200, Duration: 644 ms
2025-07-04 00:59:51 INFO  [http-nio-8080-exec-6] ACCESS_LOG [,] - ACCESS_LOG - RequestId: 35604956-a7a0-4b96-b675-7fae2f47a95c, IP: 0:0:0:0:0:0:0:1, Method: GET, URL: /api/customers/status, Status: 200, Duration: 474 ms
2025-07-04 01:01:38 INFO  [http-nio-8080-exec-5] ACCESS_LOG [,] - ACCESS_LOG - RequestId: 54e6ad4e-c709-483e-9b41-0360b952e635, IP: 0:0:0:0:0:0:0:1, Method: GET, URL: /api/customers/status, Status: 200, Duration: 929 ms
2025-07-04 01:01:45 INFO  [http-nio-8080-exec-7] ACCESS_LOG [,] - ACCESS_LOG - RequestId: 0622e6a7-842c-4157-80f9-86a924728150, IP: 0:0:0:0:0:0:0:1, Method: GET, URL: /api/customers/status, Status: 200, Duration: 18 ms
2025-07-04 01:17:26 INFO  [http-nio-8080-exec-9] ACCESS_LOG [,] - ACCESS_LOG - RequestId: 06166cc3-00d0-4d33-8a24-130ab44b2148, IP: 0:0:0:0:0:0:0:1, Method: GET, URL: /api/customers/status, Status: 200, Duration: 1133 ms
2025-07-04 01:17:27 INFO  [http-nio-8080-exec-10] ACCESS_LOG [,] - ACCESS_LOG - RequestId: fecbceee-3575-4e32-bbdf-ee97e0bdd880, IP: 0:0:0:0:0:0:0:1, Method: GET, URL: /api/customers/status, Status: 200, Duration: 50 ms
2025-07-04 01:18:51 INFO  [http-nio-8080-exec-3] ACCESS_LOG [,] - ACCESS_LOG - RequestId: 40733e7c-c1d9-4b7c-b881-56729d42d251, IP: 0:0:0:0:0:0:0:1, Method: GET, URL: /api/customers/status, Status: 200, Duration: 602 ms
2025-07-04 01:19:09 INFO  [http-nio-8080-exec-1] ACCESS_LOG [,] - ACCESS_LOG - RequestId: b29565b7-2d9f-4408-8cbe-2c185ca117c2, IP: 0:0:0:0:0:0:0:1, Method: GET, URL: /api/customers/status, Status: 200, Duration: 671 ms
2025-07-04 01:19:34 INFO  [http-nio-8080-exec-6] ACCESS_LOG [,] - ACCESS_LOG - RequestId: 53542787-0079-431f-997d-5288f198c833, IP: 0:0:0:0:0:0:0:1, Method: GET, URL: /api/customers/status, Status: 200, Duration: 68 ms
2025-07-04 01:20:02 INFO  [http-nio-8080-exec-4] ACCESS_LOG [,] - ACCESS_LOG - RequestId: bea6fe1c-7d70-4071-ba9f-8ceeb6d1b7bf, IP: 0:0:0:0:0:0:0:1, Method: GET, URL: /api/customers/status, Status: 200, Duration: 33 ms
2025-07-04 01:22:13 INFO  [http-nio-8080-exec-7] ACCESS_LOG [,] - ACCESS_LOG - RequestId: fa1edea0-721c-4de6-8f1a-33dcebd0074f, IP: 0:0:0:0:0:0:0:1, Method: GET, URL: /api/customers/status, Status: 200, Duration: 626 ms
2025-07-04 01:22:34 INFO  [http-nio-8080-exec-8] ACCESS_LOG [,] - ACCESS_LOG - RequestId: 6cd4d5dc-8939-4ccf-b98c-206465b6a02d, IP: 0:0:0:0:0:0:0:1, Method: GET, URL: /api/customers/status, Status: 200, Duration: 346 ms
2025-07-04 01:22:52 INFO  [http-nio-8080-exec-9] ACCESS_LOG [,] - ACCESS_LOG - RequestId: 07f42c33-541a-47ce-8a66-a2133de2939c, IP: 0:0:0:0:0:0:0:1, Method: GET, URL: /api/customers/status, Status: 200, Duration: 15 ms
2025-07-04 01:24:12 INFO  [http-nio-8080-exec-2] ACCESS_LOG [,] - ACCESS_LOG - RequestId: ce5383ed-26f5-40f5-8bb2-ec8c54a475ad, IP: 0:0:0:0:0:0:0:1, Method: GET, URL: /api/customers/status, Status: 200, Duration: 544 ms
2025-07-04 01:25:15 INFO  [http-nio-8080-exec-1] ACCESS_LOG [,] - ACCESS_LOG - RequestId: 62a0c3c4-5021-42e1-a84b-8ea308e9907a, IP: 0:0:0:0:0:0:0:1, Method: GET, URL: /api/customers/status, Status: 200, Duration: 398 ms
2025-07-04 01:25:31 INFO  [http-nio-8080-exec-6] ACCESS_LOG [,] - ACCESS_LOG - RequestId: cea22efc-ea8e-4d5b-b29f-806dd2fbff7a, IP: 0:0:0:0:0:0:0:1, Method: GET, URL: /api/customers/status, Status: 200, Duration: 42 ms
2025-07-04 01:25:35 INFO  [http-nio-8080-exec-4] ACCESS_LOG [,] - ACCESS_LOG - RequestId: 4524a2e2-05f2-480c-ad75-d01a7fc7d4c1, IP: 0:0:0:0:0:0:0:1, Method: GET, URL: /api/customers/status, Status: 200, Duration: 287 ms
2025-07-04 01:26:12 INFO  [http-nio-8080-exec-5] ACCESS_LOG [,] - ACCESS_LOG - RequestId: 3f4dcffc-7aa1-49db-bcec-73e7e51cf3ca, IP: 0:0:0:0:0:0:0:1, Method: GET, URL: /api/customers/status, Status: 200, Duration: 236 ms
2025-07-04 01:26:44 INFO  [http-nio-8080-exec-7] ACCESS_LOG [,] - ACCESS_LOG - RequestId: 89e3f8f4-040e-418a-ba63-78d1c14eaad9, IP: 0:0:0:0:0:0:0:1, Method: GET, URL: /api/customers/status, Status: 200, Duration: 3009 ms
2025-07-04 01:27:29 INFO  [http-nio-8080-exec-8] ACCESS_LOG [,] - ACCESS_LOG - RequestId: 4b8651f7-1c12-4ba4-b3a5-01bdab8e336e, IP: 0:0:0:0:0:0:0:1, Method: GET, URL: /api/customers/status, Status: 200, Duration: 23 ms
2025-07-04 01:28:11 INFO  [http-nio-8080-exec-9] ACCESS_LOG [,] - ACCESS_LOG - RequestId: b5de14fb-ab9c-453e-8559-d6a82e49ca0a, IP: 0:0:0:0:0:0:0:1, Method: GET, URL: /api/customers/status, Status: 200, Duration: 393 ms
2025-07-04 01:28:55 INFO  [http-nio-8080-exec-10] ACCESS_LOG [,] - ACCESS_LOG - RequestId: 7bc827cd-3aad-4c9b-91f7-2213ea544898, IP: 0:0:0:0:0:0:0:1, Method: GET, URL: /api/customers/status, Status: 200, Duration: 204 ms
2025-07-04 01:54:08 INFO  [http-nio-8080-exec-1] ACCESS_LOG [,] - ACCESS_LOG - RequestId: 2bb8a802-5173-4150-a2bc-942b85c53283, IP: 0:0:0:0:0:0:0:1, Method: GET, URL: /api/customers/status, Status: 200, Duration: 914 ms
2025-07-04 09:07:28 INFO  [http-nio-8080-exec-1] ACCESS_LOG [,] - ACCESS_LOG - RequestId: fc657886-17f4-4da1-a18f-40a02ab81a4d, IP: 0:0:0:0:0:0:0:1, Method: GET, URL: /api/customers/status, Status: 200, Duration: 950 ms
2025-07-04 09:07:28 INFO  [http-nio-8080-exec-2] ACCESS_LOG [,] - ACCESS_LOG - RequestId: 71722b8a-67bc-47c6-97fa-204983d7c029, IP: 0:0:0:0:0:0:0:1, Method: GET, URL: /api/customers/status, Status: 200, Duration: 950 ms
2025-07-04 09:08:13 INFO  [http-nio-8080-exec-3] ACCESS_LOG [,] - ACCESS_LOG - RequestId: 78016da9-efc7-4c1c-ab48-6862e5c0d332, IP: 0:0:0:0:0:0:0:1, Method: GET, URL: /api/customers/status, Status: 200, Duration: 88 ms
2025-07-04 09:10:29 INFO  [http-nio-8080-exec-6] ACCESS_LOG [,] - ACCESS_LOG - RequestId: dbf27c7d-bddd-47e4-a2d9-7119f5d02337, IP: 0:0:0:0:0:0:0:1, Method: GET, URL: /api/customers/status, Status: 200, Duration: 578 ms
2025-07-04 09:11:02 INFO  [http-nio-8080-exec-7] ACCESS_LOG [,] - ACCESS_LOG - RequestId: ae7c081c-ad1d-41b8-a18d-a81713a25ec0, IP: 0:0:0:0:0:0:0:1, Method: GET, URL: /api/customers/status, Status: 200, Duration: 15 ms
2025-07-04 09:11:06 INFO  [http-nio-8080-exec-8] ACCESS_LOG [,] - ACCESS_LOG - RequestId: d27df588-108b-4611-af69-da6978dda37f, IP: 0:0:0:0:0:0:0:1, Method: GET, URL: /api/customers/status, Status: 200, Duration: 9 ms
2025-07-04 09:11:30 INFO  [http-nio-8080-exec-10] ACCESS_LOG [,] - ACCESS_LOG - RequestId: d0858c43-ac8d-4556-ae13-6d688ba354fc, IP: 0:0:0:0:0:0:0:1, Method: GET, URL: /api/customers/status, Status: 200, Duration: 13 ms
2025-07-04 09:11:31 INFO  [http-nio-8080-exec-9] ACCESS_LOG [,] - [getKycStatistics] GET_KYC_STATISTICS_START - RequestId: 33e557e0-164c-45e9-96d8-70a2bd6d07b2, StartDate: 2025-06-04, EndDate: 2025-07-04
2025-07-04 09:11:31 INFO  [http-nio-8080-exec-2] ACCESS_LOG [,] - [getCustomerGrowth] GET_CUSTOMER_GROWTH_START - RequestId: 6604d4bc-57e8-4509-bbe0-6f452161faf2, StartDate: 2025-06-04, EndDate: 2025-07-04
2025-07-04 09:11:31 INFO  [http-nio-8080-exec-2] ACCESS_LOG [,] - [getCustomerGrowth] CUSTOMER_GROWTH_RETRIEVED - RequestId: 6604d4bc-57e8-4509-bbe0-6f452161faf2, NewCustomers: 2, PreviousPeriod: 7, GrowthRate: -71.42857142857143%
2025-07-04 09:11:31 INFO  [http-nio-8080-exec-9] ACCESS_LOG [,] - [getKycStatistics] KYC_STATISTICS_RETRIEVED - RequestId: 33e557e0-164c-45e9-96d8-70a2bd6d07b2, Total: 0, Successful: 0, Failed: 0, Pending: 0
2025-07-04 09:11:31 INFO  [http-nio-8080-exec-2] ACCESS_LOG [,] - ACCESS_LOG - RequestId: 3bd37374-3273-418d-bbf9-f4d547b9f5da, IP: 0:0:0:0:0:0:0:1, Method: GET, URL: /api/customers/growth?startDate=2025-06-04&endDate=2025-07-04, Status: 200, Duration: 525 ms
2025-07-04 09:11:31 INFO  [http-nio-8080-exec-9] ACCESS_LOG [,] - ACCESS_LOG - RequestId: 8d3f9747-79d0-4eab-b1c2-ace3da9fd3f5, IP: 0:0:0:0:0:0:0:1, Method: GET, URL: /api/customers/kyc/statistics?startDate=2025-06-04&endDate=2025-07-04, Status: 200, Duration: 535 ms
2025-07-04 09:11:42 INFO  [http-nio-8080-exec-3] ACCESS_LOG [,] - [getKycStatistics] GET_KYC_STATISTICS_START - RequestId: 2ed89bca-05cc-4b99-9f7c-c3f245e2b48b, StartDate: 2025-06-04, EndDate: 2025-07-04
2025-07-04 09:11:42 INFO  [http-nio-8080-exec-1] ACCESS_LOG [,] - [getCustomerGrowth] GET_CUSTOMER_GROWTH_START - RequestId: 4159c3d9-e9d7-4dd8-8951-8f3a20c6597e, StartDate: 2025-06-04, EndDate: 2025-07-04
2025-07-04 09:11:42 INFO  [http-nio-8080-exec-1] ACCESS_LOG [,] - [getCustomerGrowth] CUSTOMER_GROWTH_RETRIEVED - RequestId: 4159c3d9-e9d7-4dd8-8951-8f3a20c6597e, NewCustomers: 2, PreviousPeriod: 7, GrowthRate: -71.42857142857143%
2025-07-04 09:11:42 INFO  [http-nio-8080-exec-1] ACCESS_LOG [,] - ACCESS_LOG - RequestId: a4e258d0-39a8-474c-b39a-75749de4b84e, IP: 0:0:0:0:0:0:0:1, Method: GET, URL: /api/customers/growth?startDate=2025-06-04&endDate=2025-07-04, Status: 200, Duration: 10 ms
2025-07-04 09:11:42 INFO  [http-nio-8080-exec-3] ACCESS_LOG [,] - [getKycStatistics] KYC_STATISTICS_RETRIEVED - RequestId: 2ed89bca-05cc-4b99-9f7c-c3f245e2b48b, Total: 0, Successful: 0, Failed: 0, Pending: 0
2025-07-04 09:11:42 INFO  [http-nio-8080-exec-3] ACCESS_LOG [,] - ACCESS_LOG - RequestId: 1ade5289-4ae6-43a4-ab40-1c3f09939c22, IP: 0:0:0:0:0:0:0:1, Method: GET, URL: /api/customers/kyc/statistics?startDate=2025-06-04&endDate=2025-07-04, Status: 200, Duration: 12 ms
2025-07-04 09:20:07 INFO  [http-nio-8080-exec-6] ACCESS_LOG [,] - [getCustomerGrowth] GET_CUSTOMER_GROWTH_START - RequestId: 003f97c3-c558-432b-9e9b-09d40c9cafa9, StartDate: 2025-06-04, EndDate: 2025-07-04
2025-07-04 09:20:07 INFO  [http-nio-8080-exec-7] ACCESS_LOG [,] - [getKycStatistics] GET_KYC_STATISTICS_START - RequestId: a92c2313-ef01-42cc-897b-f95ec14be09e, StartDate: 2025-06-04, EndDate: 2025-07-04
2025-07-04 09:20:07 INFO  [http-nio-8080-exec-6] ACCESS_LOG [,] - [getCustomerGrowth] CUSTOMER_GROWTH_RETRIEVED - RequestId: 003f97c3-c558-432b-9e9b-09d40c9cafa9, NewCustomers: 2, PreviousPeriod: 7, GrowthRate: -71.42857142857143%
2025-07-04 09:20:07 INFO  [http-nio-8080-exec-7] ACCESS_LOG [,] - [getKycStatistics] KYC_STATISTICS_RETRIEVED - RequestId: a92c2313-ef01-42cc-897b-f95ec14be09e, Total: 0, Successful: 0, Failed: 0, Pending: 0
2025-07-04 09:20:07 INFO  [http-nio-8080-exec-7] ACCESS_LOG [,] - ACCESS_LOG - RequestId: 3de8cf07-c11e-405c-ba98-54fd7ec30bdf, IP: 0:0:0:0:0:0:0:1, Method: GET, URL: /api/customers/kyc/statistics?startDate=2025-06-04&endDate=2025-07-04, Status: 200, Duration: 374 ms
2025-07-04 09:20:07 INFO  [http-nio-8080-exec-6] ACCESS_LOG [,] - ACCESS_LOG - RequestId: 6794a2f1-39a0-4bb7-bdfd-f9cde66a40f3, IP: 0:0:0:0:0:0:0:1, Method: GET, URL: /api/customers/growth?startDate=2025-06-04&endDate=2025-07-04, Status: 200, Duration: 374 ms
2025-07-04 10:42:59 INFO  [http-nio-8080-exec-2] ACCESS_LOG [,] - [getKycStatistics] GET_KYC_STATISTICS_START - RequestId: a86eb07d-2d94-4cbc-a2e0-c43d35b4696f, StartDate: 2025-06-04, EndDate: 2025-07-04
2025-07-04 10:42:59 INFO  [http-nio-8080-exec-9] ACCESS_LOG [,] - [getCustomerGrowth] GET_CUSTOMER_GROWTH_START - RequestId: 24ccf4a5-1b8a-461c-986e-2213afea8acd, StartDate: 2025-06-04, EndDate: 2025-07-04
2025-07-04 10:42:59 INFO  [http-nio-8080-exec-9] ACCESS_LOG [,] - [getCustomerGrowth] CUSTOMER_GROWTH_RETRIEVED - RequestId: 24ccf4a5-1b8a-461c-986e-2213afea8acd, NewCustomers: 2, PreviousPeriod: 7, GrowthRate: -71.42857142857143%
2025-07-04 10:42:59 INFO  [http-nio-8080-exec-2] ACCESS_LOG [,] - [getKycStatistics] KYC_STATISTICS_RETRIEVED - RequestId: a86eb07d-2d94-4cbc-a2e0-c43d35b4696f, Total: 0, Successful: 0, Failed: 0, Pending: 0
2025-07-04 10:42:59 INFO  [http-nio-8080-exec-2] ACCESS_LOG [,] - ACCESS_LOG - RequestId: 4cddc3e0-9db7-40b2-bd2a-da8f2145853f, IP: 0:0:0:0:0:0:0:1, Method: GET, URL: /api/customers/kyc/statistics?startDate=2025-06-04&endDate=2025-07-04, Status: 200, Duration: 373 ms
2025-07-04 10:42:59 INFO  [http-nio-8080-exec-9] ACCESS_LOG [,] - ACCESS_LOG - RequestId: a912f133-fcde-4f10-ac02-d8e807270b9c, IP: 0:0:0:0:0:0:0:1, Method: GET, URL: /api/customers/growth?startDate=2025-06-04&endDate=2025-07-04, Status: 200, Duration: 373 ms
2025-07-04 10:44:07 INFO  [http-nio-8080-exec-4] ACCESS_LOG [,] - ACCESS_LOG - RequestId: 652bd25a-b826-4bb5-abf9-bd821a9d0348, IP: 0:0:0:0:0:0:0:1, Method: GET, URL: /api/customers/status, Status: 200, Duration: 570 ms
2025-07-04 10:44:07 INFO  [http-nio-8080-exec-5] ACCESS_LOG [,] - ACCESS_LOG - RequestId: 2f3a24a5-9543-404f-a638-e8fbfc0e4d66, IP: 0:0:0:0:0:0:0:1, Method: GET, URL: /api/customers/status, Status: 200, Duration: 25 ms
2025-07-04 10:44:11 INFO  [http-nio-8080-exec-6] ACCESS_LOG [,] - ACCESS_LOG - RequestId: 3a91695d-4e27-4f4f-a5ea-bd7eed865b49, IP: 0:0:0:0:0:0:0:1, Method: GET, URL: /api/customers/status, Status: 200, Duration: 57 ms
2025-07-04 10:44:24 INFO  [http-nio-8080-exec-7] ACCESS_LOG [,] - ACCESS_LOG - RequestId: 41ad131b-454b-49fa-8ce8-04f09d18ad9c, IP: 0:0:0:0:0:0:0:1, Method: GET, URL: /api/customers/status, Status: 200, Duration: 34 ms
2025-07-04 10:44:46 INFO  [http-nio-8080-exec-8] ACCESS_LOG [,] - ACCESS_LOG - RequestId: 5d283028-8668-4cfb-9fae-7a3fd56a090e, IP: 0:0:0:0:0:0:0:1, Method: GET, URL: /api/customers/status, Status: 200, Duration: 13 ms
2025-07-04 10:44:48 INFO  [http-nio-8080-exec-10] ACCESS_LOG [,] - ACCESS_LOG - RequestId: 2bfc2139-d97e-47ef-8981-850172c6fa30, IP: 0:0:0:0:0:0:0:1, Method: GET, URL: /api/customers/status, Status: 200, Duration: 29 ms
2025-07-04 10:44:52 INFO  [http-nio-8080-exec-2] ACCESS_LOG [,] - ACCESS_LOG - RequestId: 07c2e86b-a98e-44cf-bfc6-e3f41fa08910, IP: 0:0:0:0:0:0:0:1, Method: GET, URL: /api/customers/status, Status: 200, Duration: 12 ms
2025-07-04 10:46:05 INFO  [http-nio-8080-exec-1] ACCESS_LOG [,] - ACCESS_LOG - RequestId: 351aa51f-0780-4278-a640-0e8d49443a5b, IP: 0:0:0:0:0:0:0:1, Method: GET, URL: /api/customers/status, Status: 200, Duration: 198 ms
2025-07-04 10:46:10 INFO  [http-nio-8080-exec-3] ACCESS_LOG [,] - ACCESS_LOG - RequestId: b4e82ce6-3509-4bfe-80dc-41c7bf6200be, IP: 0:0:0:0:0:0:0:1, Method: GET, URL: /api/customers/status, Status: 200, Duration: 71 ms
2025-07-04 10:46:21 INFO  [http-nio-8080-exec-4] ACCESS_LOG [,] - ACCESS_LOG - RequestId: fa046baa-bd1a-4bdf-8efc-dfb1508e9981, IP: 0:0:0:0:0:0:0:1, Method: GET, URL: /api/customers/status, Status: 200, Duration: 149 ms
2025-07-04 10:46:22 INFO  [http-nio-8080-exec-5] ACCESS_LOG [,] - ACCESS_LOG - RequestId: 8b3685dc-9345-4953-b761-11092e734dfa, IP: 0:0:0:0:0:0:0:1, Method: GET, URL: /api/customers/status, Status: 200, Duration: 15 ms
2025-07-04 10:46:40 INFO  [http-nio-8080-exec-6] ACCESS_LOG [,] - ACCESS_LOG - RequestId: d68718b2-5e4c-4d2f-ac3f-9b9e1b7cad3f, IP: 0:0:0:0:0:0:0:1, Method: GET, URL: /api/customers/status, Status: 200, Duration: 16 ms
2025-07-04 10:46:43 INFO  [http-nio-8080-exec-7] ACCESS_LOG [,] - ACCESS_LOG - RequestId: c42a5b07-aa4f-4071-95fc-69244f93f4c0, IP: 0:0:0:0:0:0:0:1, Method: GET, URL: /api/customers/status, Status: 200, Duration: 14 ms
2025-07-04 14:21:20 INFO  [http-nio-8080-exec-1] ACCESS_LOG [,] - ACCESS_LOG - RequestId: 9832a17d-da86-4cd9-91cc-e7319c20543c, IP: 0:0:0:0:0:0:0:1, Method: GET, URL: /api/customers/status, Status: 200, Duration: 887 ms
2025-07-04 14:21:21 INFO  [http-nio-8080-exec-2] ACCESS_LOG [,] - ACCESS_LOG - RequestId: 9b9bb1ff-087a-4538-9bd5-2ca4b691b2aa, IP: 0:0:0:0:0:0:0:1, Method: GET, URL: /api/customers/status, Status: 200, Duration: 27 ms
2025-07-04 14:21:42 INFO  [http-nio-8080-exec-3] ACCESS_LOG [,] - ACCESS_LOG - RequestId: 90eb7376-e384-4941-9f79-9a4f405c8cc0, IP: 0:0:0:0:0:0:0:1, Method: GET, URL: /api/customers/status, Status: 200, Duration: 14 ms
2025-07-04 14:21:44 INFO  [http-nio-8080-exec-7] ACCESS_LOG [,] - ACCESS_LOG - RequestId: 6eb662a2-96af-4acd-a870-f995d2998570, IP: 0:0:0:0:0:0:0:1, Method: GET, URL: /api/customers/status, Status: 200, Duration: 19 ms
2025-07-04 14:21:53 INFO  [http-nio-8080-exec-6] ACCESS_LOG [,] - ACCESS_LOG - RequestId: 126cbcdf-9c6a-4ec8-8b1b-e7b3340575da, IP: 0:0:0:0:0:0:0:1, Method: GET, URL: /api/customers/status, Status: 200, Duration: 32 ms
2025-07-04 14:23:01 INFO  [http-nio-8080-exec-5] ACCESS_LOG [,] - ACCESS_LOG - RequestId: c181f0a2-5bca-4eb1-a4af-b9257609a05f, IP: 0:0:0:0:0:0:0:1, Method: GET, URL: /api/customers/status, Status: 200, Duration: 70 ms
2025-07-04 14:23:16 INFO  [http-nio-8080-exec-8] ACCESS_LOG [,] - ACCESS_LOG - RequestId: bf8bfb77-91e7-463f-8652-815acc2de4d6, IP: 0:0:0:0:0:0:0:1, Method: GET, URL: /api/customers/status, Status: 200, Duration: 17 ms
2025-07-04 14:23:16 INFO  [http-nio-8080-exec-9] ACCESS_LOG [,] - [getCustomerGrowth] GET_CUSTOMER_GROWTH_START - RequestId: e93280c6-50bb-4455-8c2d-bce32540089b, StartDate: 2025-06-04, EndDate: 2025-07-04
2025-07-04 14:23:16 INFO  [http-nio-8080-exec-10] ACCESS_LOG [,] - [getKycStatistics] GET_KYC_STATISTICS_START - RequestId: 40e858d9-0640-499e-add2-5f1bf00ad363, StartDate: 2025-06-04, EndDate: 2025-07-04
2025-07-04 14:23:17 INFO  [http-nio-8080-exec-9] ACCESS_LOG [,] - [getCustomerGrowth] CUSTOMER_GROWTH_RETRIEVED - RequestId: e93280c6-50bb-4455-8c2d-bce32540089b, NewCustomers: 2, PreviousPeriod: 7, GrowthRate: -71.42857142857143%
2025-07-04 14:23:17 INFO  [http-nio-8080-exec-10] ACCESS_LOG [,] - [getKycStatistics] KYC_STATISTICS_RETRIEVED - RequestId: 40e858d9-0640-499e-add2-5f1bf00ad363, Total: 0, Successful: 0, Failed: 0, Pending: 0
2025-07-04 14:23:17 INFO  [http-nio-8080-exec-10] ACCESS_LOG [,] - ACCESS_LOG - RequestId: 4328325d-95d6-43d9-a767-03f22aed40c6, IP: 0:0:0:0:0:0:0:1, Method: GET, URL: /api/customers/kyc/statistics?startDate=2025-06-04&endDate=2025-07-04, Status: 200, Duration: 567 ms
2025-07-04 14:23:17 INFO  [http-nio-8080-exec-9] ACCESS_LOG [,] - ACCESS_LOG - RequestId: 55a44470-c74c-415d-bf1a-1f63eaaa40d7, IP: 0:0:0:0:0:0:0:1, Method: GET, URL: /api/customers/growth?startDate=2025-06-04&endDate=2025-07-04, Status: 200, Duration: 582 ms
2025-07-04 14:23:48 INFO  [http-nio-8080-exec-1] ACCESS_LOG [,] - ACCESS_LOG - RequestId: 75c4a8d4-6a14-44c8-9247-c285cc543be4, IP: 0:0:0:0:0:0:0:1, Method: GET, URL: /api/customers/status, Status: 200, Duration: 23 ms
2025-07-04 14:23:51 INFO  [http-nio-8080-exec-2] ACCESS_LOG [,] - ACCESS_LOG - RequestId: 73fd0622-67f1-4cbc-9c6f-d024d24f8b7b, IP: 0:0:0:0:0:0:0:1, Method: GET, URL: /api/customers/status, Status: 200, Duration: 27 ms
2025-07-04 14:24:30 INFO  [http-nio-8080-exec-3] ACCESS_LOG [,] - ACCESS_LOG - RequestId: 642bc038-0a15-4e2e-a826-a2877d7d2f2b, IP: 0:0:0:0:0:0:0:1, Method: GET, URL: /api/customers/status, Status: 200, Duration: 18 ms
2025-07-04 14:25:03 INFO  [http-nio-8080-exec-6] ACCESS_LOG [,] - ACCESS_LOG - RequestId: 400f0c26-968a-4831-a171-8081ec03fcfe, IP: 0:0:0:0:0:0:0:1, Method: GET, URL: /api/customers/status, Status: 200, Duration: 139 ms
2025-07-04 14:25:05 INFO  [http-nio-8080-exec-4] ACCESS_LOG [,] - ACCESS_LOG - RequestId: 76915a8f-dfc4-4aa5-bf69-874eb376fe12, IP: 0:0:0:0:0:0:0:1, Method: GET, URL: /api/customers/status, Status: 200, Duration: 20 ms
2025-07-04 14:25:15 INFO  [http-nio-8080-exec-5] ACCESS_LOG [,] - ACCESS_LOG - RequestId: 084f2fb3-288d-4bb7-a682-6c730f8e1aea, IP: 0:0:0:0:0:0:0:1, Method: GET, URL: /api/customers/status, Status: 200, Duration: 29 ms
2025-07-04 14:25:20 INFO  [http-nio-8080-exec-8] ACCESS_LOG [,] - ACCESS_LOG - RequestId: 6b90ca4c-1132-4a3c-b21b-561d4b167c3e, IP: 0:0:0:0:0:0:0:1, Method: GET, URL: /api/customers/status, Status: 200, Duration: 38 ms
2025-07-04 14:25:20 INFO  [http-nio-8080-exec-9] ACCESS_LOG [,] - [getCustomerDetail] GET_CUSTOMER_DETAIL_START - RequestId: 395f72bd-c64e-441a-80aa-c77557dd50d8, UserId: da716029-daf1-4528-8ee8-f8b28f605f10
2025-07-04 14:25:20 INFO  [http-nio-8080-exec-9] ACCESS_LOG [,] - [getCustomerDetail] CUSTOMER_DETAIL_RETRIEVED - RequestId: 395f72bd-c64e-441a-80aa-c77557dd50d8, UserId: da716029-daf1-4528-8ee8-f8b28f605f10, CifCode: 9704522166607
2025-07-04 14:25:21 INFO  [http-nio-8080-exec-9] ACCESS_LOG [,] - ACCESS_LOG - RequestId: b5178ac8-63b8-400f-8be6-2a5e33c869a3, IP: 0:0:0:0:0:0:0:1, Method: GET, URL: /api/customers/detail, Status: 200, Duration: 265 ms
2025-07-04 14:26:06 INFO  [http-nio-8080-exec-10] ACCESS_LOG [,] - ACCESS_LOG - RequestId: a9ec7feb-a5e1-48c8-afeb-2c6897b0c2dc, IP: 0:0:0:0:0:0:0:1, Method: GET, URL: /api/customers/status, Status: 200, Duration: 213 ms
2025-07-04 14:26:06 INFO  [http-nio-8080-exec-1] ACCESS_LOG [,] - [getCustomerDetail] GET_CUSTOMER_DETAIL_START - RequestId: 8e741fdf-1fc9-4bff-9bb8-1c83d288abee, UserId: da716029-daf1-4528-8ee8-f8b28f605f10
2025-07-04 14:26:06 INFO  [http-nio-8080-exec-1] ACCESS_LOG [,] - [getCustomerDetail] CUSTOMER_DETAIL_RETRIEVED - RequestId: 8e741fdf-1fc9-4bff-9bb8-1c83d288abee, UserId: da716029-daf1-4528-8ee8-f8b28f605f10, CifCode: 9704522166607
2025-07-04 14:26:06 INFO  [http-nio-8080-exec-1] ACCESS_LOG [,] - ACCESS_LOG - RequestId: 7b76dc7e-11b6-4701-8c1f-75584a20191b, IP: 0:0:0:0:0:0:0:1, Method: GET, URL: /api/customers/detail, Status: 200, Duration: 30 ms
2025-07-04 14:26:21 INFO  [http-nio-8080-exec-2] ACCESS_LOG [,] - ACCESS_LOG - RequestId: 8912e38e-0a26-4c29-8b7f-7ef11b5cc373, IP: 0:0:0:0:0:0:0:1, Method: GET, URL: /api/customers/status, Status: 200, Duration: 69 ms
2025-07-04 14:26:25 INFO  [http-nio-8080-exec-3] ACCESS_LOG [,] - ACCESS_LOG - RequestId: 3c3afef7-952c-4ad1-a5e0-c69733312b37, IP: 0:0:0:0:0:0:0:1, Method: GET, URL: /api/customers/status, Status: 200, Duration: 38 ms
2025-07-04 14:26:28 INFO  [http-nio-8080-exec-7] ACCESS_LOG [,] - ACCESS_LOG - RequestId: 854dd20d-e2b5-4b44-a0bf-3642981681fc, IP: 0:0:0:0:0:0:0:1, Method: GET, URL: /api/customers/status, Status: 200, Duration: 29 ms
2025-07-04 14:26:28 INFO  [http-nio-8080-exec-6] ACCESS_LOG [,] - [getCustomerDetail] GET_CUSTOMER_DETAIL_START - RequestId: c2c817cd-aa13-4c2d-ba78-60b93300469b, UserId: da716029-daf1-4528-8ee8-f8b28f605f10
2025-07-04 14:26:28 INFO  [http-nio-8080-exec-6] ACCESS_LOG [,] - [getCustomerDetail] CUSTOMER_DETAIL_RETRIEVED - RequestId: c2c817cd-aa13-4c2d-ba78-60b93300469b, UserId: da716029-daf1-4528-8ee8-f8b28f605f10, CifCode: 9704522166607
2025-07-04 14:26:28 INFO  [http-nio-8080-exec-6] ACCESS_LOG [,] - ACCESS_LOG - RequestId: 4f9fc200-f333-4e6c-b4f7-0abb5e1f1568, IP: 0:0:0:0:0:0:0:1, Method: GET, URL: /api/customers/detail, Status: 200, Duration: 18 ms
2025-07-04 14:26:32 INFO  [http-nio-8080-exec-4] ACCESS_LOG [,] - ACCESS_LOG - RequestId: 43830787-889e-4a3b-a3d2-ee9ac1054b0e, IP: 0:0:0:0:0:0:0:1, Method: GET, URL: /api/customers/status, Status: 200, Duration: 36 ms
2025-07-04 14:26:34 INFO  [http-nio-8080-exec-5] ACCESS_LOG [,] - ACCESS_LOG - RequestId: 80fc53f6-2983-4289-aa76-c7f59fa6f97a, IP: 0:0:0:0:0:0:0:1, Method: GET, URL: /api/customers/status, Status: 200, Duration: 32 ms
2025-07-04 14:27:24 INFO  [http-nio-8080-exec-8] ACCESS_LOG [,] - ACCESS_LOG - RequestId: e8be0e63-a08e-4696-a9cc-8c11ea36d089, IP: 0:0:0:0:0:0:0:1, Method: GET, URL: /api/customers/status, Status: 200, Duration: 317 ms
2025-07-04 14:27:29 INFO  [http-nio-8080-exec-9] ACCESS_LOG [,] - ACCESS_LOG - RequestId: 6e5d6cae-7a3d-4923-a739-845ed63bda9b, IP: 0:0:0:0:0:0:0:1, Method: GET, URL: /api/customers/status, Status: 200, Duration: 29 ms
2025-07-04 14:27:29 INFO  [http-nio-8080-exec-10] ACCESS_LOG [,] - [getCustomerDetail] GET_CUSTOMER_DETAIL_START - RequestId: 41599413-d72f-4b56-8450-e5bf7f5644ee, UserId: da716029-daf1-4528-8ee8-f8b28f605f10
2025-07-04 14:27:29 INFO  [http-nio-8080-exec-10] ACCESS_LOG [,] - [getCustomerDetail] CUSTOMER_DETAIL_RETRIEVED - RequestId: 41599413-d72f-4b56-8450-e5bf7f5644ee, UserId: da716029-daf1-4528-8ee8-f8b28f605f10, CifCode: 9704522166607
2025-07-04 14:27:29 INFO  [http-nio-8080-exec-10] ACCESS_LOG [,] - ACCESS_LOG - RequestId: 6e13db64-0394-4ec3-ad2c-b7deb70d1abd, IP: 0:0:0:0:0:0:0:1, Method: GET, URL: /api/customers/detail, Status: 200, Duration: 31 ms
2025-07-04 14:27:41 INFO  [http-nio-8080-exec-1] ACCESS_LOG [,] - ACCESS_LOG - RequestId: 1d3afcd7-730a-4882-be25-1d5d33636557, IP: 0:0:0:0:0:0:0:1, Method: GET, URL: /api/customers/status, Status: 200, Duration: 24 ms
2025-07-04 14:28:44 INFO  [http-nio-8080-exec-3] ACCESS_LOG [,] - ACCESS_LOG - RequestId: 697c48ea-c975-4a60-9401-2e54ce6054f5, IP: 0:0:0:0:0:0:0:1, Method: GET, URL: /api/customers/status, Status: 200, Duration: 22 ms
2025-07-04 14:28:46 INFO  [http-nio-8080-exec-7] ACCESS_LOG [,] - ACCESS_LOG - RequestId: 10911fd2-2a9d-4bca-a284-0a61e7875c6e, IP: 0:0:0:0:0:0:0:1, Method: GET, URL: /api/customers/status, Status: 200, Duration: 23 ms
2025-07-04 14:28:49 INFO  [http-nio-8080-exec-6] ACCESS_LOG [,] - ACCESS_LOG - RequestId: 4e562353-e0fc-4810-8b27-fe38fb0b697d, IP: 0:0:0:0:0:0:0:1, Method: GET, URL: /api/customers/status, Status: 200, Duration: 24 ms
2025-07-04 14:28:51 INFO  [http-nio-8080-exec-4] ACCESS_LOG [,] - ACCESS_LOG - RequestId: 7286b107-0cd3-49b2-a8c5-208d03bb10df, IP: 0:0:0:0:0:0:0:1, Method: GET, URL: /api/customers/status, Status: 200, Duration: 17 ms
2025-07-04 14:30:33 INFO  [http-nio-8080-exec-8] ACCESS_LOG [,] - ACCESS_LOG - RequestId: 24533d5c-ff47-48a6-8773-a86e4a6d8fa9, IP: 0:0:0:0:0:0:0:1, Method: GET, URL: /api/customers/status, Status: 200, Duration: 409 ms
2025-07-04 14:30:34 INFO  [http-nio-8080-exec-9] ACCESS_LOG [,] - ACCESS_LOG - RequestId: 3bba1d13-dc35-413d-b549-8a152b5730ff, IP: 0:0:0:0:0:0:0:1, Method: GET, URL: /api/customers/status, Status: 200, Duration: 67 ms
2025-07-04 14:31:00 INFO  [http-nio-8080-exec-10] ACCESS_LOG [,] - ACCESS_LOG - RequestId: 52788120-1bf7-47f7-af20-adc91b969792, IP: 0:0:0:0:0:0:0:1, Method: GET, URL: /api/customers/status, Status: 200, Duration: 450 ms
2025-07-04 14:31:00 INFO  [http-nio-8080-exec-1] ACCESS_LOG [,] - ACCESS_LOG - RequestId: 58f84483-1f7e-4b97-8338-57b8ee89775a, IP: 0:0:0:0:0:0:0:1, Method: GET, URL: /api/customers/status, Status: 200, Duration: 14 ms
2025-07-04 14:31:04 INFO  [http-nio-8080-exec-2] ACCESS_LOG [,] - ACCESS_LOG - RequestId: f424c36e-53ab-4fc6-9f21-d47467e2fa79, IP: 0:0:0:0:0:0:0:1, Method: GET, URL: /api/customers/status, Status: 200, Duration: 22 ms
2025-07-04 14:32:38 INFO  [http-nio-8080-exec-7] ACCESS_LOG [,] - ACCESS_LOG - RequestId: fa3fdb16-d2ae-4f88-bbe8-de831c7856f5, IP: 0:0:0:0:0:0:0:1, Method: GET, URL: /api/customers/status, Status: 200, Duration: 417 ms
2025-07-04 14:32:43 INFO  [http-nio-8080-exec-6] ACCESS_LOG [,] - ACCESS_LOG - RequestId: 3a1c1697-7699-42b4-bc2b-990671e5c028, IP: 0:0:0:0:0:0:0:1, Method: GET, URL: /api/customers/status, Status: 200, Duration: 36 ms
2025-07-04 14:33:07 INFO  [http-nio-8080-exec-4] ACCESS_LOG [,] - ACCESS_LOG - RequestId: 47dffa67-e3aa-44e5-8c47-831f0a73e84d, IP: 0:0:0:0:0:0:0:1, Method: GET, URL: /api/customers/status, Status: 200, Duration: 5 ms
2025-07-04 14:33:15 INFO  [http-nio-8080-exec-5] ACCESS_LOG [,] - ACCESS_LOG - RequestId: d7a201d8-1f67-4c46-a53b-cf3423974781, IP: 0:0:0:0:0:0:0:1, Method: GET, URL: /api/customers/status, Status: 200, Duration: 14 ms
2025-07-04 14:33:18 INFO  [http-nio-8080-exec-8] ACCESS_LOG [,] - ACCESS_LOG - RequestId: 493f9970-9e15-4acd-aa2a-6e67a248c3c6, IP: 0:0:0:0:0:0:0:1, Method: GET, URL: /api/customers/status, Status: 200, Duration: 30 ms
2025-07-04 14:33:28 INFO  [http-nio-8080-exec-9] ACCESS_LOG [,] - ACCESS_LOG - RequestId: f68a66ff-407b-43d6-b09f-3734996cc48a, IP: 0:0:0:0:0:0:0:1, Method: GET, URL: /api/customers/status, Status: 200, Duration: 31 ms
2025-07-04 14:33:44 INFO  [http-nio-8080-exec-10] ACCESS_LOG [,] - ACCESS_LOG - RequestId: a66d5484-095e-4f4e-981a-b09f58bbf853, IP: 0:0:0:0:0:0:0:1, Method: GET, URL: /api/customers/status, Status: 200, Duration: 31 ms
2025-07-04 14:33:46 INFO  [http-nio-8080-exec-1] ACCESS_LOG [,] - ACCESS_LOG - RequestId: d416d9c2-3483-4c37-805a-43bc54ddb90f, IP: 0:0:0:0:0:0:0:1, Method: GET, URL: /api/customers/status, Status: 200, Duration: 22 ms
2025-07-04 14:33:49 INFO  [http-nio-8080-exec-2] ACCESS_LOG [,] - ACCESS_LOG - RequestId: 5b3f3321-3d88-446b-8d38-1162e36153fb, IP: 0:0:0:0:0:0:0:1, Method: GET, URL: /api/customers/status, Status: 200, Duration: 26 ms
2025-07-04 14:34:07 INFO  [http-nio-8080-exec-3] ACCESS_LOG [,] - ACCESS_LOG - RequestId: 2e9e5b02-3f84-4400-92b3-e2dd787eae80, IP: 0:0:0:0:0:0:0:1, Method: GET, URL: /api/customers/status, Status: 200, Duration: 7 ms
2025-07-04 14:34:10 INFO  [http-nio-8080-exec-7] ACCESS_LOG [,] - ACCESS_LOG - RequestId: 387f3e85-d6e2-435d-bf2b-c031989b514f, IP: 0:0:0:0:0:0:0:1, Method: GET, URL: /api/customers/status, Status: 200, Duration: 12 ms
2025-07-04 14:34:10 INFO  [http-nio-8080-exec-6] ACCESS_LOG [,] - ACCESS_LOG - RequestId: 8b8d5e77-a178-49b1-9a36-438b9c991ab9, IP: 0:0:0:0:0:0:0:1, Method: GET, URL: /api/customers/status, Status: 200, Duration: 17 ms
2025-07-04 14:34:33 INFO  [http-nio-8080-exec-4] ACCESS_LOG [,] - ACCESS_LOG - RequestId: df0f8cf6-4bec-4c27-8b6e-a15bd603a2e4, IP: 0:0:0:0:0:0:0:1, Method: GET, URL: /api/customers/status, Status: 200, Duration: 10 ms
2025-07-04 14:34:37 INFO  [http-nio-8080-exec-5] ACCESS_LOG [,] - ACCESS_LOG - RequestId: fa3421ea-9869-48de-a920-81a2217298ee, IP: 0:0:0:0:0:0:0:1, Method: GET, URL: /api/customers/status, Status: 200, Duration: 15 ms
2025-07-04 14:34:37 INFO  [http-nio-8080-exec-8] ACCESS_LOG [,] - ACCESS_LOG - RequestId: 39d37387-fbf6-4252-8c7d-cba1d413a9f3, IP: 0:0:0:0:0:0:0:1, Method: GET, URL: /api/customers/status, Status: 200, Duration: 9 ms
2025-07-04 14:34:39 INFO  [http-nio-8080-exec-9] ACCESS_LOG [,] - ACCESS_LOG - RequestId: 86fa06bf-277d-4db3-9902-24b878b12d5b, IP: 0:0:0:0:0:0:0:1, Method: GET, URL: /api/customers/status, Status: 200, Duration: 14 ms
2025-07-04 14:35:02 INFO  [http-nio-8080-exec-10] ACCESS_LOG [,] - ACCESS_LOG - RequestId: 1933ce47-d7b7-4711-95c6-203bcda7841a, IP: 0:0:0:0:0:0:0:1, Method: GET, URL: /api/customers/status, Status: 200, Duration: 3 ms
2025-07-04 14:37:39 INFO  [http-nio-8080-exec-2] ACCESS_LOG [,] - ACCESS_LOG - RequestId: c799bc75-96e4-4724-aa69-cad5e42f27b3, IP: 0:0:0:0:0:0:0:1, Method: GET, URL: /api/customers/status, Status: 200, Duration: 426 ms
2025-07-04 14:37:44 INFO  [http-nio-8080-exec-3] ACCESS_LOG [,] - ACCESS_LOG - RequestId: ab53d876-796e-413b-8a7b-ef24020cbd8c, IP: 0:0:0:0:0:0:0:1, Method: GET, URL: /api/customers/status, Status: 200, Duration: 19 ms
2025-07-04 14:37:48 INFO  [http-nio-8080-exec-7] ACCESS_LOG [,] - ACCESS_LOG - RequestId: 083b049a-5d2b-4432-b14f-6fd5656e99f0, IP: 0:0:0:0:0:0:0:1, Method: GET, URL: /api/customers/status, Status: 200, Duration: 11 ms
2025-07-04 14:37:49 INFO  [http-nio-8080-exec-6] ACCESS_LOG [,] - ACCESS_LOG - RequestId: d4f37bb0-5636-4297-b026-207c3790f08a, IP: 0:0:0:0:0:0:0:1, Method: GET, URL: /api/customers/status, Status: 200, Duration: 29 ms
2025-07-04 14:41:49 INFO  [http-nio-8080-exec-5] ACCESS_LOG [,] - ACCESS_LOG - RequestId: 469865a3-6cac-4da2-b6b2-0d5f3101e3f6, IP: 0:0:0:0:0:0:0:1, Method: GET, URL: /api/customers/status, Status: 200, Duration: 181 ms
2025-07-04 15:05:49 INFO  [http-nio-8080-exec-9] ACCESS_LOG [,] - ACCESS_LOG - RequestId: ac852030-cc2c-47a4-a656-59074793ccd5, IP: 0:0:0:0:0:0:0:1, Method: GET, URL: /api/customers/status, Status: 200, Duration: 573 ms
2025-07-04 15:05:49 INFO  [http-nio-8080-exec-10] ACCESS_LOG [,] - ACCESS_LOG - RequestId: 0be3974d-2daf-47b4-9da0-144d6fb233f7, IP: 0:0:0:0:0:0:0:1, Method: GET, URL: /api/customers/status, Status: 200, Duration: 34 ms
2025-07-04 15:33:38 INFO  [http-nio-8080-exec-2] ACCESS_LOG [,] - ACCESS_LOG - RequestId: eb0647e4-d13a-43c2-a991-b125e0c13ebd, IP: 0:0:0:0:0:0:0:1, Method: GET, URL: /api/customers/status, Status: 200, Duration: 576 ms
2025-07-04 15:34:00 INFO  [http-nio-8080-exec-3] ACCESS_LOG [,] - ACCESS_LOG - RequestId: ea5365a2-62b8-4ee1-887e-8428e120a624, IP: 0:0:0:0:0:0:0:1, Method: GET, URL: /api/customers/status, Status: 200, Duration: 21 ms
2025-07-04 15:34:00 INFO  [http-nio-8080-exec-7] ACCESS_LOG [,] - ACCESS_LOG - RequestId: 8434c552-8d86-4700-8c68-914884050ce9, IP: 0:0:0:0:0:0:0:1, Method: GET, URL: /api/customers/status, Status: 200, Duration: 13 ms
2025-07-04 15:34:04 INFO  [http-nio-8080-exec-6] ACCESS_LOG [,] - ACCESS_LOG - RequestId: 84f1b58c-5747-4110-bafc-290d54ae9f75, IP: 0:0:0:0:0:0:0:1, Method: GET, URL: /api/customers/status, Status: 200, Duration: 15 ms
2025-07-04 15:50:47 INFO  [http-nio-8080-exec-5] ACCESS_LOG [,] - [getCustomerList] GET_CUSTOMER_LIST_START - RequestId: c65d075a-a125-4644-8d5e-7ee62286d367, CurrentUserId: 8cc84042-afb7-43f3-9432-5a8d64c03fe4, IsAdmin: true, Page: 0, Size: 10, Keyword: 
2025-07-04 15:50:47 INFO  [http-nio-8080-exec-5] ACCESS_LOG [,] - [getCustomerList] FETCH_ALL_CUSTOMERS - RequestId: c65d075a-a125-4644-8d5e-7ee62286d367, CurrentUserId: 8cc84042-afb7-43f3-9432-5a8d64c03fe4
2025-07-04 15:50:48 INFO  [http-nio-8080-exec-5] ACCESS_LOG [,] - [getCustomerList] CUSTOMER_LIST_RETRIEVED - RequestId: c65d075a-a125-4644-8d5e-7ee62286d367, CurrentUserId: 8cc84042-afb7-43f3-9432-5a8d64c03fe4, TotalCustomers: 9, CurrentPage: 1, TotalPages: 1
2025-07-04 15:50:48 INFO  [http-nio-8080-exec-5] ACCESS_LOG [,] - ACCESS_LOG - RequestId: 5e0bf240-ce65-46a7-9ef0-5b171a3b1214, IP: 0:0:0:0:0:0:0:1, Method: GET, URL: /api/customers/list?page=0&size=10&keyword=***HIDDEN***, Status: 200, Duration: 1985 ms
2025-07-04 15:50:48 INFO  [http-nio-8080-exec-8] ACCESS_LOG [,] - [getCustomerList] GET_CUSTOMER_LIST_START - RequestId: 66e05d99-2059-456c-ad09-147967ce4daa, CurrentUserId: 8cc84042-afb7-43f3-9432-5a8d64c03fe4, IsAdmin: true, Page: 0, Size: 10, Keyword: 
2025-07-04 15:50:48 INFO  [http-nio-8080-exec-8] ACCESS_LOG [,] - [getCustomerList] FETCH_ALL_CUSTOMERS - RequestId: 66e05d99-2059-456c-ad09-147967ce4daa, CurrentUserId: 8cc84042-afb7-43f3-9432-5a8d64c03fe4
2025-07-04 15:50:48 INFO  [http-nio-8080-exec-8] ACCESS_LOG [,] - [getCustomerList] CUSTOMER_LIST_RETRIEVED - RequestId: 66e05d99-2059-456c-ad09-147967ce4daa, CurrentUserId: 8cc84042-afb7-43f3-9432-5a8d64c03fe4, TotalCustomers: 9, CurrentPage: 1, TotalPages: 1
2025-07-04 15:50:49 INFO  [http-nio-8080-exec-8] ACCESS_LOG [,] - ACCESS_LOG - RequestId: 4a0b2683-c324-486a-b53c-6229bb3c546b, IP: 0:0:0:0:0:0:0:1, Method: GET, URL: /api/customers/list?page=0&size=10&keyword=***HIDDEN***, Status: 200, Duration: 75 ms
2025-07-04 15:50:49 INFO  [http-nio-8080-exec-9] ACCESS_LOG [,] - [getCustomerList] GET_CUSTOMER_LIST_START - RequestId: 838e15ec-97fc-4969-8b2f-e45474d2acff, CurrentUserId: 8cc84042-afb7-43f3-9432-5a8d64c03fe4, IsAdmin: true, Page: 0, Size: 10, Keyword: 
2025-07-04 15:50:49 INFO  [http-nio-8080-exec-9] ACCESS_LOG [,] - [getCustomerList] FETCH_ALL_CUSTOMERS - RequestId: 838e15ec-97fc-4969-8b2f-e45474d2acff, CurrentUserId: 8cc84042-afb7-43f3-9432-5a8d64c03fe4
2025-07-04 15:50:49 INFO  [http-nio-8080-exec-9] ACCESS_LOG [,] - [getCustomerList] CUSTOMER_LIST_RETRIEVED - RequestId: 838e15ec-97fc-4969-8b2f-e45474d2acff, CurrentUserId: 8cc84042-afb7-43f3-9432-5a8d64c03fe4, TotalCustomers: 9, CurrentPage: 1, TotalPages: 1
2025-07-04 15:50:49 INFO  [http-nio-8080-exec-9] ACCESS_LOG [,] - ACCESS_LOG - RequestId: 92c91043-af7a-40e3-ab6c-0f450ccb5eeb, IP: 0:0:0:0:0:0:0:1, Method: GET, URL: /api/customers/list?page=0&size=10&keyword=***HIDDEN***, Status: 200, Duration: 63 ms
2025-07-04 15:50:49 INFO  [http-nio-8080-exec-10] ACCESS_LOG [,] - [getCustomerList] GET_CUSTOMER_LIST_START - RequestId: 4b638f16-562e-4722-b13f-376c77d8c042, CurrentUserId: 8cc84042-afb7-43f3-9432-5a8d64c03fe4, IsAdmin: true, Page: 0, Size: 10, Keyword: 
2025-07-04 15:50:49 INFO  [http-nio-8080-exec-10] ACCESS_LOG [,] - [getCustomerList] FETCH_ALL_CUSTOMERS - RequestId: 4b638f16-562e-4722-b13f-376c77d8c042, CurrentUserId: 8cc84042-afb7-43f3-9432-5a8d64c03fe4
2025-07-04 15:50:49 INFO  [http-nio-8080-exec-10] ACCESS_LOG [,] - [getCustomerList] CUSTOMER_LIST_RETRIEVED - RequestId: 4b638f16-562e-4722-b13f-376c77d8c042, CurrentUserId: 8cc84042-afb7-43f3-9432-5a8d64c03fe4, TotalCustomers: 9, CurrentPage: 1, TotalPages: 1
2025-07-04 15:50:49 INFO  [http-nio-8080-exec-10] ACCESS_LOG [,] - ACCESS_LOG - RequestId: a2454aa4-5e73-4450-90a0-7d63d38c493f, IP: 0:0:0:0:0:0:0:1, Method: GET, URL: /api/customers/list?page=0&size=10&keyword=***HIDDEN***, Status: 200, Duration: 58 ms
2025-07-04 15:51:15 INFO  [http-nio-8080-exec-1] ACCESS_LOG [,] - ACCESS_LOG - RequestId: 479ca7c8-f461-43e8-b9e4-169cfd206524, IP: 0:0:0:0:0:0:0:1, Method: GET, URL: /api/customers/status, Status: 200, Duration: 33 ms
2025-07-04 15:51:16 INFO  [http-nio-8080-exec-2] ACCESS_LOG [,] - ACCESS_LOG - RequestId: 969c7389-ef3a-468f-9fb9-7d6cb9dd5f69, IP: 0:0:0:0:0:0:0:1, Method: GET, URL: /api/customers/status, Status: 200, Duration: 14 ms
2025-07-04 15:51:34 INFO  [http-nio-8080-exec-3] ACCESS_LOG [,] - ACCESS_LOG - RequestId: 80e4d208-d26d-4c6a-89cc-06a836258b1d, IP: 0:0:0:0:0:0:0:1, Method: GET, URL: /api/customers/status, Status: 200, Duration: 19 ms
2025-07-04 16:01:10 INFO  [http-nio-8080-exec-1] ACCESS_LOG [,] - ACCESS_LOG - RequestId: e6b8c305-01e8-45d2-9bc3-27dc9e0ab3f3, IP: 0:0:0:0:0:0:0:1, Method: GET, URL: /api/customers/status, Status: 200, Duration: 1028 ms
2025-07-04 16:01:10 INFO  [http-nio-8080-exec-3] ACCESS_LOG [,] - ACCESS_LOG - RequestId: c73a6989-70af-4343-acb9-9c57cf41ba11, IP: 0:0:0:0:0:0:0:1, Method: GET, URL: /api/customers/status, Status: 200, Duration: 1028 ms
2025-07-04 16:01:10 INFO  [http-nio-8080-exec-4] ACCESS_LOG [,] - ACCESS_LOG - RequestId: 6c3ad1c5-ea3f-460d-a68d-736ba400ae33, IP: 0:0:0:0:0:0:0:1, Method: GET, URL: /api/customers/status, Status: 200, Duration: 1028 ms
2025-07-04 16:01:10 INFO  [http-nio-8080-exec-2] ACCESS_LOG [,] - ACCESS_LOG - RequestId: 797e1515-3112-4941-969f-57d421d04cc3, IP: 0:0:0:0:0:0:0:1, Method: GET, URL: /api/customers/status, Status: 200, Duration: 1028 ms
2025-07-04 16:01:10 INFO  [http-nio-8080-exec-5] ACCESS_LOG [,] - ACCESS_LOG - RequestId: a1305d68-2905-4b70-a3f4-420e749ae256, IP: 0:0:0:0:0:0:0:1, Method: GET, URL: /api/customers/status, Status: 200, Duration: 97 ms
2025-07-04 16:01:11 INFO  [http-nio-8080-exec-6] ACCESS_LOG [,] - ACCESS_LOG - RequestId: 06bae15a-5b90-4ed5-b917-e34d07038625, IP: 0:0:0:0:0:0:0:1, Method: GET, URL: /api/customers/status, Status: 200, Duration: 51 ms
2025-07-04 18:12:47 INFO  [http-nio-8080-exec-5] ACCESS_LOG [,] - ACCESS_LOG - RequestId: d8caee16-9d99-4c75-a26f-a2f804f31aab, IP: 0:0:0:0:0:0:0:1, Method: GET, URL: /api/customers/status, Status: 200, Duration: 553 ms
2025-07-04 18:12:47 INFO  [http-nio-8080-exec-2] ACCESS_LOG [,] - [getCustomerDetail] GET_CUSTOMER_DETAIL_START - RequestId: 61ba89b6-cc45-46f4-8ede-77b6867f02e9, UserId: da716029-daf1-4528-8ee8-f8b28f605f10
2025-07-04 18:12:47 INFO  [http-nio-8080-exec-2] ACCESS_LOG [,] - [getCustomerDetail] CUSTOMER_DETAIL_RETRIEVED - RequestId: 61ba89b6-cc45-46f4-8ede-77b6867f02e9, UserId: da716029-daf1-4528-8ee8-f8b28f605f10, CifCode: 9704522166607
2025-07-04 18:12:48 INFO  [http-nio-8080-exec-2] ACCESS_LOG [,] - ACCESS_LOG - RequestId: 4992f7cf-6848-48cd-b231-dbde44a4ff66, IP: 0:0:0:0:0:0:0:1, Method: GET, URL: /api/customers/detail, Status: 200, Duration: 620 ms
2025-07-04 18:13:09 INFO  [http-nio-8080-exec-3] ACCESS_LOG [,] - ACCESS_LOG - RequestId: fd7f7a15-3e2e-414e-a63c-2f3154d06cff, IP: 0:0:0:0:0:0:0:1, Method: GET, URL: /api/customers/status, Status: 200, Duration: 29 ms
2025-07-04 18:14:49 INFO  [http-nio-8080-exec-6] ACCESS_LOG [,] - ACCESS_LOG - RequestId: 6aecfe47-f72a-4025-b457-e5cfc8237c20, IP: 0:0:0:0:0:0:0:1, Method: GET, URL: /api/customers/status, Status: 200, Duration: 74 ms
2025-07-04 18:14:49 INFO  [http-nio-8080-exec-9] ACCESS_LOG [,] - ACCESS_LOG - RequestId: c627cb7b-7b10-43d7-87e4-9bbe9c0274f3, IP: 0:0:0:0:0:0:0:1, Method: GET, URL: /api/customers/status, Status: 200, Duration: 46 ms
2025-07-04 18:14:52 INFO  [http-nio-8080-exec-7] ACCESS_LOG [,] - ACCESS_LOG - RequestId: 7e262706-3d07-46be-a6d0-cad8a3d33c09, IP: 0:0:0:0:0:0:0:1, Method: GET, URL: /api/customers/status, Status: 200, Duration: 27 ms
2025-07-04 18:16:23 INFO  [http-nio-8080-exec-1] ACCESS_LOG [,] - ACCESS_LOG - RequestId: 6afad945-5bba-4156-b609-ade81cbeebf6, IP: 0:0:0:0:0:0:0:1, Method: GET, URL: /api/customers/status, Status: 200, Duration: 657 ms
2025-07-04 18:16:28 INFO  [http-nio-8080-exec-10] ACCESS_LOG [,] - ACCESS_LOG - RequestId: c2aaaace-67d5-4f8c-872c-d84e5349b213, IP: 0:0:0:0:0:0:0:1, Method: GET, URL: /api/customers/status, Status: 200, Duration: 52 ms
2025-07-04 18:16:45 INFO  [http-nio-8080-exec-5] ACCESS_LOG [,] - ACCESS_LOG - RequestId: 6437772f-0d00-4a03-be8a-d3db7e37e66b, IP: 0:0:0:0:0:0:0:1, Method: GET, URL: /api/customers/status, Status: 200, Duration: 17 ms
2025-07-04 18:18:43 INFO  [http-nio-8080-exec-3] ACCESS_LOG [,] - ACCESS_LOG - RequestId: d737790f-ffd5-452c-a754-077252140375, IP: 0:0:0:0:0:0:0:1, Method: GET, URL: /api/customers/status, Status: 200, Duration: 66 ms
2025-07-04 18:18:43 INFO  [http-nio-8080-exec-4] ACCESS_LOG [,] - [getCustomerDetail] GET_CUSTOMER_DETAIL_START - RequestId: 37c053ea-20ee-43ed-a8eb-df251c160074, UserId: da716029-daf1-4528-8ee8-f8b28f605f10
2025-07-04 18:18:43 INFO  [http-nio-8080-exec-4] ACCESS_LOG [,] - [getCustomerDetail] CUSTOMER_DETAIL_RETRIEVED - RequestId: 37c053ea-20ee-43ed-a8eb-df251c160074, UserId: da716029-daf1-4528-8ee8-f8b28f605f10, CifCode: 9704522166607
2025-07-04 18:18:43 INFO  [http-nio-8080-exec-4] ACCESS_LOG [,] - ACCESS_LOG - RequestId: f1281ee7-b575-4f24-80be-f547b7816800, IP: 0:0:0:0:0:0:0:1, Method: GET, URL: /api/customers/detail, Status: 200, Duration: 30 ms
2025-07-04 18:18:55 INFO  [http-nio-8080-exec-6] ACCESS_LOG [,] - ACCESS_LOG - RequestId: f6ea0c6a-587f-4195-8960-c0012225910f, IP: 0:0:0:0:0:0:0:1, Method: GET, URL: /api/customers/status, Status: 200, Duration: 4816 ms
2025-07-04 18:20:30 INFO  [http-nio-8080-exec-7] ACCESS_LOG [,] - ACCESS_LOG - RequestId: 50d506b0-7876-4cab-b53b-360a6764577a, IP: 0:0:0:0:0:0:0:1, Method: GET, URL: /api/customers/status, Status: 200, Duration: 62 ms
2025-07-04 18:22:24 INFO  [http-nio-8080-exec-1] ACCESS_LOG [,] - ACCESS_LOG - RequestId: 3549a020-34da-4df3-a3c0-76b716d7a9e4, IP: 0:0:0:0:0:0:0:1, Method: GET, URL: /api/customers/status, Status: 200, Duration: 72 ms
2025-07-04 18:22:30 INFO  [http-nio-8080-exec-10] ACCESS_LOG [,] - ACCESS_LOG - RequestId: 448ea018-ef49-4c76-a030-204fefe1561d, IP: 0:0:0:0:0:0:0:1, Method: GET, URL: /api/customers/status, Status: 200, Duration: 41 ms
2025-07-04 18:22:30 INFO  [http-nio-8080-exec-5] ACCESS_LOG [,] - [getCustomerDetail] GET_CUSTOMER_DETAIL_START - RequestId: a98c9dd9-b2eb-45e1-be68-24818b2eb666, UserId: da716029-daf1-4528-8ee8-f8b28f605f10
2025-07-04 18:22:30 INFO  [http-nio-8080-exec-5] ACCESS_LOG [,] - [getCustomerDetail] CUSTOMER_DETAIL_RETRIEVED - RequestId: a98c9dd9-b2eb-45e1-be68-24818b2eb666, UserId: da716029-daf1-4528-8ee8-f8b28f605f10, CifCode: 9704522166607
2025-07-04 18:22:30 INFO  [http-nio-8080-exec-5] ACCESS_LOG [,] - ACCESS_LOG - RequestId: 87de9cab-439a-4bde-a682-0a1d48b988be, IP: 0:0:0:0:0:0:0:1, Method: GET, URL: /api/customers/detail, Status: 200, Duration: 35 ms
2025-07-04 18:22:40 INFO  [http-nio-8080-exec-2] ACCESS_LOG [,] - ACCESS_LOG - RequestId: d152ffe7-06f0-49e1-b7e1-cac9c152e49b, IP: 0:0:0:0:0:0:0:1, Method: GET, URL: /api/customers/status, Status: 200, Duration: 24 ms
2025-07-04 18:22:45 INFO  [http-nio-8080-exec-3] ACCESS_LOG [,] - ACCESS_LOG - RequestId: e376fa5c-9639-42e9-b99d-cbfe22222ab6, IP: 0:0:0:0:0:0:0:1, Method: GET, URL: /api/customers/status, Status: 200, Duration: 26 ms
2025-07-04 18:28:33 INFO  [http-nio-8080-exec-6] ACCESS_LOG [,] - ACCESS_LOG - RequestId: 54d99d12-0a1b-473f-b5b1-43301f3aaa67, IP: 0:0:0:0:0:0:0:1, Method: GET, URL: /api/customers/status, Status: 200, Duration: 442 ms
2025-07-04 18:28:41 INFO  [http-nio-8080-exec-9] ACCESS_LOG [,] - ACCESS_LOG - RequestId: 84eb78d8-1deb-4832-b1ed-6b9317688341, IP: 0:0:0:0:0:0:0:1, Method: GET, URL: /api/customers/status, Status: 200, Duration: 37 ms
2025-07-04 18:28:50 INFO  [http-nio-8080-exec-7] ACCESS_LOG [,] - ACCESS_LOG - RequestId: f10a2141-fdee-4f77-ad5e-9baa5f47eeaa, IP: 0:0:0:0:0:0:0:1, Method: GET, URL: /api/customers/status, Status: 200, Duration: 15 ms
2025-07-04 18:29:45 INFO  [http-nio-8080-exec-8] ACCESS_LOG [,] - ACCESS_LOG - RequestId: 58903a87-3996-42eb-8fb2-8ededff7df28, IP: 0:0:0:0:0:0:0:1, Method: GET, URL: /api/customers/status, Status: 200, Duration: 248 ms
2025-07-04 18:30:28 INFO  [http-nio-8080-exec-1] ACCESS_LOG [,] - ACCESS_LOG - RequestId: 4f5faf1a-8ece-4dd8-97cf-1726fc790998, IP: 0:0:0:0:0:0:0:1, Method: GET, URL: /api/customers/status, Status: 200, Duration: 17 ms
2025-07-04 18:30:37 INFO  [http-nio-8080-exec-10] ACCESS_LOG [,] - ACCESS_LOG - RequestId: 0a5150e7-b18e-4a97-94cf-f14db0d6d791, IP: 0:0:0:0:0:0:0:1, Method: GET, URL: /api/customers/status, Status: 200, Duration: 25 ms
2025-07-04 18:30:51 INFO  [http-nio-8080-exec-5] ACCESS_LOG [,] - ACCESS_LOG - RequestId: 10c4529f-612b-4180-9128-045599d321e6, IP: 0:0:0:0:0:0:0:1, Method: GET, URL: /api/customers/status, Status: 200, Duration: 54 ms
2025-07-04 18:31:05 INFO  [http-nio-8080-exec-2] ACCESS_LOG [,] - ACCESS_LOG - RequestId: 57bac987-1155-48c2-9973-b5db9f56c258, IP: 0:0:0:0:0:0:0:1, Method: GET, URL: /api/customers/status, Status: 200, Duration: 28 ms
2025-07-04 18:31:20 INFO  [http-nio-8080-exec-3] ACCESS_LOG [,] - ACCESS_LOG - RequestId: e73c8e25-0775-42a4-8920-85c0f1d665f3, IP: 0:0:0:0:0:0:0:1, Method: GET, URL: /api/customers/status, Status: 200, Duration: 14 ms
2025-07-04 18:31:22 INFO  [http-nio-8080-exec-4] ACCESS_LOG [,] - ACCESS_LOG - RequestId: 0d611f8e-e56d-4309-b1db-af5323663ea6, IP: 0:0:0:0:0:0:0:1, Method: GET, URL: /api/customers/status, Status: 200, Duration: 63 ms
2025-07-04 18:31:24 INFO  [http-nio-8080-exec-6] ACCESS_LOG [,] - ACCESS_LOG - RequestId: 8f301caa-b2d0-4f4a-9b3b-0936da5fe7ad, IP: 0:0:0:0:0:0:0:1, Method: GET, URL: /api/customers/status, Status: 200, Duration: 18 ms
2025-07-04 18:31:50 INFO  [http-nio-8080-exec-9] ACCESS_LOG [,] - ACCESS_LOG - RequestId: 3f563718-1671-4753-95d2-d2920f284679, IP: 0:0:0:0:0:0:0:1, Method: GET, URL: /api/customers/status, Status: 200, Duration: 99 ms
2025-07-04 18:51:02 INFO  [http-nio-8080-exec-1] ACCESS_LOG [,] - ACCESS_LOG - RequestId: 9a0815fa-9f7f-47d2-b916-b0f9edb9d3dd, IP: 0:0:0:0:0:0:0:1, Method: GET, URL: /api/customers/status, Status: 200, Duration: 848 ms
2025-07-04 18:51:02 INFO  [http-nio-8080-exec-8] ACCESS_LOG [,] - ACCESS_LOG - RequestId: 9c911c74-600e-4499-b250-eb0cf08a7665, IP: 0:0:0:0:0:0:0:1, Method: GET, URL: /api/customers/status, Status: 200, Duration: 848 ms
