2025-06-26 00:34:56 [restartedMain] DEBUG o.s.s.c.a.a.c.AuthenticationConfiguration$DefaultPasswordEncoderAuthenticationManagerBuilder - No authenticationProviders and no parentAuthenticationManager defined. Returning null. MDC:[traceId=, spanId=]
2025-06-26 00:35:00 [restartedMain] DEBUG o.s.s.web.DefaultSecurityFilterChain - Will secure any request with filters: DisableEncodeUrlFilter, WebAsyncManagerIntegrationFilter, SecurityContextHolderFilter, HeaderWriterFilter, LogoutFilter, ApiKeyFilter, BearerTokenAuthenticationFilter, RequestCacheAwareFilter, SecurityContextHolderAwareRequestFilter, AnonymousAuthenticationFilter, SessionManagementFilter, ExceptionTranslationFilter, AuthorizationFilter MDC:[traceId=, spanId=]
2025-06-26 00:36:31 [restartedMain] DEBUG o.s.s.c.a.a.c.AuthenticationConfiguration$DefaultPasswordEncoderAuthenticationManagerBuilder - No authenticationProviders and no parentAuthenticationManager defined. Returning null. MDC:[traceId=, spanId=]
2025-06-26 00:36:33 [restartedMain] DEBUG o.s.s.web.DefaultSecurityFilterChain - Will secure any request with filters: DisableEncodeUrlFilter, WebAsyncManagerIntegrationFilter, SecurityContextHolderFilter, HeaderWriterFilter, LogoutFilter, ApiKeyFilter, BearerTokenAuthenticationFilter, RequestCacheAwareFilter, SecurityContextHolderAwareRequestFilter, AnonymousAuthenticationFilter, SessionManagementFilter, ExceptionTranslationFilter, AuthorizationFilter MDC:[traceId=, spanId=]
2025-06-26 00:38:47 [http-nio-8082-exec-1] DEBUG o.s.security.web.FilterChainProxy - Securing GET /getAllPaymentAccount MDC:[traceId=, spanId=]
2025-06-26 00:38:48 [http-nio-8082-exec-1] DEBUG o.s.s.o.s.r.a.JwtAuthenticationProvider - Authenticated token MDC:[traceId=, spanId=]
2025-06-26 00:38:48 [http-nio-8082-exec-1] DEBUG o.s.s.o.s.r.w.a.BearerTokenAuthenticationFilter - Set SecurityContextHolder to JwtAuthenticationToken [Principal=org.springframework.security.oauth2.jwt.Jwt@cae5032a, Credentials=[PROTECTED], Authenticated=true, Details=WebAuthenticationDetails [RemoteIpAddress=127.0.0.1, SessionId=null], Granted Authorities=[ROLE_default-roles-myrealm, ROLE_offline_access, ROLE_CUSTOMER, ROLE_uma_authorization]] MDC:[traceId=, spanId=]
2025-06-26 00:38:48 [http-nio-8082-exec-1] DEBUG o.s.security.web.FilterChainProxy - Secured GET /getAllPaymentAccount MDC:[traceId=, spanId=]
2025-06-26 00:39:21 [http-nio-8082-exec-7] DEBUG o.s.security.web.FilterChainProxy - Securing GET /getAllPaymentAccountByUserId/ MDC:[traceId=, spanId=]
2025-06-26 00:39:21 [http-nio-8082-exec-7] DEBUG o.s.s.o.s.r.a.JwtAuthenticationProvider - Authenticated token MDC:[traceId=, spanId=]
2025-06-26 00:39:21 [http-nio-8082-exec-7] DEBUG o.s.s.o.s.r.w.a.BearerTokenAuthenticationFilter - Set SecurityContextHolder to JwtAuthenticationToken [Principal=org.springframework.security.oauth2.jwt.Jwt@3f8cdcac, Credentials=[PROTECTED], Authenticated=true, Details=WebAuthenticationDetails [RemoteIpAddress=127.0.0.1, SessionId=null], Granted Authorities=[ROLE_default-roles-myrealm, ROLE_offline_access, ROLE_ADMIN, ROLE_uma_authorization]] MDC:[traceId=, spanId=]
2025-06-26 00:39:21 [http-nio-8082-exec-7] DEBUG o.s.security.web.FilterChainProxy - Secured GET /getAllPaymentAccountByUserId/ MDC:[traceId=, spanId=]
2025-06-26 00:39:22 [http-nio-8082-exec-7] DEBUG o.s.security.web.FilterChainProxy - Securing GET /error MDC:[traceId=, spanId=]
2025-06-26 00:39:22 [http-nio-8082-exec-7] DEBUG o.s.security.web.FilterChainProxy - Secured GET /error MDC:[traceId=, spanId=]
2025-06-26 00:47:14 [http-nio-8082-exec-6] DEBUG o.s.security.web.FilterChainProxy - Securing GET /getAllPaymentAccount MDC:[traceId=, spanId=]
2025-06-26 00:47:14 [http-nio-8082-exec-6] DEBUG o.s.s.o.s.r.a.JwtAuthenticationProvider - Authenticated token MDC:[traceId=, spanId=]
2025-06-26 00:47:14 [http-nio-8082-exec-6] DEBUG o.s.s.o.s.r.w.a.BearerTokenAuthenticationFilter - Set SecurityContextHolder to JwtAuthenticationToken [Principal=org.springframework.security.oauth2.jwt.Jwt@ca18a83b, Credentials=[PROTECTED], Authenticated=true, Details=WebAuthenticationDetails [RemoteIpAddress=127.0.0.1, SessionId=null], Granted Authorities=[ROLE_default-roles-myrealm, ROLE_offline_access, ROLE_CUSTOMER, ROLE_uma_authorization]] MDC:[traceId=, spanId=]
2025-06-26 00:47:14 [http-nio-8082-exec-6] DEBUG o.s.security.web.FilterChainProxy - Secured GET /getAllPaymentAccount MDC:[traceId=, spanId=]
2025-06-26 00:47:28 [http-nio-8082-exec-9] DEBUG o.s.security.web.FilterChainProxy - Securing GET /getAllPaymentAccountByUserId/ MDC:[traceId=, spanId=]
2025-06-26 00:47:28 [http-nio-8082-exec-9] DEBUG o.s.s.o.s.r.a.JwtAuthenticationProvider - Authenticated token MDC:[traceId=, spanId=]
2025-06-26 00:47:28 [http-nio-8082-exec-9] DEBUG o.s.s.o.s.r.w.a.BearerTokenAuthenticationFilter - Set SecurityContextHolder to JwtAuthenticationToken [Principal=org.springframework.security.oauth2.jwt.Jwt@6b209e05, Credentials=[PROTECTED], Authenticated=true, Details=WebAuthenticationDetails [RemoteIpAddress=127.0.0.1, SessionId=null], Granted Authorities=[ROLE_default-roles-myrealm, ROLE_offline_access, ROLE_ADMIN, ROLE_uma_authorization]] MDC:[traceId=, spanId=]
2025-06-26 00:47:28 [http-nio-8082-exec-9] DEBUG o.s.security.web.FilterChainProxy - Secured GET /getAllPaymentAccountByUserId/ MDC:[traceId=, spanId=]
2025-06-26 00:47:28 [http-nio-8082-exec-9] DEBUG o.s.security.web.FilterChainProxy - Securing GET /error MDC:[traceId=, spanId=]
2025-06-26 00:47:28 [http-nio-8082-exec-9] DEBUG o.s.security.web.FilterChainProxy - Secured GET /error MDC:[traceId=, spanId=]
2025-06-26 00:52:47 [restartedMain] DEBUG o.s.s.c.a.a.c.AuthenticationConfiguration$DefaultPasswordEncoderAuthenticationManagerBuilder - No authenticationProviders and no parentAuthenticationManager defined. Returning null. MDC:[traceId=, spanId=]
2025-06-26 00:53:28 [restartedMain] DEBUG o.s.s.web.DefaultSecurityFilterChain - Will secure any request with filters: DisableEncodeUrlFilter, WebAsyncManagerIntegrationFilter, SecurityContextHolderFilter, HeaderWriterFilter, LogoutFilter, ApiKeyFilter, BearerTokenAuthenticationFilter, RequestCacheAwareFilter, SecurityContextHolderAwareRequestFilter, AnonymousAuthenticationFilter, SessionManagementFilter, ExceptionTranslationFilter, AuthorizationFilter MDC:[traceId=, spanId=]
2025-06-26 00:55:10 [restartedMain] DEBUG o.s.s.c.a.a.c.AuthenticationConfiguration$DefaultPasswordEncoderAuthenticationManagerBuilder - No authenticationProviders and no parentAuthenticationManager defined. Returning null. MDC:[traceId=, spanId=]
2025-06-26 00:55:12 [restartedMain] DEBUG o.s.s.web.DefaultSecurityFilterChain - Will secure any request with filters: DisableEncodeUrlFilter, WebAsyncManagerIntegrationFilter, SecurityContextHolderFilter, HeaderWriterFilter, LogoutFilter, ApiKeyFilter, BearerTokenAuthenticationFilter, RequestCacheAwareFilter, SecurityContextHolderAwareRequestFilter, AnonymousAuthenticationFilter, SessionManagementFilter, ExceptionTranslationFilter, AuthorizationFilter MDC:[traceId=, spanId=]
2025-06-26 00:57:39 [http-nio-8082-exec-1] DEBUG o.s.security.web.FilterChainProxy - Securing GET /getAllPaymentAccountByUserId/ MDC:[traceId=, spanId=]
2025-06-26 00:57:39 [http-nio-8082-exec-1] DEBUG o.s.s.o.s.r.a.JwtAuthenticationProvider - Authenticated token MDC:[traceId=, spanId=]
2025-06-26 00:57:39 [http-nio-8082-exec-1] DEBUG o.s.s.o.s.r.w.a.BearerTokenAuthenticationFilter - Set SecurityContextHolder to JwtAuthenticationToken [Principal=org.springframework.security.oauth2.jwt.Jwt@6b209e05, Credentials=[PROTECTED], Authenticated=true, Details=WebAuthenticationDetails [RemoteIpAddress=127.0.0.1, SessionId=null], Granted Authorities=[ROLE_default-roles-myrealm, ROLE_offline_access, ROLE_ADMIN, ROLE_uma_authorization]] MDC:[traceId=, spanId=]
2025-06-26 00:57:39 [http-nio-8082-exec-1] DEBUG o.s.security.web.FilterChainProxy - Secured GET /getAllPaymentAccountByUserId/ MDC:[traceId=, spanId=]
2025-06-26 00:57:39 [http-nio-8082-exec-1] DEBUG o.s.security.web.FilterChainProxy - Securing GET /error MDC:[traceId=, spanId=]
2025-06-26 00:57:39 [http-nio-8082-exec-1] DEBUG o.s.security.web.FilterChainProxy - Secured GET /error MDC:[traceId=, spanId=]
2025-06-26 00:59:41 [http-nio-8082-exec-4] DEBUG o.s.security.web.FilterChainProxy - Securing GET /getAllPaymentAccountByUserId/ MDC:[traceId=, spanId=]
2025-06-26 00:59:42 [http-nio-8082-exec-4] DEBUG o.s.s.o.s.r.a.JwtAuthenticationProvider - Authenticated token MDC:[traceId=, spanId=]
2025-06-26 00:59:42 [http-nio-8082-exec-4] DEBUG o.s.s.o.s.r.w.a.BearerTokenAuthenticationFilter - Set SecurityContextHolder to JwtAuthenticationToken [Principal=org.springframework.security.oauth2.jwt.Jwt@6b209e05, Credentials=[PROTECTED], Authenticated=true, Details=WebAuthenticationDetails [RemoteIpAddress=127.0.0.1, SessionId=null], Granted Authorities=[ROLE_default-roles-myrealm, ROLE_offline_access, ROLE_ADMIN, ROLE_uma_authorization]] MDC:[traceId=, spanId=]
2025-06-26 00:59:42 [http-nio-8082-exec-4] DEBUG o.s.security.web.FilterChainProxy - Secured GET /getAllPaymentAccountByUserId/ MDC:[traceId=, spanId=]
2025-06-26 00:59:42 [http-nio-8082-exec-4] DEBUG o.s.security.web.FilterChainProxy - Securing GET /error MDC:[traceId=, spanId=]
2025-06-26 00:59:42 [http-nio-8082-exec-4] DEBUG o.s.security.web.FilterChainProxy - Secured GET /error MDC:[traceId=, spanId=]
2025-06-26 00:59:43 [http-nio-8082-exec-5] DEBUG o.s.security.web.FilterChainProxy - Securing GET /getAllPaymentAccount MDC:[traceId=, spanId=]
2025-06-26 00:59:43 [http-nio-8082-exec-5] DEBUG o.s.s.o.s.r.a.JwtAuthenticationProvider - Authenticated token MDC:[traceId=, spanId=]
2025-06-26 00:59:43 [http-nio-8082-exec-5] DEBUG o.s.s.o.s.r.w.a.BearerTokenAuthenticationFilter - Set SecurityContextHolder to JwtAuthenticationToken [Principal=org.springframework.security.oauth2.jwt.Jwt@ca18a83b, Credentials=[PROTECTED], Authenticated=true, Details=WebAuthenticationDetails [RemoteIpAddress=127.0.0.1, SessionId=null], Granted Authorities=[ROLE_default-roles-myrealm, ROLE_offline_access, ROLE_CUSTOMER, ROLE_uma_authorization]] MDC:[traceId=, spanId=]
2025-06-26 00:59:43 [http-nio-8082-exec-5] DEBUG o.s.security.web.FilterChainProxy - Secured GET /getAllPaymentAccount MDC:[traceId=, spanId=]
2025-06-26 01:03:03 [http-nio-8082-exec-6] DEBUG o.s.security.web.FilterChainProxy - Securing GET /getAllPaymentAccountByUserId/ MDC:[traceId=, spanId=]
2025-06-26 01:03:03 [http-nio-8082-exec-6] DEBUG o.s.s.o.s.r.a.JwtAuthenticationProvider - Authenticated token MDC:[traceId=, spanId=]
2025-06-26 01:03:03 [http-nio-8082-exec-6] DEBUG o.s.s.o.s.r.w.a.BearerTokenAuthenticationFilter - Set SecurityContextHolder to JwtAuthenticationToken [Principal=org.springframework.security.oauth2.jwt.Jwt@6b209e05, Credentials=[PROTECTED], Authenticated=true, Details=WebAuthenticationDetails [RemoteIpAddress=127.0.0.1, SessionId=null], Granted Authorities=[ROLE_default-roles-myrealm, ROLE_offline_access, ROLE_ADMIN, ROLE_uma_authorization]] MDC:[traceId=, spanId=]
2025-06-26 01:03:03 [http-nio-8082-exec-6] DEBUG o.s.security.web.FilterChainProxy - Secured GET /getAllPaymentAccountByUserId/ MDC:[traceId=, spanId=]
2025-06-26 01:03:03 [http-nio-8082-exec-6] DEBUG o.s.security.web.FilterChainProxy - Securing GET /error MDC:[traceId=, spanId=]
2025-06-26 01:03:03 [http-nio-8082-exec-6] DEBUG o.s.security.web.FilterChainProxy - Secured GET /error MDC:[traceId=, spanId=]
2025-06-26 01:22:05 [restartedMain] DEBUG o.s.s.c.a.a.c.AuthenticationConfiguration$DefaultPasswordEncoderAuthenticationManagerBuilder - No authenticationProviders and no parentAuthenticationManager defined. Returning null. MDC:[traceId=, spanId=]
2025-06-26 01:22:06 [restartedMain] DEBUG o.s.s.web.DefaultSecurityFilterChain - Will secure any request with filters: DisableEncodeUrlFilter, WebAsyncManagerIntegrationFilter, SecurityContextHolderFilter, HeaderWriterFilter, LogoutFilter, ApiKeyFilter, BearerTokenAuthenticationFilter, RequestCacheAwareFilter, SecurityContextHolderAwareRequestFilter, AnonymousAuthenticationFilter, SessionManagementFilter, ExceptionTranslationFilter, AuthorizationFilter MDC:[traceId=, spanId=]
