2025-07-04 00:34:16 DEBUG [restartedMain] o.s.s.c.a.a.c.AuthenticationConfiguration$DefaultPasswordEncoderAuthenticationManagerBuilder [,] - No authenticationProviders and no parentAuthenticationManager defined. Returning null.
2025-07-04 00:34:18 DEBUG [restartedMain] o.s.s.web.DefaultSecurityFilterChain [,] - Will secure any request with filters: DisableEncodeUrlFilter, WebAsyncManagerIntegrationFilter, SecurityContextHolderFilter, HeaderWriterFilter, LogoutFilter, ApiKeyFilter, BearerTokenAuthenticationFilter, RequestCacheAwareFilter, SecurityContextHolderAwareRequestFilter, AnonymousAuthenticationFilter, SessionManagementFilter, ExceptionTranslationFilter, AuthorizationFilter
2025-07-04 01:51:30 DEBUG [restartedMain] o.s.s.c.a.a.c.AuthenticationConfiguration$DefaultPasswordEncoderAuthenticationManagerBuilder [,] - No authenticationProviders and no parentAuthenticationManager defined. Returning null.
2025-07-04 01:51:32 DEBUG [restartedMain] o.s.s.web.DefaultSecurityFilterChain [,] - Will secure any request with filters: DisableEncodeUrlFilter, WebAsyncManagerIntegrationFilter, SecurityContextHolderFilter, HeaderWriterFilter, LogoutFilter, ApiKeyFilter, BearerTokenAuthenticationFilter, RequestCacheAwareFilter, SecurityContextHolderAwareRequestFilter, AnonymousAuthenticationFilter, SessionManagementFilter, ExceptionTranslationFilter, AuthorizationFilter
2025-07-04 09:05:26 DEBUG [restartedMain] o.s.s.c.a.a.c.AuthenticationConfiguration$DefaultPasswordEncoderAuthenticationManagerBuilder [,] - No authenticationProviders and no parentAuthenticationManager defined. Returning null.
2025-07-04 09:05:30 DEBUG [restartedMain] o.s.s.web.DefaultSecurityFilterChain [,] - Will secure any request with filters: DisableEncodeUrlFilter, WebAsyncManagerIntegrationFilter, SecurityContextHolderFilter, HeaderWriterFilter, LogoutFilter, ApiKeyFilter, BearerTokenAuthenticationFilter, RequestCacheAwareFilter, SecurityContextHolderAwareRequestFilter, AnonymousAuthenticationFilter, SessionManagementFilter, ExceptionTranslationFilter, AuthorizationFilter
2025-07-04 14:11:19 DEBUG [restartedMain] o.s.s.c.a.a.c.AuthenticationConfiguration$DefaultPasswordEncoderAuthenticationManagerBuilder [,] - No authenticationProviders and no parentAuthenticationManager defined. Returning null.
2025-07-04 14:11:22 DEBUG [restartedMain] o.s.s.web.DefaultSecurityFilterChain [,] - Will secure any request with filters: DisableEncodeUrlFilter, WebAsyncManagerIntegrationFilter, SecurityContextHolderFilter, HeaderWriterFilter, LogoutFilter, ApiKeyFilter, BearerTokenAuthenticationFilter, RequestCacheAwareFilter, SecurityContextHolderAwareRequestFilter, AnonymousAuthenticationFilter, SessionManagementFilter, ExceptionTranslationFilter, AuthorizationFilter
2025-07-04 14:15:24 DEBUG [restartedMain] o.s.s.c.a.a.c.AuthenticationConfiguration$DefaultPasswordEncoderAuthenticationManagerBuilder [,] - No authenticationProviders and no parentAuthenticationManager defined. Returning null.
2025-07-04 14:15:35 DEBUG [restartedMain] o.s.s.web.DefaultSecurityFilterChain [,] - Will secure any request with filters: DisableEncodeUrlFilter, WebAsyncManagerIntegrationFilter, SecurityContextHolderFilter, HeaderWriterFilter, LogoutFilter, ApiKeyFilter, BearerTokenAuthenticationFilter, RequestCacheAwareFilter, SecurityContextHolderAwareRequestFilter, AnonymousAuthenticationFilter, SessionManagementFilter, ExceptionTranslationFilter, AuthorizationFilter
2025-07-04 14:25:22 DEBUG [http-nio-8082-exec-2] o.s.security.web.FilterChainProxy [,] - Securing GET /getAllPaymentAccount
2025-07-04 14:25:23 DEBUG [http-nio-8082-exec-2] o.s.s.o.s.r.a.JwtAuthenticationProvider [,] - Authenticated token
2025-07-04 14:25:23 DEBUG [http-nio-8082-exec-2] o.s.s.o.s.r.w.a.BearerTokenAuthenticationFilter [,] - Set SecurityContextHolder to JwtAuthenticationToken [Principal=org.springframework.security.oauth2.jwt.Jwt@92ad2d10, Credentials=[PROTECTED], Authenticated=true, Details=WebAuthenticationDetails [RemoteIpAddress=127.0.0.1, SessionId=null], Granted Authorities=[ROLE_default-roles-myrealm, ROLE_offline_access, ROLE_CUSTOMER, ROLE_uma_authorization]]
2025-07-04 14:25:23 DEBUG [http-nio-8082-exec-2] o.s.security.web.FilterChainProxy [,] - Secured GET /getAllPaymentAccount
2025-07-04 14:26:07 DEBUG [http-nio-8082-exec-1] o.s.security.web.FilterChainProxy [,] - Securing GET /getAllPaymentAccount
2025-07-04 14:26:07 DEBUG [http-nio-8082-exec-1] o.s.s.o.s.r.a.JwtAuthenticationProvider [,] - Authenticated token
2025-07-04 14:26:07 DEBUG [http-nio-8082-exec-1] o.s.s.o.s.r.w.a.BearerTokenAuthenticationFilter [,] - Set SecurityContextHolder to JwtAuthenticationToken [Principal=org.springframework.security.oauth2.jwt.Jwt@92ad2d10, Credentials=[PROTECTED], Authenticated=true, Details=WebAuthenticationDetails [RemoteIpAddress=127.0.0.1, SessionId=null], Granted Authorities=[ROLE_default-roles-myrealm, ROLE_offline_access, ROLE_CUSTOMER, ROLE_uma_authorization]]
2025-07-04 14:26:07 DEBUG [http-nio-8082-exec-1] o.s.security.web.FilterChainProxy [,] - Secured GET /getAllPaymentAccount
2025-07-04 14:26:28 DEBUG [http-nio-8082-exec-3] o.s.security.web.FilterChainProxy [,] - Securing GET /getAllPaymentAccount
2025-07-04 14:26:28 DEBUG [http-nio-8082-exec-3] o.s.s.o.s.r.a.JwtAuthenticationProvider [,] - Authenticated token
2025-07-04 14:26:28 DEBUG [http-nio-8082-exec-3] o.s.s.o.s.r.w.a.BearerTokenAuthenticationFilter [,] - Set SecurityContextHolder to JwtAuthenticationToken [Principal=org.springframework.security.oauth2.jwt.Jwt@92ad2d10, Credentials=[PROTECTED], Authenticated=true, Details=WebAuthenticationDetails [RemoteIpAddress=127.0.0.1, SessionId=null], Granted Authorities=[ROLE_default-roles-myrealm, ROLE_offline_access, ROLE_CUSTOMER, ROLE_uma_authorization]]
2025-07-04 14:26:28 DEBUG [http-nio-8082-exec-3] o.s.security.web.FilterChainProxy [,] - Secured GET /getAllPaymentAccount
2025-07-04 14:27:30 DEBUG [http-nio-8082-exec-5] o.s.security.web.FilterChainProxy [,] - Securing GET /getAllPaymentAccount
2025-07-04 14:27:30 DEBUG [http-nio-8082-exec-5] o.s.s.o.s.r.a.JwtAuthenticationProvider [,] - Authenticated token
2025-07-04 14:27:30 DEBUG [http-nio-8082-exec-5] o.s.s.o.s.r.w.a.BearerTokenAuthenticationFilter [,] - Set SecurityContextHolder to JwtAuthenticationToken [Principal=org.springframework.security.oauth2.jwt.Jwt@92ad2d10, Credentials=[PROTECTED], Authenticated=true, Details=WebAuthenticationDetails [RemoteIpAddress=127.0.0.1, SessionId=null], Granted Authorities=[ROLE_default-roles-myrealm, ROLE_offline_access, ROLE_CUSTOMER, ROLE_uma_authorization]]
2025-07-04 14:27:30 DEBUG [http-nio-8082-exec-5] o.s.security.web.FilterChainProxy [,] - Secured GET /getAllPaymentAccount
2025-07-04 15:55:08 DEBUG [restartedMain] o.s.s.c.a.a.c.AuthenticationConfiguration$DefaultPasswordEncoderAuthenticationManagerBuilder [,] - No authenticationProviders and no parentAuthenticationManager defined. Returning null.
2025-07-04 15:55:17 DEBUG [restartedMain] o.s.s.web.DefaultSecurityFilterChain [,] - Will secure any request with filters: DisableEncodeUrlFilter, WebAsyncManagerIntegrationFilter, SecurityContextHolderFilter, HeaderWriterFilter, LogoutFilter, ApiKeyFilter, BearerTokenAuthenticationFilter, RequestCacheAwareFilter, SecurityContextHolderAwareRequestFilter, AnonymousAuthenticationFilter, SessionManagementFilter, ExceptionTranslationFilter, AuthorizationFilter
2025-07-04 18:12:49 DEBUG [http-nio-8082-exec-1] o.s.security.web.FilterChainProxy [,] - Securing GET /getAllPaymentAccount
2025-07-04 18:12:50 DEBUG [http-nio-8082-exec-1] o.s.s.o.s.r.a.JwtAuthenticationProvider [,] - Authenticated token
2025-07-04 18:12:50 DEBUG [http-nio-8082-exec-1] o.s.s.o.s.r.w.a.BearerTokenAuthenticationFilter [,] - Set SecurityContextHolder to JwtAuthenticationToken [Principal=org.springframework.security.oauth2.jwt.Jwt@e5bd86d, Credentials=[PROTECTED], Authenticated=true, Details=WebAuthenticationDetails [RemoteIpAddress=127.0.0.1, SessionId=null], Granted Authorities=[ROLE_default-roles-myrealm, ROLE_offline_access, ROLE_CUSTOMER, ROLE_uma_authorization]]
2025-07-04 18:12:50 DEBUG [http-nio-8082-exec-1] o.s.security.web.FilterChainProxy [,] - Secured GET /getAllPaymentAccount
2025-07-04 18:18:44 DEBUG [http-nio-8082-exec-2] o.s.security.web.FilterChainProxy [,] - Securing GET /getAllPaymentAccount
2025-07-04 18:18:44 DEBUG [http-nio-8082-exec-2] o.s.s.o.s.r.a.JwtAuthenticationProvider [,] - Authenticated token
2025-07-04 18:18:44 DEBUG [http-nio-8082-exec-2] o.s.s.o.s.r.w.a.BearerTokenAuthenticationFilter [,] - Set SecurityContextHolder to JwtAuthenticationToken [Principal=org.springframework.security.oauth2.jwt.Jwt@e5bd86d, Credentials=[PROTECTED], Authenticated=true, Details=WebAuthenticationDetails [RemoteIpAddress=127.0.0.1, SessionId=null], Granted Authorities=[ROLE_default-roles-myrealm, ROLE_offline_access, ROLE_CUSTOMER, ROLE_uma_authorization]]
2025-07-04 18:18:44 DEBUG [http-nio-8082-exec-2] o.s.security.web.FilterChainProxy [,] - Secured GET /getAllPaymentAccount
2025-07-04 18:22:30 DEBUG [http-nio-8082-exec-4] o.s.security.web.FilterChainProxy [,] - Securing GET /getAllPaymentAccount
2025-07-04 18:22:30 DEBUG [http-nio-8082-exec-4] o.s.s.o.s.r.a.JwtAuthenticationProvider [,] - Authenticated token
2025-07-04 18:22:30 DEBUG [http-nio-8082-exec-4] o.s.s.o.s.r.w.a.BearerTokenAuthenticationFilter [,] - Set SecurityContextHolder to JwtAuthenticationToken [Principal=org.springframework.security.oauth2.jwt.Jwt@e5bd86d, Credentials=[PROTECTED], Authenticated=true, Details=WebAuthenticationDetails [RemoteIpAddress=127.0.0.1, SessionId=null], Granted Authorities=[ROLE_default-roles-myrealm, ROLE_offline_access, ROLE_CUSTOMER, ROLE_uma_authorization]]
2025-07-04 18:22:30 DEBUG [http-nio-8082-exec-4] o.s.security.web.FilterChainProxy [,] - Secured GET /getAllPaymentAccount
