2025-07-03 12:21:29 [restartedMain] DEBUG o.s.s.c.a.a.c.AuthenticationConfiguration$DefaultPasswordEncoderAuthenticationManagerBuilder - No authenticationProviders and no parentAuthenticationManager defined. Returning null. MDC:[traceId=, spanId=]
2025-07-03 12:21:31 [restartedMain] DEBUG o.s.s.web.DefaultSecurityFilterChain - Will secure any request with filters: DisableEncodeUrlFilter, WebAsyncManagerIntegrationFilter, SecurityContextHolderFilter, HeaderWriterFilter, LogoutFilter, ApiKeyFilter, BearerTokenAuthenticationFilter, RequestCacheAwareFilter, SecurityContextHolderAwareRequestFilter, AnonymousAuthenticationFilter, SessionManagementFilter, ExceptionTranslationFilter, AuthorizationFilter MDC:[traceId=, spanId=]
2025-07-03 14:38:05 DEBUG [restartedMain] o.s.s.c.a.a.c.AuthenticationConfiguration$DefaultPasswordEncoderAuthenticationManagerBuilder [,] - No authenticationProviders and no parentAuthenticationManager defined. Returning null.
2025-07-03 14:40:01 DEBUG [restartedMain] o.s.s.c.a.a.c.AuthenticationConfiguration$DefaultPasswordEncoderAuthenticationManagerBuilder [,] - No authenticationProviders and no parentAuthenticationManager defined. Returning null.
2025-07-03 14:40:02 DEBUG [restartedMain] o.s.s.web.DefaultSecurityFilterChain [,] - Will secure any request with filters: DisableEncodeUrlFilter, WebAsyncManagerIntegrationFilter, SecurityContextHolderFilter, HeaderWriterFilter, LogoutFilter, ApiKeyFilter, BearerTokenAuthenticationFilter, RequestCacheAwareFilter, SecurityContextHolderAwareRequestFilter, AnonymousAuthenticationFilter, SessionManagementFilter, ExceptionTranslationFilter, AuthorizationFilter
2025-07-03 15:12:42 DEBUG [restartedMain] o.s.s.c.a.a.c.AuthenticationConfiguration$DefaultPasswordEncoderAuthenticationManagerBuilder [,] - No authenticationProviders and no parentAuthenticationManager defined. Returning null.
2025-07-03 15:12:43 DEBUG [restartedMain] o.s.s.web.DefaultSecurityFilterChain [,] - Will secure any request with filters: DisableEncodeUrlFilter, WebAsyncManagerIntegrationFilter, SecurityContextHolderFilter, HeaderWriterFilter, LogoutFilter, ApiKeyFilter, BearerTokenAuthenticationFilter, RequestCacheAwareFilter, SecurityContextHolderAwareRequestFilter, AnonymousAuthenticationFilter, SessionManagementFilter, ExceptionTranslationFilter, AuthorizationFilter
2025-07-03 17:10:20 DEBUG [restartedMain] o.s.s.c.a.a.c.AuthenticationConfiguration$DefaultPasswordEncoderAuthenticationManagerBuilder [,] - No authenticationProviders and no parentAuthenticationManager defined. Returning null.
2025-07-03 17:10:22 DEBUG [restartedMain] o.s.s.web.DefaultSecurityFilterChain [,] - Will secure any request with filters: DisableEncodeUrlFilter, WebAsyncManagerIntegrationFilter, SecurityContextHolderFilter, HeaderWriterFilter, LogoutFilter, ApiKeyFilter, BearerTokenAuthenticationFilter, RequestCacheAwareFilter, SecurityContextHolderAwareRequestFilter, AnonymousAuthenticationFilter, SessionManagementFilter, ExceptionTranslationFilter, AuthorizationFilter
2025-07-03 18:17:18 DEBUG [restartedMain] o.s.s.c.a.a.c.AuthenticationConfiguration$DefaultPasswordEncoderAuthenticationManagerBuilder [,] - No authenticationProviders and no parentAuthenticationManager defined. Returning null.
2025-07-03 18:17:20 DEBUG [restartedMain] o.s.s.web.DefaultSecurityFilterChain [,] - Will secure any request with filters: DisableEncodeUrlFilter, WebAsyncManagerIntegrationFilter, SecurityContextHolderFilter, HeaderWriterFilter, LogoutFilter, ApiKeyFilter, BearerTokenAuthenticationFilter, RequestCacheAwareFilter, SecurityContextHolderAwareRequestFilter, AnonymousAuthenticationFilter, SessionManagementFilter, ExceptionTranslationFilter, AuthorizationFilter
2025-07-03 18:32:34 DEBUG [restartedMain] o.s.s.c.a.a.c.AuthenticationConfiguration$DefaultPasswordEncoderAuthenticationManagerBuilder [,] - No authenticationProviders and no parentAuthenticationManager defined. Returning null.
2025-07-03 18:32:37 DEBUG [restartedMain] o.s.s.web.DefaultSecurityFilterChain [,] - Will secure any request with filters: DisableEncodeUrlFilter, WebAsyncManagerIntegrationFilter, SecurityContextHolderFilter, HeaderWriterFilter, LogoutFilter, ApiKeyFilter, BearerTokenAuthenticationFilter, RequestCacheAwareFilter, SecurityContextHolderAwareRequestFilter, AnonymousAuthenticationFilter, SessionManagementFilter, ExceptionTranslationFilter, AuthorizationFilter
2025-07-03 18:37:30 DEBUG [http-nio-8082-exec-1] o.s.security.web.FilterChainProxy [,] - Securing GET /getAllPaymentAccount
2025-07-03 18:37:38 DEBUG [http-nio-8082-exec-1] o.s.s.o.s.r.a.JwtAuthenticationProvider [,] - Authenticated token
2025-07-03 18:37:38 DEBUG [http-nio-8082-exec-1] o.s.s.o.s.r.w.a.BearerTokenAuthenticationFilter [,] - Set SecurityContextHolder to JwtAuthenticationToken [Principal=org.springframework.security.oauth2.jwt.Jwt@bcc35cbd, Credentials=[PROTECTED], Authenticated=true, Details=WebAuthenticationDetails [RemoteIpAddress=127.0.0.1, SessionId=null], Granted Authorities=[ROLE_default-roles-myrealm, ROLE_offline_access, ROLE_CUSTOMER, ROLE_uma_authorization]]
2025-07-03 18:37:38 DEBUG [http-nio-8082-exec-1] o.s.security.web.FilterChainProxy [,] - Secured GET /getAllPaymentAccount
2025-07-03 18:38:21 DEBUG [http-nio-8082-exec-2] o.s.security.web.FilterChainProxy [,] - Securing GET /getAllPaymentAccount
2025-07-03 18:38:21 DEBUG [http-nio-8082-exec-2] o.s.s.o.s.r.a.JwtAuthenticationProvider [,] - Authenticated token
2025-07-03 18:38:21 DEBUG [http-nio-8082-exec-2] o.s.s.o.s.r.w.a.BearerTokenAuthenticationFilter [,] - Set SecurityContextHolder to JwtAuthenticationToken [Principal=org.springframework.security.oauth2.jwt.Jwt@bcc35cbd, Credentials=[PROTECTED], Authenticated=true, Details=WebAuthenticationDetails [RemoteIpAddress=127.0.0.1, SessionId=null], Granted Authorities=[ROLE_default-roles-myrealm, ROLE_offline_access, ROLE_CUSTOMER, ROLE_uma_authorization]]
2025-07-03 18:38:21 DEBUG [http-nio-8082-exec-2] o.s.security.web.FilterChainProxy [,] - Secured GET /getAllPaymentAccount
2025-07-03 18:38:51 DEBUG [http-nio-8082-exec-3] o.s.security.web.FilterChainProxy [,] - Securing GET /getAllPaymentAccount
2025-07-03 18:38:51 DEBUG [http-nio-8082-exec-3] o.s.s.o.s.r.a.JwtAuthenticationProvider [,] - Authenticated token
2025-07-03 18:38:51 DEBUG [http-nio-8082-exec-3] o.s.s.o.s.r.w.a.BearerTokenAuthenticationFilter [,] - Set SecurityContextHolder to JwtAuthenticationToken [Principal=org.springframework.security.oauth2.jwt.Jwt@bcc35cbd, Credentials=[PROTECTED], Authenticated=true, Details=WebAuthenticationDetails [RemoteIpAddress=127.0.0.1, SessionId=null], Granted Authorities=[ROLE_default-roles-myrealm, ROLE_offline_access, ROLE_CUSTOMER, ROLE_uma_authorization]]
2025-07-03 18:38:51 DEBUG [http-nio-8082-exec-3] o.s.security.web.FilterChainProxy [,] - Secured GET /getAllPaymentAccount
2025-07-03 18:40:33 DEBUG [http-nio-8082-exec-5] o.s.security.web.FilterChainProxy [,] - Securing GET /getAllPaymentAccount
2025-07-03 18:40:33 DEBUG [http-nio-8082-exec-5] o.s.s.o.s.r.a.JwtAuthenticationProvider [,] - Authenticated token
2025-07-03 18:40:33 DEBUG [http-nio-8082-exec-5] o.s.s.o.s.r.w.a.BearerTokenAuthenticationFilter [,] - Set SecurityContextHolder to JwtAuthenticationToken [Principal=org.springframework.security.oauth2.jwt.Jwt@bcc35cbd, Credentials=[PROTECTED], Authenticated=true, Details=WebAuthenticationDetails [RemoteIpAddress=127.0.0.1, SessionId=null], Granted Authorities=[ROLE_default-roles-myrealm, ROLE_offline_access, ROLE_CUSTOMER, ROLE_uma_authorization]]
2025-07-03 18:40:33 DEBUG [http-nio-8082-exec-5] o.s.security.web.FilterChainProxy [,] - Secured GET /getAllPaymentAccount
2025-07-03 18:55:53 DEBUG [http-nio-8082-exec-7] o.s.security.web.FilterChainProxy [,] - Securing GET /getAllPaymentAccount
2025-07-03 18:55:53 DEBUG [http-nio-8082-exec-7] o.s.s.o.s.r.a.JwtAuthenticationProvider [,] - Authenticated token
2025-07-03 18:55:53 DEBUG [http-nio-8082-exec-7] o.s.s.o.s.r.w.a.BearerTokenAuthenticationFilter [,] - Set SecurityContextHolder to JwtAuthenticationToken [Principal=org.springframework.security.oauth2.jwt.Jwt@cd6d9413, Credentials=[PROTECTED], Authenticated=true, Details=WebAuthenticationDetails [RemoteIpAddress=127.0.0.1, SessionId=null], Granted Authorities=[ROLE_default-roles-myrealm, ROLE_offline_access, ROLE_CUSTOMER, ROLE_uma_authorization]]
2025-07-03 18:55:53 DEBUG [http-nio-8082-exec-7] o.s.security.web.FilterChainProxy [,] - Secured GET /getAllPaymentAccount
2025-07-03 22:58:51 DEBUG [restartedMain] o.s.s.c.a.a.c.AuthenticationConfiguration$DefaultPasswordEncoderAuthenticationManagerBuilder [,] - No authenticationProviders and no parentAuthenticationManager defined. Returning null.
2025-07-03 22:58:55 DEBUG [restartedMain] o.s.s.web.DefaultSecurityFilterChain [,] - Will secure any request with filters: DisableEncodeUrlFilter, WebAsyncManagerIntegrationFilter, SecurityContextHolderFilter, HeaderWriterFilter, LogoutFilter, ApiKeyFilter, BearerTokenAuthenticationFilter, RequestCacheAwareFilter, SecurityContextHolderAwareRequestFilter, AnonymousAuthenticationFilter, SessionManagementFilter, ExceptionTranslationFilter, AuthorizationFilter
2025-07-03 23:04:01 DEBUG [http-nio-8082-exec-3] o.s.security.web.FilterChainProxy [,] - Securing GET /getAllPaymentAccount
2025-07-03 23:04:02 DEBUG [http-nio-8082-exec-3] o.s.s.o.s.r.a.JwtAuthenticationProvider [,] - Authenticated token
2025-07-03 23:04:02 DEBUG [http-nio-8082-exec-3] o.s.s.o.s.r.w.a.BearerTokenAuthenticationFilter [,] - Set SecurityContextHolder to JwtAuthenticationToken [Principal=org.springframework.security.oauth2.jwt.Jwt@f4a00246, Credentials=[PROTECTED], Authenticated=true, Details=WebAuthenticationDetails [RemoteIpAddress=127.0.0.1, SessionId=null], Granted Authorities=[ROLE_default-roles-myrealm, ROLE_offline_access, ROLE_CUSTOMER, ROLE_uma_authorization]]
2025-07-03 23:04:02 DEBUG [http-nio-8082-exec-3] o.s.security.web.FilterChainProxy [,] - Secured GET /getAllPaymentAccount
2025-07-03 23:06:57 DEBUG [restartedMain] o.s.s.c.a.a.c.AuthenticationConfiguration$DefaultPasswordEncoderAuthenticationManagerBuilder [,] - No authenticationProviders and no parentAuthenticationManager defined. Returning null.
2025-07-03 23:06:59 DEBUG [restartedMain] o.s.s.web.DefaultSecurityFilterChain [,] - Will secure any request with filters: DisableEncodeUrlFilter, WebAsyncManagerIntegrationFilter, SecurityContextHolderFilter, HeaderWriterFilter, LogoutFilter, ApiKeyFilter, BearerTokenAuthenticationFilter, RequestCacheAwareFilter, SecurityContextHolderAwareRequestFilter, AnonymousAuthenticationFilter, SessionManagementFilter, ExceptionTranslationFilter, AuthorizationFilter
2025-07-03 23:07:20 DEBUG [http-nio-8082-exec-2] o.s.security.web.FilterChainProxy [,] - Securing GET /getAllPaymentAccount
2025-07-03 23:07:22 DEBUG [http-nio-8082-exec-2] o.s.s.o.s.r.a.JwtAuthenticationProvider [,] - Authenticated token
2025-07-03 23:07:22 DEBUG [http-nio-8082-exec-2] o.s.s.o.s.r.w.a.BearerTokenAuthenticationFilter [,] - Set SecurityContextHolder to JwtAuthenticationToken [Principal=org.springframework.security.oauth2.jwt.Jwt@f4a00246, Credentials=[PROTECTED], Authenticated=true, Details=WebAuthenticationDetails [RemoteIpAddress=127.0.0.1, SessionId=null], Granted Authorities=[ROLE_default-roles-myrealm, ROLE_offline_access, ROLE_CUSTOMER, ROLE_uma_authorization]]
2025-07-03 23:07:22 DEBUG [http-nio-8082-exec-2] o.s.security.web.FilterChainProxy [,] - Secured GET /getAllPaymentAccount
2025-07-03 23:11:57 DEBUG [http-nio-8082-exec-3] o.s.security.web.FilterChainProxy [,] - Securing GET /getAllPaymentAccount
2025-07-03 23:11:57 DEBUG [http-nio-8082-exec-3] o.s.s.o.s.r.a.JwtAuthenticationProvider [,] - Authenticated token
2025-07-03 23:11:57 DEBUG [http-nio-8082-exec-3] o.s.s.o.s.r.w.a.BearerTokenAuthenticationFilter [,] - Set SecurityContextHolder to JwtAuthenticationToken [Principal=org.springframework.security.oauth2.jwt.Jwt@b6b69f4b, Credentials=[PROTECTED], Authenticated=true, Details=WebAuthenticationDetails [RemoteIpAddress=127.0.0.1, SessionId=null], Granted Authorities=[ROLE_default-roles-myrealm, ROLE_offline_access, ROLE_CUSTOMER, ROLE_uma_authorization]]
2025-07-03 23:11:57 DEBUG [http-nio-8082-exec-3] o.s.security.web.FilterChainProxy [,] - Secured GET /getAllPaymentAccount
2025-07-03 23:25:23 DEBUG [http-nio-8082-exec-5] o.s.security.web.FilterChainProxy [,] - Securing GET /getAllPaymentAccount
2025-07-03 23:25:26 DEBUG [http-nio-8082-exec-5] o.s.s.o.s.r.a.JwtAuthenticationProvider [,] - Authenticated token
2025-07-03 23:25:26 DEBUG [http-nio-8082-exec-5] o.s.s.o.s.r.w.a.BearerTokenAuthenticationFilter [,] - Set SecurityContextHolder to JwtAuthenticationToken [Principal=org.springframework.security.oauth2.jwt.Jwt@b6b69f4b, Credentials=[PROTECTED], Authenticated=true, Details=WebAuthenticationDetails [RemoteIpAddress=127.0.0.1, SessionId=null], Granted Authorities=[ROLE_default-roles-myrealm, ROLE_offline_access, ROLE_CUSTOMER, ROLE_uma_authorization]]
2025-07-03 23:25:26 DEBUG [http-nio-8082-exec-5] o.s.security.web.FilterChainProxy [,] - Secured GET /getAllPaymentAccount
2025-07-03 23:32:56 DEBUG [http-nio-8082-exec-7] o.s.security.web.FilterChainProxy [,] - Securing GET /getAllPaymentAccount
2025-07-03 23:32:57 DEBUG [http-nio-8082-exec-7] o.s.s.o.s.r.a.JwtAuthenticationProvider [,] - Authenticated token
2025-07-03 23:32:57 DEBUG [http-nio-8082-exec-7] o.s.s.o.s.r.w.a.BearerTokenAuthenticationFilter [,] - Set SecurityContextHolder to JwtAuthenticationToken [Principal=org.springframework.security.oauth2.jwt.Jwt@b6b69f4b, Credentials=[PROTECTED], Authenticated=true, Details=WebAuthenticationDetails [RemoteIpAddress=127.0.0.1, SessionId=null], Granted Authorities=[ROLE_default-roles-myrealm, ROLE_offline_access, ROLE_CUSTOMER, ROLE_uma_authorization]]
2025-07-03 23:32:57 DEBUG [http-nio-8082-exec-7] o.s.security.web.FilterChainProxy [,] - Secured GET /getAllPaymentAccount
2025-07-03 23:36:13 DEBUG [http-nio-8082-exec-9] o.s.security.web.FilterChainProxy [,] - Securing GET /getAllPaymentAccount
2025-07-03 23:36:13 DEBUG [http-nio-8082-exec-9] o.s.s.o.s.r.a.JwtAuthenticationProvider [,] - Authenticated token
2025-07-03 23:36:13 DEBUG [http-nio-8082-exec-9] o.s.s.o.s.r.w.a.BearerTokenAuthenticationFilter [,] - Set SecurityContextHolder to JwtAuthenticationToken [Principal=org.springframework.security.oauth2.jwt.Jwt@b6b69f4b, Credentials=[PROTECTED], Authenticated=true, Details=WebAuthenticationDetails [RemoteIpAddress=127.0.0.1, SessionId=null], Granted Authorities=[ROLE_default-roles-myrealm, ROLE_offline_access, ROLE_CUSTOMER, ROLE_uma_authorization]]
2025-07-03 23:36:13 DEBUG [http-nio-8082-exec-9] o.s.security.web.FilterChainProxy [,] - Secured GET /getAllPaymentAccount
2025-07-03 23:43:04 DEBUG [http-nio-8082-exec-2] o.s.security.web.FilterChainProxy [,] - Securing GET /getAllPaymentAccount
2025-07-03 23:43:04 DEBUG [http-nio-8082-exec-2] o.s.s.o.s.r.a.JwtAuthenticationProvider [,] - Authenticated token
2025-07-03 23:43:04 DEBUG [http-nio-8082-exec-2] o.s.s.o.s.r.w.a.BearerTokenAuthenticationFilter [,] - Set SecurityContextHolder to JwtAuthenticationToken [Principal=org.springframework.security.oauth2.jwt.Jwt@b6b69f4b, Credentials=[PROTECTED], Authenticated=true, Details=WebAuthenticationDetails [RemoteIpAddress=127.0.0.1, SessionId=null], Granted Authorities=[ROLE_default-roles-myrealm, ROLE_offline_access, ROLE_CUSTOMER, ROLE_uma_authorization]]
2025-07-03 23:43:04 DEBUG [http-nio-8082-exec-2] o.s.security.web.FilterChainProxy [,] - Secured GET /getAllPaymentAccount
2025-07-03 23:43:05 DEBUG [http-nio-8082-exec-1] o.s.security.web.FilterChainProxy [,] - Securing GET /getAllPaymentAccount
2025-07-03 23:43:05 DEBUG [http-nio-8082-exec-1] o.s.s.o.s.r.a.JwtAuthenticationProvider [,] - Authenticated token
2025-07-03 23:43:05 DEBUG [http-nio-8082-exec-1] o.s.s.o.s.r.w.a.BearerTokenAuthenticationFilter [,] - Set SecurityContextHolder to JwtAuthenticationToken [Principal=org.springframework.security.oauth2.jwt.Jwt@b6b69f4b, Credentials=[PROTECTED], Authenticated=true, Details=WebAuthenticationDetails [RemoteIpAddress=127.0.0.1, SessionId=null], Granted Authorities=[ROLE_default-roles-myrealm, ROLE_offline_access, ROLE_CUSTOMER, ROLE_uma_authorization]]
2025-07-03 23:43:05 DEBUG [http-nio-8082-exec-1] o.s.security.web.FilterChainProxy [,] - Secured GET /getAllPaymentAccount
2025-07-03 23:43:58 DEBUG [http-nio-8082-exec-3] o.s.security.web.FilterChainProxy [,] - Securing GET /getAllPaymentAccount
2025-07-03 23:43:58 DEBUG [http-nio-8082-exec-3] o.s.s.o.s.r.a.JwtAuthenticationProvider [,] - Authenticated token
2025-07-03 23:43:58 DEBUG [http-nio-8082-exec-3] o.s.s.o.s.r.w.a.BearerTokenAuthenticationFilter [,] - Set SecurityContextHolder to JwtAuthenticationToken [Principal=org.springframework.security.oauth2.jwt.Jwt@b6b69f4b, Credentials=[PROTECTED], Authenticated=true, Details=WebAuthenticationDetails [RemoteIpAddress=127.0.0.1, SessionId=null], Granted Authorities=[ROLE_default-roles-myrealm, ROLE_offline_access, ROLE_CUSTOMER, ROLE_uma_authorization]]
2025-07-03 23:43:58 DEBUG [http-nio-8082-exec-3] o.s.security.web.FilterChainProxy [,] - Secured GET /getAllPaymentAccount
2025-07-03 23:59:41 DEBUG [restartedMain] o.s.s.c.a.a.c.AuthenticationConfiguration$DefaultPasswordEncoderAuthenticationManagerBuilder [,] - No authenticationProviders and no parentAuthenticationManager defined. Returning null.
2025-07-03 23:59:43 DEBUG [restartedMain] o.s.s.web.DefaultSecurityFilterChain [,] - Will secure any request with filters: DisableEncodeUrlFilter, WebAsyncManagerIntegrationFilter, SecurityContextHolderFilter, HeaderWriterFilter, LogoutFilter, ApiKeyFilter, BearerTokenAuthenticationFilter, RequestCacheAwareFilter, SecurityContextHolderAwareRequestFilter, AnonymousAuthenticationFilter, SessionManagementFilter, ExceptionTranslationFilter, AuthorizationFilter
